[VMEM] WARNING: physical memory size is smaller than virtual memory size.

*** ChampSim Multicore Out-of-Order Simulator ***
Warmup Instructions: 2000000
Simulation Instructions: 10000000
Number of CPUs: 1
Page size: 4096

Off-chip DRAM Size: 16 GiB Channels: 1 Width: 64-bit Data Rate: 3205 MT/s
Warmup finished CPU 0 instructions: 2000003 cycles: 583032 cumulative IPC: 3.43 (Simulation time: 00 hr 00 min 07 sec)
Warmup complete CPU 0 instructions: 2000003 cycles: 583032 cumulative IPC: 3.43 (Simulation time: 00 hr 00 min 07 sec)
Heartbeat CPU 0 instructions: 10000001 cycles: 4221709 heartbeat IPC: 2.369 cumulative IPC: 2.199 (Simulation time: 00 hr 00 min 39 sec)
Simulation finished CPU 0 instructions: 10000003 cycles: 4489732 cumulative IPC: 2.227 (Simulation time: 00 hr 00 min 47 sec)
Simulation complete CPU 0 instructions: 10000003 cycles: 4489732 cumulative IPC: 2.227 (Simulation time: 00 hr 00 min 47 sec)

ChampSim completed all CPUs

=== Simulation ===
CPU 0 runs /home/tandonmitul27/workspace/SPEC17/600.perlbench_s-570B.champsimtrace.xz

Region of Interest Statistics

CPU 0 cumulative IPC: 2.227 instructions: 10000003 cycles: 4489732
CPU 0 Branch Prediction Accuracy: 97.92% MPKI: 3.085 Average ROB Occupancy at Mispredict: 133.6
Branch type MPKI
BRANCH_DIRECT_JUMP: 0.0351
BRANCH_INDIRECT: 0.0047
BRANCH_CONDITIONAL: 3.037
BRANCH_DIRECT_CALL: 0.0026
BRANCH_INDIRECT_CALL: 0.0025
BRANCH_RETURN: 0.0027

cpu0->cpu0_STLB TOTAL        ACCESS:       5689 HIT:       5539 MISS:        150 MSHR_MERGE:          0
cpu0->cpu0_STLB LOAD         ACCESS:       5689 HIT:       5539 MISS:        150 MSHR_MERGE:          0
cpu0->cpu0_STLB RFO          ACCESS:          0 HIT:          0 MISS:          0 MSHR_MERGE:          0
cpu0->cpu0_STLB PREFETCH     ACCESS:          0 HIT:          0 MISS:          0 MSHR_MERGE:          0
cpu0->cpu0_STLB WRITE        ACCESS:          0 HIT:          0 MISS:          0 MSHR_MERGE:          0
cpu0->cpu0_STLB TRANSLATION  ACCESS:          0 HIT:          0 MISS:          0 MSHR_MERGE:          0
cpu0->cpu0_STLB PREFETCH REQUESTED:          0 ISSUED:          0 USEFUL:          0 USELESS:          0
cpu0->cpu0_STLB AVERAGE MISS LATENCY: 768.3 cycles
cpu0->cpu0_L2C TOTAL        ACCESS:       2275 HIT:        667 MISS:       1608 MSHR_MERGE:          0
cpu0->cpu0_L2C LOAD         ACCESS:       1838 HIT:        539 MISS:       1299 MSHR_MERGE:          0
cpu0->cpu0_L2C RFO          ACCESS:         57 HIT:          8 MISS:         49 MSHR_MERGE:          0
cpu0->cpu0_L2C PREFETCH     ACCESS:          0 HIT:          0 MISS:          0 MSHR_MERGE:          0
cpu0->cpu0_L2C WRITE        ACCESS:        118 HIT:        118 MISS:          0 MSHR_MERGE:          0
cpu0->cpu0_L2C TRANSLATION  ACCESS:        262 HIT:          2 MISS:        260 MSHR_MERGE:          0
cpu0->cpu0_L2C PREFETCH REQUESTED:          0 ISSUED:          0 USEFUL:          0 USELESS:          0
cpu0->cpu0_L2C AVERAGE MISS LATENCY: 186.9 cycles
cpu0->cpu0_L1I TOTAL        ACCESS:     496050 HIT:     495287 MISS:        763 MSHR_MERGE:        153
cpu0->cpu0_L1I LOAD         ACCESS:     496050 HIT:     495287 MISS:        763 MSHR_MERGE:        153
cpu0->cpu0_L1I RFO          ACCESS:          0 HIT:          0 MISS:          0 MSHR_MERGE:          0
cpu0->cpu0_L1I PREFETCH     ACCESS:          0 HIT:          0 MISS:          0 MSHR_MERGE:          0
cpu0->cpu0_L1I WRITE        ACCESS:          0 HIT:          0 MISS:          0 MSHR_MERGE:          0
cpu0->cpu0_L1I TRANSLATION  ACCESS:          0 HIT:          0 MISS:          0 MSHR_MERGE:          0
cpu0->cpu0_L1I PREFETCH REQUESTED:          0 ISSUED:          0 USEFUL:          0 USELESS:          0
cpu0->cpu0_L1I AVERAGE MISS LATENCY: 44.94 cycles
cpu0->cpu0_L1D TOTAL        ACCESS:    3028759 HIT:    3026683 MISS:       2076 MSHR_MERGE:        529
cpu0->cpu0_L1D LOAD         ACCESS:    1287193 HIT:    1285544 MISS:       1649 MSHR_MERGE:        421
cpu0->cpu0_L1D RFO          ACCESS:          0 HIT:          0 MISS:          0 MSHR_MERGE:          0
cpu0->cpu0_L1D PREFETCH     ACCESS:          0 HIT:          0 MISS:          0 MSHR_MERGE:          0
cpu0->cpu0_L1D WRITE        ACCESS:    1741261 HIT:    1741097 MISS:        164 MSHR_MERGE:        107
cpu0->cpu0_L1D TRANSLATION  ACCESS:        305 HIT:         42 MISS:        263 MSHR_MERGE:          1
cpu0->cpu0_L1D PREFETCH REQUESTED:          0 ISSUED:          0 USEFUL:          0 USELESS:          0
cpu0->cpu0_L1D AVERAGE MISS LATENCY: 188.4 cycles
cpu0->cpu0_ITLB TOTAL        ACCESS:     440137 HIT:     439963 MISS:        174 MSHR_MERGE:        115
cpu0->cpu0_ITLB LOAD         ACCESS:     440137 HIT:     439963 MISS:        174 MSHR_MERGE:        115
cpu0->cpu0_ITLB RFO          ACCESS:          0 HIT:          0 MISS:          0 MSHR_MERGE:          0
cpu0->cpu0_ITLB PREFETCH     ACCESS:          0 HIT:          0 MISS:          0 MSHR_MERGE:          0
cpu0->cpu0_ITLB WRITE        ACCESS:          0 HIT:          0 MISS:          0 MSHR_MERGE:          0
cpu0->cpu0_ITLB TRANSLATION  ACCESS:          0 HIT:          0 MISS:          0 MSHR_MERGE:          0
cpu0->cpu0_ITLB PREFETCH REQUESTED:          0 ISSUED:          0 USEFUL:          0 USELESS:          0
cpu0->cpu0_ITLB AVERAGE MISS LATENCY: 74.54 cycles
cpu0->cpu0_DTLB TOTAL        ACCESS:    2702898 HIT:    2696597 MISS:       6301 MSHR_MERGE:        671
cpu0->cpu0_DTLB LOAD         ACCESS:    2702898 HIT:    2696597 MISS:       6301 MSHR_MERGE:        671
cpu0->cpu0_DTLB RFO          ACCESS:          0 HIT:          0 MISS:          0 MSHR_MERGE:          0
cpu0->cpu0_DTLB PREFETCH     ACCESS:          0 HIT:          0 MISS:          0 MSHR_MERGE:          0
cpu0->cpu0_DTLB WRITE        ACCESS:          0 HIT:          0 MISS:          0 MSHR_MERGE:          0
cpu0->cpu0_DTLB TRANSLATION  ACCESS:          0 HIT:          0 MISS:          0 MSHR_MERGE:          0
cpu0->cpu0_DTLB PREFETCH REQUESTED:          0 ISSUED:          0 USEFUL:          0 USELESS:          0
cpu0->cpu0_DTLB AVERAGE MISS LATENCY: 24.77 cycles
cpu0->LLC TOTAL        ACCESS:       1608 HIT:          1 MISS:       1607 MSHR_MERGE:          0
cpu0->LLC LOAD         ACCESS:       1299 HIT:          1 MISS:       1298 MSHR_MERGE:          0
cpu0->LLC RFO          ACCESS:         49 HIT:          0 MISS:         49 MSHR_MERGE:          0
cpu0->LLC PREFETCH     ACCESS:          0 HIT:          0 MISS:          0 MSHR_MERGE:          0
cpu0->LLC WRITE        ACCESS:          0 HIT:          0 MISS:          0 MSHR_MERGE:          0
cpu0->LLC TRANSLATION  ACCESS:        260 HIT:          0 MISS:        260 MSHR_MERGE:          0
cpu0->LLC PREFETCH REQUESTED:          0 ISSUED:          0 USEFUL:          0 USELESS:          0
cpu0->LLC AVERAGE MISS LATENCY: 171 cycles

DRAM Statistics

Channel 0 RQ ROW_BUFFER_HIT:         14
  ROW_BUFFER_MISS:       1593
  AVG DBUS CONGESTED CYCLE: 2.735
Channel 0 WQ ROW_BUFFER_HIT:          0
  ROW_BUFFER_MISS:          0
  FULL:          0
Channel 0 REFRESHES ISSUED:        374
