[VMEM] WARNING: physical memory size is smaller than virtual memory size.

*** ChampSim Multicore Out-of-Order Simulator ***
Warmup Instructions: 2000000
Simulation Instructions: 10000000
Number of CPUs: 1
Page size: 4096

Off-chip DRAM Size: 16 GiB Channels: 1 Width: 64-bit Data Rate: 3205 MT/s
Warmup finished CPU 0 instructions: 2000000 cycles: 579025 cumulative IPC: 3.454 (Simulation time: 00 hr 00 min 07 sec)
Warmup complete CPU 0 instructions: 2000000 cycles: 579025 cumulative IPC: 3.454 (Simulation time: 00 hr 00 min 07 sec)
Heartbeat CPU 0 instructions: 10000002 cycles: 4078397 heartbeat IPC: 2.452 cumulative IPC: 2.286 (Simulation time: 00 hr 00 min 38 sec)
Simulation finished CPU 0 instructions: 10000000 cycles: 4365480 cumulative IPC: 2.291 (Simulation time: 00 hr 00 min 46 sec)
Simulation complete CPU 0 instructions: 10000000 cycles: 4365480 cumulative IPC: 2.291 (Simulation time: 00 hr 00 min 46 sec)

ChampSim completed all CPUs

=== Simulation ===
CPU 0 runs /home/tandonmitul27/workspace/SPEC17/600.perlbench_s-1273B.champsimtrace.xz

Region of Interest Statistics

CPU 0 cumulative IPC: 2.291 instructions: 10000000 cycles: 4365480
CPU 0 Branch Prediction Accuracy: 97.65% MPKI: 3.157 Average ROB Occupancy at Mispredict: 122.2
Branch type MPKI
BRANCH_DIRECT_JUMP: 0.0185
BRANCH_INDIRECT: 0.0036
BRANCH_CONDITIONAL: 3.131
BRANCH_DIRECT_CALL: 0.0017
BRANCH_INDIRECT_CALL: 0.0013
BRANCH_RETURN: 0.0018

cpu0->cpu0_STLB TOTAL        ACCESS:       1694 HIT:       1603 MISS:         91 MSHR_MERGE:          0
cpu0->cpu0_STLB LOAD         ACCESS:       1694 HIT:       1603 MISS:         91 MSHR_MERGE:          0
cpu0->cpu0_STLB RFO          ACCESS:          0 HIT:          0 MISS:          0 MSHR_MERGE:          0
cpu0->cpu0_STLB PREFETCH     ACCESS:          0 HIT:          0 MISS:          0 MSHR_MERGE:          0
cpu0->cpu0_STLB WRITE        ACCESS:          0 HIT:          0 MISS:          0 MSHR_MERGE:          0
cpu0->cpu0_STLB TRANSLATION  ACCESS:          0 HIT:          0 MISS:          0 MSHR_MERGE:          0
cpu0->cpu0_STLB PREFETCH REQUESTED:          0 ISSUED:          0 USEFUL:          0 USELESS:          0
cpu0->cpu0_STLB AVERAGE MISS LATENCY: 772.2 cycles
cpu0->cpu0_L2C TOTAL        ACCESS:       1103 HIT:        299 MISS:        804 MSHR_MERGE:          0
cpu0->cpu0_L2C LOAD         ACCESS:        874 HIT:        255 MISS:        619 MSHR_MERGE:          0
cpu0->cpu0_L2C RFO          ACCESS:         23 HIT:          3 MISS:         20 MSHR_MERGE:          0
cpu0->cpu0_L2C PREFETCH     ACCESS:          0 HIT:          0 MISS:          0 MSHR_MERGE:          0
cpu0->cpu0_L2C WRITE        ACCESS:         39 HIT:         39 MISS:          0 MSHR_MERGE:          0
cpu0->cpu0_L2C TRANSLATION  ACCESS:        167 HIT:          2 MISS:        165 MSHR_MERGE:          0
cpu0->cpu0_L2C PREFETCH REQUESTED:          0 ISSUED:          0 USEFUL:          0 USELESS:          0
cpu0->cpu0_L2C AVERAGE MISS LATENCY: 190.7 cycles
cpu0->cpu0_L1I TOTAL        ACCESS:     320946 HIT:     320502 MISS:        444 MSHR_MERGE:         84
cpu0->cpu0_L1I LOAD         ACCESS:     320946 HIT:     320502 MISS:        444 MSHR_MERGE:         84
cpu0->cpu0_L1I RFO          ACCESS:          0 HIT:          0 MISS:          0 MSHR_MERGE:          0
cpu0->cpu0_L1I PREFETCH     ACCESS:          0 HIT:          0 MISS:          0 MSHR_MERGE:          0
cpu0->cpu0_L1I WRITE        ACCESS:          0 HIT:          0 MISS:          0 MSHR_MERGE:          0
cpu0->cpu0_L1I TRANSLATION  ACCESS:          0 HIT:          0 MISS:          0 MSHR_MERGE:          0
cpu0->cpu0_L1I PREFETCH REQUESTED:          0 ISSUED:          0 USEFUL:          0 USELESS:          0
cpu0->cpu0_L1I AVERAGE MISS LATENCY: 69.64 cycles
cpu0->cpu0_L1D TOTAL        ACCESS:    3221889 HIT:    3220926 MISS:        963 MSHR_MERGE:        259
cpu0->cpu0_L1D LOAD         ACCESS:    1269415 HIT:    1268701 MISS:        714 MSHR_MERGE:        200
cpu0->cpu0_L1D RFO          ACCESS:          0 HIT:          0 MISS:          0 MSHR_MERGE:          0
cpu0->cpu0_L1D PREFETCH     ACCESS:          0 HIT:          0 MISS:          0 MSHR_MERGE:          0
cpu0->cpu0_L1D WRITE        ACCESS:    1952288 HIT:    1952206 MISS:         82 MSHR_MERGE:         59
cpu0->cpu0_L1D TRANSLATION  ACCESS:        186 HIT:         19 MISS:        167 MSHR_MERGE:          0
cpu0->cpu0_L1D PREFETCH REQUESTED:          0 ISSUED:          0 USEFUL:          0 USELESS:          0
cpu0->cpu0_L1D AVERAGE MISS LATENCY: 194.9 cycles
cpu0->cpu0_ITLB TOTAL        ACCESS:     285281 HIT:     285212 MISS:         69 MSHR_MERGE:         44
cpu0->cpu0_ITLB LOAD         ACCESS:     285281 HIT:     285212 MISS:         69 MSHR_MERGE:         44
cpu0->cpu0_ITLB RFO          ACCESS:          0 HIT:          0 MISS:          0 MSHR_MERGE:          0
cpu0->cpu0_ITLB PREFETCH     ACCESS:          0 HIT:          0 MISS:          0 MSHR_MERGE:          0
cpu0->cpu0_ITLB WRITE        ACCESS:          0 HIT:          0 MISS:          0 MSHR_MERGE:          0
cpu0->cpu0_ITLB TRANSLATION  ACCESS:          0 HIT:          0 MISS:          0 MSHR_MERGE:          0
cpu0->cpu0_ITLB PREFETCH REQUESTED:          0 ISSUED:          0 USEFUL:          0 USELESS:          0
cpu0->cpu0_ITLB AVERAGE MISS LATENCY: 212 cycles
cpu0->cpu0_DTLB TOTAL        ACCESS:    2900239 HIT:    2898275 MISS:       1964 MSHR_MERGE:        295
cpu0->cpu0_DTLB LOAD         ACCESS:    2900239 HIT:    2898275 MISS:       1964 MSHR_MERGE:        295
cpu0->cpu0_DTLB RFO          ACCESS:          0 HIT:          0 MISS:          0 MSHR_MERGE:          0
cpu0->cpu0_DTLB PREFETCH     ACCESS:          0 HIT:          0 MISS:          0 MSHR_MERGE:          0
cpu0->cpu0_DTLB WRITE        ACCESS:          0 HIT:          0 MISS:          0 MSHR_MERGE:          0
cpu0->cpu0_DTLB TRANSLATION  ACCESS:          0 HIT:          0 MISS:          0 MSHR_MERGE:          0
cpu0->cpu0_DTLB PREFETCH REQUESTED:          0 ISSUED:          0 USEFUL:          0 USELESS:          0
cpu0->cpu0_DTLB AVERAGE MISS LATENCY: 44.06 cycles
cpu0->LLC TOTAL        ACCESS:        804 HIT:          0 MISS:        804 MSHR_MERGE:          0
cpu0->LLC LOAD         ACCESS:        619 HIT:          0 MISS:        619 MSHR_MERGE:          0
cpu0->LLC RFO          ACCESS:         20 HIT:          0 MISS:         20 MSHR_MERGE:          0
cpu0->LLC PREFETCH     ACCESS:          0 HIT:          0 MISS:          0 MSHR_MERGE:          0
cpu0->LLC WRITE        ACCESS:          0 HIT:          0 MISS:          0 MSHR_MERGE:          0
cpu0->LLC TRANSLATION  ACCESS:        165 HIT:          0 MISS:        165 MSHR_MERGE:          0
cpu0->LLC PREFETCH REQUESTED:          0 ISSUED:          0 USEFUL:          0 USELESS:          0
cpu0->LLC AVERAGE MISS LATENCY: 174.7 cycles

DRAM Statistics

Channel 0 RQ ROW_BUFFER_HIT:          3
  ROW_BUFFER_MISS:        801
  AVG DBUS CONGESTED CYCLE: 2.851
Channel 0 WQ ROW_BUFFER_HIT:          0
  ROW_BUFFER_MISS:          0
  FULL:          0
Channel 0 REFRESHES ISSUED:        364
