[VMEM] WARNING: physical memory size is smaller than virtual memory size.

*** ChampSim Multicore Out-of-Order Simulator ***
Warmup Instructions: 2000000
Simulation Instructions: 10000000
Number of CPUs: 1
Page size: 4096

Off-chip DRAM Size: 16 GiB Channels: 1 Width: 64-bit Data Rate: 3205 MT/s
Warmup finished CPU 0 instructions: 2000000 cycles: 600335 cumulative IPC: 3.331 (Simulation time: 00 hr 00 min 08 sec)
Warmup complete CPU 0 instructions: 2000000 cycles: 600335 cumulative IPC: 3.331 (Simulation time: 00 hr 00 min 08 sec)
Heartbeat CPU 0 instructions: 10000004 cycles: 4433538 heartbeat IPC: 2.256 cumulative IPC: 2.087 (Simulation time: 00 hr 00 min 41 sec)
Simulation finished CPU 0 instructions: 10000000 cycles: 4671768 cumulative IPC: 2.141 (Simulation time: 00 hr 00 min 48 sec)
Simulation complete CPU 0 instructions: 10000000 cycles: 4671768 cumulative IPC: 2.141 (Simulation time: 00 hr 00 min 48 sec)

ChampSim completed all CPUs

=== Simulation ===
CPU 0 runs /home/tandonmitul27/workspace/SPEC17/600.perlbench_s-210B.champsimtrace.xz

Region of Interest Statistics

CPU 0 cumulative IPC: 2.141 instructions: 10000000 cycles: 4671768
CPU 0 Branch Prediction Accuracy: 97.27% MPKI: 4.479 Average ROB Occupancy at Mispredict: 111.3
Branch type MPKI
BRANCH_DIRECT_JUMP: 0.0788
BRANCH_INDIRECT: 0.0123
BRANCH_CONDITIONAL: 4.379
BRANCH_DIRECT_CALL: 0.0037
BRANCH_INDIRECT_CALL: 0.0019
BRANCH_RETURN: 0.0038

cpu0->cpu0_STLB TOTAL        ACCESS:       3900 HIT:       3730 MISS:        170 MSHR_MERGE:          0
cpu0->cpu0_STLB LOAD         ACCESS:       3900 HIT:       3730 MISS:        170 MSHR_MERGE:          0
cpu0->cpu0_STLB RFO          ACCESS:          0 HIT:          0 MISS:          0 MSHR_MERGE:          0
cpu0->cpu0_STLB PREFETCH     ACCESS:          0 HIT:          0 MISS:          0 MSHR_MERGE:          0
cpu0->cpu0_STLB WRITE        ACCESS:          0 HIT:          0 MISS:          0 MSHR_MERGE:          0
cpu0->cpu0_STLB TRANSLATION  ACCESS:          0 HIT:          0 MISS:          0 MSHR_MERGE:          0
cpu0->cpu0_STLB PREFETCH REQUESTED:          0 ISSUED:          0 USEFUL:          0 USELESS:          0
cpu0->cpu0_STLB AVERAGE MISS LATENCY: 808 cycles
cpu0->cpu0_L2C TOTAL        ACCESS:       2573 HIT:       1074 MISS:       1499 MSHR_MERGE:          0
cpu0->cpu0_L2C LOAD         ACCESS:       1952 HIT:        874 MISS:       1078 MSHR_MERGE:          0
cpu0->cpu0_L2C RFO          ACCESS:        116 HIT:         17 MISS:         99 MSHR_MERGE:          0
cpu0->cpu0_L2C PREFETCH     ACCESS:          0 HIT:          0 MISS:          0 MSHR_MERGE:          0
cpu0->cpu0_L2C WRITE        ACCESS:        172 HIT:        172 MISS:          0 MSHR_MERGE:          0
cpu0->cpu0_L2C TRANSLATION  ACCESS:        333 HIT:         11 MISS:        322 MSHR_MERGE:          0
cpu0->cpu0_L2C PREFETCH REQUESTED:          0 ISSUED:          0 USEFUL:          0 USELESS:          0
cpu0->cpu0_L2C AVERAGE MISS LATENCY: 193.9 cycles
cpu0->cpu0_L1I TOTAL        ACCESS:     299776 HIT:     299198 MISS:        578 MSHR_MERGE:        112
cpu0->cpu0_L1I LOAD         ACCESS:     299776 HIT:     299198 MISS:        578 MSHR_MERGE:        112
cpu0->cpu0_L1I RFO          ACCESS:          0 HIT:          0 MISS:          0 MSHR_MERGE:          0
cpu0->cpu0_L1I PREFETCH     ACCESS:          0 HIT:          0 MISS:          0 MSHR_MERGE:          0
cpu0->cpu0_L1I WRITE        ACCESS:          0 HIT:          0 MISS:          0 MSHR_MERGE:          0
cpu0->cpu0_L1I TRANSLATION  ACCESS:          0 HIT:          0 MISS:          0 MSHR_MERGE:          0
cpu0->cpu0_L1I PREFETCH REQUESTED:          0 ISSUED:          0 USEFUL:          0 USELESS:          0
cpu0->cpu0_L1I AVERAGE MISS LATENCY: 80.89 cycles
cpu0->cpu0_L1D TOTAL        ACCESS:    2960835 HIT:    2957422 MISS:       3413 MSHR_MERGE:       1478
cpu0->cpu0_L1D LOAD         ACCESS:    1399226 HIT:    1396837 MISS:       2389 MSHR_MERGE:        903
cpu0->cpu0_L1D RFO          ACCESS:          0 HIT:          0 MISS:          0 MSHR_MERGE:          0
cpu0->cpu0_L1D PREFETCH     ACCESS:          0 HIT:          0 MISS:          0 MSHR_MERGE:          0
cpu0->cpu0_L1D WRITE        ACCESS:    1561253 HIT:    1560563 MISS:        690 MSHR_MERGE:        574
cpu0->cpu0_L1D TRANSLATION  ACCESS:        356 HIT:         22 MISS:        334 MSHR_MERGE:          1
cpu0->cpu0_L1D PREFETCH REQUESTED:          0 ISSUED:          0 USEFUL:          0 USELESS:          0
cpu0->cpu0_L1D AVERAGE MISS LATENCY: 141.2 cycles
cpu0->cpu0_ITLB TOTAL        ACCESS:     266212 HIT:     266064 MISS:        148 MSHR_MERGE:         99
cpu0->cpu0_ITLB LOAD         ACCESS:     266212 HIT:     266064 MISS:        148 MSHR_MERGE:         99
cpu0->cpu0_ITLB RFO          ACCESS:          0 HIT:          0 MISS:          0 MSHR_MERGE:          0
cpu0->cpu0_ITLB PREFETCH     ACCESS:          0 HIT:          0 MISS:          0 MSHR_MERGE:          0
cpu0->cpu0_ITLB WRITE        ACCESS:          0 HIT:          0 MISS:          0 MSHR_MERGE:          0
cpu0->cpu0_ITLB TRANSLATION  ACCESS:          0 HIT:          0 MISS:          0 MSHR_MERGE:          0
cpu0->cpu0_ITLB PREFETCH REQUESTED:          0 ISSUED:          0 USEFUL:          0 USELESS:          0
cpu0->cpu0_ITLB AVERAGE MISS LATENCY: 180.2 cycles
cpu0->cpu0_DTLB TOTAL        ACCESS:    2665830 HIT:    2660672 MISS:       5158 MSHR_MERGE:       1307
cpu0->cpu0_DTLB LOAD         ACCESS:    2665830 HIT:    2660672 MISS:       5158 MSHR_MERGE:       1307
cpu0->cpu0_DTLB RFO          ACCESS:          0 HIT:          0 MISS:          0 MSHR_MERGE:          0
cpu0->cpu0_DTLB PREFETCH     ACCESS:          0 HIT:          0 MISS:          0 MSHR_MERGE:          0
cpu0->cpu0_DTLB WRITE        ACCESS:          0 HIT:          0 MISS:          0 MSHR_MERGE:          0
cpu0->cpu0_DTLB TRANSLATION  ACCESS:          0 HIT:          0 MISS:          0 MSHR_MERGE:          0
cpu0->cpu0_DTLB PREFETCH REQUESTED:          0 ISSUED:          0 USEFUL:          0 USELESS:          0
cpu0->cpu0_DTLB AVERAGE MISS LATENCY: 38.49 cycles
cpu0->LLC TOTAL        ACCESS:       1499 HIT:          0 MISS:       1499 MSHR_MERGE:          0
cpu0->LLC LOAD         ACCESS:       1078 HIT:          0 MISS:       1078 MSHR_MERGE:          0
cpu0->LLC RFO          ACCESS:         99 HIT:          0 MISS:         99 MSHR_MERGE:          0
cpu0->LLC PREFETCH     ACCESS:          0 HIT:          0 MISS:          0 MSHR_MERGE:          0
cpu0->LLC WRITE        ACCESS:          0 HIT:          0 MISS:          0 MSHR_MERGE:          0
cpu0->LLC TRANSLATION  ACCESS:        322 HIT:          0 MISS:        322 MSHR_MERGE:          0
cpu0->LLC PREFETCH REQUESTED:          0 ISSUED:          0 USEFUL:          0 USELESS:          0
cpu0->LLC AVERAGE MISS LATENCY: 177.9 cycles

DRAM Statistics

Channel 0 RQ ROW_BUFFER_HIT:         10
  ROW_BUFFER_MISS:       1489
  AVG DBUS CONGESTED CYCLE: 2.767
Channel 0 WQ ROW_BUFFER_HIT:          0
  ROW_BUFFER_MISS:          0
  FULL:          0
Channel 0 REFRESHES ISSUED:        389
