[VMEM] WARNING: physical memory size is smaller than virtual memory size.

*** ChampSim Multicore Out-of-Order Simulator ***
Warmup Instructions: 2000000
Simulation Instructions: 10000000
Number of CPUs: 1
Page size: 4096

Off-chip DRAM Size: 16 GiB Channels: 1 Width: 64-bit Data Rate: 3205 MT/s
Warmup finished CPU 0 instructions: 2000004 cycles: 580279 cumulative IPC: 3.447 (Simulation time: 00 hr 00 min 07 sec)
Warmup complete CPU 0 instructions: 2000004 cycles: 580279 cumulative IPC: 3.447 (Simulation time: 00 hr 00 min 07 sec)
Heartbeat CPU 0 instructions: 10000002 cycles: 11830876 heartbeat IPC: 0.8452 cumulative IPC: 0.7111 (Simulation time: 00 hr 01 min 12 sec)
Simulation finished CPU 0 instructions: 10000004 cycles: 13321240 cumulative IPC: 0.7507 (Simulation time: 00 hr 01 min 24 sec)
Simulation complete CPU 0 instructions: 10000004 cycles: 13321240 cumulative IPC: 0.7507 (Simulation time: 00 hr 01 min 24 sec)

ChampSim completed all CPUs

=== Simulation ===
CPU 0 runs /home/tandonmitul27/workspace/SPEC17/602.gcc_s-2375B.champsimtrace.xz

Region of Interest Statistics

CPU 0 cumulative IPC: 0.7507 instructions: 10000004 cycles: 13321240
CPU 0 Branch Prediction Accuracy: 90.35% MPKI: 21.21 Average ROB Occupancy at Mispredict: 24.06
Branch type MPKI
BRANCH_DIRECT_JUMP: 0.2328
BRANCH_INDIRECT: 0.4354
BRANCH_CONDITIONAL: 20.12
BRANCH_DIRECT_CALL: 0.1601
BRANCH_INDIRECT_CALL: 0.0333
BRANCH_RETURN: 0.2308

cpu0->cpu0_STLB TOTAL        ACCESS:      56075 HIT:      53046 MISS:       3029 MSHR_MERGE:          0
cpu0->cpu0_STLB LOAD         ACCESS:      56075 HIT:      53046 MISS:       3029 MSHR_MERGE:          0
cpu0->cpu0_STLB RFO          ACCESS:          0 HIT:          0 MISS:          0 MSHR_MERGE:          0
cpu0->cpu0_STLB PREFETCH     ACCESS:          0 HIT:          0 MISS:          0 MSHR_MERGE:          0
cpu0->cpu0_STLB WRITE        ACCESS:          0 HIT:          0 MISS:          0 MSHR_MERGE:          0
cpu0->cpu0_STLB TRANSLATION  ACCESS:          0 HIT:          0 MISS:          0 MSHR_MERGE:          0
cpu0->cpu0_STLB PREFETCH REQUESTED:          0 ISSUED:          0 USEFUL:          0 USELESS:          0
cpu0->cpu0_STLB AVERAGE MISS LATENCY: 504.9 cycles
cpu0->cpu0_L2C TOTAL        ACCESS:     222147 HIT:     135061 MISS:      87086 MSHR_MERGE:          0
cpu0->cpu0_L2C LOAD         ACCESS:     169819 HIT:      98717 MISS:      71102 MSHR_MERGE:          0
cpu0->cpu0_L2C RFO          ACCESS:      13554 HIT:       4248 MISS:       9306 MSHR_MERGE:          0
cpu0->cpu0_L2C PREFETCH     ACCESS:          0 HIT:          0 MISS:          0 MSHR_MERGE:          0
cpu0->cpu0_L2C WRITE        ACCESS:      31368 HIT:      31246 MISS:        122 MSHR_MERGE:          0
cpu0->cpu0_L2C TRANSLATION  ACCESS:       7406 HIT:        850 MISS:       6556 MSHR_MERGE:          0
cpu0->cpu0_L2C PREFETCH REQUESTED:          0 ISSUED:          0 USEFUL:          0 USELESS:          0
cpu0->cpu0_L2C AVERAGE MISS LATENCY: 63.59 cycles
cpu0->cpu0_L1I TOTAL        ACCESS:     584749 HIT:     561545 MISS:      23204 MSHR_MERGE:       4893
cpu0->cpu0_L1I LOAD         ACCESS:     584749 HIT:     561545 MISS:      23204 MSHR_MERGE:       4893
cpu0->cpu0_L1I RFO          ACCESS:          0 HIT:          0 MISS:          0 MSHR_MERGE:          0
cpu0->cpu0_L1I PREFETCH     ACCESS:          0 HIT:          0 MISS:          0 MSHR_MERGE:          0
cpu0->cpu0_L1I WRITE        ACCESS:          0 HIT:          0 MISS:          0 MSHR_MERGE:          0
cpu0->cpu0_L1I TRANSLATION  ACCESS:          0 HIT:          0 MISS:          0 MSHR_MERGE:          0
cpu0->cpu0_L1I PREFETCH REQUESTED:          0 ISSUED:          0 USEFUL:          0 USELESS:          0
cpu0->cpu0_L1I AVERAGE MISS LATENCY: 30.32 cycles
cpu0->cpu0_L1D TOTAL        ACCESS:    3343452 HIT:    3110149 MISS:     233303 MSHR_MERGE:      60833
cpu0->cpu0_L1D LOAD         ACCESS:    1910506 HIT:    1717137 MISS:     193369 MSHR_MERGE:      41861
cpu0->cpu0_L1D RFO          ACCESS:          0 HIT:          0 MISS:          0 MSHR_MERGE:          0
cpu0->cpu0_L1D PREFETCH     ACCESS:          0 HIT:          0 MISS:          0 MSHR_MERGE:          0
cpu0->cpu0_L1D WRITE        ACCESS:    1425278 HIT:    1392754 MISS:      32524 MSHR_MERGE:      18968
cpu0->cpu0_L1D TRANSLATION  ACCESS:       7668 HIT:        258 MISS:       7410 MSHR_MERGE:          4
cpu0->cpu0_L1D PREFETCH REQUESTED:          0 ISSUED:          0 USEFUL:          0 USELESS:          0
cpu0->cpu0_L1D AVERAGE MISS LATENCY: 38.15 cycles
cpu0->cpu0_ITLB TOTAL        ACCESS:     523903 HIT:     521844 MISS:       2059 MSHR_MERGE:       1062
cpu0->cpu0_ITLB LOAD         ACCESS:     523903 HIT:     521844 MISS:       2059 MSHR_MERGE:       1062
cpu0->cpu0_ITLB RFO          ACCESS:          0 HIT:          0 MISS:          0 MSHR_MERGE:          0
cpu0->cpu0_ITLB PREFETCH     ACCESS:          0 HIT:          0 MISS:          0 MSHR_MERGE:          0
cpu0->cpu0_ITLB WRITE        ACCESS:          0 HIT:          0 MISS:          0 MSHR_MERGE:          0
cpu0->cpu0_ITLB TRANSLATION  ACCESS:          0 HIT:          0 MISS:          0 MSHR_MERGE:          0
cpu0->cpu0_ITLB PREFETCH REQUESTED:          0 ISSUED:          0 USEFUL:          0 USELESS:          0
cpu0->cpu0_ITLB AVERAGE MISS LATENCY: 88.42 cycles
cpu0->cpu0_DTLB TOTAL        ACCESS:    3177016 HIT:    3104201 MISS:      72815 MSHR_MERGE:      17737
cpu0->cpu0_DTLB LOAD         ACCESS:    3177016 HIT:    3104201 MISS:      72815 MSHR_MERGE:      17737
cpu0->cpu0_DTLB RFO          ACCESS:          0 HIT:          0 MISS:          0 MSHR_MERGE:          0
cpu0->cpu0_DTLB PREFETCH     ACCESS:          0 HIT:          0 MISS:          0 MSHR_MERGE:          0
cpu0->cpu0_DTLB WRITE        ACCESS:          0 HIT:          0 MISS:          0 MSHR_MERGE:          0
cpu0->cpu0_DTLB TRANSLATION  ACCESS:          0 HIT:          0 MISS:          0 MSHR_MERGE:          0
cpu0->cpu0_DTLB PREFETCH REQUESTED:          0 ISSUED:          0 USEFUL:          0 USELESS:          0
cpu0->cpu0_DTLB AVERAGE MISS LATENCY: 31.31 cycles
cpu0->LLC TOTAL        ACCESS:     101049 HIT:      76944 MISS:      24105 MSHR_MERGE:          0
cpu0->LLC LOAD         ACCESS:      71102 HIT:      55581 MISS:      15521 MSHR_MERGE:          0
cpu0->LLC RFO          ACCESS:       9306 HIT:       4636 MISS:       4670 MSHR_MERGE:          0
cpu0->LLC PREFETCH     ACCESS:          0 HIT:          0 MISS:          0 MSHR_MERGE:          0
cpu0->LLC WRITE        ACCESS:      14085 HIT:      14081 MISS:          4 MSHR_MERGE:          0
cpu0->LLC TRANSLATION  ACCESS:       6556 HIT:       2646 MISS:       3910 MSHR_MERGE:          0
cpu0->LLC PREFETCH REQUESTED:          0 ISSUED:          0 USEFUL:          0 USELESS:          0
cpu0->LLC AVERAGE MISS LATENCY: 174.6 cycles

DRAM Statistics

Channel 0 RQ ROW_BUFFER_HIT:        375
  ROW_BUFFER_MISS:      23726
  AVG DBUS CONGESTED CYCLE: 10.03
Channel 0 WQ ROW_BUFFER_HIT:         64
  ROW_BUFFER_MISS:        324
  FULL:          0
Channel 0 REFRESHES ISSUED:       1110
