[VMEM] WARNING: physical memory size is smaller than virtual memory size.

*** ChampSim Multicore Out-of-Order Simulator ***
Warmup Instructions: 2000000
Simulation Instructions: 10000000
Number of CPUs: 1
Page size: 4096

Off-chip DRAM Size: 16 GiB Channels: 1 Width: 64-bit Data Rate: 3205 MT/s
Warmup finished CPU 0 instructions: 2000001 cycles: 1290803 cumulative IPC: 1.549 (Simulation time: 00 hr 00 min 12 sec)
Warmup complete CPU 0 instructions: 2000001 cycles: 1290803 cumulative IPC: 1.549 (Simulation time: 00 hr 00 min 12 sec)
Heartbeat CPU 0 instructions: 10000001 cycles: 106207333 heartbeat IPC: 0.09416 cumulative IPC: 0.07625 (Simulation time: 00 hr 09 min 20 sec)
Simulation finished CPU 0 instructions: 10000000 cycles: 131340871 cumulative IPC: 0.07614 (Simulation time: 00 hr 11 min 36 sec)
Simulation complete CPU 0 instructions: 10000000 cycles: 131340871 cumulative IPC: 0.07614 (Simulation time: 00 hr 11 min 36 sec)

ChampSim completed all CPUs

=== Simulation ===
CPU 0 runs /home/tandonmitul27/workspace/SPEC17/602.gcc_s-2226B.champsimtrace.xz

Region of Interest Statistics

CPU 0 cumulative IPC: 0.07614 instructions: 10000000 cycles: 131340871
CPU 0 Branch Prediction Accuracy: 99.08% MPKI: 3.288 Average ROB Occupancy at Mispredict: 115.5
Branch type MPKI
BRANCH_DIRECT_JUMP: 0.0873
BRANCH_INDIRECT: 0
BRANCH_CONDITIONAL: 3.199
BRANCH_DIRECT_CALL: 0.0008
BRANCH_INDIRECT_CALL: 0
BRANCH_RETURN: 0.0007

cpu0->cpu0_STLB TOTAL        ACCESS:      14574 HIT:        770 MISS:      13804 MSHR_MERGE:          0
cpu0->cpu0_STLB LOAD         ACCESS:      14574 HIT:        770 MISS:      13804 MSHR_MERGE:          0
cpu0->cpu0_STLB RFO          ACCESS:          0 HIT:          0 MISS:          0 MSHR_MERGE:          0
cpu0->cpu0_STLB PREFETCH     ACCESS:          0 HIT:          0 MISS:          0 MSHR_MERGE:          0
cpu0->cpu0_STLB WRITE        ACCESS:          0 HIT:          0 MISS:          0 MSHR_MERGE:          0
cpu0->cpu0_STLB TRANSLATION  ACCESS:          0 HIT:          0 MISS:          0 MSHR_MERGE:          0
cpu0->cpu0_STLB PREFETCH REQUESTED:          0 ISSUED:          0 USEFUL:          0 USELESS:          0
cpu0->cpu0_STLB AVERAGE MISS LATENCY: 698.7 cycles
cpu0->cpu0_L2C TOTAL        ACCESS:     715875 HIT:       3110 MISS:     712765 MSHR_MERGE:          0
cpu0->cpu0_L2C LOAD         ACCESS:     695953 HIT:       1283 MISS:     694670 MSHR_MERGE:          0
cpu0->cpu0_L2C RFO          ACCESS:        317 HIT:          1 MISS:        316 MSHR_MERGE:          0
cpu0->cpu0_L2C PREFETCH     ACCESS:          0 HIT:          0 MISS:          0 MSHR_MERGE:          0
cpu0->cpu0_L2C WRITE        ACCESS:       1226 HIT:       1199 MISS:         27 MSHR_MERGE:          0
cpu0->cpu0_L2C TRANSLATION  ACCESS:      18379 HIT:        627 MISS:      17752 MSHR_MERGE:          0
cpu0->cpu0_L2C PREFETCH REQUESTED:          0 ISSUED:          0 USEFUL:          0 USELESS:          0
cpu0->cpu0_L2C AVERAGE MISS LATENCY: 163 cycles
cpu0->cpu0_L1I TOTAL        ACCESS:     923926 HIT:     923886 MISS:         40 MSHR_MERGE:          3
cpu0->cpu0_L1I LOAD         ACCESS:     923926 HIT:     923886 MISS:         40 MSHR_MERGE:          3
cpu0->cpu0_L1I RFO          ACCESS:          0 HIT:          0 MISS:          0 MSHR_MERGE:          0
cpu0->cpu0_L1I PREFETCH     ACCESS:          0 HIT:          0 MISS:          0 MSHR_MERGE:          0
cpu0->cpu0_L1I WRITE        ACCESS:          0 HIT:          0 MISS:          0 MSHR_MERGE:          0
cpu0->cpu0_L1I TRANSLATION  ACCESS:          0 HIT:          0 MISS:          0 MSHR_MERGE:          0
cpu0->cpu0_L1I PREFETCH REQUESTED:          0 ISSUED:          0 USEFUL:          0 USELESS:          0
cpu0->cpu0_L1I AVERAGE MISS LATENCY: 197.1 cycles
cpu0->cpu0_L1D TOTAL        ACCESS:    2830342 HIT:    1197442 MISS:    1632900 MSHR_MERGE:     918288
cpu0->cpu0_L1D LOAD         ACCESS:    2661072 HIT:    1046883 MISS:    1614189 MSHR_MERGE:     918273
cpu0->cpu0_L1D RFO          ACCESS:          0 HIT:          0 MISS:          0 MSHR_MERGE:          0
cpu0->cpu0_L1D PREFETCH     ACCESS:          0 HIT:          0 MISS:          0 MSHR_MERGE:          0
cpu0->cpu0_L1D WRITE        ACCESS:     141200 HIT:     140875 MISS:        325 MSHR_MERGE:          8
cpu0->cpu0_L1D TRANSLATION  ACCESS:      28070 HIT:       9684 MISS:      18386 MSHR_MERGE:          7
cpu0->cpu0_L1D PREFETCH REQUESTED:          0 ISSUED:          0 USEFUL:          0 USELESS:          0
cpu0->cpu0_L1D AVERAGE MISS LATENCY: 171.6 cycles
cpu0->cpu0_ITLB TOTAL        ACCESS:     921635 HIT:     921630 MISS:          5 MSHR_MERGE:          2
cpu0->cpu0_ITLB LOAD         ACCESS:     921635 HIT:     921630 MISS:          5 MSHR_MERGE:          2
cpu0->cpu0_ITLB RFO          ACCESS:          0 HIT:          0 MISS:          0 MSHR_MERGE:          0
cpu0->cpu0_ITLB PREFETCH     ACCESS:          0 HIT:          0 MISS:          0 MSHR_MERGE:          0
cpu0->cpu0_ITLB WRITE        ACCESS:          0 HIT:          0 MISS:          0 MSHR_MERGE:          0
cpu0->cpu0_ITLB TRANSLATION  ACCESS:          0 HIT:          0 MISS:          0 MSHR_MERGE:          0
cpu0->cpu0_ITLB PREFETCH REQUESTED:          0 ISSUED:          0 USEFUL:          0 USELESS:          0
cpu0->cpu0_ITLB AVERAGE MISS LATENCY: 869.3 cycles
cpu0->cpu0_DTLB TOTAL        ACCESS:    2783963 HIT:    2752717 MISS:      31246 MSHR_MERGE:      16675
cpu0->cpu0_DTLB LOAD         ACCESS:    2783963 HIT:    2752717 MISS:      31246 MSHR_MERGE:      16675
cpu0->cpu0_DTLB RFO          ACCESS:          0 HIT:          0 MISS:          0 MSHR_MERGE:          0
cpu0->cpu0_DTLB PREFETCH     ACCESS:          0 HIT:          0 MISS:          0 MSHR_MERGE:          0
cpu0->cpu0_DTLB WRITE        ACCESS:          0 HIT:          0 MISS:          0 MSHR_MERGE:          0
cpu0->cpu0_DTLB TRANSLATION  ACCESS:          0 HIT:          0 MISS:          0 MSHR_MERGE:          0
cpu0->cpu0_DTLB PREFETCH REQUESTED:          0 ISSUED:          0 USEFUL:          0 USELESS:          0
cpu0->cpu0_DTLB AVERAGE MISS LATENCY: 667.7 cycles
cpu0->LLC TOTAL        ACCESS:     713942 HIT:       1582 MISS:     712360 MSHR_MERGE:          0
cpu0->LLC LOAD         ACCESS:     694670 HIT:        259 MISS:     694411 MSHR_MERGE:          0
cpu0->LLC RFO          ACCESS:        316 HIT:          0 MISS:        316 MSHR_MERGE:          0
cpu0->LLC PREFETCH     ACCESS:          0 HIT:          0 MISS:          0 MSHR_MERGE:          0
cpu0->LLC WRITE        ACCESS:       1204 HIT:       1189 MISS:         15 MSHR_MERGE:          0
cpu0->LLC TRANSLATION  ACCESS:      17752 HIT:        134 MISS:      17618 MSHR_MERGE:          0
cpu0->LLC PREFETCH REQUESTED:          0 ISSUED:          0 USEFUL:          0 USELESS:          0
cpu0->LLC AVERAGE MISS LATENCY: 147.1 cycles

DRAM Statistics

Channel 0 RQ ROW_BUFFER_HIT:     192541
  ROW_BUFFER_MISS:     519804
  AVG DBUS CONGESTED CYCLE: 24.22
Channel 0 WQ ROW_BUFFER_HIT:        532
  ROW_BUFFER_MISS:        661
  FULL:          0
Channel 0 REFRESHES ISSUED:      10945
