[VMEM] WARNING: physical memory size is smaller than virtual memory size.

*** ChampSim Multicore Out-of-Order Simulator ***
Warmup Instructions: 2000000
Simulation Instructions: 10000000
Number of CPUs: 1
Page size: 4096

Off-chip DRAM Size: 16 GiB Channels: 1 Width: 64-bit Data Rate: 3205 MT/s
Warmup finished CPU 0 instructions: 2000001 cycles: 710230 cumulative IPC: 2.816 (Simulation time: 00 hr 00 min 07 sec)
Warmup complete CPU 0 instructions: 2000001 cycles: 710230 cumulative IPC: 2.816 (Simulation time: 00 hr 00 min 07 sec)
Heartbeat CPU 0 instructions: 10000002 cycles: 31753432 heartbeat IPC: 0.3149 cumulative IPC: 0.2577 (Simulation time: 00 hr 02 min 29 sec)
Simulation finished CPU 0 instructions: 10000001 cycles: 39043842 cumulative IPC: 0.2561 (Simulation time: 00 hr 03 min 04 sec)
Simulation complete CPU 0 instructions: 10000001 cycles: 39043842 cumulative IPC: 0.2561 (Simulation time: 00 hr 03 min 04 sec)

ChampSim completed all CPUs

=== Simulation ===
CPU 0 runs /home/tandonmitul27/workspace/SPEC17/602.gcc_s-1850B.champsimtrace.xz

Region of Interest Statistics

CPU 0 cumulative IPC: 0.2561 instructions: 10000001 cycles: 39043842
CPU 0 Branch Prediction Accuracy: 92.26% MPKI: 19.86 Average ROB Occupancy at Mispredict: 28.66
Branch type MPKI
BRANCH_DIRECT_JUMP: 0.0151
BRANCH_INDIRECT: 0
BRANCH_CONDITIONAL: 19.84
BRANCH_DIRECT_CALL: 0.0001
BRANCH_INDIRECT_CALL: 0
BRANCH_RETURN: 0.0001

cpu0->cpu0_STLB TOTAL        ACCESS:       3282 HIT:        229 MISS:       3053 MSHR_MERGE:          0
cpu0->cpu0_STLB LOAD         ACCESS:       3282 HIT:        229 MISS:       3053 MSHR_MERGE:          0
cpu0->cpu0_STLB RFO          ACCESS:          0 HIT:          0 MISS:          0 MSHR_MERGE:          0
cpu0->cpu0_STLB PREFETCH     ACCESS:          0 HIT:          0 MISS:          0 MSHR_MERGE:          0
cpu0->cpu0_STLB WRITE        ACCESS:          0 HIT:          0 MISS:          0 MSHR_MERGE:          0
cpu0->cpu0_STLB TRANSLATION  ACCESS:          0 HIT:          0 MISS:          0 MSHR_MERGE:          0
cpu0->cpu0_STLB PREFETCH REQUESTED:          0 ISSUED:          0 USEFUL:          0 USELESS:          0
cpu0->cpu0_STLB AVERAGE MISS LATENCY: 690.5 cycles
cpu0->cpu0_L2C TOTAL        ACCESS:     246364 HIT:      64493 MISS:     181871 MSHR_MERGE:          0
cpu0->cpu0_L2C LOAD         ACCESS:     241880 HIT:      63756 MISS:     178124 MSHR_MERGE:          0
cpu0->cpu0_L2C RFO          ACCESS:         17 HIT:          0 MISS:         17 MSHR_MERGE:          0
cpu0->cpu0_L2C PREFETCH     ACCESS:          0 HIT:          0 MISS:          0 MSHR_MERGE:          0
cpu0->cpu0_L2C WRITE        ACCESS:        639 HIT:        639 MISS:          0 MSHR_MERGE:          0
cpu0->cpu0_L2C TRANSLATION  ACCESS:       3828 HIT:         98 MISS:       3730 MSHR_MERGE:          0
cpu0->cpu0_L2C PREFETCH REQUESTED:          0 ISSUED:          0 USEFUL:          0 USELESS:          0
cpu0->cpu0_L2C AVERAGE MISS LATENCY: 156.2 cycles
cpu0->cpu0_L1I TOTAL        ACCESS:        165 HIT:        165 MISS:          0 MSHR_MERGE:          0
cpu0->cpu0_L1I LOAD         ACCESS:        165 HIT:        165 MISS:          0 MSHR_MERGE:          0
cpu0->cpu0_L1I RFO          ACCESS:          0 HIT:          0 MISS:          0 MSHR_MERGE:          0
cpu0->cpu0_L1I PREFETCH     ACCESS:          0 HIT:          0 MISS:          0 MSHR_MERGE:          0
cpu0->cpu0_L1I WRITE        ACCESS:          0 HIT:          0 MISS:          0 MSHR_MERGE:          0
cpu0->cpu0_L1I TRANSLATION  ACCESS:          0 HIT:          0 MISS:          0 MSHR_MERGE:          0
cpu0->cpu0_L1I PREFETCH REQUESTED:          0 ISSUED:          0 USEFUL:          0 USELESS:          0
cpu0->cpu0_L1I AVERAGE MISS LATENCY: - cycles
cpu0->cpu0_L1D TOTAL        ACCESS:    2989658 HIT:    2566193 MISS:     423465 MSHR_MERGE:     177739
cpu0->cpu0_L1D LOAD         ACCESS:    2120680 HIT:    1701060 MISS:     419620 MSHR_MERGE:     177739
cpu0->cpu0_L1D RFO          ACCESS:          0 HIT:          0 MISS:          0 MSHR_MERGE:          0
cpu0->cpu0_L1D PREFETCH     ACCESS:          0 HIT:          0 MISS:          0 MSHR_MERGE:          0
cpu0->cpu0_L1D WRITE        ACCESS:     862840 HIT:     862823 MISS:         17 MSHR_MERGE:          0
cpu0->cpu0_L1D TRANSLATION  ACCESS:       6138 HIT:       2310 MISS:       3828 MSHR_MERGE:          0
cpu0->cpu0_L1D PREFETCH REQUESTED:          0 ISSUED:          0 USEFUL:          0 USELESS:          0
cpu0->cpu0_L1D AVERAGE MISS LATENCY: 124.3 cycles
cpu0->cpu0_ITLB TOTAL        ACCESS:        123 HIT:        123 MISS:          0 MSHR_MERGE:          0
cpu0->cpu0_ITLB LOAD         ACCESS:        123 HIT:        123 MISS:          0 MSHR_MERGE:          0
cpu0->cpu0_ITLB RFO          ACCESS:          0 HIT:          0 MISS:          0 MSHR_MERGE:          0
cpu0->cpu0_ITLB PREFETCH     ACCESS:          0 HIT:          0 MISS:          0 MSHR_MERGE:          0
cpu0->cpu0_ITLB WRITE        ACCESS:          0 HIT:          0 MISS:          0 MSHR_MERGE:          0
cpu0->cpu0_ITLB TRANSLATION  ACCESS:          0 HIT:          0 MISS:          0 MSHR_MERGE:          0
cpu0->cpu0_ITLB PREFETCH REQUESTED:          0 ISSUED:          0 USEFUL:          0 USELESS:          0
cpu0->cpu0_ITLB AVERAGE MISS LATENCY: - cycles
cpu0->cpu0_DTLB TOTAL        ACCESS:    2905886 HIT:    2899453 MISS:       6433 MSHR_MERGE:       3151
cpu0->cpu0_DTLB LOAD         ACCESS:    2905886 HIT:    2899453 MISS:       6433 MSHR_MERGE:       3151
cpu0->cpu0_DTLB RFO          ACCESS:          0 HIT:          0 MISS:          0 MSHR_MERGE:          0
cpu0->cpu0_DTLB PREFETCH     ACCESS:          0 HIT:          0 MISS:          0 MSHR_MERGE:          0
cpu0->cpu0_DTLB WRITE        ACCESS:          0 HIT:          0 MISS:          0 MSHR_MERGE:          0
cpu0->cpu0_DTLB TRANSLATION  ACCESS:          0 HIT:          0 MISS:          0 MSHR_MERGE:          0
cpu0->cpu0_DTLB PREFETCH REQUESTED:          0 ISSUED:          0 USEFUL:          0 USELESS:          0
cpu0->cpu0_DTLB AVERAGE MISS LATENCY: 648.3 cycles
cpu0->LLC TOTAL        ACCESS:     182157 HIT:        560 MISS:     181597 MSHR_MERGE:          0
cpu0->LLC LOAD         ACCESS:     178124 HIT:        259 MISS:     177865 MSHR_MERGE:          0
cpu0->LLC RFO          ACCESS:         17 HIT:          0 MISS:         17 MSHR_MERGE:          0
cpu0->LLC PREFETCH     ACCESS:          0 HIT:          0 MISS:          0 MSHR_MERGE:          0
cpu0->LLC WRITE        ACCESS:        286 HIT:        285 MISS:          1 MSHR_MERGE:          0
cpu0->LLC TRANSLATION  ACCESS:       3730 HIT:         16 MISS:       3714 MSHR_MERGE:          0
cpu0->LLC PREFETCH REQUESTED:          0 ISSUED:          0 USEFUL:          0 USELESS:          0
cpu0->LLC AVERAGE MISS LATENCY: 140.4 cycles

DRAM Statistics

Channel 0 RQ ROW_BUFFER_HIT:      51570
  ROW_BUFFER_MISS:     130026
  AVG DBUS CONGESTED CYCLE: 22.93
Channel 0 WQ ROW_BUFFER_HIT:         72
  ROW_BUFFER_MISS:        209
  FULL:          0
Channel 0 REFRESHES ISSUED:       3253
