[VMEM] WARNING: physical memory size is smaller than virtual memory size.

*** ChampSim Multicore Out-of-Order Simulator ***
Warmup Instructions: 2000000
Simulation Instructions: 10000000
Number of CPUs: 1
Page size: 4096

Off-chip DRAM Size: 16 GiB Channels: 1 Width: 64-bit Data Rate: 3205 MT/s
Warmup finished CPU 0 instructions: 2000002 cycles: 622207 cumulative IPC: 3.214 (Simulation time: 00 hr 00 min 07 sec)
Warmup complete CPU 0 instructions: 2000002 cycles: 622207 cumulative IPC: 3.214 (Simulation time: 00 hr 00 min 07 sec)
Heartbeat CPU 0 instructions: 10000001 cycles: 17633376 heartbeat IPC: 0.5671 cumulative IPC: 0.4703 (Simulation time: 00 hr 01 min 33 sec)
Simulation finished CPU 0 instructions: 10000003 cycles: 21238439 cumulative IPC: 0.4708 (Simulation time: 00 hr 01 min 54 sec)
Simulation complete CPU 0 instructions: 10000003 cycles: 21238439 cumulative IPC: 0.4708 (Simulation time: 00 hr 01 min 54 sec)

ChampSim completed all CPUs

=== Simulation ===
CPU 0 runs /home/tandonmitul27/workspace/SPEC17/602.gcc_s-734B.champsimtrace.xz

Region of Interest Statistics

CPU 0 cumulative IPC: 0.4708 instructions: 10000003 cycles: 21238439
CPU 0 Branch Prediction Accuracy: 94.6% MPKI: 12.78 Average ROB Occupancy at Mispredict: 50.75
Branch type MPKI
BRANCH_DIRECT_JUMP: 0.1192
BRANCH_INDIRECT: 0
BRANCH_CONDITIONAL: 12.57
BRANCH_DIRECT_CALL: 0.098
BRANCH_INDIRECT_CALL: 0
BRANCH_RETURN: 0

cpu0->cpu0_STLB TOTAL        ACCESS:       2812 HIT:        702 MISS:       2110 MSHR_MERGE:          0
cpu0->cpu0_STLB LOAD         ACCESS:       2812 HIT:        702 MISS:       2110 MSHR_MERGE:          0
cpu0->cpu0_STLB RFO          ACCESS:          0 HIT:          0 MISS:          0 MSHR_MERGE:          0
cpu0->cpu0_STLB PREFETCH     ACCESS:          0 HIT:          0 MISS:          0 MSHR_MERGE:          0
cpu0->cpu0_STLB WRITE        ACCESS:          0 HIT:          0 MISS:          0 MSHR_MERGE:          0
cpu0->cpu0_STLB TRANSLATION  ACCESS:          0 HIT:          0 MISS:          0 MSHR_MERGE:          0
cpu0->cpu0_STLB PREFETCH REQUESTED:          0 ISSUED:          0 USEFUL:          0 USELESS:          0
cpu0->cpu0_STLB AVERAGE MISS LATENCY: 714.4 cycles
cpu0->cpu0_L2C TOTAL        ACCESS:     164965 HIT:      81305 MISS:      83660 MSHR_MERGE:          0
cpu0->cpu0_L2C LOAD         ACCESS:     160746 HIT:      80055 MISS:      80691 MSHR_MERGE:          0
cpu0->cpu0_L2C RFO          ACCESS:          0 HIT:          0 MISS:          0 MSHR_MERGE:          0
cpu0->cpu0_L2C PREFETCH     ACCESS:          0 HIT:          0 MISS:          0 MSHR_MERGE:          0
cpu0->cpu0_L2C WRITE        ACCESS:       1045 HIT:       1045 MISS:          0 MSHR_MERGE:          0
cpu0->cpu0_L2C TRANSLATION  ACCESS:       3174 HIT:        205 MISS:       2969 MSHR_MERGE:          0
cpu0->cpu0_L2C PREFETCH REQUESTED:          0 ISSUED:          0 USEFUL:          0 USELESS:          0
cpu0->cpu0_L2C AVERAGE MISS LATENCY: 167.5 cycles
cpu0->cpu0_L1I TOTAL        ACCESS:       2202 HIT:       2202 MISS:          0 MSHR_MERGE:          0
cpu0->cpu0_L1I LOAD         ACCESS:       2202 HIT:       2202 MISS:          0 MSHR_MERGE:          0
cpu0->cpu0_L1I RFO          ACCESS:          0 HIT:          0 MISS:          0 MSHR_MERGE:          0
cpu0->cpu0_L1I PREFETCH     ACCESS:          0 HIT:          0 MISS:          0 MSHR_MERGE:          0
cpu0->cpu0_L1I WRITE        ACCESS:          0 HIT:          0 MISS:          0 MSHR_MERGE:          0
cpu0->cpu0_L1I TRANSLATION  ACCESS:          0 HIT:          0 MISS:          0 MSHR_MERGE:          0
cpu0->cpu0_L1I PREFETCH REQUESTED:          0 ISSUED:          0 USEFUL:          0 USELESS:          0
cpu0->cpu0_L1I AVERAGE MISS LATENCY: - cycles
cpu0->cpu0_L1D TOTAL        ACCESS:    3073025 HIT:    2677475 MISS:     395550 MSHR_MERGE:     231630
cpu0->cpu0_L1D LOAD         ACCESS:    2067399 HIT:    1675026 MISS:     392373 MSHR_MERGE:     231627
cpu0->cpu0_L1D RFO          ACCESS:          0 HIT:          0 MISS:          0 MSHR_MERGE:          0
cpu0->cpu0_L1D PREFETCH     ACCESS:          0 HIT:          0 MISS:          0 MSHR_MERGE:          0
cpu0->cpu0_L1D WRITE        ACCESS:    1001256 HIT:    1001256 MISS:          0 MSHR_MERGE:          0
cpu0->cpu0_L1D TRANSLATION  ACCESS:       4370 HIT:       1193 MISS:       3177 MSHR_MERGE:          3
cpu0->cpu0_L1D PREFETCH REQUESTED:          0 ISSUED:          0 USEFUL:          0 USELESS:          0
cpu0->cpu0_L1D AVERAGE MISS LATENCY: 93.98 cycles
cpu0->cpu0_ITLB TOTAL        ACCESS:       1669 HIT:       1669 MISS:          0 MSHR_MERGE:          0
cpu0->cpu0_ITLB LOAD         ACCESS:       1669 HIT:       1669 MISS:          0 MSHR_MERGE:          0
cpu0->cpu0_ITLB RFO          ACCESS:          0 HIT:          0 MISS:          0 MSHR_MERGE:          0
cpu0->cpu0_ITLB PREFETCH     ACCESS:          0 HIT:          0 MISS:          0 MSHR_MERGE:          0
cpu0->cpu0_ITLB WRITE        ACCESS:          0 HIT:          0 MISS:          0 MSHR_MERGE:          0
cpu0->cpu0_ITLB TRANSLATION  ACCESS:          0 HIT:          0 MISS:          0 MSHR_MERGE:          0
cpu0->cpu0_ITLB PREFETCH REQUESTED:          0 ISSUED:          0 USEFUL:          0 USELESS:          0
cpu0->cpu0_ITLB AVERAGE MISS LATENCY: - cycles
cpu0->cpu0_DTLB TOTAL        ACCESS:    3055590 HIT:    3049226 MISS:       6364 MSHR_MERGE:       3552
cpu0->cpu0_DTLB LOAD         ACCESS:    3055590 HIT:    3049226 MISS:       6364 MSHR_MERGE:       3552
cpu0->cpu0_DTLB RFO          ACCESS:          0 HIT:          0 MISS:          0 MSHR_MERGE:          0
cpu0->cpu0_DTLB PREFETCH     ACCESS:          0 HIT:          0 MISS:          0 MSHR_MERGE:          0
cpu0->cpu0_DTLB WRITE        ACCESS:          0 HIT:          0 MISS:          0 MSHR_MERGE:          0
cpu0->cpu0_DTLB TRANSLATION  ACCESS:          0 HIT:          0 MISS:          0 MSHR_MERGE:          0
cpu0->cpu0_DTLB PREFETCH REQUESTED:          0 ISSUED:          0 USEFUL:          0 USELESS:          0
cpu0->cpu0_DTLB AVERAGE MISS LATENCY: 541.8 cycles
cpu0->LLC TOTAL        ACCESS:      84003 HIT:        396 MISS:      83607 MSHR_MERGE:          0
cpu0->LLC LOAD         ACCESS:      80691 HIT:         25 MISS:      80666 MSHR_MERGE:          0
cpu0->LLC RFO          ACCESS:          0 HIT:          0 MISS:          0 MSHR_MERGE:          0
cpu0->LLC PREFETCH     ACCESS:          0 HIT:          0 MISS:          0 MSHR_MERGE:          0
cpu0->LLC WRITE        ACCESS:        343 HIT:        343 MISS:          0 MSHR_MERGE:          0
cpu0->LLC TRANSLATION  ACCESS:       2969 HIT:         28 MISS:       2941 MSHR_MERGE:          0
cpu0->LLC PREFETCH REQUESTED:          0 ISSUED:          0 USEFUL:          0 USELESS:          0
cpu0->LLC AVERAGE MISS LATENCY: 151.6 cycles

DRAM Statistics

Channel 0 RQ ROW_BUFFER_HIT:      13513
  ROW_BUFFER_MISS:      70094
  AVG DBUS CONGESTED CYCLE: 20.03
Channel 0 WQ ROW_BUFFER_HIT:         17
  ROW_BUFFER_MISS:        240
  FULL:          0
Channel 0 REFRESHES ISSUED:       1770
