[VMEM] WARNING: physical memory size is smaller than virtual memory size.

*** ChampSim Multicore Out-of-Order Simulator ***
Warmup Instructions: 2000000
Simulation Instructions: 10000000
Number of CPUs: 1
Page size: 4096

Off-chip DRAM Size: 16 GiB Channels: 1 Width: 64-bit Data Rate: 3205 MT/s
Warmup finished CPU 0 instructions: 2000001 cycles: 508116 cumulative IPC: 3.936 (Simulation time: 00 hr 00 min 05 sec)
Warmup complete CPU 0 instructions: 2000001 cycles: 508116 cumulative IPC: 3.936 (Simulation time: 00 hr 00 min 05 sec)
Heartbeat CPU 0 instructions: 10000004 cycles: 4392963 heartbeat IPC: 2.276 cumulative IPC: 2.059 (Simulation time: 00 hr 00 min 33 sec)
Simulation finished CPU 0 instructions: 10000000 cycles: 4848928 cumulative IPC: 2.062 (Simulation time: 00 hr 00 min 40 sec)
Simulation complete CPU 0 instructions: 10000000 cycles: 4848928 cumulative IPC: 2.062 (Simulation time: 00 hr 00 min 40 sec)

ChampSim completed all CPUs

=== Simulation ===
CPU 0 runs /home/tandonmitul27/workspace/SPEC17/603.bwaves_s-5359B.champsimtrace.xz

Region of Interest Statistics

CPU 0 cumulative IPC: 2.062 instructions: 10000000 cycles: 4848928
CPU 0 Branch Prediction Accuracy: 87.25% MPKI: 18.36 Average ROB Occupancy at Mispredict: 33.43
Branch type MPKI
BRANCH_DIRECT_JUMP: 0.045
BRANCH_INDIRECT: 0
BRANCH_CONDITIONAL: 18.27
BRANCH_DIRECT_CALL: 0
BRANCH_INDIRECT_CALL: 0
BRANCH_RETURN: 0.0404

cpu0->cpu0_STLB TOTAL        ACCESS:         14 HIT:          0 MISS:         14 MSHR_MERGE:          0
cpu0->cpu0_STLB LOAD         ACCESS:         14 HIT:          0 MISS:         14 MSHR_MERGE:          0
cpu0->cpu0_STLB RFO          ACCESS:          0 HIT:          0 MISS:          0 MSHR_MERGE:          0
cpu0->cpu0_STLB PREFETCH     ACCESS:          0 HIT:          0 MISS:          0 MSHR_MERGE:          0
cpu0->cpu0_STLB WRITE        ACCESS:          0 HIT:          0 MISS:          0 MSHR_MERGE:          0
cpu0->cpu0_STLB TRANSLATION  ACCESS:          0 HIT:          0 MISS:          0 MSHR_MERGE:          0
cpu0->cpu0_STLB PREFETCH REQUESTED:          0 ISSUED:          0 USEFUL:          0 USELESS:          0
cpu0->cpu0_STLB AVERAGE MISS LATENCY: 711 cycles
cpu0->cpu0_L2C TOTAL        ACCESS:        907 HIT:        152 MISS:        755 MSHR_MERGE:          0
cpu0->cpu0_L2C LOAD         ACCESS:         88 HIT:          2 MISS:         86 MSHR_MERGE:          0
cpu0->cpu0_L2C RFO          ACCESS:        665 HIT:         12 MISS:        653 MSHR_MERGE:          0
cpu0->cpu0_L2C PREFETCH     ACCESS:          0 HIT:          0 MISS:          0 MSHR_MERGE:          0
cpu0->cpu0_L2C WRITE        ACCESS:        138 HIT:        138 MISS:          0 MSHR_MERGE:          0
cpu0->cpu0_L2C TRANSLATION  ACCESS:         16 HIT:          0 MISS:         16 MSHR_MERGE:          0
cpu0->cpu0_L2C PREFETCH REQUESTED:          0 ISSUED:          0 USEFUL:          0 USELESS:          0
cpu0->cpu0_L2C AVERAGE MISS LATENCY: 211.1 cycles
cpu0->cpu0_L1I TOTAL        ACCESS:      74050 HIT:      74036 MISS:         14 MSHR_MERGE:          4
cpu0->cpu0_L1I LOAD         ACCESS:      74050 HIT:      74036 MISS:         14 MSHR_MERGE:          4
cpu0->cpu0_L1I RFO          ACCESS:          0 HIT:          0 MISS:          0 MSHR_MERGE:          0
cpu0->cpu0_L1I PREFETCH     ACCESS:          0 HIT:          0 MISS:          0 MSHR_MERGE:          0
cpu0->cpu0_L1I WRITE        ACCESS:          0 HIT:          0 MISS:          0 MSHR_MERGE:          0
cpu0->cpu0_L1I TRANSLATION  ACCESS:          0 HIT:          0 MISS:          0 MSHR_MERGE:          0
cpu0->cpu0_L1I PREFETCH REQUESTED:          0 ISSUED:          0 USEFUL:          0 USELESS:          0
cpu0->cpu0_L1I AVERAGE MISS LATENCY: 234.7 cycles
cpu0->cpu0_L1D TOTAL        ACCESS:    2417557 HIT:    2412875 MISS:       4682 MSHR_MERGE:       3923
cpu0->cpu0_L1D LOAD         ACCESS:    2073715 HIT:    2073625 MISS:         90 MSHR_MERGE:         12
cpu0->cpu0_L1D RFO          ACCESS:          0 HIT:          0 MISS:          0 MSHR_MERGE:          0
cpu0->cpu0_L1D PREFETCH     ACCESS:          0 HIT:          0 MISS:          0 MSHR_MERGE:          0
cpu0->cpu0_L1D WRITE        ACCESS:     343814 HIT:     339239 MISS:       4575 MSHR_MERGE:       3910
cpu0->cpu0_L1D TRANSLATION  ACCESS:         28 HIT:         11 MISS:         17 MSHR_MERGE:          1
cpu0->cpu0_L1D PREFETCH REQUESTED:          0 ISSUED:          0 USEFUL:          0 USELESS:          0
cpu0->cpu0_L1D AVERAGE MISS LATENCY: 216 cycles
cpu0->cpu0_ITLB TOTAL        ACCESS:      58659 HIT:      58659 MISS:          0 MSHR_MERGE:          0
cpu0->cpu0_ITLB LOAD         ACCESS:      58659 HIT:      58659 MISS:          0 MSHR_MERGE:          0
cpu0->cpu0_ITLB RFO          ACCESS:          0 HIT:          0 MISS:          0 MSHR_MERGE:          0
cpu0->cpu0_ITLB PREFETCH     ACCESS:          0 HIT:          0 MISS:          0 MSHR_MERGE:          0
cpu0->cpu0_ITLB WRITE        ACCESS:          0 HIT:          0 MISS:          0 MSHR_MERGE:          0
cpu0->cpu0_ITLB TRANSLATION  ACCESS:          0 HIT:          0 MISS:          0 MSHR_MERGE:          0
cpu0->cpu0_ITLB PREFETCH REQUESTED:          0 ISSUED:          0 USEFUL:          0 USELESS:          0
cpu0->cpu0_ITLB AVERAGE MISS LATENCY: - cycles
cpu0->cpu0_DTLB TOTAL        ACCESS:    2343033 HIT:    2342901 MISS:        132 MSHR_MERGE:        118
cpu0->cpu0_DTLB LOAD         ACCESS:    2343033 HIT:    2342901 MISS:        132 MSHR_MERGE:        118
cpu0->cpu0_DTLB RFO          ACCESS:          0 HIT:          0 MISS:          0 MSHR_MERGE:          0
cpu0->cpu0_DTLB PREFETCH     ACCESS:          0 HIT:          0 MISS:          0 MSHR_MERGE:          0
cpu0->cpu0_DTLB WRITE        ACCESS:          0 HIT:          0 MISS:          0 MSHR_MERGE:          0
cpu0->cpu0_DTLB TRANSLATION  ACCESS:          0 HIT:          0 MISS:          0 MSHR_MERGE:          0
cpu0->cpu0_DTLB PREFETCH REQUESTED:          0 ISSUED:          0 USEFUL:          0 USELESS:          0
cpu0->cpu0_DTLB AVERAGE MISS LATENCY: 717 cycles
cpu0->LLC TOTAL        ACCESS:        755 HIT:          0 MISS:        755 MSHR_MERGE:          0
cpu0->LLC LOAD         ACCESS:         86 HIT:          0 MISS:         86 MSHR_MERGE:          0
cpu0->LLC RFO          ACCESS:        653 HIT:          0 MISS:        653 MSHR_MERGE:          0
cpu0->LLC PREFETCH     ACCESS:          0 HIT:          0 MISS:          0 MSHR_MERGE:          0
cpu0->LLC WRITE        ACCESS:          0 HIT:          0 MISS:          0 MSHR_MERGE:          0
cpu0->LLC TRANSLATION  ACCESS:         16 HIT:          0 MISS:         16 MSHR_MERGE:          0
cpu0->LLC PREFETCH REQUESTED:          0 ISSUED:          0 USEFUL:          0 USELESS:          0
cpu0->LLC AVERAGE MISS LATENCY: 195.1 cycles

DRAM Statistics

Channel 0 RQ ROW_BUFFER_HIT:          0
  ROW_BUFFER_MISS:        755
  AVG DBUS CONGESTED CYCLE: 2.3
Channel 0 WQ ROW_BUFFER_HIT:          0
  ROW_BUFFER_MISS:          0
  FULL:          0
Channel 0 REFRESHES ISSUED:        404
