[VMEM] WARNING: physical memory size is smaller than virtual memory size.

*** ChampSim Multicore Out-of-Order Simulator ***
Warmup Instructions: 2000000
Simulation Instructions: 10000000
Number of CPUs: 1
Page size: 4096

Off-chip DRAM Size: 16 GiB Channels: 1 Width: 64-bit Data Rate: 3205 MT/s
Warmup finished CPU 0 instructions: 2000000 cycles: 574591 cumulative IPC: 3.481 (Simulation time: 00 hr 00 min 07 sec)
Warmup complete CPU 0 instructions: 2000000 cycles: 574591 cumulative IPC: 3.481 (Simulation time: 00 hr 00 min 07 sec)
Heartbeat CPU 0 instructions: 10000002 cycles: 21979807 heartbeat IPC: 0.455 cumulative IPC: 0.3737 (Simulation time: 00 hr 02 min 17 sec)
Simulation finished CPU 0 instructions: 10000004 cycles: 26674931 cumulative IPC: 0.3749 (Simulation time: 00 hr 02 min 48 sec)
Simulation complete CPU 0 instructions: 10000004 cycles: 26674931 cumulative IPC: 0.3749 (Simulation time: 00 hr 02 min 48 sec)

ChampSim completed all CPUs

=== Simulation ===
CPU 0 runs /home/tandonmitul27/workspace/SPEC17/603.bwaves_s-891B.champsimtrace.xz

Region of Interest Statistics

CPU 0 cumulative IPC: 0.3749 instructions: 10000004 cycles: 26674931
CPU 0 Branch Prediction Accuracy: 85.62% MPKI: 10.95 Average ROB Occupancy at Mispredict: 80.5
Branch type MPKI
BRANCH_DIRECT_JUMP: 0
BRANCH_INDIRECT: 0
BRANCH_CONDITIONAL: 10.95
BRANCH_DIRECT_CALL: 0
BRANCH_INDIRECT_CALL: 0
BRANCH_RETURN: 0

cpu0->cpu0_STLB TOTAL        ACCESS:       4244 HIT:          8 MISS:       4236 MSHR_MERGE:          0
cpu0->cpu0_STLB LOAD         ACCESS:       4244 HIT:          8 MISS:       4236 MSHR_MERGE:          0
cpu0->cpu0_STLB RFO          ACCESS:          0 HIT:          0 MISS:          0 MSHR_MERGE:          0
cpu0->cpu0_STLB PREFETCH     ACCESS:          0 HIT:          0 MISS:          0 MSHR_MERGE:          0
cpu0->cpu0_STLB WRITE        ACCESS:          0 HIT:          0 MISS:          0 MSHR_MERGE:          0
cpu0->cpu0_STLB TRANSLATION  ACCESS:          0 HIT:          0 MISS:          0 MSHR_MERGE:          0
cpu0->cpu0_STLB PREFETCH REQUESTED:          0 ISSUED:          0 USEFUL:          0 USELESS:          0
cpu0->cpu0_STLB AVERAGE MISS LATENCY: 688.7 cycles
cpu0->cpu0_L2C TOTAL        ACCESS:     411521 HIT:     135583 MISS:     275938 MSHR_MERGE:          0
cpu0->cpu0_L2C LOAD         ACCESS:     271164 HIT:          0 MISS:     271164 MSHR_MERGE:          0
cpu0->cpu0_L2C RFO          ACCESS:          0 HIT:          0 MISS:          0 MSHR_MERGE:          0
cpu0->cpu0_L2C PREFETCH     ACCESS:          0 HIT:          0 MISS:          0 MSHR_MERGE:          0
cpu0->cpu0_L2C WRITE        ACCESS:     135583 HIT:     135583 MISS:          0 MSHR_MERGE:          0
cpu0->cpu0_L2C TRANSLATION  ACCESS:       4774 HIT:          0 MISS:       4774 MSHR_MERGE:          0
cpu0->cpu0_L2C PREFETCH REQUESTED:          0 ISSUED:          0 USEFUL:          0 USELESS:          0
cpu0->cpu0_L2C AVERAGE MISS LATENCY: 285.2 cycles
cpu0->cpu0_L1I TOTAL        ACCESS:          3 HIT:          3 MISS:          0 MSHR_MERGE:          0
cpu0->cpu0_L1I LOAD         ACCESS:          3 HIT:          3 MISS:          0 MSHR_MERGE:          0
cpu0->cpu0_L1I RFO          ACCESS:          0 HIT:          0 MISS:          0 MSHR_MERGE:          0
cpu0->cpu0_L1I PREFETCH     ACCESS:          0 HIT:          0 MISS:          0 MSHR_MERGE:          0
cpu0->cpu0_L1I WRITE        ACCESS:          0 HIT:          0 MISS:          0 MSHR_MERGE:          0
cpu0->cpu0_L1I TRANSLATION  ACCESS:          0 HIT:          0 MISS:          0 MSHR_MERGE:          0
cpu0->cpu0_L1I PREFETCH REQUESTED:          0 ISSUED:          0 USEFUL:          0 USELESS:          0
cpu0->cpu0_L1I AVERAGE MISS LATENCY: - cycles
cpu0->cpu0_L1D TOTAL        ACCESS:    2213895 HIT:    1429166 MISS:     784729 MSHR_MERGE:     508791
cpu0->cpu0_L1D LOAD         ACCESS:    1548579 HIT:     768624 MISS:     779955 MSHR_MERGE:     508791
cpu0->cpu0_L1D RFO          ACCESS:          0 HIT:          0 MISS:          0 MSHR_MERGE:          0
cpu0->cpu0_L1D PREFETCH     ACCESS:          0 HIT:          0 MISS:          0 MSHR_MERGE:          0
cpu0->cpu0_L1D WRITE        ACCESS:     656836 HIT:     656836 MISS:          0 MSHR_MERGE:          0
cpu0->cpu0_L1D TRANSLATION  ACCESS:       8480 HIT:       3706 MISS:       4774 MSHR_MERGE:          0
cpu0->cpu0_L1D PREFETCH REQUESTED:          0 ISSUED:          0 USEFUL:          0 USELESS:          0
cpu0->cpu0_L1D AVERAGE MISS LATENCY: 294.2 cycles
cpu0->cpu0_ITLB TOTAL        ACCESS:          2 HIT:          2 MISS:          0 MSHR_MERGE:          0
cpu0->cpu0_ITLB LOAD         ACCESS:          2 HIT:          2 MISS:          0 MSHR_MERGE:          0
cpu0->cpu0_ITLB RFO          ACCESS:          0 HIT:          0 MISS:          0 MSHR_MERGE:          0
cpu0->cpu0_ITLB PREFETCH     ACCESS:          0 HIT:          0 MISS:          0 MSHR_MERGE:          0
cpu0->cpu0_ITLB WRITE        ACCESS:          0 HIT:          0 MISS:          0 MSHR_MERGE:          0
cpu0->cpu0_ITLB TRANSLATION  ACCESS:          0 HIT:          0 MISS:          0 MSHR_MERGE:          0
cpu0->cpu0_ITLB PREFETCH REQUESTED:          0 ISSUED:          0 USEFUL:          0 USELESS:          0
cpu0->cpu0_ITLB AVERAGE MISS LATENCY: - cycles
cpu0->cpu0_DTLB TOTAL        ACCESS:    2154628 HIT:    2143018 MISS:      11610 MSHR_MERGE:       7366
cpu0->cpu0_DTLB LOAD         ACCESS:    2154628 HIT:    2143018 MISS:      11610 MSHR_MERGE:       7366
cpu0->cpu0_DTLB RFO          ACCESS:          0 HIT:          0 MISS:          0 MSHR_MERGE:          0
cpu0->cpu0_DTLB PREFETCH     ACCESS:          0 HIT:          0 MISS:          0 MSHR_MERGE:          0
cpu0->cpu0_DTLB WRITE        ACCESS:          0 HIT:          0 MISS:          0 MSHR_MERGE:          0
cpu0->cpu0_DTLB TRANSLATION  ACCESS:          0 HIT:          0 MISS:          0 MSHR_MERGE:          0
cpu0->cpu0_DTLB PREFETCH REQUESTED:          0 ISSUED:          0 USEFUL:          0 USELESS:          0
cpu0->cpu0_DTLB AVERAGE MISS LATENCY: 693.4 cycles
cpu0->LLC TOTAL        ACCESS:     411594 HIT:     135670 MISS:     275924 MSHR_MERGE:          0
cpu0->LLC LOAD         ACCESS:     271164 HIT:         14 MISS:     271150 MSHR_MERGE:          0
cpu0->LLC RFO          ACCESS:          0 HIT:          0 MISS:          0 MSHR_MERGE:          0
cpu0->LLC PREFETCH     ACCESS:          0 HIT:          0 MISS:          0 MSHR_MERGE:          0
cpu0->LLC WRITE        ACCESS:     135656 HIT:     135656 MISS:          0 MSHR_MERGE:          0
cpu0->LLC TRANSLATION  ACCESS:       4774 HIT:          0 MISS:       4774 MSHR_MERGE:          0
cpu0->LLC PREFETCH REQUESTED:          0 ISSUED:          0 USEFUL:          0 USELESS:          0
cpu0->LLC AVERAGE MISS LATENCY: 269.3 cycles

DRAM Statistics

Channel 0 RQ ROW_BUFFER_HIT:          0
  ROW_BUFFER_MISS:     275924
  AVG DBUS CONGESTED CYCLE: 6.562
Channel 0 WQ ROW_BUFFER_HIT:      57465
  ROW_BUFFER_MISS:      77304
  FULL:          0
Channel 0 REFRESHES ISSUED:       2223
