[VMEM] WARNING: physical memory size is smaller than virtual memory size.

*** ChampSim Multicore Out-of-Order Simulator ***
Warmup Instructions: 2000000
Simulation Instructions: 10000000
Number of CPUs: 1
Page size: 4096

Off-chip DRAM Size: 16 GiB Channels: 1 Width: 64-bit Data Rate: 3205 MT/s
Warmup finished CPU 0 instructions: 2000002 cycles: 566322 cumulative IPC: 3.532 (Simulation time: 00 hr 00 min 08 sec)
Warmup complete CPU 0 instructions: 2000002 cycles: 566322 cumulative IPC: 3.532 (Simulation time: 00 hr 00 min 08 sec)
Heartbeat CPU 0 instructions: 10000004 cycles: 9622065 heartbeat IPC: 1.039 cumulative IPC: 0.8834 (Simulation time: 00 hr 01 min 13 sec)
Simulation finished CPU 0 instructions: 10000000 cycles: 11301462 cumulative IPC: 0.8848 (Simulation time: 00 hr 01 min 28 sec)
Simulation complete CPU 0 instructions: 10000000 cycles: 11301462 cumulative IPC: 0.8848 (Simulation time: 00 hr 01 min 28 sec)

ChampSim completed all CPUs

=== Simulation ===
CPU 0 runs /home/tandonmitul27/workspace/SPEC17/603.bwaves_s-2931B.champsimtrace.xz

Region of Interest Statistics

CPU 0 cumulative IPC: 0.8848 instructions: 10000000 cycles: 11301462
CPU 0 Branch Prediction Accuracy: 80.62% MPKI: 1.635 Average ROB Occupancy at Mispredict: 300.2
Branch type MPKI
BRANCH_DIRECT_JUMP: 0
BRANCH_INDIRECT: 0
BRANCH_CONDITIONAL: 1.635
BRANCH_DIRECT_CALL: 0
BRANCH_INDIRECT_CALL: 0
BRANCH_RETURN: 0

cpu0->cpu0_STLB TOTAL        ACCESS:      16775 HIT:      14647 MISS:       2128 MSHR_MERGE:          0
cpu0->cpu0_STLB LOAD         ACCESS:      16775 HIT:      14647 MISS:       2128 MSHR_MERGE:          0
cpu0->cpu0_STLB RFO          ACCESS:          0 HIT:          0 MISS:          0 MSHR_MERGE:          0
cpu0->cpu0_STLB PREFETCH     ACCESS:          0 HIT:          0 MISS:          0 MSHR_MERGE:          0
cpu0->cpu0_STLB WRITE        ACCESS:          0 HIT:          0 MISS:          0 MSHR_MERGE:          0
cpu0->cpu0_STLB TRANSLATION  ACCESS:          0 HIT:          0 MISS:          0 MSHR_MERGE:          0
cpu0->cpu0_STLB PREFETCH REQUESTED:          0 ISSUED:          0 USEFUL:          0 USELESS:          0
cpu0->cpu0_STLB AVERAGE MISS LATENCY: 695.8 cycles
cpu0->cpu0_L2C TOTAL        ACCESS:     234628 HIT:      85188 MISS:     149440 MSHR_MERGE:          0
cpu0->cpu0_L2C LOAD         ACCESS:     103776 HIT:      16332 MISS:      87444 MSHR_MERGE:          0
cpu0->cpu0_L2C RFO          ACCESS:      62907 HIT:       3365 MISS:      59542 MSHR_MERGE:          0
cpu0->cpu0_L2C PREFETCH     ACCESS:          0 HIT:          0 MISS:          0 MSHR_MERGE:          0
cpu0->cpu0_L2C WRITE        ACCESS:      63704 HIT:      63702 MISS:          2 MSHR_MERGE:          0
cpu0->cpu0_L2C TRANSLATION  ACCESS:       4241 HIT:       1789 MISS:       2452 MSHR_MERGE:          0
cpu0->cpu0_L2C PREFETCH REQUESTED:          0 ISSUED:          0 USEFUL:          0 USELESS:          0
cpu0->cpu0_L2C AVERAGE MISS LATENCY: 223.8 cycles
cpu0->cpu0_L1I TOTAL        ACCESS:    1132968 HIT:    1132968 MISS:          0 MSHR_MERGE:          0
cpu0->cpu0_L1I LOAD         ACCESS:    1132968 HIT:    1132968 MISS:          0 MSHR_MERGE:          0
cpu0->cpu0_L1I RFO          ACCESS:          0 HIT:          0 MISS:          0 MSHR_MERGE:          0
cpu0->cpu0_L1I PREFETCH     ACCESS:          0 HIT:          0 MISS:          0 MSHR_MERGE:          0
cpu0->cpu0_L1I WRITE        ACCESS:          0 HIT:          0 MISS:          0 MSHR_MERGE:          0
cpu0->cpu0_L1I TRANSLATION  ACCESS:          0 HIT:          0 MISS:          0 MSHR_MERGE:          0
cpu0->cpu0_L1I PREFETCH REQUESTED:          0 ISSUED:          0 USEFUL:          0 USELESS:          0
cpu0->cpu0_L1I AVERAGE MISS LATENCY: - cycles
cpu0->cpu0_L1D TOTAL        ACCESS:    3317458 HIT:    2991961 MISS:     325497 MSHR_MERGE:     154497
cpu0->cpu0_L1D LOAD         ACCESS:    1483864 HIT:    1379127 MISS:     104737 MSHR_MERGE:        961
cpu0->cpu0_L1D RFO          ACCESS:          0 HIT:          0 MISS:          0 MSHR_MERGE:          0
cpu0->cpu0_L1D PREFETCH     ACCESS:          0 HIT:          0 MISS:          0 MSHR_MERGE:          0
cpu0->cpu0_L1D WRITE        ACCESS:    1829337 HIT:    1612818 MISS:     216519 MSHR_MERGE:     153536
cpu0->cpu0_L1D TRANSLATION  ACCESS:       4257 HIT:         16 MISS:       4241 MSHR_MERGE:          0
cpu0->cpu0_L1D PREFETCH REQUESTED:          0 ISSUED:          0 USEFUL:          0 USELESS:          0
cpu0->cpu0_L1D AVERAGE MISS LATENCY: 204.5 cycles
cpu0->cpu0_ITLB TOTAL        ACCESS:     905771 HIT:     905771 MISS:          0 MSHR_MERGE:          0
cpu0->cpu0_ITLB LOAD         ACCESS:     905771 HIT:     905771 MISS:          0 MSHR_MERGE:          0
cpu0->cpu0_ITLB RFO          ACCESS:          0 HIT:          0 MISS:          0 MSHR_MERGE:          0
cpu0->cpu0_ITLB PREFETCH     ACCESS:          0 HIT:          0 MISS:          0 MSHR_MERGE:          0
cpu0->cpu0_ITLB WRITE        ACCESS:          0 HIT:          0 MISS:          0 MSHR_MERGE:          0
cpu0->cpu0_ITLB TRANSLATION  ACCESS:          0 HIT:          0 MISS:          0 MSHR_MERGE:          0
cpu0->cpu0_ITLB PREFETCH REQUESTED:          0 ISSUED:          0 USEFUL:          0 USELESS:          0
cpu0->cpu0_ITLB AVERAGE MISS LATENCY: - cycles
cpu0->cpu0_DTLB TOTAL        ACCESS:    3039944 HIT:    3021109 MISS:      18835 MSHR_MERGE:       2060
cpu0->cpu0_DTLB LOAD         ACCESS:    3039944 HIT:    3021109 MISS:      18835 MSHR_MERGE:       2060
cpu0->cpu0_DTLB RFO          ACCESS:          0 HIT:          0 MISS:          0 MSHR_MERGE:          0
cpu0->cpu0_DTLB PREFETCH     ACCESS:          0 HIT:          0 MISS:          0 MSHR_MERGE:          0
cpu0->cpu0_DTLB WRITE        ACCESS:          0 HIT:          0 MISS:          0 MSHR_MERGE:          0
cpu0->cpu0_DTLB TRANSLATION  ACCESS:          0 HIT:          0 MISS:          0 MSHR_MERGE:          0
cpu0->cpu0_DTLB PREFETCH REQUESTED:          0 ISSUED:          0 USEFUL:          0 USELESS:          0
cpu0->cpu0_DTLB AVERAGE MISS LATENCY: 93.4 cycles
cpu0->LLC TOTAL        ACCESS:     208690 HIT:      70130 MISS:     138560 MSHR_MERGE:          0
cpu0->LLC LOAD         ACCESS:      87444 HIT:      10880 MISS:      76564 MSHR_MERGE:          0
cpu0->LLC RFO          ACCESS:      59542 HIT:          0 MISS:      59542 MSHR_MERGE:          0
cpu0->LLC PREFETCH     ACCESS:          0 HIT:          0 MISS:          0 MSHR_MERGE:          0
cpu0->LLC WRITE        ACCESS:      59252 HIT:      59250 MISS:          2 MSHR_MERGE:          0
cpu0->LLC TRANSLATION  ACCESS:       2452 HIT:          0 MISS:       2452 MSHR_MERGE:          0
cpu0->LLC PREFETCH REQUESTED:          0 ISSUED:          0 USEFUL:          0 USELESS:          0
cpu0->LLC AVERAGE MISS LATENCY: 224.2 cycles

DRAM Statistics

Channel 0 RQ ROW_BUFFER_HIT:          1
  ROW_BUFFER_MISS:     138550
  AVG DBUS CONGESTED CYCLE: 11.47
Channel 0 WQ ROW_BUFFER_HIT:      20033
  ROW_BUFFER_MISS:      37601
  FULL:          0
Channel 0 REFRESHES ISSUED:        941
