[VMEM] WARNING: physical memory size is smaller than virtual memory size.

*** ChampSim Multicore Out-of-Order Simulator ***
Warmup Instructions: 2000000
Simulation Instructions: 10000000
Number of CPUs: 1
Page size: 4096

Off-chip DRAM Size: 16 GiB Channels: 1 Width: 64-bit Data Rate: 3205 MT/s
Warmup finished CPU 0 instructions: 2000003 cycles: 545284 cumulative IPC: 3.668 (Simulation time: 00 hr 00 min 08 sec)
Warmup complete CPU 0 instructions: 2000003 cycles: 545284 cumulative IPC: 3.668 (Simulation time: 00 hr 00 min 08 sec)
Heartbeat CPU 0 instructions: 10000001 cycles: 10269999 heartbeat IPC: 0.9737 cumulative IPC: 0.8226 (Simulation time: 00 hr 01 min 10 sec)
Simulation finished CPU 0 instructions: 10000001 cycles: 12162812 cumulative IPC: 0.8222 (Simulation time: 00 hr 01 min 25 sec)
Simulation complete CPU 0 instructions: 10000001 cycles: 12162812 cumulative IPC: 0.8222 (Simulation time: 00 hr 01 min 25 sec)

ChampSim completed all CPUs

=== Simulation ===
CPU 0 runs /home/tandonmitul27/workspace/SPEC17/603.bwaves_s-2609B.champsimtrace.xz

Region of Interest Statistics

CPU 0 cumulative IPC: 0.8222 instructions: 10000001 cycles: 12162812
CPU 0 Branch Prediction Accuracy: 81.23% MPKI: 4.685 Average ROB Occupancy at Mispredict: 157.5
Branch type MPKI
BRANCH_DIRECT_JUMP: 0
BRANCH_INDIRECT: 0
BRANCH_CONDITIONAL: 4.685
BRANCH_DIRECT_CALL: 0
BRANCH_INDIRECT_CALL: 0
BRANCH_RETURN: 0

cpu0->cpu0_STLB TOTAL        ACCESS:       6982 HIT:       4010 MISS:       2972 MSHR_MERGE:          0
cpu0->cpu0_STLB LOAD         ACCESS:       6982 HIT:       4010 MISS:       2972 MSHR_MERGE:          0
cpu0->cpu0_STLB RFO          ACCESS:          0 HIT:          0 MISS:          0 MSHR_MERGE:          0
cpu0->cpu0_STLB PREFETCH     ACCESS:          0 HIT:          0 MISS:          0 MSHR_MERGE:          0
cpu0->cpu0_STLB WRITE        ACCESS:          0 HIT:          0 MISS:          0 MSHR_MERGE:          0
cpu0->cpu0_STLB TRANSLATION  ACCESS:          0 HIT:          0 MISS:          0 MSHR_MERGE:          0
cpu0->cpu0_STLB PREFETCH REQUESTED:          0 ISSUED:          0 USEFUL:          0 USELESS:          0
cpu0->cpu0_STLB AVERAGE MISS LATENCY: 707.4 cycles
cpu0->cpu0_L2C TOTAL        ACCESS:     208705 HIT:      15148 MISS:     193557 MSHR_MERGE:          0
cpu0->cpu0_L2C LOAD         ACCESS:     195047 HIT:       9843 MISS:     185204 MSHR_MERGE:          0
cpu0->cpu0_L2C RFO          ACCESS:       4873 HIT:          1 MISS:       4872 MSHR_MERGE:          0
cpu0->cpu0_L2C PREFETCH     ACCESS:          0 HIT:          0 MISS:          0 MSHR_MERGE:          0
cpu0->cpu0_L2C WRITE        ACCESS:       4954 HIT:       4954 MISS:          0 MSHR_MERGE:          0
cpu0->cpu0_L2C TRANSLATION  ACCESS:       3831 HIT:        350 MISS:       3481 MSHR_MERGE:          0
cpu0->cpu0_L2C PREFETCH REQUESTED:          0 ISSUED:          0 USEFUL:          0 USELESS:          0
cpu0->cpu0_L2C AVERAGE MISS LATENCY: 263 cycles
cpu0->cpu0_L1I TOTAL        ACCESS:      55456 HIT:      55456 MISS:          0 MSHR_MERGE:          0
cpu0->cpu0_L1I LOAD         ACCESS:      55456 HIT:      55456 MISS:          0 MSHR_MERGE:          0
cpu0->cpu0_L1I RFO          ACCESS:          0 HIT:          0 MISS:          0 MSHR_MERGE:          0
cpu0->cpu0_L1I PREFETCH     ACCESS:          0 HIT:          0 MISS:          0 MSHR_MERGE:          0
cpu0->cpu0_L1I WRITE        ACCESS:          0 HIT:          0 MISS:          0 MSHR_MERGE:          0
cpu0->cpu0_L1I TRANSLATION  ACCESS:          0 HIT:          0 MISS:          0 MSHR_MERGE:          0
cpu0->cpu0_L1I PREFETCH REQUESTED:          0 ISSUED:          0 USEFUL:          0 USELESS:          0
cpu0->cpu0_L1I AVERAGE MISS LATENCY: - cycles
cpu0->cpu0_L1D TOTAL        ACCESS:    3829307 HIT:    3563821 MISS:     265486 MSHR_MERGE:      61735
cpu0->cpu0_L1D LOAD         ACCESS:    3260007 HIT:    3010957 MISS:     249050 MSHR_MERGE:      54003
cpu0->cpu0_L1D RFO          ACCESS:          0 HIT:          0 MISS:          0 MSHR_MERGE:          0
cpu0->cpu0_L1D PREFETCH     ACCESS:          0 HIT:          0 MISS:          0 MSHR_MERGE:          0
cpu0->cpu0_L1D WRITE        ACCESS:     563352 HIT:     550747 MISS:      12605 MSHR_MERGE:       7732
cpu0->cpu0_L1D TRANSLATION  ACCESS:       5948 HIT:       2117 MISS:       3831 MSHR_MERGE:          0
cpu0->cpu0_L1D PREFETCH REQUESTED:          0 ISSUED:          0 USEFUL:          0 USELESS:          0
cpu0->cpu0_L1D AVERAGE MISS LATENCY: 258.9 cycles
cpu0->cpu0_ITLB TOTAL        ACCESS:      47364 HIT:      47364 MISS:          0 MSHR_MERGE:          0
cpu0->cpu0_ITLB LOAD         ACCESS:      47364 HIT:      47364 MISS:          0 MSHR_MERGE:          0
cpu0->cpu0_ITLB RFO          ACCESS:          0 HIT:          0 MISS:          0 MSHR_MERGE:          0
cpu0->cpu0_ITLB PREFETCH     ACCESS:          0 HIT:          0 MISS:          0 MSHR_MERGE:          0
cpu0->cpu0_ITLB WRITE        ACCESS:          0 HIT:          0 MISS:          0 MSHR_MERGE:          0
cpu0->cpu0_ITLB TRANSLATION  ACCESS:          0 HIT:          0 MISS:          0 MSHR_MERGE:          0
cpu0->cpu0_ITLB PREFETCH REQUESTED:          0 ISSUED:          0 USEFUL:          0 USELESS:          0
cpu0->cpu0_ITLB AVERAGE MISS LATENCY: - cycles
cpu0->cpu0_DTLB TOTAL        ACCESS:    3692959 HIT:    3684040 MISS:       8919 MSHR_MERGE:       1937
cpu0->cpu0_DTLB LOAD         ACCESS:    3692959 HIT:    3684040 MISS:       8919 MSHR_MERGE:       1937
cpu0->cpu0_DTLB RFO          ACCESS:          0 HIT:          0 MISS:          0 MSHR_MERGE:          0
cpu0->cpu0_DTLB PREFETCH     ACCESS:          0 HIT:          0 MISS:          0 MSHR_MERGE:          0
cpu0->cpu0_DTLB WRITE        ACCESS:          0 HIT:          0 MISS:          0 MSHR_MERGE:          0
cpu0->cpu0_DTLB TRANSLATION  ACCESS:          0 HIT:          0 MISS:          0 MSHR_MERGE:          0
cpu0->cpu0_DTLB PREFETCH REQUESTED:          0 ISSUED:          0 USEFUL:          0 USELESS:          0
cpu0->cpu0_DTLB AVERAGE MISS LATENCY: 306.6 cycles
cpu0->LLC TOTAL        ACCESS:     198404 HIT:       4894 MISS:     193510 MSHR_MERGE:          0
cpu0->LLC LOAD         ACCESS:     185204 HIT:         47 MISS:     185157 MSHR_MERGE:          0
cpu0->LLC RFO          ACCESS:       4872 HIT:          0 MISS:       4872 MSHR_MERGE:          0
cpu0->LLC PREFETCH     ACCESS:          0 HIT:          0 MISS:          0 MSHR_MERGE:          0
cpu0->LLC WRITE        ACCESS:       4847 HIT:       4847 MISS:          0 MSHR_MERGE:          0
cpu0->LLC TRANSLATION  ACCESS:       3481 HIT:          0 MISS:       3481 MSHR_MERGE:          0
cpu0->LLC PREFETCH REQUESTED:          0 ISSUED:          0 USEFUL:          0 USELESS:          0
cpu0->LLC AVERAGE MISS LATENCY: 247.1 cycles

DRAM Statistics

Channel 0 RQ ROW_BUFFER_HIT:          4
  ROW_BUFFER_MISS:     193506
  AVG DBUS CONGESTED CYCLE: 4.652
Channel 0 WQ ROW_BUFFER_HIT:       1032
  ROW_BUFFER_MISS:       3946
  FULL:          0
Channel 0 REFRESHES ISSUED:       1014
