[VMEM] WARNING: physical memory size is smaller than virtual memory size.

*** ChampSim Multicore Out-of-Order Simulator ***
Warmup Instructions: 2000000
Simulation Instructions: 10000000
Number of CPUs: 1
Page size: 4096

Off-chip DRAM Size: 16 GiB Channels: 1 Width: 64-bit Data Rate: 3205 MT/s
Warmup finished CPU 0 instructions: 2000002 cycles: 506450 cumulative IPC: 3.949 (Simulation time: 00 hr 00 min 05 sec)
Warmup complete CPU 0 instructions: 2000002 cycles: 506450 cumulative IPC: 3.949 (Simulation time: 00 hr 00 min 05 sec)
Heartbeat CPU 0 instructions: 10000002 cycles: 4400492 heartbeat IPC: 2.272 cumulative IPC: 2.054 (Simulation time: 00 hr 00 min 32 sec)
Simulation finished CPU 0 instructions: 10000000 cycles: 4863909 cumulative IPC: 2.056 (Simulation time: 00 hr 00 min 39 sec)
Simulation complete CPU 0 instructions: 10000000 cycles: 4863909 cumulative IPC: 2.056 (Simulation time: 00 hr 00 min 39 sec)

ChampSim completed all CPUs

=== Simulation ===
CPU 0 runs /home/tandonmitul27/workspace/SPEC17/603.bwaves_s-3699B.champsimtrace.xz

Region of Interest Statistics

CPU 0 cumulative IPC: 2.056 instructions: 10000000 cycles: 4863909
CPU 0 Branch Prediction Accuracy: 87.09% MPKI: 18.69 Average ROB Occupancy at Mispredict: 32.74
Branch type MPKI
BRANCH_DIRECT_JUMP: 0.0449
BRANCH_INDIRECT: 0
BRANCH_CONDITIONAL: 18.61
BRANCH_DIRECT_CALL: 0
BRANCH_INDIRECT_CALL: 0
BRANCH_RETURN: 0.0416

cpu0->cpu0_STLB TOTAL        ACCESS:          2 HIT:          0 MISS:          2 MSHR_MERGE:          0
cpu0->cpu0_STLB LOAD         ACCESS:          2 HIT:          0 MISS:          2 MSHR_MERGE:          0
cpu0->cpu0_STLB RFO          ACCESS:          0 HIT:          0 MISS:          0 MSHR_MERGE:          0
cpu0->cpu0_STLB PREFETCH     ACCESS:          0 HIT:          0 MISS:          0 MSHR_MERGE:          0
cpu0->cpu0_STLB WRITE        ACCESS:          0 HIT:          0 MISS:          0 MSHR_MERGE:          0
cpu0->cpu0_STLB TRANSLATION  ACCESS:          0 HIT:          0 MISS:          0 MSHR_MERGE:          0
cpu0->cpu0_STLB PREFETCH REQUESTED:          0 ISSUED:          0 USEFUL:          0 USELESS:          0
cpu0->cpu0_STLB AVERAGE MISS LATENCY: 577.5 cycles
cpu0->cpu0_L2C TOTAL        ACCESS:         98 HIT:          0 MISS:         98 MSHR_MERGE:          0
cpu0->cpu0_L2C LOAD         ACCESS:         16 HIT:          0 MISS:         16 MSHR_MERGE:          0
cpu0->cpu0_L2C RFO          ACCESS:         80 HIT:          0 MISS:         80 MSHR_MERGE:          0
cpu0->cpu0_L2C PREFETCH     ACCESS:          0 HIT:          0 MISS:          0 MSHR_MERGE:          0
cpu0->cpu0_L2C WRITE        ACCESS:          0 HIT:          0 MISS:          0 MSHR_MERGE:          0
cpu0->cpu0_L2C TRANSLATION  ACCESS:          2 HIT:          0 MISS:          2 MSHR_MERGE:          0
cpu0->cpu0_L2C PREFETCH REQUESTED:          0 ISSUED:          0 USEFUL:          0 USELESS:          0
cpu0->cpu0_L2C AVERAGE MISS LATENCY: 170.6 cycles
cpu0->cpu0_L1I TOTAL        ACCESS:      62302 HIT:      62302 MISS:          0 MSHR_MERGE:          0
cpu0->cpu0_L1I LOAD         ACCESS:      62302 HIT:      62302 MISS:          0 MSHR_MERGE:          0
cpu0->cpu0_L1I RFO          ACCESS:          0 HIT:          0 MISS:          0 MSHR_MERGE:          0
cpu0->cpu0_L1I PREFETCH     ACCESS:          0 HIT:          0 MISS:          0 MSHR_MERGE:          0
cpu0->cpu0_L1I WRITE        ACCESS:          0 HIT:          0 MISS:          0 MSHR_MERGE:          0
cpu0->cpu0_L1I TRANSLATION  ACCESS:          0 HIT:          0 MISS:          0 MSHR_MERGE:          0
cpu0->cpu0_L1I PREFETCH REQUESTED:          0 ISSUED:          0 USEFUL:          0 USELESS:          0
cpu0->cpu0_L1I AVERAGE MISS LATENCY: - cycles
cpu0->cpu0_L1D TOTAL        ACCESS:    2404199 HIT:    2403608 MISS:        591 MSHR_MERGE:        493
cpu0->cpu0_L1D LOAD         ACCESS:    2069599 HIT:    2069564 MISS:         35 MSHR_MERGE:         19
cpu0->cpu0_L1D RFO          ACCESS:          0 HIT:          0 MISS:          0 MSHR_MERGE:          0
cpu0->cpu0_L1D PREFETCH     ACCESS:          0 HIT:          0 MISS:          0 MSHR_MERGE:          0
cpu0->cpu0_L1D WRITE        ACCESS:     334596 HIT:     334042 MISS:        554 MSHR_MERGE:        474
cpu0->cpu0_L1D TRANSLATION  ACCESS:          4 HIT:          2 MISS:          2 MSHR_MERGE:          0
cpu0->cpu0_L1D PREFETCH REQUESTED:          0 ISSUED:          0 USEFUL:          0 USELESS:          0
cpu0->cpu0_L1D AVERAGE MISS LATENCY: 179.6 cycles
cpu0->cpu0_ITLB TOTAL        ACCESS:      47380 HIT:      47380 MISS:          0 MSHR_MERGE:          0
cpu0->cpu0_ITLB LOAD         ACCESS:      47380 HIT:      47380 MISS:          0 MSHR_MERGE:          0
cpu0->cpu0_ITLB RFO          ACCESS:          0 HIT:          0 MISS:          0 MSHR_MERGE:          0
cpu0->cpu0_ITLB PREFETCH     ACCESS:          0 HIT:          0 MISS:          0 MSHR_MERGE:          0
cpu0->cpu0_ITLB WRITE        ACCESS:          0 HIT:          0 MISS:          0 MSHR_MERGE:          0
cpu0->cpu0_ITLB TRANSLATION  ACCESS:          0 HIT:          0 MISS:          0 MSHR_MERGE:          0
cpu0->cpu0_ITLB PREFETCH REQUESTED:          0 ISSUED:          0 USEFUL:          0 USELESS:          0
cpu0->cpu0_ITLB AVERAGE MISS LATENCY: - cycles
cpu0->cpu0_DTLB TOTAL        ACCESS:    2334284 HIT:    2334252 MISS:         32 MSHR_MERGE:         30
cpu0->cpu0_DTLB LOAD         ACCESS:    2334284 HIT:    2334252 MISS:         32 MSHR_MERGE:         30
cpu0->cpu0_DTLB RFO          ACCESS:          0 HIT:          0 MISS:          0 MSHR_MERGE:          0
cpu0->cpu0_DTLB PREFETCH     ACCESS:          0 HIT:          0 MISS:          0 MSHR_MERGE:          0
cpu0->cpu0_DTLB WRITE        ACCESS:          0 HIT:          0 MISS:          0 MSHR_MERGE:          0
cpu0->cpu0_DTLB TRANSLATION  ACCESS:          0 HIT:          0 MISS:          0 MSHR_MERGE:          0
cpu0->cpu0_DTLB PREFETCH REQUESTED:          0 ISSUED:          0 USEFUL:          0 USELESS:          0
cpu0->cpu0_DTLB AVERAGE MISS LATENCY: 583.5 cycles
cpu0->LLC TOTAL        ACCESS:         98 HIT:          0 MISS:         98 MSHR_MERGE:          0
cpu0->LLC LOAD         ACCESS:         16 HIT:          0 MISS:         16 MSHR_MERGE:          0
cpu0->LLC RFO          ACCESS:         80 HIT:          0 MISS:         80 MSHR_MERGE:          0
cpu0->LLC PREFETCH     ACCESS:          0 HIT:          0 MISS:          0 MSHR_MERGE:          0
cpu0->LLC WRITE        ACCESS:          0 HIT:          0 MISS:          0 MSHR_MERGE:          0
cpu0->LLC TRANSLATION  ACCESS:          2 HIT:          0 MISS:          2 MSHR_MERGE:          0
cpu0->LLC PREFETCH REQUESTED:          0 ISSUED:          0 USEFUL:          0 USELESS:          0
cpu0->LLC AVERAGE MISS LATENCY: 154.6 cycles

DRAM Statistics

Channel 0 RQ ROW_BUFFER_HIT:          0
  ROW_BUFFER_MISS:         98
  AVG DBUS CONGESTED CYCLE: 2.347
Channel 0 WQ ROW_BUFFER_HIT:          0
  ROW_BUFFER_MISS:          0
  FULL:          0
Channel 0 REFRESHES ISSUED:        405
