[VMEM] WARNING: physical memory size is smaller than virtual memory size.

*** ChampSim Multicore Out-of-Order Simulator ***
Warmup Instructions: 2000000
Simulation Instructions: 10000000
Number of CPUs: 1
Page size: 4096

Off-chip DRAM Size: 16 GiB Channels: 1 Width: 64-bit Data Rate: 3205 MT/s
Warmup finished CPU 0 instructions: 2000004 cycles: 544792 cumulative IPC: 3.671 (Simulation time: 00 hr 00 min 07 sec)
Warmup complete CPU 0 instructions: 2000004 cycles: 544792 cumulative IPC: 3.671 (Simulation time: 00 hr 00 min 07 sec)
Heartbeat CPU 0 instructions: 10000002 cycles: 10243740 heartbeat IPC: 0.9762 cumulative IPC: 0.8248 (Simulation time: 00 hr 01 min 08 sec)
Simulation finished CPU 0 instructions: 10000002 cycles: 12125076 cumulative IPC: 0.8247 (Simulation time: 00 hr 01 min 23 sec)
Simulation complete CPU 0 instructions: 10000002 cycles: 12125076 cumulative IPC: 0.8247 (Simulation time: 00 hr 01 min 23 sec)

ChampSim completed all CPUs

=== Simulation ===
CPU 0 runs /home/tandonmitul27/workspace/SPEC17/603.bwaves_s-1740B.champsimtrace.xz

Region of Interest Statistics

CPU 0 cumulative IPC: 0.8247 instructions: 10000002 cycles: 12125076
CPU 0 Branch Prediction Accuracy: 81.23% MPKI: 4.685 Average ROB Occupancy at Mispredict: 157.3
Branch type MPKI
BRANCH_DIRECT_JUMP: 0
BRANCH_INDIRECT: 0
BRANCH_CONDITIONAL: 4.685
BRANCH_DIRECT_CALL: 0
BRANCH_INDIRECT_CALL: 0
BRANCH_RETURN: 0

cpu0->cpu0_STLB TOTAL        ACCESS:      17945 HIT:      14981 MISS:       2964 MSHR_MERGE:          0
cpu0->cpu0_STLB LOAD         ACCESS:      17945 HIT:      14981 MISS:       2964 MSHR_MERGE:          0
cpu0->cpu0_STLB RFO          ACCESS:          0 HIT:          0 MISS:          0 MSHR_MERGE:          0
cpu0->cpu0_STLB PREFETCH     ACCESS:          0 HIT:          0 MISS:          0 MSHR_MERGE:          0
cpu0->cpu0_STLB WRITE        ACCESS:          0 HIT:          0 MISS:          0 MSHR_MERGE:          0
cpu0->cpu0_STLB TRANSLATION  ACCESS:          0 HIT:          0 MISS:          0 MSHR_MERGE:          0
cpu0->cpu0_STLB PREFETCH REQUESTED:          0 ISSUED:          0 USEFUL:          0 USELESS:          0
cpu0->cpu0_STLB AVERAGE MISS LATENCY: 711.1 cycles
cpu0->cpu0_L2C TOTAL        ACCESS:     208718 HIT:      15105 MISS:     193613 MSHR_MERGE:          0
cpu0->cpu0_L2C LOAD         ACCESS:     195057 HIT:       9855 MISS:     185202 MSHR_MERGE:          0
cpu0->cpu0_L2C RFO          ACCESS:       4875 HIT:          2 MISS:       4873 MSHR_MERGE:          0
cpu0->cpu0_L2C PREFETCH     ACCESS:          0 HIT:          0 MISS:          0 MSHR_MERGE:          0
cpu0->cpu0_L2C WRITE        ACCESS:       4942 HIT:       4942 MISS:          0 MSHR_MERGE:          0
cpu0->cpu0_L2C TRANSLATION  ACCESS:       3844 HIT:        306 MISS:       3538 MSHR_MERGE:          0
cpu0->cpu0_L2C PREFETCH REQUESTED:          0 ISSUED:          0 USEFUL:          0 USELESS:          0
cpu0->cpu0_L2C AVERAGE MISS LATENCY: 261.9 cycles
cpu0->cpu0_L1I TOTAL        ACCESS:      55510 HIT:      55502 MISS:          8 MSHR_MERGE:          3
cpu0->cpu0_L1I LOAD         ACCESS:      55510 HIT:      55502 MISS:          8 MSHR_MERGE:          3
cpu0->cpu0_L1I RFO          ACCESS:          0 HIT:          0 MISS:          0 MSHR_MERGE:          0
cpu0->cpu0_L1I PREFETCH     ACCESS:          0 HIT:          0 MISS:          0 MSHR_MERGE:          0
cpu0->cpu0_L1I WRITE        ACCESS:          0 HIT:          0 MISS:          0 MSHR_MERGE:          0
cpu0->cpu0_L1I TRANSLATION  ACCESS:          0 HIT:          0 MISS:          0 MSHR_MERGE:          0
cpu0->cpu0_L1I PREFETCH REQUESTED:          0 ISSUED:          0 USEFUL:          0 USELESS:          0
cpu0->cpu0_L1I AVERAGE MISS LATENCY: 231.2 cycles
cpu0->cpu0_L1D TOTAL        ACCESS:    3832581 HIT:    3567458 MISS:     265123 MSHR_MERGE:      61352
cpu0->cpu0_L1D LOAD         ACCESS:    3263276 HIT:    3014556 MISS:     248720 MSHR_MERGE:      53668
cpu0->cpu0_L1D RFO          ACCESS:          0 HIT:          0 MISS:          0 MSHR_MERGE:          0
cpu0->cpu0_L1D PREFETCH     ACCESS:          0 HIT:          0 MISS:          0 MSHR_MERGE:          0
cpu0->cpu0_L1D WRITE        ACCESS:     563372 HIT:     550813 MISS:      12559 MSHR_MERGE:       7684
cpu0->cpu0_L1D TRANSLATION  ACCESS:       5933 HIT:       2089 MISS:       3844 MSHR_MERGE:          0
cpu0->cpu0_L1D PREFETCH REQUESTED:          0 ISSUED:          0 USEFUL:          0 USELESS:          0
cpu0->cpu0_L1D AVERAGE MISS LATENCY: 257.8 cycles
cpu0->cpu0_ITLB TOTAL        ACCESS:      47407 HIT:      47407 MISS:          0 MSHR_MERGE:          0
cpu0->cpu0_ITLB LOAD         ACCESS:      47407 HIT:      47407 MISS:          0 MSHR_MERGE:          0
cpu0->cpu0_ITLB RFO          ACCESS:          0 HIT:          0 MISS:          0 MSHR_MERGE:          0
cpu0->cpu0_ITLB PREFETCH     ACCESS:          0 HIT:          0 MISS:          0 MSHR_MERGE:          0
cpu0->cpu0_ITLB WRITE        ACCESS:          0 HIT:          0 MISS:          0 MSHR_MERGE:          0
cpu0->cpu0_ITLB TRANSLATION  ACCESS:          0 HIT:          0 MISS:          0 MSHR_MERGE:          0
cpu0->cpu0_ITLB PREFETCH REQUESTED:          0 ISSUED:          0 USEFUL:          0 USELESS:          0
cpu0->cpu0_ITLB AVERAGE MISS LATENCY: - cycles
cpu0->cpu0_DTLB TOTAL        ACCESS:    3695442 HIT:    3674197 MISS:      21245 MSHR_MERGE:       3300
cpu0->cpu0_DTLB LOAD         ACCESS:    3695442 HIT:    3674197 MISS:      21245 MSHR_MERGE:       3300
cpu0->cpu0_DTLB RFO          ACCESS:          0 HIT:          0 MISS:          0 MSHR_MERGE:          0
cpu0->cpu0_DTLB PREFETCH     ACCESS:          0 HIT:          0 MISS:          0 MSHR_MERGE:          0
cpu0->cpu0_DTLB WRITE        ACCESS:          0 HIT:          0 MISS:          0 MSHR_MERGE:          0
cpu0->cpu0_DTLB TRANSLATION  ACCESS:          0 HIT:          0 MISS:          0 MSHR_MERGE:          0
cpu0->cpu0_DTLB PREFETCH REQUESTED:          0 ISSUED:          0 USEFUL:          0 USELESS:          0
cpu0->cpu0_DTLB AVERAGE MISS LATENCY: 122.6 cycles
cpu0->LLC TOTAL        ACCESS:     198485 HIT:       4913 MISS:     193572 MSHR_MERGE:          0
cpu0->LLC LOAD         ACCESS:     185202 HIT:         41 MISS:     185161 MSHR_MERGE:          0
cpu0->LLC RFO          ACCESS:       4873 HIT:          0 MISS:       4873 MSHR_MERGE:          0
cpu0->LLC PREFETCH     ACCESS:          0 HIT:          0 MISS:          0 MSHR_MERGE:          0
cpu0->LLC WRITE        ACCESS:       4872 HIT:       4872 MISS:          0 MSHR_MERGE:          0
cpu0->LLC TRANSLATION  ACCESS:       3538 HIT:          0 MISS:       3538 MSHR_MERGE:          0
cpu0->LLC PREFETCH REQUESTED:          0 ISSUED:          0 USEFUL:          0 USELESS:          0
cpu0->LLC AVERAGE MISS LATENCY: 245.9 cycles

DRAM Statistics

Channel 0 RQ ROW_BUFFER_HIT:          0
  ROW_BUFFER_MISS:     193572
  AVG DBUS CONGESTED CYCLE: 4.735
Channel 0 WQ ROW_BUFFER_HIT:       1027
  ROW_BUFFER_MISS:       3890
  FULL:          0
Channel 0 REFRESHES ISSUED:       1010
