[VMEM] WARNING: physical memory size is smaller than virtual memory size.

*** ChampSim Multicore Out-of-Order Simulator ***
Warmup Instructions: 2000000
Simulation Instructions: 10000000
Number of CPUs: 1
Page size: 4096

Off-chip DRAM Size: 16 GiB Channels: 1 Width: 64-bit Data Rate: 3205 MT/s
Warmup finished CPU 0 instructions: 2000004 cycles: 1180669 cumulative IPC: 1.694 (Simulation time: 00 hr 00 min 20 sec)
Warmup complete CPU 0 instructions: 2000004 cycles: 1180669 cumulative IPC: 1.694 (Simulation time: 00 hr 00 min 20 sec)
Heartbeat CPU 0 instructions: 10000001 cycles: 28694481 heartbeat IPC: 0.3485 cumulative IPC: 0.2908 (Simulation time: 00 hr 03 min 09 sec)
Simulation finished CPU 0 instructions: 10000000 cycles: 37870000 cumulative IPC: 0.2641 (Simulation time: 00 hr 04 min 06 sec)
Simulation complete CPU 0 instructions: 10000000 cycles: 37870000 cumulative IPC: 0.2641 (Simulation time: 00 hr 04 min 06 sec)

ChampSim completed all CPUs

=== Simulation ===
CPU 0 runs /home/tandonmitul27/workspace/SPEC17/605.mcf_s-472B.champsimtrace.xz

Region of Interest Statistics

CPU 0 cumulative IPC: 0.2641 instructions: 10000000 cycles: 37870000
CPU 0 Branch Prediction Accuracy: 98.38% MPKI: 1.742 Average ROB Occupancy at Mispredict: 154
Branch type MPKI
BRANCH_DIRECT_JUMP: 0
BRANCH_INDIRECT: 0
BRANCH_CONDITIONAL: 1.742
BRANCH_DIRECT_CALL: 0
BRANCH_INDIRECT_CALL: 0
BRANCH_RETURN: 0

cpu0->cpu0_STLB TOTAL        ACCESS:      30674 HIT:      20317 MISS:      10357 MSHR_MERGE:          0
cpu0->cpu0_STLB LOAD         ACCESS:      30674 HIT:      20317 MISS:      10357 MSHR_MERGE:          0
cpu0->cpu0_STLB RFO          ACCESS:          0 HIT:          0 MISS:          0 MSHR_MERGE:          0
cpu0->cpu0_STLB PREFETCH     ACCESS:          0 HIT:          0 MISS:          0 MSHR_MERGE:          0
cpu0->cpu0_STLB WRITE        ACCESS:          0 HIT:          0 MISS:          0 MSHR_MERGE:          0
cpu0->cpu0_STLB TRANSLATION  ACCESS:          0 HIT:          0 MISS:          0 MSHR_MERGE:          0
cpu0->cpu0_STLB PREFETCH REQUESTED:          0 ISSUED:          0 USEFUL:          0 USELESS:          0
cpu0->cpu0_STLB AVERAGE MISS LATENCY: 359.6 cycles
cpu0->cpu0_L2C TOTAL        ACCESS:     463732 HIT:      60925 MISS:     402807 MSHR_MERGE:          0
cpu0->cpu0_L2C LOAD         ACCESS:     378661 HIT:       7229 MISS:     371432 MSHR_MERGE:          0
cpu0->cpu0_L2C RFO          ACCESS:      20546 HIT:       1298 MISS:      19248 MSHR_MERGE:          0
cpu0->cpu0_L2C PREFETCH     ACCESS:          0 HIT:          0 MISS:          0 MSHR_MERGE:          0
cpu0->cpu0_L2C WRITE        ACCESS:      52245 HIT:      51959 MISS:        286 MSHR_MERGE:          0
cpu0->cpu0_L2C TRANSLATION  ACCESS:      12280 HIT:        439 MISS:      11841 MSHR_MERGE:          0
cpu0->cpu0_L2C PREFETCH REQUESTED:          0 ISSUED:          0 USEFUL:          0 USELESS:          0
cpu0->cpu0_L2C AVERAGE MISS LATENCY: 226.1 cycles
cpu0->cpu0_L1I TOTAL        ACCESS:    1727670 HIT:    1727670 MISS:          0 MSHR_MERGE:          0
cpu0->cpu0_L1I LOAD         ACCESS:    1727670 HIT:    1727670 MISS:          0 MSHR_MERGE:          0
cpu0->cpu0_L1I RFO          ACCESS:          0 HIT:          0 MISS:          0 MSHR_MERGE:          0
cpu0->cpu0_L1I PREFETCH     ACCESS:          0 HIT:          0 MISS:          0 MSHR_MERGE:          0
cpu0->cpu0_L1I WRITE        ACCESS:          0 HIT:          0 MISS:          0 MSHR_MERGE:          0
cpu0->cpu0_L1I TRANSLATION  ACCESS:          0 HIT:          0 MISS:          0 MSHR_MERGE:          0
cpu0->cpu0_L1I PREFETCH REQUESTED:          0 ISSUED:          0 USEFUL:          0 USELESS:          0
cpu0->cpu0_L1I AVERAGE MISS LATENCY: - cycles
cpu0->cpu0_L1D TOTAL        ACCESS:    5038695 HIT:    4495259 MISS:     543436 MSHR_MERGE:     131949
cpu0->cpu0_L1D LOAD         ACCESS:    2469514 HIT:    2015050 MISS:     454464 MSHR_MERGE:      75803
cpu0->cpu0_L1D RFO          ACCESS:          0 HIT:          0 MISS:          0 MSHR_MERGE:          0
cpu0->cpu0_L1D PREFETCH     ACCESS:          0 HIT:          0 MISS:          0 MSHR_MERGE:          0
cpu0->cpu0_L1D WRITE        ACCESS:    2548457 HIT:    2471766 MISS:      76691 MSHR_MERGE:      56145
cpu0->cpu0_L1D TRANSLATION  ACCESS:      20724 HIT:       8443 MISS:      12281 MSHR_MERGE:          1
cpu0->cpu0_L1D PREFETCH REQUESTED:          0 ISSUED:          0 USEFUL:          0 USELESS:          0
cpu0->cpu0_L1D AVERAGE MISS LATENCY: 230.3 cycles
cpu0->cpu0_ITLB TOTAL        ACCESS:    1555445 HIT:    1555445 MISS:          0 MSHR_MERGE:          0
cpu0->cpu0_ITLB LOAD         ACCESS:    1555445 HIT:    1555445 MISS:          0 MSHR_MERGE:          0
cpu0->cpu0_ITLB RFO          ACCESS:          0 HIT:          0 MISS:          0 MSHR_MERGE:          0
cpu0->cpu0_ITLB PREFETCH     ACCESS:          0 HIT:          0 MISS:          0 MSHR_MERGE:          0
cpu0->cpu0_ITLB WRITE        ACCESS:          0 HIT:          0 MISS:          0 MSHR_MERGE:          0
cpu0->cpu0_ITLB TRANSLATION  ACCESS:          0 HIT:          0 MISS:          0 MSHR_MERGE:          0
cpu0->cpu0_ITLB PREFETCH REQUESTED:          0 ISSUED:          0 USEFUL:          0 USELESS:          0
cpu0->cpu0_ITLB AVERAGE MISS LATENCY: - cycles
cpu0->cpu0_DTLB TOTAL        ACCESS:    4619419 HIT:    4572351 MISS:      47068 MSHR_MERGE:      16394
cpu0->cpu0_DTLB LOAD         ACCESS:    4619419 HIT:    4572351 MISS:      47068 MSHR_MERGE:      16394
cpu0->cpu0_DTLB RFO          ACCESS:          0 HIT:          0 MISS:          0 MSHR_MERGE:          0
cpu0->cpu0_DTLB PREFETCH     ACCESS:          0 HIT:          0 MISS:          0 MSHR_MERGE:          0
cpu0->cpu0_DTLB WRITE        ACCESS:          0 HIT:          0 MISS:          0 MSHR_MERGE:          0
cpu0->cpu0_DTLB TRANSLATION  ACCESS:          0 HIT:          0 MISS:          0 MSHR_MERGE:          0
cpu0->cpu0_DTLB PREFETCH REQUESTED:          0 ISSUED:          0 USEFUL:          0 USELESS:          0
cpu0->cpu0_DTLB AVERAGE MISS LATENCY: 126.8 cycles
cpu0->LLC TOTAL        ACCESS:     449624 HIT:      47757 MISS:     401867 MSHR_MERGE:          0
cpu0->LLC LOAD         ACCESS:     371432 HIT:        785 MISS:     370647 MSHR_MERGE:          0
cpu0->LLC RFO          ACCESS:      19248 HIT:          9 MISS:      19239 MSHR_MERGE:          0
cpu0->LLC PREFETCH     ACCESS:          0 HIT:          0 MISS:          0 MSHR_MERGE:          0
cpu0->LLC WRITE        ACCESS:      47103 HIT:      46889 MISS:        214 MSHR_MERGE:          0
cpu0->LLC TRANSLATION  ACCESS:      11841 HIT:         74 MISS:      11767 MSHR_MERGE:          0
cpu0->LLC PREFETCH REQUESTED:          0 ISSUED:          0 USEFUL:          0 USELESS:          0
cpu0->LLC AVERAGE MISS LATENCY: 210.6 cycles

DRAM Statistics

Channel 0 RQ ROW_BUFFER_HIT:       3307
  ROW_BUFFER_MISS:     398342
  AVG DBUS CONGESTED CYCLE: 6.584
Channel 0 WQ ROW_BUFFER_HIT:       9099
  ROW_BUFFER_MISS:      37747
  FULL:          0
Channel 0 REFRESHES ISSUED:       3156
