[VMEM] WARNING: physical memory size is smaller than virtual memory size.

*** ChampSim Multicore Out-of-Order Simulator ***
Warmup Instructions: 2000000
Simulation Instructions: 10000000
Number of CPUs: 1
Page size: 4096

Off-chip DRAM Size: 16 GiB Channels: 1 Width: 64-bit Data Rate: 3205 MT/s
Warmup finished CPU 0 instructions: 2000000 cycles: 943411 cumulative IPC: 2.12 (Simulation time: 00 hr 00 min 10 sec)
Warmup complete CPU 0 instructions: 2000000 cycles: 943411 cumulative IPC: 2.12 (Simulation time: 00 hr 00 min 10 sec)
Heartbeat CPU 0 instructions: 10000003 cycles: 34677638 heartbeat IPC: 0.2884 cumulative IPC: 0.2371 (Simulation time: 00 hr 04 min 05 sec)
Simulation finished CPU 0 instructions: 10000003 cycles: 42223463 cumulative IPC: 0.2368 (Simulation time: 00 hr 05 min 02 sec)
Simulation complete CPU 0 instructions: 10000003 cycles: 42223463 cumulative IPC: 0.2368 (Simulation time: 00 hr 05 min 02 sec)

ChampSim completed all CPUs

=== Simulation ===
CPU 0 runs /home/tandonmitul27/workspace/SPEC17/605.mcf_s-1536B.champsimtrace.xz

Region of Interest Statistics

CPU 0 cumulative IPC: 0.2368 instructions: 10000003 cycles: 42223463
CPU 0 Branch Prediction Accuracy: 99.97% MPKI: 0.0457 Average ROB Occupancy at Mispredict: 188
Branch type MPKI
BRANCH_DIRECT_JUMP: 0
BRANCH_INDIRECT: 0
BRANCH_CONDITIONAL: 0.0457
BRANCH_DIRECT_CALL: 0
BRANCH_INDIRECT_CALL: 0
BRANCH_RETURN: 0

cpu0->cpu0_STLB TOTAL        ACCESS:     298858 HIT:      73179 MISS:     225679 MSHR_MERGE:          0
cpu0->cpu0_STLB LOAD         ACCESS:     298858 HIT:      73179 MISS:     225679 MSHR_MERGE:          0
cpu0->cpu0_STLB RFO          ACCESS:          0 HIT:          0 MISS:          0 MSHR_MERGE:          0
cpu0->cpu0_STLB PREFETCH     ACCESS:          0 HIT:          0 MISS:          0 MSHR_MERGE:          0
cpu0->cpu0_STLB WRITE        ACCESS:          0 HIT:          0 MISS:          0 MSHR_MERGE:          0
cpu0->cpu0_STLB TRANSLATION  ACCESS:          0 HIT:          0 MISS:          0 MSHR_MERGE:          0
cpu0->cpu0_STLB PREFETCH REQUESTED:          0 ISSUED:          0 USEFUL:          0 USELESS:          0
cpu0->cpu0_STLB AVERAGE MISS LATENCY: 86.85 cycles
cpu0->cpu0_L2C TOTAL        ACCESS:    1106742 HIT:     416360 MISS:     690382 MSHR_MERGE:          0
cpu0->cpu0_L2C LOAD         ACCESS:     407138 HIT:      95101 MISS:     312037 MSHR_MERGE:          0
cpu0->cpu0_L2C RFO          ACCESS:      28711 HIT:       7591 MISS:      21120 MSHR_MERGE:          0
cpu0->cpu0_L2C PREFETCH     ACCESS:          0 HIT:          0 MISS:          0 MSHR_MERGE:          0
cpu0->cpu0_L2C WRITE        ACCESS:     222676 HIT:     222676 MISS:          0 MSHR_MERGE:          0
cpu0->cpu0_L2C TRANSLATION  ACCESS:     448217 HIT:      90992 MISS:     357225 MSHR_MERGE:          0
cpu0->cpu0_L2C PREFETCH REQUESTED:          0 ISSUED:          0 USEFUL:          0 USELESS:          0
cpu0->cpu0_L2C AVERAGE MISS LATENCY: 108.4 cycles
cpu0->cpu0_L1I TOTAL        ACCESS:    2214065 HIT:    2214065 MISS:          0 MSHR_MERGE:          0
cpu0->cpu0_L1I LOAD         ACCESS:    2214065 HIT:    2214065 MISS:          0 MSHR_MERGE:          0
cpu0->cpu0_L1I RFO          ACCESS:          0 HIT:          0 MISS:          0 MSHR_MERGE:          0
cpu0->cpu0_L1I PREFETCH     ACCESS:          0 HIT:          0 MISS:          0 MSHR_MERGE:          0
cpu0->cpu0_L1I WRITE        ACCESS:          0 HIT:          0 MISS:          0 MSHR_MERGE:          0
cpu0->cpu0_L1I TRANSLATION  ACCESS:          0 HIT:          0 MISS:          0 MSHR_MERGE:          0
cpu0->cpu0_L1I PREFETCH REQUESTED:          0 ISSUED:          0 USEFUL:          0 USELESS:          0
cpu0->cpu0_L1I AVERAGE MISS LATENCY: - cycles
cpu0->cpu0_L1D TOTAL        ACCESS:    2924055 HIT:    1703261 MISS:    1220794 MSHR_MERGE:     336725
cpu0->cpu0_L1D LOAD         ACCESS:    1993936 HIT:    1255481 MISS:     738455 MSHR_MERGE:     331317
cpu0->cpu0_L1D RFO          ACCESS:          0 HIT:          0 MISS:          0 MSHR_MERGE:          0
cpu0->cpu0_L1D PREFETCH     ACCESS:          0 HIT:          0 MISS:          0 MSHR_MERGE:          0
cpu0->cpu0_L1D WRITE        ACCESS:     443442 HIT:     414717 MISS:      28725 MSHR_MERGE:         11
cpu0->cpu0_L1D TRANSLATION  ACCESS:     486677 HIT:      33063 MISS:     453614 MSHR_MERGE:       5397
cpu0->cpu0_L1D PREFETCH REQUESTED:          0 ISSUED:          0 USEFUL:          0 USELESS:          0
cpu0->cpu0_L1D AVERAGE MISS LATENCY: 93.54 cycles
cpu0->cpu0_ITLB TOTAL        ACCESS:    1983488 HIT:    1983488 MISS:          0 MSHR_MERGE:          0
cpu0->cpu0_ITLB LOAD         ACCESS:    1983488 HIT:    1983488 MISS:          0 MSHR_MERGE:          0
cpu0->cpu0_ITLB RFO          ACCESS:          0 HIT:          0 MISS:          0 MSHR_MERGE:          0
cpu0->cpu0_ITLB PREFETCH     ACCESS:          0 HIT:          0 MISS:          0 MSHR_MERGE:          0
cpu0->cpu0_ITLB WRITE        ACCESS:          0 HIT:          0 MISS:          0 MSHR_MERGE:          0
cpu0->cpu0_ITLB TRANSLATION  ACCESS:          0 HIT:          0 MISS:          0 MSHR_MERGE:          0
cpu0->cpu0_ITLB PREFETCH REQUESTED:          0 ISSUED:          0 USEFUL:          0 USELESS:          0
cpu0->cpu0_ITLB AVERAGE MISS LATENCY: - cycles
cpu0->cpu0_DTLB TOTAL        ACCESS:    2417506 HIT:    1726313 MISS:     691193 MSHR_MERGE:     392335
cpu0->cpu0_DTLB LOAD         ACCESS:    2417506 HIT:    1726313 MISS:     691193 MSHR_MERGE:     392335
cpu0->cpu0_DTLB RFO          ACCESS:          0 HIT:          0 MISS:          0 MSHR_MERGE:          0
cpu0->cpu0_DTLB PREFETCH     ACCESS:          0 HIT:          0 MISS:          0 MSHR_MERGE:          0
cpu0->cpu0_DTLB WRITE        ACCESS:          0 HIT:          0 MISS:          0 MSHR_MERGE:          0
cpu0->cpu0_DTLB TRANSLATION  ACCESS:          0 HIT:          0 MISS:          0 MSHR_MERGE:          0
cpu0->cpu0_DTLB PREFETCH REQUESTED:          0 ISSUED:          0 USEFUL:          0 USELESS:          0
cpu0->cpu0_DTLB AVERAGE MISS LATENCY: 71.34 cycles
cpu0->LLC TOTAL        ACCESS:     912112 HIT:     631993 MISS:     280119 MSHR_MERGE:          0
cpu0->LLC LOAD         ACCESS:     312037 HIT:      53449 MISS:     258588 MSHR_MERGE:          0
cpu0->LLC RFO          ACCESS:      21120 HIT:      21115 MISS:          5 MSHR_MERGE:          0
cpu0->LLC PREFETCH     ACCESS:          0 HIT:          0 MISS:          0 MSHR_MERGE:          0
cpu0->LLC WRITE        ACCESS:     221730 HIT:     221730 MISS:          0 MSHR_MERGE:          0
cpu0->LLC TRANSLATION  ACCESS:     357225 HIT:     335699 MISS:      21526 MSHR_MERGE:          0
cpu0->LLC PREFETCH REQUESTED:          0 ISSUED:          0 USEFUL:          0 USELESS:          0
cpu0->LLC AVERAGE MISS LATENCY: 229.2 cycles

DRAM Statistics

Channel 0 RQ ROW_BUFFER_HIT:         77
  ROW_BUFFER_MISS:     280042
  AVG DBUS CONGESTED CYCLE: 5.879
Channel 0 WQ ROW_BUFFER_HIT:      72819
  ROW_BUFFER_MISS:     150389
  FULL:          0
Channel 0 REFRESHES ISSUED:       3519
