[VMEM] WARNING: physical memory size is smaller than virtual memory size.

*** ChampSim Multicore Out-of-Order Simulator ***
Warmup Instructions: 2000000
Simulation Instructions: 10000000
Number of CPUs: 1
Page size: 4096

Off-chip DRAM Size: 16 GiB Channels: 1 Width: 64-bit Data Rate: 3205 MT/s
Warmup finished CPU 0 instructions: 2000001 cycles: 775545 cumulative IPC: 2.579 (Simulation time: 00 hr 00 min 15 sec)
Warmup complete CPU 0 instructions: 2000001 cycles: 775545 cumulative IPC: 2.579 (Simulation time: 00 hr 00 min 15 sec)
Heartbeat CPU 0 instructions: 10000001 cycles: 65624924 heartbeat IPC: 0.1524 cumulative IPC: 0.1234 (Simulation time: 00 hr 06 min 18 sec)
Simulation finished CPU 0 instructions: 10000002 cycles: 81123591 cumulative IPC: 0.1233 (Simulation time: 00 hr 07 min 44 sec)
Simulation complete CPU 0 instructions: 10000002 cycles: 81123591 cumulative IPC: 0.1233 (Simulation time: 00 hr 07 min 44 sec)

ChampSim completed all CPUs

=== Simulation ===
CPU 0 runs /home/tandonmitul27/workspace/SPEC17/605.mcf_s-1554B.champsimtrace.xz

Region of Interest Statistics

CPU 0 cumulative IPC: 0.1233 instructions: 10000002 cycles: 81123591
CPU 0 Branch Prediction Accuracy: 97.23% MPKI: 4.948 Average ROB Occupancy at Mispredict: 53.07
Branch type MPKI
BRANCH_DIRECT_JUMP: 0
BRANCH_INDIRECT: 0
BRANCH_CONDITIONAL: 4.948
BRANCH_DIRECT_CALL: 0
BRANCH_INDIRECT_CALL: 0
BRANCH_RETURN: 0

cpu0->cpu0_STLB TOTAL        ACCESS:      38101 HIT:      37110 MISS:        991 MSHR_MERGE:          0
cpu0->cpu0_STLB LOAD         ACCESS:      38101 HIT:      37110 MISS:        991 MSHR_MERGE:          0
cpu0->cpu0_STLB RFO          ACCESS:          0 HIT:          0 MISS:          0 MSHR_MERGE:          0
cpu0->cpu0_STLB PREFETCH     ACCESS:          0 HIT:          0 MISS:          0 MSHR_MERGE:          0
cpu0->cpu0_STLB WRITE        ACCESS:          0 HIT:          0 MISS:          0 MSHR_MERGE:          0
cpu0->cpu0_STLB TRANSLATION  ACCESS:          0 HIT:          0 MISS:          0 MSHR_MERGE:          0
cpu0->cpu0_STLB PREFETCH REQUESTED:          0 ISSUED:          0 USEFUL:          0 USELESS:          0
cpu0->cpu0_STLB AVERAGE MISS LATENCY: 700.2 cycles
cpu0->cpu0_L2C TOTAL        ACCESS:    1536506 HIT:      47000 MISS:    1489506 MSHR_MERGE:          0
cpu0->cpu0_L2C LOAD         ACCESS:    1453582 HIT:        163 MISS:    1453419 MSHR_MERGE:          0
cpu0->cpu0_L2C RFO          ACCESS:      35435 HIT:        631 MISS:      34804 MSHR_MERGE:          0
cpu0->cpu0_L2C PREFETCH     ACCESS:          0 HIT:          0 MISS:          0 MSHR_MERGE:          0
cpu0->cpu0_L2C WRITE        ACCESS:      45796 HIT:      45755 MISS:         41 MSHR_MERGE:          0
cpu0->cpu0_L2C TRANSLATION  ACCESS:       1693 HIT:        451 MISS:       1242 MSHR_MERGE:          0
cpu0->cpu0_L2C PREFETCH REQUESTED:          0 ISSUED:          0 USEFUL:          0 USELESS:          0
cpu0->cpu0_L2C AVERAGE MISS LATENCY: 177.6 cycles
cpu0->cpu0_L1I TOTAL        ACCESS:    2651045 HIT:    2651045 MISS:          0 MSHR_MERGE:          0
cpu0->cpu0_L1I LOAD         ACCESS:    2651045 HIT:    2651045 MISS:          0 MSHR_MERGE:          0
cpu0->cpu0_L1I RFO          ACCESS:          0 HIT:          0 MISS:          0 MSHR_MERGE:          0
cpu0->cpu0_L1I PREFETCH     ACCESS:          0 HIT:          0 MISS:          0 MSHR_MERGE:          0
cpu0->cpu0_L1I WRITE        ACCESS:          0 HIT:          0 MISS:          0 MSHR_MERGE:          0
cpu0->cpu0_L1I TRANSLATION  ACCESS:          0 HIT:          0 MISS:          0 MSHR_MERGE:          0
cpu0->cpu0_L1I PREFETCH REQUESTED:          0 ISSUED:          0 USEFUL:          0 USELESS:          0
cpu0->cpu0_L1I AVERAGE MISS LATENCY: - cycles
cpu0->cpu0_L1D TOTAL        ACCESS:    4630364 HIT:    2763829 MISS:    1866535 MSHR_MERGE:     375825
cpu0->cpu0_L1D LOAD         ACCESS:    3823242 HIT:    2074085 MISS:    1749157 MSHR_MERGE:     295575
cpu0->cpu0_L1D RFO          ACCESS:          0 HIT:          0 MISS:          0 MSHR_MERGE:          0
cpu0->cpu0_L1D PREFETCH     ACCESS:          0 HIT:          0 MISS:          0 MSHR_MERGE:          0
cpu0->cpu0_L1D WRITE        ACCESS:     805139 HIT:     689454 MISS:     115685 MSHR_MERGE:      80250
cpu0->cpu0_L1D TRANSLATION  ACCESS:       1983 HIT:        290 MISS:       1693 MSHR_MERGE:          0
cpu0->cpu0_L1D PREFETCH REQUESTED:          0 ISSUED:          0 USEFUL:          0 USELESS:          0
cpu0->cpu0_L1D AVERAGE MISS LATENCY: 186.5 cycles
cpu0->cpu0_ITLB TOTAL        ACCESS:    2349189 HIT:    2349189 MISS:          0 MSHR_MERGE:          0
cpu0->cpu0_ITLB LOAD         ACCESS:    2349189 HIT:    2349189 MISS:          0 MSHR_MERGE:          0
cpu0->cpu0_ITLB RFO          ACCESS:          0 HIT:          0 MISS:          0 MSHR_MERGE:          0
cpu0->cpu0_ITLB PREFETCH     ACCESS:          0 HIT:          0 MISS:          0 MSHR_MERGE:          0
cpu0->cpu0_ITLB WRITE        ACCESS:          0 HIT:          0 MISS:          0 MSHR_MERGE:          0
cpu0->cpu0_ITLB TRANSLATION  ACCESS:          0 HIT:          0 MISS:          0 MSHR_MERGE:          0
cpu0->cpu0_ITLB PREFETCH REQUESTED:          0 ISSUED:          0 USEFUL:          0 USELESS:          0
cpu0->cpu0_ITLB AVERAGE MISS LATENCY: - cycles
cpu0->cpu0_DTLB TOTAL        ACCESS:    4529663 HIT:    4482594 MISS:      47069 MSHR_MERGE:       8968
cpu0->cpu0_DTLB LOAD         ACCESS:    4529663 HIT:    4482594 MISS:      47069 MSHR_MERGE:       8968
cpu0->cpu0_DTLB RFO          ACCESS:          0 HIT:          0 MISS:          0 MSHR_MERGE:          0
cpu0->cpu0_DTLB PREFETCH     ACCESS:          0 HIT:          0 MISS:          0 MSHR_MERGE:          0
cpu0->cpu0_DTLB WRITE        ACCESS:          0 HIT:          0 MISS:          0 MSHR_MERGE:          0
cpu0->cpu0_DTLB TRANSLATION  ACCESS:          0 HIT:          0 MISS:          0 MSHR_MERGE:          0
cpu0->cpu0_DTLB PREFETCH REQUESTED:          0 ISSUED:          0 USEFUL:          0 USELESS:          0
cpu0->cpu0_DTLB AVERAGE MISS LATENCY: 23.24 cycles
cpu0->LLC TOTAL        ACCESS:    1534413 HIT:     394922 MISS:    1139491 MSHR_MERGE:          0
cpu0->LLC LOAD         ACCESS:    1453419 HIT:     349785 MISS:    1103634 MSHR_MERGE:          0
cpu0->LLC RFO          ACCESS:      34804 HIT:        137 MISS:      34667 MSHR_MERGE:          0
cpu0->LLC PREFETCH     ACCESS:          0 HIT:          0 MISS:          0 MSHR_MERGE:          0
cpu0->LLC WRITE        ACCESS:      44948 HIT:      44938 MISS:         10 MSHR_MERGE:          0
cpu0->LLC TRANSLATION  ACCESS:       1242 HIT:         62 MISS:       1180 MSHR_MERGE:          0
cpu0->LLC PREFETCH REQUESTED:          0 ISSUED:          0 USEFUL:          0 USELESS:          0
cpu0->LLC AVERAGE MISS LATENCY: 211.6 cycles

DRAM Statistics

Channel 0 RQ ROW_BUFFER_HIT:      16630
  ROW_BUFFER_MISS:    1122795
  AVG DBUS CONGESTED CYCLE: 5.796
Channel 0 WQ ROW_BUFFER_HIT:      12909
  ROW_BUFFER_MISS:      30304
  FULL:          0
Channel 0 REFRESHES ISSUED:       6760
