[VMEM] WARNING: physical memory size is smaller than virtual memory size.

*** ChampSim Multicore Out-of-Order Simulator ***
Warmup Instructions: 2000000
Simulation Instructions: 10000000
Number of CPUs: 1
Page size: 4096

Off-chip DRAM Size: 16 GiB Channels: 1 Width: 64-bit Data Rate: 3205 MT/s
Warmup finished CPU 0 instructions: 2000001 cycles: 755215 cumulative IPC: 2.648 (Simulation time: 00 hr 00 min 08 sec)
Warmup complete CPU 0 instructions: 2000001 cycles: 755215 cumulative IPC: 2.648 (Simulation time: 00 hr 00 min 08 sec)
Heartbeat CPU 0 instructions: 10000001 cycles: 17295680 heartbeat IPC: 0.5782 cumulative IPC: 0.4837 (Simulation time: 00 hr 01 min 37 sec)
Simulation finished CPU 0 instructions: 10000004 cycles: 29040608 cumulative IPC: 0.3443 (Simulation time: 00 hr 02 min 34 sec)
Simulation complete CPU 0 instructions: 10000004 cycles: 29040608 cumulative IPC: 0.3443 (Simulation time: 00 hr 02 min 34 sec)

ChampSim completed all CPUs

=== Simulation ===
CPU 0 runs /home/tandonmitul27/workspace/SPEC17/605.mcf_s-994B.champsimtrace.xz

Region of Interest Statistics

CPU 0 cumulative IPC: 0.3443 instructions: 10000004 cycles: 29040608
CPU 0 Branch Prediction Accuracy: 93.78% MPKI: 14.9 Average ROB Occupancy at Mispredict: 41.44
Branch type MPKI
BRANCH_DIRECT_JUMP: 0.1587
BRANCH_INDIRECT: 0
BRANCH_CONDITIONAL: 14.74
BRANCH_DIRECT_CALL: 0
BRANCH_INDIRECT_CALL: 0.0007
BRANCH_RETURN: 0.0002

cpu0->cpu0_STLB TOTAL        ACCESS:     122556 HIT:      81671 MISS:      40885 MSHR_MERGE:          0
cpu0->cpu0_STLB LOAD         ACCESS:     122556 HIT:      81671 MISS:      40885 MSHR_MERGE:          0
cpu0->cpu0_STLB RFO          ACCESS:          0 HIT:          0 MISS:          0 MSHR_MERGE:          0
cpu0->cpu0_STLB PREFETCH     ACCESS:          0 HIT:          0 MISS:          0 MSHR_MERGE:          0
cpu0->cpu0_STLB WRITE        ACCESS:          0 HIT:          0 MISS:          0 MSHR_MERGE:          0
cpu0->cpu0_STLB TRANSLATION  ACCESS:          0 HIT:          0 MISS:          0 MSHR_MERGE:          0
cpu0->cpu0_STLB PREFETCH REQUESTED:          0 ISSUED:          0 USEFUL:          0 USELESS:          0
cpu0->cpu0_STLB AVERAGE MISS LATENCY: 501.8 cycles
cpu0->cpu0_L2C TOTAL        ACCESS:     403183 HIT:     164591 MISS:     238592 MSHR_MERGE:          0
cpu0->cpu0_L2C LOAD         ACCESS:     290794 HIT:     121741 MISS:     169053 MSHR_MERGE:          0
cpu0->cpu0_L2C RFO          ACCESS:       3294 HIT:       2871 MISS:        423 MSHR_MERGE:          0
cpu0->cpu0_L2C PREFETCH     ACCESS:          0 HIT:          0 MISS:          0 MSHR_MERGE:          0
cpu0->cpu0_L2C WRITE        ACCESS:      21335 HIT:      21309 MISS:         26 MSHR_MERGE:          0
cpu0->cpu0_L2C TRANSLATION  ACCESS:      87760 HIT:      18670 MISS:      69090 MSHR_MERGE:          0
cpu0->cpu0_L2C PREFETCH REQUESTED:          0 ISSUED:          0 USEFUL:          0 USELESS:          0
cpu0->cpu0_L2C AVERAGE MISS LATENCY: 147 cycles
cpu0->cpu0_L1I TOTAL        ACCESS:       6704 HIT:       6704 MISS:          0 MSHR_MERGE:          0
cpu0->cpu0_L1I LOAD         ACCESS:       6704 HIT:       6704 MISS:          0 MSHR_MERGE:          0
cpu0->cpu0_L1I RFO          ACCESS:          0 HIT:          0 MISS:          0 MSHR_MERGE:          0
cpu0->cpu0_L1I PREFETCH     ACCESS:          0 HIT:          0 MISS:          0 MSHR_MERGE:          0
cpu0->cpu0_L1I WRITE        ACCESS:          0 HIT:          0 MISS:          0 MSHR_MERGE:          0
cpu0->cpu0_L1I TRANSLATION  ACCESS:          0 HIT:          0 MISS:          0 MSHR_MERGE:          0
cpu0->cpu0_L1I PREFETCH REQUESTED:          0 ISSUED:          0 USEFUL:          0 USELESS:          0
cpu0->cpu0_L1I AVERAGE MISS LATENCY: - cycles
cpu0->cpu0_L1D TOTAL        ACCESS:    4028658 HIT:    3614716 MISS:     413942 MSHR_MERGE:      32093
cpu0->cpu0_L1D LOAD         ACCESS:    2884284 HIT:    2566955 MISS:     317329 MSHR_MERGE:      26535
cpu0->cpu0_L1D RFO          ACCESS:          0 HIT:          0 MISS:          0 MSHR_MERGE:          0
cpu0->cpu0_L1D PREFETCH     ACCESS:          0 HIT:          0 MISS:          0 MSHR_MERGE:          0
cpu0->cpu0_L1D WRITE        ACCESS:    1045740 HIT:    1037266 MISS:       8474 MSHR_MERGE:       5179
cpu0->cpu0_L1D TRANSLATION  ACCESS:      98634 HIT:      10495 MISS:      88139 MSHR_MERGE:        379
cpu0->cpu0_L1D PREFETCH REQUESTED:          0 ISSUED:          0 USEFUL:          0 USELESS:          0
cpu0->cpu0_L1D AVERAGE MISS LATENCY: 100.6 cycles
cpu0->cpu0_ITLB TOTAL        ACCESS:       5857 HIT:       5857 MISS:          0 MSHR_MERGE:          0
cpu0->cpu0_ITLB LOAD         ACCESS:       5857 HIT:       5857 MISS:          0 MSHR_MERGE:          0
cpu0->cpu0_ITLB RFO          ACCESS:          0 HIT:          0 MISS:          0 MSHR_MERGE:          0
cpu0->cpu0_ITLB PREFETCH     ACCESS:          0 HIT:          0 MISS:          0 MSHR_MERGE:          0
cpu0->cpu0_ITLB WRITE        ACCESS:          0 HIT:          0 MISS:          0 MSHR_MERGE:          0
cpu0->cpu0_ITLB TRANSLATION  ACCESS:          0 HIT:          0 MISS:          0 MSHR_MERGE:          0
cpu0->cpu0_ITLB PREFETCH REQUESTED:          0 ISSUED:          0 USEFUL:          0 USELESS:          0
cpu0->cpu0_ITLB AVERAGE MISS LATENCY: - cycles
cpu0->cpu0_DTLB TOTAL        ACCESS:    3747442 HIT:    3566096 MISS:     181346 MSHR_MERGE:      58790
cpu0->cpu0_DTLB LOAD         ACCESS:    3747442 HIT:    3566096 MISS:     181346 MSHR_MERGE:      58790
cpu0->cpu0_DTLB RFO          ACCESS:          0 HIT:          0 MISS:          0 MSHR_MERGE:          0
cpu0->cpu0_DTLB PREFETCH     ACCESS:          0 HIT:          0 MISS:          0 MSHR_MERGE:          0
cpu0->cpu0_DTLB WRITE        ACCESS:          0 HIT:          0 MISS:          0 MSHR_MERGE:          0
cpu0->cpu0_DTLB TRANSLATION  ACCESS:          0 HIT:          0 MISS:          0 MSHR_MERGE:          0
cpu0->cpu0_DTLB PREFETCH REQUESTED:          0 ISSUED:          0 USEFUL:          0 USELESS:          0
cpu0->cpu0_DTLB AVERAGE MISS LATENCY: 172.7 cycles
cpu0->LLC TOTAL        ACCESS:     249740 HIT:      89891 MISS:     159849 MSHR_MERGE:          0
cpu0->LLC LOAD         ACCESS:     169053 HIT:      58183 MISS:     110870 MSHR_MERGE:          0
cpu0->LLC RFO          ACCESS:        423 HIT:        295 MISS:        128 MSHR_MERGE:          0
cpu0->LLC PREFETCH     ACCESS:          0 HIT:          0 MISS:          0 MSHR_MERGE:          0
cpu0->LLC WRITE        ACCESS:      11174 HIT:      11166 MISS:          8 MSHR_MERGE:          0
cpu0->LLC TRANSLATION  ACCESS:      69090 HIT:      20247 MISS:      48843 MSHR_MERGE:          0
cpu0->LLC PREFETCH REQUESTED:          0 ISSUED:          0 USEFUL:          0 USELESS:          0
cpu0->LLC AVERAGE MISS LATENCY: 196 cycles

DRAM Statistics

Channel 0 RQ ROW_BUFFER_HIT:         71
  ROW_BUFFER_MISS:     159758
  AVG DBUS CONGESTED CYCLE: 11.66
Channel 0 WQ ROW_BUFFER_HIT:       2217
  ROW_BUFFER_MISS:       4537
  FULL:          0
Channel 0 REFRESHES ISSUED:       2420
