[VMEM] WARNING: physical memory size is smaller than virtual memory size.

*** ChampSim Multicore Out-of-Order Simulator ***
Warmup Instructions: 2000000
Simulation Instructions: 10000000
Number of CPUs: 1
Page size: 4096

Off-chip DRAM Size: 16 GiB Channels: 1 Width: 64-bit Data Rate: 3205 MT/s
Warmup finished CPU 0 instructions: 2000001 cycles: 1156901 cumulative IPC: 1.729 (Simulation time: 00 hr 00 min 12 sec)
Warmup complete CPU 0 instructions: 2000001 cycles: 1156901 cumulative IPC: 1.729 (Simulation time: 00 hr 00 min 12 sec)
Heartbeat CPU 0 instructions: 10000001 cycles: 116225214 heartbeat IPC: 0.08604 cumulative IPC: 0.06952 (Simulation time: 00 hr 08 min 02 sec)
Simulation finished CPU 0 instructions: 10000002 cycles: 142371253 cumulative IPC: 0.07024 (Simulation time: 00 hr 09 min 51 sec)
Simulation complete CPU 0 instructions: 10000002 cycles: 142371253 cumulative IPC: 0.07024 (Simulation time: 00 hr 09 min 51 sec)

ChampSim completed all CPUs

=== Simulation ===
CPU 0 runs /home/tandonmitul27/workspace/SPEC17/605.mcf_s-782B.champsimtrace.xz

Region of Interest Statistics

CPU 0 cumulative IPC: 0.07024 instructions: 10000002 cycles: 142371253
CPU 0 Branch Prediction Accuracy: 84.4% MPKI: 46.43 Average ROB Occupancy at Mispredict: 4.893
Branch type MPKI
BRANCH_DIRECT_JUMP: 1.688
BRANCH_INDIRECT: 0
BRANCH_CONDITIONAL: 44.74
BRANCH_DIRECT_CALL: 0.0004
BRANCH_INDIRECT_CALL: 0.01
BRANCH_RETURN: 0

cpu0->cpu0_STLB TOTAL        ACCESS:     810662 HIT:     800645 MISS:      10017 MSHR_MERGE:          0
cpu0->cpu0_STLB LOAD         ACCESS:     810662 HIT:     800645 MISS:      10017 MSHR_MERGE:          0
cpu0->cpu0_STLB RFO          ACCESS:          0 HIT:          0 MISS:          0 MSHR_MERGE:          0
cpu0->cpu0_STLB PREFETCH     ACCESS:          0 HIT:          0 MISS:          0 MSHR_MERGE:          0
cpu0->cpu0_STLB WRITE        ACCESS:          0 HIT:          0 MISS:          0 MSHR_MERGE:          0
cpu0->cpu0_STLB TRANSLATION  ACCESS:          0 HIT:          0 MISS:          0 MSHR_MERGE:          0
cpu0->cpu0_STLB PREFETCH REQUESTED:          0 ISSUED:          0 USEFUL:          0 USELESS:          0
cpu0->cpu0_STLB AVERAGE MISS LATENCY: 586.7 cycles
cpu0->cpu0_L2C TOTAL        ACCESS:    1488785 HIT:     214685 MISS:    1274100 MSHR_MERGE:          0
cpu0->cpu0_L2C LOAD         ACCESS:    1423315 HIT:     166423 MISS:    1256892 MSHR_MERGE:          0
cpu0->cpu0_L2C RFO          ACCESS:       5118 HIT:        918 MISS:       4200 MSHR_MERGE:          0
cpu0->cpu0_L2C PREFETCH     ACCESS:          0 HIT:          0 MISS:          0 MSHR_MERGE:          0
cpu0->cpu0_L2C WRITE        ACCESS:      47253 HIT:      47250 MISS:          3 MSHR_MERGE:          0
cpu0->cpu0_L2C TRANSLATION  ACCESS:      13099 HIT:         94 MISS:      13005 MSHR_MERGE:          0
cpu0->cpu0_L2C PREFETCH REQUESTED:          0 ISSUED:          0 USEFUL:          0 USELESS:          0
cpu0->cpu0_L2C AVERAGE MISS LATENCY: 119.7 cycles
cpu0->cpu0_L1I TOTAL        ACCESS:     104422 HIT:     104420 MISS:          2 MSHR_MERGE:          0
cpu0->cpu0_L1I LOAD         ACCESS:     104422 HIT:     104420 MISS:          2 MSHR_MERGE:          0
cpu0->cpu0_L1I RFO          ACCESS:          0 HIT:          0 MISS:          0 MSHR_MERGE:          0
cpu0->cpu0_L1I PREFETCH     ACCESS:          0 HIT:          0 MISS:          0 MSHR_MERGE:          0
cpu0->cpu0_L1I WRITE        ACCESS:          0 HIT:          0 MISS:          0 MSHR_MERGE:          0
cpu0->cpu0_L1I TRANSLATION  ACCESS:          0 HIT:          0 MISS:          0 MSHR_MERGE:          0
cpu0->cpu0_L1I PREFETCH REQUESTED:          0 ISSUED:          0 USEFUL:          0 USELESS:          0
cpu0->cpu0_L1I AVERAGE MISS LATENCY: 381 cycles
cpu0->cpu0_L1D TOTAL        ACCESS:    2953492 HIT:    1035868 MISS:    1917624 MSHR_MERGE:     476095
cpu0->cpu0_L1D LOAD         ACCESS:    2656349 HIT:     767450 MISS:    1888899 MSHR_MERGE:     465587
cpu0->cpu0_L1D RFO          ACCESS:          0 HIT:          0 MISS:          0 MSHR_MERGE:          0
cpu0->cpu0_L1D PREFETCH     ACCESS:          0 HIT:          0 MISS:          0 MSHR_MERGE:          0
cpu0->cpu0_L1D WRITE        ACCESS:     277009 HIT:     261384 MISS:      15625 MSHR_MERGE:      10507
cpu0->cpu0_L1D TRANSLATION  ACCESS:      20134 HIT:       7034 MISS:      13100 MSHR_MERGE:          1
cpu0->cpu0_L1D PREFETCH REQUESTED:          0 ISSUED:          0 USEFUL:          0 USELESS:          0
cpu0->cpu0_L1D AVERAGE MISS LATENCY: 114.7 cycles
cpu0->cpu0_ITLB TOTAL        ACCESS:      94105 HIT:      94105 MISS:          0 MSHR_MERGE:          0
cpu0->cpu0_ITLB LOAD         ACCESS:      94105 HIT:      94105 MISS:          0 MSHR_MERGE:          0
cpu0->cpu0_ITLB RFO          ACCESS:          0 HIT:          0 MISS:          0 MSHR_MERGE:          0
cpu0->cpu0_ITLB PREFETCH     ACCESS:          0 HIT:          0 MISS:          0 MSHR_MERGE:          0
cpu0->cpu0_ITLB WRITE        ACCESS:          0 HIT:          0 MISS:          0 MSHR_MERGE:          0
cpu0->cpu0_ITLB TRANSLATION  ACCESS:          0 HIT:          0 MISS:          0 MSHR_MERGE:          0
cpu0->cpu0_ITLB PREFETCH REQUESTED:          0 ISSUED:          0 USEFUL:          0 USELESS:          0
cpu0->cpu0_ITLB AVERAGE MISS LATENCY: - cycles
cpu0->cpu0_DTLB TOTAL        ACCESS:    2889252 HIT:    2022873 MISS:     866379 MSHR_MERGE:      55718
cpu0->cpu0_DTLB LOAD         ACCESS:    2889252 HIT:    2022873 MISS:     866379 MSHR_MERGE:      55718
cpu0->cpu0_DTLB RFO          ACCESS:          0 HIT:          0 MISS:          0 MSHR_MERGE:          0
cpu0->cpu0_DTLB PREFETCH     ACCESS:          0 HIT:          0 MISS:          0 MSHR_MERGE:          0
cpu0->cpu0_DTLB WRITE        ACCESS:          0 HIT:          0 MISS:          0 MSHR_MERGE:          0
cpu0->cpu0_DTLB TRANSLATION  ACCESS:          0 HIT:          0 MISS:          0 MSHR_MERGE:          0
cpu0->cpu0_DTLB PREFETCH REQUESTED:          0 ISSUED:          0 USEFUL:          0 USELESS:          0
cpu0->cpu0_DTLB AVERAGE MISS LATENCY: 12.26 cycles
cpu0->LLC TOTAL        ACCESS:    1317411 HIT:     572481 MISS:     744930 MSHR_MERGE:          0
cpu0->LLC LOAD         ACCESS:    1256892 HIT:     524138 MISS:     732754 MSHR_MERGE:          0
cpu0->LLC RFO          ACCESS:       4200 HIT:       3683 MISS:        517 MSHR_MERGE:          0
cpu0->LLC PREFETCH     ACCESS:          0 HIT:          0 MISS:          0 MSHR_MERGE:          0
cpu0->LLC WRITE        ACCESS:      43314 HIT:      43213 MISS:        101 MSHR_MERGE:          0
cpu0->LLC TRANSLATION  ACCESS:      13005 HIT:       1447 MISS:      11558 MSHR_MERGE:          0
cpu0->LLC PREFETCH REQUESTED:          0 ISSUED:          0 USEFUL:          0 USELESS:          0
cpu0->LLC AVERAGE MISS LATENCY: 178 cycles

DRAM Statistics

Channel 0 RQ ROW_BUFFER_HIT:      52161
  ROW_BUFFER_MISS:     692639
  AVG DBUS CONGESTED CYCLE: 18.97
Channel 0 WQ ROW_BUFFER_HIT:       7522
  ROW_BUFFER_MISS:      17059
  FULL:          0
Channel 0 REFRESHES ISSUED:      11864
