[VMEM] WARNING: physical memory size is smaller than virtual memory size.

*** ChampSim Multicore Out-of-Order Simulator ***
Warmup Instructions: 2000000
Simulation Instructions: 10000000
Number of CPUs: 1
Page size: 4096

Off-chip DRAM Size: 16 GiB Channels: 1 Width: 64-bit Data Rate: 3205 MT/s
Warmup finished CPU 0 instructions: 2000003 cycles: 888504 cumulative IPC: 2.251 (Simulation time: 00 hr 00 min 09 sec)
Warmup complete CPU 0 instructions: 2000003 cycles: 888504 cumulative IPC: 2.251 (Simulation time: 00 hr 00 min 09 sec)
Heartbeat CPU 0 instructions: 10000002 cycles: 26569052 heartbeat IPC: 0.3764 cumulative IPC: 0.3115 (Simulation time: 00 hr 02 min 40 sec)
Simulation finished CPU 0 instructions: 10000001 cycles: 31369935 cumulative IPC: 0.3188 (Simulation time: 00 hr 03 min 12 sec)
Simulation complete CPU 0 instructions: 10000001 cycles: 31369935 cumulative IPC: 0.3188 (Simulation time: 00 hr 03 min 12 sec)

ChampSim completed all CPUs

=== Simulation ===
CPU 0 runs /home/tandonmitul27/workspace/SPEC17/605.mcf_s-484B.champsimtrace.xz

Region of Interest Statistics

CPU 0 cumulative IPC: 0.3188 instructions: 10000001 cycles: 31369935
CPU 0 Branch Prediction Accuracy: 98.03% MPKI: 1.806 Average ROB Occupancy at Mispredict: 145.8
Branch type MPKI
BRANCH_DIRECT_JUMP: 0.0004
BRANCH_INDIRECT: 0
BRANCH_CONDITIONAL: 1.806
BRANCH_DIRECT_CALL: 0.0002
BRANCH_INDIRECT_CALL: 0
BRANCH_RETURN: 0.0002

cpu0->cpu0_STLB TOTAL        ACCESS:      22707 HIT:      16590 MISS:       6117 MSHR_MERGE:          0
cpu0->cpu0_STLB LOAD         ACCESS:      22707 HIT:      16590 MISS:       6117 MSHR_MERGE:          0
cpu0->cpu0_STLB RFO          ACCESS:          0 HIT:          0 MISS:          0 MSHR_MERGE:          0
cpu0->cpu0_STLB PREFETCH     ACCESS:          0 HIT:          0 MISS:          0 MSHR_MERGE:          0
cpu0->cpu0_STLB WRITE        ACCESS:          0 HIT:          0 MISS:          0 MSHR_MERGE:          0
cpu0->cpu0_STLB TRANSLATION  ACCESS:          0 HIT:          0 MISS:          0 MSHR_MERGE:          0
cpu0->cpu0_STLB PREFETCH REQUESTED:          0 ISSUED:          0 USEFUL:          0 USELESS:          0
cpu0->cpu0_STLB AVERAGE MISS LATENCY: 638.3 cycles
cpu0->cpu0_L2C TOTAL        ACCESS:     261424 HIT:      76481 MISS:     184943 MSHR_MERGE:          0
cpu0->cpu0_L2C LOAD         ACCESS:     165611 HIT:       4262 MISS:     161349 MSHR_MERGE:          0
cpu0->cpu0_L2C RFO          ACCESS:      16848 HIT:        592 MISS:      16256 MSHR_MERGE:          0
cpu0->cpu0_L2C PREFETCH     ACCESS:          0 HIT:          0 MISS:          0 MSHR_MERGE:          0
cpu0->cpu0_L2C WRITE        ACCESS:      71295 HIT:      71165 MISS:        130 MSHR_MERGE:          0
cpu0->cpu0_L2C TRANSLATION  ACCESS:       7670 HIT:        462 MISS:       7208 MSHR_MERGE:          0
cpu0->cpu0_L2C PREFETCH REQUESTED:          0 ISSUED:          0 USEFUL:          0 USELESS:          0
cpu0->cpu0_L2C AVERAGE MISS LATENCY: 214.1 cycles
cpu0->cpu0_L1I TOTAL        ACCESS:    1481926 HIT:    1481891 MISS:         35 MSHR_MERGE:          7
cpu0->cpu0_L1I LOAD         ACCESS:    1481926 HIT:    1481891 MISS:         35 MSHR_MERGE:          7
cpu0->cpu0_L1I RFO          ACCESS:          0 HIT:          0 MISS:          0 MSHR_MERGE:          0
cpu0->cpu0_L1I PREFETCH     ACCESS:          0 HIT:          0 MISS:          0 MSHR_MERGE:          0
cpu0->cpu0_L1I WRITE        ACCESS:          0 HIT:          0 MISS:          0 MSHR_MERGE:          0
cpu0->cpu0_L1I TRANSLATION  ACCESS:          0 HIT:          0 MISS:          0 MSHR_MERGE:          0
cpu0->cpu0_L1I PREFETCH REQUESTED:          0 ISSUED:          0 USEFUL:          0 USELESS:          0
cpu0->cpu0_L1I AVERAGE MISS LATENCY: 201.7 cycles
cpu0->cpu0_L1D TOTAL        ACCESS:    5100014 HIT:    4839215 MISS:     260799 MSHR_MERGE:      70698
cpu0->cpu0_L1D LOAD         ACCESS:    2172847 HIT:    1985367 MISS:     187480 MSHR_MERGE:      21897
cpu0->cpu0_L1D RFO          ACCESS:          0 HIT:          0 MISS:          0 MSHR_MERGE:          0
cpu0->cpu0_L1D PREFETCH     ACCESS:          0 HIT:          0 MISS:          0 MSHR_MERGE:          0
cpu0->cpu0_L1D WRITE        ACCESS:    2914911 HIT:    2849262 MISS:      65649 MSHR_MERGE:      48801
cpu0->cpu0_L1D TRANSLATION  ACCESS:      12256 HIT:       4586 MISS:       7670 MSHR_MERGE:          0
cpu0->cpu0_L1D PREFETCH REQUESTED:          0 ISSUED:          0 USEFUL:          0 USELESS:          0
cpu0->cpu0_L1D AVERAGE MISS LATENCY: 217.2 cycles
cpu0->cpu0_ITLB TOTAL        ACCESS:    1350004 HIT:    1349997 MISS:          7 MSHR_MERGE:          4
cpu0->cpu0_ITLB LOAD         ACCESS:    1350004 HIT:    1349997 MISS:          7 MSHR_MERGE:          4
cpu0->cpu0_ITLB RFO          ACCESS:          0 HIT:          0 MISS:          0 MSHR_MERGE:          0
cpu0->cpu0_ITLB PREFETCH     ACCESS:          0 HIT:          0 MISS:          0 MSHR_MERGE:          0
cpu0->cpu0_ITLB WRITE        ACCESS:          0 HIT:          0 MISS:          0 MSHR_MERGE:          0
cpu0->cpu0_ITLB TRANSLATION  ACCESS:          0 HIT:          0 MISS:          0 MSHR_MERGE:          0
cpu0->cpu0_ITLB PREFETCH REQUESTED:          0 ISSUED:          0 USEFUL:          0 USELESS:          0
cpu0->cpu0_ITLB AVERAGE MISS LATENCY: 778.7 cycles
cpu0->cpu0_DTLB TOTAL        ACCESS:    4641160 HIT:    4610166 MISS:      30994 MSHR_MERGE:       8290
cpu0->cpu0_DTLB LOAD         ACCESS:    4641160 HIT:    4610166 MISS:      30994 MSHR_MERGE:       8290
cpu0->cpu0_DTLB RFO          ACCESS:          0 HIT:          0 MISS:          0 MSHR_MERGE:          0
cpu0->cpu0_DTLB PREFETCH     ACCESS:          0 HIT:          0 MISS:          0 MSHR_MERGE:          0
cpu0->cpu0_DTLB WRITE        ACCESS:          0 HIT:          0 MISS:          0 MSHR_MERGE:          0
cpu0->cpu0_DTLB TRANSLATION  ACCESS:          0 HIT:          0 MISS:          0 MSHR_MERGE:          0
cpu0->cpu0_DTLB PREFETCH REQUESTED:          0 ISSUED:          0 USEFUL:          0 USELESS:          0
cpu0->cpu0_DTLB AVERAGE MISS LATENCY: 177.1 cycles
cpu0->LLC TOTAL        ACCESS:     252776 HIT:      68305 MISS:     184471 MSHR_MERGE:          0
cpu0->LLC LOAD         ACCESS:     161349 HIT:        383 MISS:     160966 MSHR_MERGE:          0
cpu0->LLC RFO          ACCESS:      16256 HIT:          3 MISS:      16253 MSHR_MERGE:          0
cpu0->LLC PREFETCH     ACCESS:          0 HIT:          0 MISS:          0 MSHR_MERGE:          0
cpu0->LLC WRITE        ACCESS:      67963 HIT:      67889 MISS:         74 MSHR_MERGE:          0
cpu0->LLC TRANSLATION  ACCESS:       7208 HIT:         30 MISS:       7178 MSHR_MERGE:          0
cpu0->LLC PREFETCH REQUESTED:          0 ISSUED:          0 USEFUL:          0 USELESS:          0
cpu0->LLC AVERAGE MISS LATENCY: 198.6 cycles

DRAM Statistics

Channel 0 RQ ROW_BUFFER_HIT:        802
  ROW_BUFFER_MISS:     183595
  AVG DBUS CONGESTED CYCLE: 15.41
Channel 0 WQ ROW_BUFFER_HIT:      19880
  ROW_BUFFER_MISS:      40539
  FULL:          0
Channel 0 REFRESHES ISSUED:       2614
