[VMEM] WARNING: physical memory size is smaller than virtual memory size.

*** ChampSim Multicore Out-of-Order Simulator ***
Warmup Instructions: 2000000
Simulation Instructions: 10000000
Number of CPUs: 1
Page size: 4096

Off-chip DRAM Size: 16 GiB Channels: 1 Width: 64-bit Data Rate: 3205 MT/s
Warmup finished CPU 0 instructions: 2000003 cycles: 755862 cumulative IPC: 2.646 (Simulation time: 00 hr 00 min 08 sec)
Warmup complete CPU 0 instructions: 2000003 cycles: 755862 cumulative IPC: 2.646 (Simulation time: 00 hr 00 min 08 sec)
Heartbeat CPU 0 instructions: 10000001 cycles: 34345964 heartbeat IPC: 0.2912 cumulative IPC: 0.2382 (Simulation time: 00 hr 02 min 37 sec)
Simulation finished CPU 0 instructions: 10000000 cycles: 42813819 cumulative IPC: 0.2336 (Simulation time: 00 hr 03 min 17 sec)
Simulation complete CPU 0 instructions: 10000000 cycles: 42813819 cumulative IPC: 0.2336 (Simulation time: 00 hr 03 min 17 sec)

ChampSim completed all CPUs

=== Simulation ===
CPU 0 runs /home/tandonmitul27/workspace/SPEC17/605.mcf_s-1152B.champsimtrace.xz

Region of Interest Statistics

CPU 0 cumulative IPC: 0.2336 instructions: 10000000 cycles: 42813819
CPU 0 Branch Prediction Accuracy: 86.76% MPKI: 32.9 Average ROB Occupancy at Mispredict: 13.6
Branch type MPKI
BRANCH_DIRECT_JUMP: 0.2845
BRANCH_INDIRECT: 0
BRANCH_CONDITIONAL: 32.56
BRANCH_DIRECT_CALL: 0
BRANCH_INDIRECT_CALL: 0.0586
BRANCH_RETURN: 0

cpu0->cpu0_STLB TOTAL        ACCESS:     254840 HIT:     251912 MISS:       2928 MSHR_MERGE:          0
cpu0->cpu0_STLB LOAD         ACCESS:     254840 HIT:     251912 MISS:       2928 MSHR_MERGE:          0
cpu0->cpu0_STLB RFO          ACCESS:          0 HIT:          0 MISS:          0 MSHR_MERGE:          0
cpu0->cpu0_STLB PREFETCH     ACCESS:          0 HIT:          0 MISS:          0 MSHR_MERGE:          0
cpu0->cpu0_STLB WRITE        ACCESS:          0 HIT:          0 MISS:          0 MSHR_MERGE:          0
cpu0->cpu0_STLB TRANSLATION  ACCESS:          0 HIT:          0 MISS:          0 MSHR_MERGE:          0
cpu0->cpu0_STLB PREFETCH REQUESTED:          0 ISSUED:          0 USEFUL:          0 USELESS:          0
cpu0->cpu0_STLB AVERAGE MISS LATENCY: 582.6 cycles
cpu0->cpu0_L2C TOTAL        ACCESS:     567105 HIT:     173898 MISS:     393207 MSHR_MERGE:          0
cpu0->cpu0_L2C LOAD         ACCESS:     476939 HIT:     100706 MISS:     376233 MSHR_MERGE:          0
cpu0->cpu0_L2C RFO          ACCESS:      35229 HIT:      22223 MISS:      13006 MSHR_MERGE:          0
cpu0->cpu0_L2C PREFETCH     ACCESS:          0 HIT:          0 MISS:          0 MSHR_MERGE:          0
cpu0->cpu0_L2C WRITE        ACCESS:      50970 HIT:      50910 MISS:         60 MSHR_MERGE:          0
cpu0->cpu0_L2C TRANSLATION  ACCESS:       3967 HIT:         59 MISS:       3908 MSHR_MERGE:          0
cpu0->cpu0_L2C PREFETCH REQUESTED:          0 ISSUED:          0 USEFUL:          0 USELESS:          0
cpu0->cpu0_L2C AVERAGE MISS LATENCY: 96.1 cycles
cpu0->cpu0_L1I TOTAL        ACCESS:      32107 HIT:      32107 MISS:          0 MSHR_MERGE:          0
cpu0->cpu0_L1I LOAD         ACCESS:      32107 HIT:      32107 MISS:          0 MSHR_MERGE:          0
cpu0->cpu0_L1I RFO          ACCESS:          0 HIT:          0 MISS:          0 MSHR_MERGE:          0
cpu0->cpu0_L1I PREFETCH     ACCESS:          0 HIT:          0 MISS:          0 MSHR_MERGE:          0
cpu0->cpu0_L1I WRITE        ACCESS:          0 HIT:          0 MISS:          0 MSHR_MERGE:          0
cpu0->cpu0_L1I TRANSLATION  ACCESS:          0 HIT:          0 MISS:          0 MSHR_MERGE:          0
cpu0->cpu0_L1I PREFETCH REQUESTED:          0 ISSUED:          0 USEFUL:          0 USELESS:          0
cpu0->cpu0_L1I AVERAGE MISS LATENCY: - cycles
cpu0->cpu0_L1D TOTAL        ACCESS:    3912316 HIT:    3196112 MISS:     716204 MSHR_MERGE:     200069
cpu0->cpu0_L1D LOAD         ACCESS:    2857960 HIT:    2241910 MISS:     616050 MSHR_MERGE:     139111
cpu0->cpu0_L1D RFO          ACCESS:          0 HIT:          0 MISS:          0 MSHR_MERGE:          0
cpu0->cpu0_L1D PREFETCH     ACCESS:          0 HIT:          0 MISS:          0 MSHR_MERGE:          0
cpu0->cpu0_L1D WRITE        ACCESS:    1048479 HIT:     952293 MISS:      96186 MSHR_MERGE:      60957
cpu0->cpu0_L1D TRANSLATION  ACCESS:       5877 HIT:       1909 MISS:       3968 MSHR_MERGE:          1
cpu0->cpu0_L1D PREFETCH REQUESTED:          0 ISSUED:          0 USEFUL:          0 USELESS:          0
cpu0->cpu0_L1D AVERAGE MISS LATENCY: 81.99 cycles
cpu0->cpu0_ITLB TOTAL        ACCESS:      28013 HIT:      28013 MISS:          0 MSHR_MERGE:          0
cpu0->cpu0_ITLB LOAD         ACCESS:      28013 HIT:      28013 MISS:          0 MSHR_MERGE:          0
cpu0->cpu0_ITLB RFO          ACCESS:          0 HIT:          0 MISS:          0 MSHR_MERGE:          0
cpu0->cpu0_ITLB PREFETCH     ACCESS:          0 HIT:          0 MISS:          0 MSHR_MERGE:          0
cpu0->cpu0_ITLB WRITE        ACCESS:          0 HIT:          0 MISS:          0 MSHR_MERGE:          0
cpu0->cpu0_ITLB TRANSLATION  ACCESS:          0 HIT:          0 MISS:          0 MSHR_MERGE:          0
cpu0->cpu0_ITLB PREFETCH REQUESTED:          0 ISSUED:          0 USEFUL:          0 USELESS:          0
cpu0->cpu0_ITLB AVERAGE MISS LATENCY: - cycles
cpu0->cpu0_DTLB TOTAL        ACCESS:    3750377 HIT:    3434320 MISS:     316057 MSHR_MERGE:      61217
cpu0->cpu0_DTLB LOAD         ACCESS:    3750377 HIT:    3434320 MISS:     316057 MSHR_MERGE:      61217
cpu0->cpu0_DTLB RFO          ACCESS:          0 HIT:          0 MISS:          0 MSHR_MERGE:          0
cpu0->cpu0_DTLB PREFETCH     ACCESS:          0 HIT:          0 MISS:          0 MSHR_MERGE:          0
cpu0->cpu0_DTLB WRITE        ACCESS:          0 HIT:          0 MISS:          0 MSHR_MERGE:          0
cpu0->cpu0_DTLB TRANSLATION  ACCESS:          0 HIT:          0 MISS:          0 MSHR_MERGE:          0
cpu0->cpu0_DTLB PREFETCH REQUESTED:          0 ISSUED:          0 USEFUL:          0 USELESS:          0
cpu0->cpu0_DTLB AVERAGE MISS LATENCY: 11.7 cycles
cpu0->LLC TOTAL        ACCESS:     423032 HIT:     237680 MISS:     185352 MSHR_MERGE:          0
cpu0->LLC LOAD         ACCESS:     376233 HIT:     194975 MISS:     181258 MSHR_MERGE:          0
cpu0->LLC RFO          ACCESS:      13006 HIT:      12754 MISS:        252 MSHR_MERGE:          0
cpu0->LLC PREFETCH     ACCESS:          0 HIT:          0 MISS:          0 MSHR_MERGE:          0
cpu0->LLC WRITE        ACCESS:      29885 HIT:      29526 MISS:        359 MSHR_MERGE:          0
cpu0->LLC TRANSLATION  ACCESS:       3908 HIT:        425 MISS:       3483 MSHR_MERGE:          0
cpu0->LLC PREFETCH REQUESTED:          0 ISSUED:          0 USEFUL:          0 USELESS:          0
cpu0->LLC AVERAGE MISS LATENCY: 171.1 cycles

DRAM Statistics

Channel 0 RQ ROW_BUFFER_HIT:      19428
  ROW_BUFFER_MISS:     165562
  AVG DBUS CONGESTED CYCLE: 18.97
Channel 0 WQ ROW_BUFFER_HIT:        427
  ROW_BUFFER_MISS:       1441
  FULL:          0
Channel 0 REFRESHES ISSUED:       3568
