[VMEM] WARNING: physical memory size is smaller than virtual memory size.

*** ChampSim Multicore Out-of-Order Simulator ***
Warmup Instructions: 2000000
Simulation Instructions: 10000000
Number of CPUs: 1
Page size: 4096

Off-chip DRAM Size: 16 GiB Channels: 1 Width: 64-bit Data Rate: 3205 MT/s
Warmup finished CPU 0 instructions: 2000000 cycles: 607672 cumulative IPC: 3.291 (Simulation time: 00 hr 00 min 08 sec)
Warmup complete CPU 0 instructions: 2000000 cycles: 607672 cumulative IPC: 3.291 (Simulation time: 00 hr 00 min 08 sec)
Heartbeat CPU 0 instructions: 10000002 cycles: 5278308 heartbeat IPC: 1.895 cumulative IPC: 1.713 (Simulation time: 00 hr 00 min 56 sec)
Simulation finished CPU 0 instructions: 10000003 cycles: 5932355 cumulative IPC: 1.686 (Simulation time: 00 hr 01 min 09 sec)
Simulation complete CPU 0 instructions: 10000003 cycles: 5932355 cumulative IPC: 1.686 (Simulation time: 00 hr 01 min 09 sec)

ChampSim completed all CPUs

=== Simulation ===
CPU 0 runs /home/tandonmitul27/workspace/SPEC17/607.cactuBSSN_s-2421B.champsimtrace.xz

Region of Interest Statistics

CPU 0 cumulative IPC: 1.686 instructions: 10000003 cycles: 5932355
CPU 0 Branch Prediction Accuracy: 91.35% MPKI: 0.7878 Average ROB Occupancy at Mispredict: 308.9
Branch type MPKI
BRANCH_DIRECT_JUMP: 0.0033
BRANCH_INDIRECT: 0.0002
BRANCH_CONDITIONAL: 0.4136
BRANCH_DIRECT_CALL: 0.0039
BRANCH_INDIRECT_CALL: 0
BRANCH_RETURN: 0.3668

cpu0->cpu0_STLB TOTAL        ACCESS:     384993 HIT:     384551 MISS:        442 MSHR_MERGE:          0
cpu0->cpu0_STLB LOAD         ACCESS:     384993 HIT:     384551 MISS:        442 MSHR_MERGE:          0
cpu0->cpu0_STLB RFO          ACCESS:          0 HIT:          0 MISS:          0 MSHR_MERGE:          0
cpu0->cpu0_STLB PREFETCH     ACCESS:          0 HIT:          0 MISS:          0 MSHR_MERGE:          0
cpu0->cpu0_STLB WRITE        ACCESS:          0 HIT:          0 MISS:          0 MSHR_MERGE:          0
cpu0->cpu0_STLB TRANSLATION  ACCESS:          0 HIT:          0 MISS:          0 MSHR_MERGE:          0
cpu0->cpu0_STLB PREFETCH REQUESTED:          0 ISSUED:          0 USEFUL:          0 USELESS:          0
cpu0->cpu0_STLB AVERAGE MISS LATENCY: 839.7 cycles
cpu0->cpu0_L2C TOTAL        ACCESS:    1063313 HIT:    1004634 MISS:      58679 MSHR_MERGE:          0
cpu0->cpu0_L2C LOAD         ACCESS:     933502 HIT:     882122 MISS:      51380 MSHR_MERGE:          0
cpu0->cpu0_L2C RFO          ACCESS:      61091 HIT:      54867 MISS:       6224 MSHR_MERGE:          0
cpu0->cpu0_L2C PREFETCH     ACCESS:          0 HIT:          0 MISS:          0 MSHR_MERGE:          0
cpu0->cpu0_L2C WRITE        ACCESS:      67618 HIT:      67610 MISS:          8 MSHR_MERGE:          0
cpu0->cpu0_L2C TRANSLATION  ACCESS:       1102 HIT:         35 MISS:       1067 MSHR_MERGE:          0
cpu0->cpu0_L2C PREFETCH REQUESTED:          0 ISSUED:          0 USEFUL:          0 USELESS:          0
cpu0->cpu0_L2C AVERAGE MISS LATENCY: 116.4 cycles
cpu0->cpu0_L1I TOTAL        ACCESS:    2195838 HIT:    1686694 MISS:     509144 MSHR_MERGE:     249039
cpu0->cpu0_L1I LOAD         ACCESS:    2195838 HIT:    1686694 MISS:     509144 MSHR_MERGE:     249039
cpu0->cpu0_L1I RFO          ACCESS:          0 HIT:          0 MISS:          0 MSHR_MERGE:          0
cpu0->cpu0_L1I PREFETCH     ACCESS:          0 HIT:          0 MISS:          0 MSHR_MERGE:          0
cpu0->cpu0_L1I WRITE        ACCESS:          0 HIT:          0 MISS:          0 MSHR_MERGE:          0
cpu0->cpu0_L1I TRANSLATION  ACCESS:          0 HIT:          0 MISS:          0 MSHR_MERGE:          0
cpu0->cpu0_L1I PREFETCH REQUESTED:          0 ISSUED:          0 USEFUL:          0 USELESS:          0
cpu0->cpu0_L1I AVERAGE MISS LATENCY: 7.292 cycles
cpu0->cpu0_L1D TOTAL        ACCESS:    3814856 HIT:    3029846 MISS:     785010 MSHR_MERGE:      49402
cpu0->cpu0_L1D LOAD         ACCESS:    3011774 HIT:    2296047 MISS:     715727 MSHR_MERGE:      42316
cpu0->cpu0_L1D RFO          ACCESS:          0 HIT:          0 MISS:          0 MSHR_MERGE:          0
cpu0->cpu0_L1D PREFETCH     ACCESS:          0 HIT:          0 MISS:          0 MSHR_MERGE:          0
cpu0->cpu0_L1D WRITE        ACCESS:     801967 HIT:     733789 MISS:      68178 MSHR_MERGE:       7083
cpu0->cpu0_L1D TRANSLATION  ACCESS:       1115 HIT:         10 MISS:       1105 MSHR_MERGE:          3
cpu0->cpu0_L1D PREFETCH REQUESTED:          0 ISSUED:          0 USEFUL:          0 USELESS:          0
cpu0->cpu0_L1D AVERAGE MISS LATENCY: 18.49 cycles
cpu0->cpu0_ITLB TOTAL        ACCESS:    1749597 HIT:    1749582 MISS:         15 MSHR_MERGE:          5
cpu0->cpu0_ITLB LOAD         ACCESS:    1749597 HIT:    1749582 MISS:         15 MSHR_MERGE:          5
cpu0->cpu0_ITLB RFO          ACCESS:          0 HIT:          0 MISS:          0 MSHR_MERGE:          0
cpu0->cpu0_ITLB PREFETCH     ACCESS:          0 HIT:          0 MISS:          0 MSHR_MERGE:          0
cpu0->cpu0_ITLB WRITE        ACCESS:          0 HIT:          0 MISS:          0 MSHR_MERGE:          0
cpu0->cpu0_ITLB TRANSLATION  ACCESS:          0 HIT:          0 MISS:          0 MSHR_MERGE:          0
cpu0->cpu0_ITLB PREFETCH REQUESTED:          0 ISSUED:          0 USEFUL:          0 USELESS:          0
cpu0->cpu0_ITLB AVERAGE MISS LATENCY: 821.3 cycles
cpu0->cpu0_DTLB TOTAL        ACCESS:    3607952 HIT:    3178763 MISS:     429189 MSHR_MERGE:      44206
cpu0->cpu0_DTLB LOAD         ACCESS:    3607952 HIT:    3178763 MISS:     429189 MSHR_MERGE:      44206
cpu0->cpu0_DTLB RFO          ACCESS:          0 HIT:          0 MISS:          0 MSHR_MERGE:          0
cpu0->cpu0_DTLB PREFETCH     ACCESS:          0 HIT:          0 MISS:          0 MSHR_MERGE:          0
cpu0->cpu0_DTLB WRITE        ACCESS:          0 HIT:          0 MISS:          0 MSHR_MERGE:          0
cpu0->cpu0_DTLB TRANSLATION  ACCESS:          0 HIT:          0 MISS:          0 MSHR_MERGE:          0
cpu0->cpu0_DTLB PREFETCH REQUESTED:          0 ISSUED:          0 USEFUL:          0 USELESS:          0
cpu0->cpu0_DTLB AVERAGE MISS LATENCY: 5.987 cycles
cpu0->LLC TOTAL        ACCESS:      64820 HIT:      37564 MISS:      27256 MSHR_MERGE:          0
cpu0->LLC LOAD         ACCESS:      51380 HIT:      30788 MISS:      20592 MSHR_MERGE:          0
cpu0->LLC RFO          ACCESS:       6217 HIT:        277 MISS:       5940 MSHR_MERGE:          0
cpu0->LLC PREFETCH     ACCESS:          0 HIT:          0 MISS:          0 MSHR_MERGE:          0
cpu0->LLC WRITE        ACCESS:       6156 HIT:       6154 MISS:          2 MSHR_MERGE:          0
cpu0->LLC TRANSLATION  ACCESS:       1067 HIT:        345 MISS:        722 MSHR_MERGE:          0
cpu0->LLC PREFETCH REQUESTED:          0 ISSUED:          0 USEFUL:          0 USELESS:          0
cpu0->LLC AVERAGE MISS LATENCY: 217.3 cycles

DRAM Statistics

Channel 0 RQ ROW_BUFFER_HIT:         10
  ROW_BUFFER_MISS:      27244
  AVG DBUS CONGESTED CYCLE: 7.26
Channel 0 WQ ROW_BUFFER_HIT:        166
  ROW_BUFFER_MISS:       1282
  FULL:          0
Channel 0 REFRESHES ISSUED:        495
