[VMEM] WARNING: physical memory size is smaller than virtual memory size.

*** ChampSim Multicore Out-of-Order Simulator ***
Warmup Instructions: 2000000
Simulation Instructions: 10000000
Number of CPUs: 1
Page size: 4096

Off-chip DRAM Size: 16 GiB Channels: 1 Width: 64-bit Data Rate: 3205 MT/s
Warmup finished CPU 0 instructions: 2000002 cycles: 731846 cumulative IPC: 2.733 (Simulation time: 00 hr 00 min 08 sec)
Warmup complete CPU 0 instructions: 2000002 cycles: 731846 cumulative IPC: 2.733 (Simulation time: 00 hr 00 min 08 sec)
Heartbeat CPU 0 instructions: 10000000 cycles: 18908031 heartbeat IPC: 0.5289 cumulative IPC: 0.4401 (Simulation time: 00 hr 02 min 40 sec)
Simulation finished CPU 0 instructions: 10000004 cycles: 22146910 cumulative IPC: 0.4515 (Simulation time: 00 hr 03 min 13 sec)
Simulation complete CPU 0 instructions: 10000004 cycles: 22146910 cumulative IPC: 0.4515 (Simulation time: 00 hr 03 min 13 sec)

ChampSim completed all CPUs

=== Simulation ===
CPU 0 runs /home/tandonmitul27/workspace/SPEC17/619.lbm_s-2677B.champsimtrace.xz

Region of Interest Statistics

CPU 0 cumulative IPC: 0.4515 instructions: 10000004 cycles: 22146910
CPU 0 Branch Prediction Accuracy: 95.06% MPKI: 0.8659 Average ROB Occupancy at Mispredict: 215.5
Branch type MPKI
BRANCH_DIRECT_JUMP: 0
BRANCH_INDIRECT: 0
BRANCH_CONDITIONAL: 0.8659
BRANCH_DIRECT_CALL: 0
BRANCH_INDIRECT_CALL: 0
BRANCH_RETURN: 0

cpu0->cpu0_STLB TOTAL        ACCESS:      13258 HIT:       6062 MISS:       7196 MSHR_MERGE:          0
cpu0->cpu0_STLB LOAD         ACCESS:      13258 HIT:       6062 MISS:       7196 MSHR_MERGE:          0
cpu0->cpu0_STLB RFO          ACCESS:          0 HIT:          0 MISS:          0 MSHR_MERGE:          0
cpu0->cpu0_STLB PREFETCH     ACCESS:          0 HIT:          0 MISS:          0 MSHR_MERGE:          0
cpu0->cpu0_STLB WRITE        ACCESS:          0 HIT:          0 MISS:          0 MSHR_MERGE:          0
cpu0->cpu0_STLB TRANSLATION  ACCESS:          0 HIT:          0 MISS:          0 MSHR_MERGE:          0
cpu0->cpu0_STLB PREFETCH REQUESTED:          0 ISSUED:          0 USEFUL:          0 USELESS:          0
cpu0->cpu0_STLB AVERAGE MISS LATENCY: 1056 cycles
cpu0->cpu0_L2C TOTAL        ACCESS:    1422760 HIT:     944471 MISS:     478289 MSHR_MERGE:          0
cpu0->cpu0_L2C LOAD         ACCESS:     115074 HIT:          4 MISS:     115070 MSHR_MERGE:          0
cpu0->cpu0_L2C RFO          ACCESS:     649788 HIT:     294672 MISS:     355116 MSHR_MERGE:          0
cpu0->cpu0_L2C PREFETCH     ACCESS:          0 HIT:          0 MISS:          0 MSHR_MERGE:          0
cpu0->cpu0_L2C WRITE        ACCESS:     649794 HIT:     649794 MISS:          0 MSHR_MERGE:          0
cpu0->cpu0_L2C TRANSLATION  ACCESS:       8104 HIT:          1 MISS:       8103 MSHR_MERGE:          0
cpu0->cpu0_L2C PREFETCH REQUESTED:          0 ISSUED:          0 USEFUL:          0 USELESS:          0
cpu0->cpu0_L2C AVERAGE MISS LATENCY: 490.7 cycles
cpu0->cpu0_L1I TOTAL        ACCESS:    1548688 HIT:    1548688 MISS:          0 MSHR_MERGE:          0
cpu0->cpu0_L1I LOAD         ACCESS:    1548688 HIT:    1548688 MISS:          0 MSHR_MERGE:          0
cpu0->cpu0_L1I RFO          ACCESS:          0 HIT:          0 MISS:          0 MSHR_MERGE:          0
cpu0->cpu0_L1I PREFETCH     ACCESS:          0 HIT:          0 MISS:          0 MSHR_MERGE:          0
cpu0->cpu0_L1I WRITE        ACCESS:          0 HIT:          0 MISS:          0 MSHR_MERGE:          0
cpu0->cpu0_L1I TRANSLATION  ACCESS:          0 HIT:          0 MISS:          0 MSHR_MERGE:          0
cpu0->cpu0_L1I PREFETCH REQUESTED:          0 ISSUED:          0 USEFUL:          0 USELESS:          0
cpu0->cpu0_L1I AVERAGE MISS LATENCY: - cycles
cpu0->cpu0_L1D TOTAL        ACCESS:    2460618 HIT:    1508865 MISS:     951753 MSHR_MERGE:     178777
cpu0->cpu0_L1D LOAD         ACCESS:     633836 HIT:     371564 MISS:     262272 MSHR_MERGE:     147197
cpu0->cpu0_L1D RFO          ACCESS:          0 HIT:          0 MISS:          0 MSHR_MERGE:          0
cpu0->cpu0_L1D PREFETCH     ACCESS:          0 HIT:          0 MISS:          0 MSHR_MERGE:          0
cpu0->cpu0_L1D WRITE        ACCESS:    1812381 HIT:    1131004 MISS:     681377 MSHR_MERGE:      31580
cpu0->cpu0_L1D TRANSLATION  ACCESS:      14401 HIT:       6297 MISS:       8104 MSHR_MERGE:          0
cpu0->cpu0_L1D PREFETCH REQUESTED:          0 ISSUED:          0 USEFUL:          0 USELESS:          0
cpu0->cpu0_L1D AVERAGE MISS LATENCY: 313.2 cycles
cpu0->cpu0_ITLB TOTAL        ACCESS:    1146309 HIT:    1146309 MISS:          0 MSHR_MERGE:          0
cpu0->cpu0_ITLB LOAD         ACCESS:    1146309 HIT:    1146309 MISS:          0 MSHR_MERGE:          0
cpu0->cpu0_ITLB RFO          ACCESS:          0 HIT:          0 MISS:          0 MSHR_MERGE:          0
cpu0->cpu0_ITLB PREFETCH     ACCESS:          0 HIT:          0 MISS:          0 MSHR_MERGE:          0
cpu0->cpu0_ITLB WRITE        ACCESS:          0 HIT:          0 MISS:          0 MSHR_MERGE:          0
cpu0->cpu0_ITLB TRANSLATION  ACCESS:          0 HIT:          0 MISS:          0 MSHR_MERGE:          0
cpu0->cpu0_ITLB PREFETCH REQUESTED:          0 ISSUED:          0 USEFUL:          0 USELESS:          0
cpu0->cpu0_ITLB AVERAGE MISS LATENCY: - cycles
cpu0->cpu0_DTLB TOTAL        ACCESS:    2308114 HIT:    2262958 MISS:      45156 MSHR_MERGE:      31898
cpu0->cpu0_DTLB LOAD         ACCESS:    2308114 HIT:    2262958 MISS:      45156 MSHR_MERGE:      31898
cpu0->cpu0_DTLB RFO          ACCESS:          0 HIT:          0 MISS:          0 MSHR_MERGE:          0
cpu0->cpu0_DTLB PREFETCH     ACCESS:          0 HIT:          0 MISS:          0 MSHR_MERGE:          0
cpu0->cpu0_DTLB WRITE        ACCESS:          0 HIT:          0 MISS:          0 MSHR_MERGE:          0
cpu0->cpu0_DTLB TRANSLATION  ACCESS:          0 HIT:          0 MISS:          0 MSHR_MERGE:          0
cpu0->cpu0_DTLB PREFETCH REQUESTED:          0 ISSUED:          0 USEFUL:          0 USELESS:          0
cpu0->cpu0_DTLB AVERAGE MISS LATENCY: 578.9 cycles
cpu0->LLC TOTAL        ACCESS:     833510 HIT:     365160 MISS:     468350 MSHR_MERGE:          0
cpu0->LLC LOAD         ACCESS:     115070 HIT:          2 MISS:     115068 MSHR_MERGE:          0
cpu0->LLC RFO          ACCESS:     355115 HIT:       9942 MISS:     345173 MSHR_MERGE:          0
cpu0->LLC PREFETCH     ACCESS:          0 HIT:          0 MISS:          0 MSHR_MERGE:          0
cpu0->LLC WRITE        ACCESS:     355222 HIT:     355216 MISS:          6 MSHR_MERGE:          0
cpu0->LLC TRANSLATION  ACCESS:       8103 HIT:          0 MISS:       8103 MSHR_MERGE:          0
cpu0->LLC PREFETCH REQUESTED:          0 ISSUED:          0 USEFUL:          0 USELESS:          0
cpu0->LLC AVERAGE MISS LATENCY: 484.7 cycles

DRAM Statistics

Channel 0 RQ ROW_BUFFER_HIT:      25243
  ROW_BUFFER_MISS:     443090
  AVG DBUS CONGESTED CYCLE: 7.282
Channel 0 WQ ROW_BUFFER_HIT:      54891
  ROW_BUFFER_MISS:     290443
  FULL:          0
Channel 0 REFRESHES ISSUED:       1846
