[VMEM] WARNING: physical memory size is smaller than virtual memory size.

*** ChampSim Multicore Out-of-Order Simulator ***
Warmup Instructions: 2000000
Simulation Instructions: 10000000
Number of CPUs: 1
Page size: 4096

Off-chip DRAM Size: 16 GiB Channels: 1 Width: 64-bit Data Rate: 3205 MT/s
Warmup finished CPU 0 instructions: 2000004 cycles: 666941 cumulative IPC: 2.999 (Simulation time: 00 hr 00 min 08 sec)
Warmup complete CPU 0 instructions: 2000004 cycles: 666941 cumulative IPC: 2.999 (Simulation time: 00 hr 00 min 08 sec)
Heartbeat CPU 0 instructions: 10000001 cycles: 18506118 heartbeat IPC: 0.5404 cumulative IPC: 0.4485 (Simulation time: 00 hr 02 min 37 sec)
Simulation finished CPU 0 instructions: 10000004 cycles: 22122223 cumulative IPC: 0.452 (Simulation time: 00 hr 03 min 12 sec)
Simulation complete CPU 0 instructions: 10000004 cycles: 22122223 cumulative IPC: 0.452 (Simulation time: 00 hr 03 min 12 sec)

ChampSim completed all CPUs

=== Simulation ===
CPU 0 runs /home/tandonmitul27/workspace/SPEC17/619.lbm_s-2676B.champsimtrace.xz

Region of Interest Statistics

CPU 0 cumulative IPC: 0.452 instructions: 10000004 cycles: 22122223
CPU 0 Branch Prediction Accuracy: 95.39% MPKI: 0.8059 Average ROB Occupancy at Mispredict: 214
Branch type MPKI
BRANCH_DIRECT_JUMP: 0
BRANCH_INDIRECT: 0
BRANCH_CONDITIONAL: 0.8059
BRANCH_DIRECT_CALL: 0
BRANCH_INDIRECT_CALL: 0
BRANCH_RETURN: 0

cpu0->cpu0_STLB TOTAL        ACCESS:      13234 HIT:       6052 MISS:       7182 MSHR_MERGE:          0
cpu0->cpu0_STLB LOAD         ACCESS:      13234 HIT:       6052 MISS:       7182 MSHR_MERGE:          0
cpu0->cpu0_STLB RFO          ACCESS:          0 HIT:          0 MISS:          0 MSHR_MERGE:          0
cpu0->cpu0_STLB PREFETCH     ACCESS:          0 HIT:          0 MISS:          0 MSHR_MERGE:          0
cpu0->cpu0_STLB WRITE        ACCESS:          0 HIT:          0 MISS:          0 MSHR_MERGE:          0
cpu0->cpu0_STLB TRANSLATION  ACCESS:          0 HIT:          0 MISS:          0 MSHR_MERGE:          0
cpu0->cpu0_STLB PREFETCH REQUESTED:          0 ISSUED:          0 USEFUL:          0 USELESS:          0
cpu0->cpu0_STLB AVERAGE MISS LATENCY: 1076 cycles
cpu0->cpu0_L2C TOTAL        ACCESS:    1418642 HIT:     939969 MISS:     478673 MSHR_MERGE:          0
cpu0->cpu0_L2C LOAD         ACCESS:     114889 HIT:          4 MISS:     114885 MSHR_MERGE:          0
cpu0->cpu0_L2C RFO          ACCESS:     647826 HIT:     292126 MISS:     355700 MSHR_MERGE:          0
cpu0->cpu0_L2C PREFETCH     ACCESS:          0 HIT:          0 MISS:          0 MSHR_MERGE:          0
cpu0->cpu0_L2C WRITE        ACCESS:     647838 HIT:     647838 MISS:          0 MSHR_MERGE:          0
cpu0->cpu0_L2C TRANSLATION  ACCESS:       8089 HIT:          1 MISS:       8088 MSHR_MERGE:          0
cpu0->cpu0_L2C PREFETCH REQUESTED:          0 ISSUED:          0 USEFUL:          0 USELESS:          0
cpu0->cpu0_L2C AVERAGE MISS LATENCY: 489.4 cycles
cpu0->cpu0_L1I TOTAL        ACCESS:    1567943 HIT:    1567943 MISS:          0 MSHR_MERGE:          0
cpu0->cpu0_L1I LOAD         ACCESS:    1567943 HIT:    1567943 MISS:          0 MSHR_MERGE:          0
cpu0->cpu0_L1I RFO          ACCESS:          0 HIT:          0 MISS:          0 MSHR_MERGE:          0
cpu0->cpu0_L1I PREFETCH     ACCESS:          0 HIT:          0 MISS:          0 MSHR_MERGE:          0
cpu0->cpu0_L1I WRITE        ACCESS:          0 HIT:          0 MISS:          0 MSHR_MERGE:          0
cpu0->cpu0_L1I TRANSLATION  ACCESS:          0 HIT:          0 MISS:          0 MSHR_MERGE:          0
cpu0->cpu0_L1I PREFETCH REQUESTED:          0 ISSUED:          0 USEFUL:          0 USELESS:          0
cpu0->cpu0_L1I AVERAGE MISS LATENCY: - cycles
cpu0->cpu0_L1D TOTAL        ACCESS:    2457390 HIT:    1509398 MISS:     947992 MSHR_MERGE:     177174
cpu0->cpu0_L1D LOAD         ACCESS:     630771 HIT:     371125 MISS:     259646 MSHR_MERGE:     144757
cpu0->cpu0_L1D RFO          ACCESS:          0 HIT:          0 MISS:          0 MSHR_MERGE:          0
cpu0->cpu0_L1D PREFETCH     ACCESS:          0 HIT:          0 MISS:          0 MSHR_MERGE:          0
cpu0->cpu0_L1D WRITE        ACCESS:    1812246 HIT:    1131989 MISS:     680257 MSHR_MERGE:      32417
cpu0->cpu0_L1D TRANSLATION  ACCESS:      14373 HIT:       6284 MISS:       8089 MSHR_MERGE:          0
cpu0->cpu0_L1D PREFETCH REQUESTED:          0 ISSUED:          0 USEFUL:          0 USELESS:          0
cpu0->cpu0_L1D AVERAGE MISS LATENCY: 313.5 cycles
cpu0->cpu0_ITLB TOTAL        ACCESS:    1161851 HIT:    1161851 MISS:          0 MSHR_MERGE:          0
cpu0->cpu0_ITLB LOAD         ACCESS:    1161851 HIT:    1161851 MISS:          0 MSHR_MERGE:          0
cpu0->cpu0_ITLB RFO          ACCESS:          0 HIT:          0 MISS:          0 MSHR_MERGE:          0
cpu0->cpu0_ITLB PREFETCH     ACCESS:          0 HIT:          0 MISS:          0 MSHR_MERGE:          0
cpu0->cpu0_ITLB WRITE        ACCESS:          0 HIT:          0 MISS:          0 MSHR_MERGE:          0
cpu0->cpu0_ITLB TRANSLATION  ACCESS:          0 HIT:          0 MISS:          0 MSHR_MERGE:          0
cpu0->cpu0_ITLB PREFETCH REQUESTED:          0 ISSUED:          0 USEFUL:          0 USELESS:          0
cpu0->cpu0_ITLB AVERAGE MISS LATENCY: - cycles
cpu0->cpu0_DTLB TOTAL        ACCESS:    2304416 HIT:    2258835 MISS:      45581 MSHR_MERGE:      32347
cpu0->cpu0_DTLB LOAD         ACCESS:    2304416 HIT:    2258835 MISS:      45581 MSHR_MERGE:      32347
cpu0->cpu0_DTLB RFO          ACCESS:          0 HIT:          0 MISS:          0 MSHR_MERGE:          0
cpu0->cpu0_DTLB PREFETCH     ACCESS:          0 HIT:          0 MISS:          0 MSHR_MERGE:          0
cpu0->cpu0_DTLB WRITE        ACCESS:          0 HIT:          0 MISS:          0 MSHR_MERGE:          0
cpu0->cpu0_DTLB TRANSLATION  ACCESS:          0 HIT:          0 MISS:          0 MSHR_MERGE:          0
cpu0->cpu0_DTLB PREFETCH REQUESTED:          0 ISSUED:          0 USEFUL:          0 USELESS:          0
cpu0->cpu0_DTLB AVERAGE MISS LATENCY: 589.7 cycles
cpu0->LLC TOTAL        ACCESS:     834365 HIT:     366792 MISS:     467573 MSHR_MERGE:          0
cpu0->LLC LOAD         ACCESS:     114885 HIT:          7 MISS:     114878 MSHR_MERGE:          0
cpu0->LLC RFO          ACCESS:     355700 HIT:      11098 MISS:     344602 MSHR_MERGE:          0
cpu0->LLC PREFETCH     ACCESS:          0 HIT:          0 MISS:          0 MSHR_MERGE:          0
cpu0->LLC WRITE        ACCESS:     355692 HIT:     355687 MISS:          5 MSHR_MERGE:          0
cpu0->LLC TRANSLATION  ACCESS:       8088 HIT:          0 MISS:       8088 MSHR_MERGE:          0
cpu0->LLC PREFETCH REQUESTED:          0 ISSUED:          0 USEFUL:          0 USELESS:          0
cpu0->LLC AVERAGE MISS LATENCY: 484.5 cycles

DRAM Statistics

Channel 0 RQ ROW_BUFFER_HIT:      25264
  ROW_BUFFER_MISS:     442303
  AVG DBUS CONGESTED CYCLE: 7.27
Channel 0 WQ ROW_BUFFER_HIT:      54589
  ROW_BUFFER_MISS:     290037
  FULL:          0
Channel 0 REFRESHES ISSUED:       1844
