[VMEM] WARNING: physical memory size is smaller than virtual memory size.

*** ChampSim Multicore Out-of-Order Simulator ***
Warmup Instructions: 2000000
Simulation Instructions: 10000000
Number of CPUs: 1
Page size: 4096

Off-chip DRAM Size: 16 GiB Channels: 1 Width: 64-bit Data Rate: 3205 MT/s
Warmup finished CPU 0 instructions: 2000000 cycles: 742813 cumulative IPC: 2.692 (Simulation time: 00 hr 00 min 08 sec)
Warmup complete CPU 0 instructions: 2000000 cycles: 742813 cumulative IPC: 2.692 (Simulation time: 00 hr 00 min 08 sec)
Heartbeat CPU 0 instructions: 10000003 cycles: 18628631 heartbeat IPC: 0.5368 cumulative IPC: 0.4473 (Simulation time: 00 hr 02 min 37 sec)
Simulation finished CPU 0 instructions: 10000004 cycles: 22209821 cumulative IPC: 0.4503 (Simulation time: 00 hr 03 min 12 sec)
Simulation complete CPU 0 instructions: 10000004 cycles: 22209821 cumulative IPC: 0.4503 (Simulation time: 00 hr 03 min 12 sec)

ChampSim completed all CPUs

=== Simulation ===
CPU 0 runs /home/tandonmitul27/workspace/SPEC17/619.lbm_s-4268B.champsimtrace.xz

Region of Interest Statistics

CPU 0 cumulative IPC: 0.4503 instructions: 10000004 cycles: 22209821
CPU 0 Branch Prediction Accuracy: 95.15% MPKI: 0.8519 Average ROB Occupancy at Mispredict: 213.6
Branch type MPKI
BRANCH_DIRECT_JUMP: 0
BRANCH_INDIRECT: 0
BRANCH_CONDITIONAL: 0.8519
BRANCH_DIRECT_CALL: 0
BRANCH_INDIRECT_CALL: 0
BRANCH_RETURN: 0

cpu0->cpu0_STLB TOTAL        ACCESS:      13287 HIT:       6075 MISS:       7212 MSHR_MERGE:          0
cpu0->cpu0_STLB LOAD         ACCESS:      13287 HIT:       6075 MISS:       7212 MSHR_MERGE:          0
cpu0->cpu0_STLB RFO          ACCESS:          0 HIT:          0 MISS:          0 MSHR_MERGE:          0
cpu0->cpu0_STLB PREFETCH     ACCESS:          0 HIT:          0 MISS:          0 MSHR_MERGE:          0
cpu0->cpu0_STLB WRITE        ACCESS:          0 HIT:          0 MISS:          0 MSHR_MERGE:          0
cpu0->cpu0_STLB TRANSLATION  ACCESS:          0 HIT:          0 MISS:          0 MSHR_MERGE:          0
cpu0->cpu0_STLB PREFETCH REQUESTED:          0 ISSUED:          0 USEFUL:          0 USELESS:          0
cpu0->cpu0_STLB AVERAGE MISS LATENCY: 1061 cycles
cpu0->cpu0_L2C TOTAL        ACCESS:    1426552 HIT:     945853 MISS:     480699 MSHR_MERGE:          0
cpu0->cpu0_L2C LOAD         ACCESS:     115354 HIT:          7 MISS:     115347 MSHR_MERGE:          0
cpu0->cpu0_L2C RFO          ACCESS:     651527 HIT:     294298 MISS:     357229 MSHR_MERGE:          0
cpu0->cpu0_L2C PREFETCH     ACCESS:          0 HIT:          0 MISS:          0 MSHR_MERGE:          0
cpu0->cpu0_L2C WRITE        ACCESS:     651547 HIT:     651547 MISS:          0 MSHR_MERGE:          0
cpu0->cpu0_L2C TRANSLATION  ACCESS:       8124 HIT:          1 MISS:       8123 MSHR_MERGE:          0
cpu0->cpu0_L2C PREFETCH REQUESTED:          0 ISSUED:          0 USEFUL:          0 USELESS:          0
cpu0->cpu0_L2C AVERAGE MISS LATENCY: 489.2 cycles
cpu0->cpu0_L1I TOTAL        ACCESS:    1556688 HIT:    1556688 MISS:          0 MSHR_MERGE:          0
cpu0->cpu0_L1I LOAD         ACCESS:    1556688 HIT:    1556688 MISS:          0 MSHR_MERGE:          0
cpu0->cpu0_L1I RFO          ACCESS:          0 HIT:          0 MISS:          0 MSHR_MERGE:          0
cpu0->cpu0_L1I PREFETCH     ACCESS:          0 HIT:          0 MISS:          0 MSHR_MERGE:          0
cpu0->cpu0_L1I WRITE        ACCESS:          0 HIT:          0 MISS:          0 MSHR_MERGE:          0
cpu0->cpu0_L1I TRANSLATION  ACCESS:          0 HIT:          0 MISS:          0 MSHR_MERGE:          0
cpu0->cpu0_L1I PREFETCH REQUESTED:          0 ISSUED:          0 USEFUL:          0 USELESS:          0
cpu0->cpu0_L1I AVERAGE MISS LATENCY: - cycles
cpu0->cpu0_L1D TOTAL        ACCESS:    2461508 HIT:    1508737 MISS:     952771 MSHR_MERGE:     177744
cpu0->cpu0_L1D LOAD         ACCESS:     632997 HIT:     370828 MISS:     262169 MSHR_MERGE:     146815
cpu0->cpu0_L1D RFO          ACCESS:          0 HIT:          0 MISS:          0 MSHR_MERGE:          0
cpu0->cpu0_L1D PREFETCH     ACCESS:          0 HIT:          0 MISS:          0 MSHR_MERGE:          0
cpu0->cpu0_L1D WRITE        ACCESS:    1814076 HIT:    1131598 MISS:     682478 MSHR_MERGE:      30929
cpu0->cpu0_L1D TRANSLATION  ACCESS:      14435 HIT:       6311 MISS:       8124 MSHR_MERGE:          0
cpu0->cpu0_L1D PREFETCH REQUESTED:          0 ISSUED:          0 USEFUL:          0 USELESS:          0
cpu0->cpu0_L1D AVERAGE MISS LATENCY: 313 cycles
cpu0->cpu0_ITLB TOTAL        ACCESS:    1152734 HIT:    1152734 MISS:          0 MSHR_MERGE:          0
cpu0->cpu0_ITLB LOAD         ACCESS:    1152734 HIT:    1152734 MISS:          0 MSHR_MERGE:          0
cpu0->cpu0_ITLB RFO          ACCESS:          0 HIT:          0 MISS:          0 MSHR_MERGE:          0
cpu0->cpu0_ITLB PREFETCH     ACCESS:          0 HIT:          0 MISS:          0 MSHR_MERGE:          0
cpu0->cpu0_ITLB WRITE        ACCESS:          0 HIT:          0 MISS:          0 MSHR_MERGE:          0
cpu0->cpu0_ITLB TRANSLATION  ACCESS:          0 HIT:          0 MISS:          0 MSHR_MERGE:          0
cpu0->cpu0_ITLB PREFETCH REQUESTED:          0 ISSUED:          0 USEFUL:          0 USELESS:          0
cpu0->cpu0_ITLB AVERAGE MISS LATENCY: - cycles
cpu0->cpu0_DTLB TOTAL        ACCESS:    2309573 HIT:    2264165 MISS:      45408 MSHR_MERGE:      32120
cpu0->cpu0_DTLB LOAD         ACCESS:    2309573 HIT:    2264165 MISS:      45408 MSHR_MERGE:      32120
cpu0->cpu0_DTLB RFO          ACCESS:          0 HIT:          0 MISS:          0 MSHR_MERGE:          0
cpu0->cpu0_DTLB PREFETCH     ACCESS:          0 HIT:          0 MISS:          0 MSHR_MERGE:          0
cpu0->cpu0_DTLB WRITE        ACCESS:          0 HIT:          0 MISS:          0 MSHR_MERGE:          0
cpu0->cpu0_DTLB TRANSLATION  ACCESS:          0 HIT:          0 MISS:          0 MSHR_MERGE:          0
cpu0->cpu0_DTLB PREFETCH REQUESTED:          0 ISSUED:          0 USEFUL:          0 USELESS:          0
cpu0->cpu0_DTLB AVERAGE MISS LATENCY: 581.3 cycles
cpu0->LLC TOTAL        ACCESS:     837621 HIT:     368168 MISS:     469453 MSHR_MERGE:          0
cpu0->LLC LOAD         ACCESS:     115347 HIT:          5 MISS:     115342 MSHR_MERGE:          0
cpu0->LLC RFO          ACCESS:     357228 HIT:      11238 MISS:     345990 MSHR_MERGE:          0
cpu0->LLC PREFETCH     ACCESS:          0 HIT:          0 MISS:          0 MSHR_MERGE:          0
cpu0->LLC WRITE        ACCESS:     356923 HIT:     356923 MISS:          0 MSHR_MERGE:          0
cpu0->LLC TRANSLATION  ACCESS:       8123 HIT:          2 MISS:       8121 MSHR_MERGE:          0
cpu0->LLC PREFETCH REQUESTED:          0 ISSUED:          0 USEFUL:          0 USELESS:          0
cpu0->LLC AVERAGE MISS LATENCY: 484.5 cycles

DRAM Statistics

Channel 0 RQ ROW_BUFFER_HIT:      24848
  ROW_BUFFER_MISS:     444605
  AVG DBUS CONGESTED CYCLE: 7.249
Channel 0 WQ ROW_BUFFER_HIT:      55212
  ROW_BUFFER_MISS:     291063
  FULL:          0
Channel 0 REFRESHES ISSUED:       1851
