[VMEM] WARNING: physical memory size is smaller than virtual memory size.

*** ChampSim Multicore Out-of-Order Simulator ***
Warmup Instructions: 2000000
Simulation Instructions: 10000000
Number of CPUs: 1
Page size: 4096

Off-chip DRAM Size: 16 GiB Channels: 1 Width: 64-bit Data Rate: 3205 MT/s
Warmup finished CPU 0 instructions: 2000000 cycles: 1508208 cumulative IPC: 1.326 (Simulation time: 00 hr 00 min 16 sec)
Warmup complete CPU 0 instructions: 2000000 cycles: 1508208 cumulative IPC: 1.326 (Simulation time: 00 hr 00 min 16 sec)
Heartbeat CPU 0 instructions: 10000004 cycles: 32744049 heartbeat IPC: 0.3054 cumulative IPC: 0.2561 (Simulation time: 00 hr 02 min 52 sec)
Simulation finished CPU 0 instructions: 10000002 cycles: 38882181 cumulative IPC: 0.2572 (Simulation time: 00 hr 03 min 29 sec)
Simulation complete CPU 0 instructions: 10000002 cycles: 38882181 cumulative IPC: 0.2572 (Simulation time: 00 hr 03 min 29 sec)

ChampSim completed all CPUs

=== Simulation ===
CPU 0 runs /home/tandonmitul27/workspace/SPEC17/620.omnetpp_s-141B.champsimtrace.xz

Region of Interest Statistics

CPU 0 cumulative IPC: 0.2572 instructions: 10000002 cycles: 38882181
CPU 0 Branch Prediction Accuracy: 93.12% MPKI: 14.45 Average ROB Occupancy at Mispredict: 44.24
Branch type MPKI
BRANCH_DIRECT_JUMP: 0.8198
BRANCH_INDIRECT: 0.366
BRANCH_CONDITIONAL: 11.97
BRANCH_DIRECT_CALL: 0.004
BRANCH_INDIRECT_CALL: 0.8598
BRANCH_RETURN: 0.4394

cpu0->cpu0_STLB TOTAL        ACCESS:     225460 HIT:     176544 MISS:      48916 MSHR_MERGE:          0
cpu0->cpu0_STLB LOAD         ACCESS:     225460 HIT:     176544 MISS:      48916 MSHR_MERGE:          0
cpu0->cpu0_STLB RFO          ACCESS:          0 HIT:          0 MISS:          0 MSHR_MERGE:          0
cpu0->cpu0_STLB PREFETCH     ACCESS:          0 HIT:          0 MISS:          0 MSHR_MERGE:          0
cpu0->cpu0_STLB WRITE        ACCESS:          0 HIT:          0 MISS:          0 MSHR_MERGE:          0
cpu0->cpu0_STLB TRANSLATION  ACCESS:          0 HIT:          0 MISS:          0 MSHR_MERGE:          0
cpu0->cpu0_STLB PREFETCH REQUESTED:          0 ISSUED:          0 USEFUL:          0 USELESS:          0
cpu0->cpu0_STLB AVERAGE MISS LATENCY: 429.1 cycles
cpu0->cpu0_L2C TOTAL        ACCESS:     407220 HIT:     179228 MISS:     227992 MSHR_MERGE:          0
cpu0->cpu0_L2C LOAD         ACCESS:     178326 HIT:      51976 MISS:     126350 MSHR_MERGE:          0
cpu0->cpu0_L2C RFO          ACCESS:      23704 HIT:       4666 MISS:      19038 MSHR_MERGE:          0
cpu0->cpu0_L2C PREFETCH     ACCESS:          0 HIT:          0 MISS:          0 MSHR_MERGE:          0
cpu0->cpu0_L2C WRITE        ACCESS:      96247 HIT:      96019 MISS:        228 MSHR_MERGE:          0
cpu0->cpu0_L2C TRANSLATION  ACCESS:     108943 HIT:      26567 MISS:      82376 MSHR_MERGE:          0
cpu0->cpu0_L2C PREFETCH REQUESTED:          0 ISSUED:          0 USEFUL:          0 USELESS:          0
cpu0->cpu0_L2C AVERAGE MISS LATENCY: 152.9 cycles
cpu0->cpu0_L1I TOTAL        ACCESS:    1343724 HIT:    1336076 MISS:       7648 MSHR_MERGE:       1907
cpu0->cpu0_L1I LOAD         ACCESS:    1343724 HIT:    1336076 MISS:       7648 MSHR_MERGE:       1907
cpu0->cpu0_L1I RFO          ACCESS:          0 HIT:          0 MISS:          0 MSHR_MERGE:          0
cpu0->cpu0_L1I PREFETCH     ACCESS:          0 HIT:          0 MISS:          0 MSHR_MERGE:          0
cpu0->cpu0_L1I WRITE        ACCESS:          0 HIT:          0 MISS:          0 MSHR_MERGE:          0
cpu0->cpu0_L1I TRANSLATION  ACCESS:          0 HIT:          0 MISS:          0 MSHR_MERGE:          0
cpu0->cpu0_L1I PREFETCH REQUESTED:          0 ISSUED:          0 USEFUL:          0 USELESS:          0
cpu0->cpu0_L1I AVERAGE MISS LATENCY: 20.34 cycles
cpu0->cpu0_L1D TOTAL        ACCESS:    4085729 HIT:    3678661 MISS:     407068 MSHR_MERGE:     101836
cpu0->cpu0_L1D LOAD         ACCESS:    2149240 HIT:    1927496 MISS:     221744 MSHR_MERGE:      49159
cpu0->cpu0_L1D RFO          ACCESS:          0 HIT:          0 MISS:          0 MSHR_MERGE:          0
cpu0->cpu0_L1D PREFETCH     ACCESS:          0 HIT:          0 MISS:          0 MSHR_MERGE:          0
cpu0->cpu0_L1D WRITE        ACCESS:    1818539 HIT:    1742454 MISS:      76085 MSHR_MERGE:      52381
cpu0->cpu0_L1D TRANSLATION  ACCESS:     117950 HIT:       8711 MISS:     109239 MSHR_MERGE:        296
cpu0->cpu0_L1D PREFETCH REQUESTED:          0 ISSUED:          0 USEFUL:          0 USELESS:          0
cpu0->cpu0_L1D AVERAGE MISS LATENCY: 122.7 cycles
cpu0->cpu0_ITLB TOTAL        ACCESS:    1185666 HIT:    1155857 MISS:      29809 MSHR_MERGE:      14432
cpu0->cpu0_ITLB LOAD         ACCESS:    1185666 HIT:    1155857 MISS:      29809 MSHR_MERGE:      14432
cpu0->cpu0_ITLB RFO          ACCESS:          0 HIT:          0 MISS:          0 MSHR_MERGE:          0
cpu0->cpu0_ITLB PREFETCH     ACCESS:          0 HIT:          0 MISS:          0 MSHR_MERGE:          0
cpu0->cpu0_ITLB WRITE        ACCESS:          0 HIT:          0 MISS:          0 MSHR_MERGE:          0
cpu0->cpu0_ITLB TRANSLATION  ACCESS:          0 HIT:          0 MISS:          0 MSHR_MERGE:          0
cpu0->cpu0_ITLB PREFETCH REQUESTED:          0 ISSUED:          0 USEFUL:          0 USELESS:          0
cpu0->cpu0_ITLB AVERAGE MISS LATENCY: 8.234 cycles
cpu0->cpu0_DTLB TOTAL        ACCESS:    3769707 HIT:    3525343 MISS:     244364 MSHR_MERGE:      34282
cpu0->cpu0_DTLB LOAD         ACCESS:    3769707 HIT:    3525343 MISS:     244364 MSHR_MERGE:      34282
cpu0->cpu0_DTLB RFO          ACCESS:          0 HIT:          0 MISS:          0 MSHR_MERGE:          0
cpu0->cpu0_DTLB PREFETCH     ACCESS:          0 HIT:          0 MISS:          0 MSHR_MERGE:          0
cpu0->cpu0_DTLB WRITE        ACCESS:          0 HIT:          0 MISS:          0 MSHR_MERGE:          0
cpu0->cpu0_DTLB TRANSLATION  ACCESS:          0 HIT:          0 MISS:          0 MSHR_MERGE:          0
cpu0->cpu0_DTLB PREFETCH REQUESTED:          0 ISSUED:          0 USEFUL:          0 USELESS:          0
cpu0->cpu0_DTLB AVERAGE MISS LATENCY: 104.9 cycles
cpu0->LLC TOTAL        ACCESS:     300761 HIT:     134254 MISS:     166507 MSHR_MERGE:          0
cpu0->LLC LOAD         ACCESS:     126350 HIT:      29457 MISS:      96893 MSHR_MERGE:          0
cpu0->LLC RFO          ACCESS:      19038 HIT:       7022 MISS:      12016 MSHR_MERGE:          0
cpu0->LLC PREFETCH     ACCESS:          0 HIT:          0 MISS:          0 MSHR_MERGE:          0
cpu0->LLC WRITE        ACCESS:      72997 HIT:      72716 MISS:        281 MSHR_MERGE:          0
cpu0->LLC TRANSLATION  ACCESS:      82376 HIT:      25059 MISS:      57317 MSHR_MERGE:          0
cpu0->LLC PREFETCH REQUESTED:          0 ISSUED:          0 USEFUL:          0 USELESS:          0
cpu0->LLC AVERAGE MISS LATENCY: 187.8 cycles

DRAM Statistics

Channel 0 RQ ROW_BUFFER_HIT:        534
  ROW_BUFFER_MISS:     165690
  AVG DBUS CONGESTED CYCLE: 20.16
Channel 0 WQ ROW_BUFFER_HIT:      16430
  ROW_BUFFER_MISS:      35550
  FULL:          0
Channel 0 REFRESHES ISSUED:       3240
