[VMEM] WARNING: physical memory size is smaller than virtual memory size.

*** ChampSim Multicore Out-of-Order Simulator ***
Warmup Instructions: 2000000
Simulation Instructions: 10000000
Number of CPUs: 1
Page size: 4096

Off-chip DRAM Size: 16 GiB Channels: 1 Width: 64-bit Data Rate: 3205 MT/s
Warmup finished CPU 0 instructions: 2000004 cycles: 1334499 cumulative IPC: 1.499 (Simulation time: 00 hr 00 min 14 sec)
Warmup complete CPU 0 instructions: 2000004 cycles: 1334499 cumulative IPC: 1.499 (Simulation time: 00 hr 00 min 14 sec)
Heartbeat CPU 0 instructions: 10000001 cycles: 29294490 heartbeat IPC: 0.3414 cumulative IPC: 0.2861 (Simulation time: 00 hr 02 min 33 sec)
Simulation finished CPU 0 instructions: 10000000 cycles: 34610734 cumulative IPC: 0.2889 (Simulation time: 00 hr 03 min 06 sec)
Simulation complete CPU 0 instructions: 10000000 cycles: 34610734 cumulative IPC: 0.2889 (Simulation time: 00 hr 03 min 06 sec)

ChampSim completed all CPUs

=== Simulation ===
CPU 0 runs /home/tandonmitul27/workspace/SPEC17/620.omnetpp_s-874B.champsimtrace.xz

Region of Interest Statistics

CPU 0 cumulative IPC: 0.2889 instructions: 10000000 cycles: 34610734
CPU 0 Branch Prediction Accuracy: 94.11% MPKI: 12.23 Average ROB Occupancy at Mispredict: 52.84
Branch type MPKI
BRANCH_DIRECT_JUMP: 0.9051
BRANCH_INDIRECT: 0.1297
BRANCH_CONDITIONAL: 10.06
BRANCH_DIRECT_CALL: 0.0022
BRANCH_INDIRECT_CALL: 0.7379
BRANCH_RETURN: 0.3934

cpu0->cpu0_STLB TOTAL        ACCESS:     208071 HIT:     166133 MISS:      41938 MSHR_MERGE:          0
cpu0->cpu0_STLB LOAD         ACCESS:     208071 HIT:     166133 MISS:      41938 MSHR_MERGE:          0
cpu0->cpu0_STLB RFO          ACCESS:          0 HIT:          0 MISS:          0 MSHR_MERGE:          0
cpu0->cpu0_STLB PREFETCH     ACCESS:          0 HIT:          0 MISS:          0 MSHR_MERGE:          0
cpu0->cpu0_STLB WRITE        ACCESS:          0 HIT:          0 MISS:          0 MSHR_MERGE:          0
cpu0->cpu0_STLB TRANSLATION  ACCESS:          0 HIT:          0 MISS:          0 MSHR_MERGE:          0
cpu0->cpu0_STLB PREFETCH REQUESTED:          0 ISSUED:          0 USEFUL:          0 USELESS:          0
cpu0->cpu0_STLB AVERAGE MISS LATENCY: 427.4 cycles
cpu0->cpu0_L2C TOTAL        ACCESS:     385643 HIT:     183423 MISS:     202220 MSHR_MERGE:          0
cpu0->cpu0_L2C LOAD         ACCESS:     172130 HIT:      58089 MISS:     114041 MSHR_MERGE:          0
cpu0->cpu0_L2C RFO          ACCESS:      25542 HIT:       8156 MISS:      17386 MSHR_MERGE:          0
cpu0->cpu0_L2C PREFETCH     ACCESS:          0 HIT:          0 MISS:          0 MSHR_MERGE:          0
cpu0->cpu0_L2C WRITE        ACCESS:      96054 HIT:      95901 MISS:        153 MSHR_MERGE:          0
cpu0->cpu0_L2C TRANSLATION  ACCESS:      91917 HIT:      21277 MISS:      70640 MSHR_MERGE:          0
cpu0->cpu0_L2C PREFETCH REQUESTED:          0 ISSUED:          0 USEFUL:          0 USELESS:          0
cpu0->cpu0_L2C AVERAGE MISS LATENCY: 153.2 cycles
cpu0->cpu0_L1I TOTAL        ACCESS:    1379300 HIT:    1374217 MISS:       5083 MSHR_MERGE:       1271
cpu0->cpu0_L1I LOAD         ACCESS:    1379300 HIT:    1374217 MISS:       5083 MSHR_MERGE:       1271
cpu0->cpu0_L1I RFO          ACCESS:          0 HIT:          0 MISS:          0 MSHR_MERGE:          0
cpu0->cpu0_L1I PREFETCH     ACCESS:          0 HIT:          0 MISS:          0 MSHR_MERGE:          0
cpu0->cpu0_L1I WRITE        ACCESS:          0 HIT:          0 MISS:          0 MSHR_MERGE:          0
cpu0->cpu0_L1I TRANSLATION  ACCESS:          0 HIT:          0 MISS:          0 MSHR_MERGE:          0
cpu0->cpu0_L1I PREFETCH REQUESTED:          0 ISSUED:          0 USEFUL:          0 USELESS:          0
cpu0->cpu0_L1I AVERAGE MISS LATENCY: 20.34 cycles
cpu0->cpu0_L1D TOTAL        ACCESS:    4008736 HIT:    3627633 MISS:     381103 MSHR_MERGE:      95326
cpu0->cpu0_L1D LOAD         ACCESS:    2089468 HIT:    1874968 MISS:     214500 MSHR_MERGE:      46182
cpu0->cpu0_L1D RFO          ACCESS:          0 HIT:          0 MISS:          0 MSHR_MERGE:          0
cpu0->cpu0_L1D PREFETCH     ACCESS:          0 HIT:          0 MISS:          0 MSHR_MERGE:          0
cpu0->cpu0_L1D WRITE        ACCESS:    1819436 HIT:    1745012 MISS:      74424 MSHR_MERGE:      48882
cpu0->cpu0_L1D TRANSLATION  ACCESS:      99832 HIT:       7653 MISS:      92179 MSHR_MERGE:        262
cpu0->cpu0_L1D PREFETCH REQUESTED:          0 ISSUED:          0 USEFUL:          0 USELESS:          0
cpu0->cpu0_L1D AVERAGE MISS LATENCY: 116.9 cycles
cpu0->cpu0_ITLB TOTAL        ACCESS:    1217259 HIT:    1186016 MISS:      31243 MSHR_MERGE:      14859
cpu0->cpu0_ITLB LOAD         ACCESS:    1217259 HIT:    1186016 MISS:      31243 MSHR_MERGE:      14859
cpu0->cpu0_ITLB RFO          ACCESS:          0 HIT:          0 MISS:          0 MSHR_MERGE:          0
cpu0->cpu0_ITLB PREFETCH     ACCESS:          0 HIT:          0 MISS:          0 MSHR_MERGE:          0
cpu0->cpu0_ITLB WRITE        ACCESS:          0 HIT:          0 MISS:          0 MSHR_MERGE:          0
cpu0->cpu0_ITLB TRANSLATION  ACCESS:          0 HIT:          0 MISS:          0 MSHR_MERGE:          0
cpu0->cpu0_ITLB PREFETCH REQUESTED:          0 ISSUED:          0 USEFUL:          0 USELESS:          0
cpu0->cpu0_ITLB AVERAGE MISS LATENCY: 8.165 cycles
cpu0->cpu0_DTLB TOTAL        ACCESS:    3696974 HIT:    3474728 MISS:     222246 MSHR_MERGE:      30558
cpu0->cpu0_DTLB LOAD         ACCESS:    3696974 HIT:    3474728 MISS:     222246 MSHR_MERGE:      30558
cpu0->cpu0_DTLB RFO          ACCESS:          0 HIT:          0 MISS:          0 MSHR_MERGE:          0
cpu0->cpu0_DTLB PREFETCH     ACCESS:          0 HIT:          0 MISS:          0 MSHR_MERGE:          0
cpu0->cpu0_DTLB WRITE        ACCESS:          0 HIT:          0 MISS:          0 MSHR_MERGE:          0
cpu0->cpu0_DTLB TRANSLATION  ACCESS:          0 HIT:          0 MISS:          0 MSHR_MERGE:          0
cpu0->cpu0_DTLB PREFETCH REQUESTED:          0 ISSUED:          0 USEFUL:          0 USELESS:          0
cpu0->cpu0_DTLB AVERAGE MISS LATENCY: 98.46 cycles
cpu0->LLC TOTAL        ACCESS:     268025 HIT:     119761 MISS:     148264 MSHR_MERGE:          0
cpu0->LLC LOAD         ACCESS:     114041 HIT:      25100 MISS:      88941 MSHR_MERGE:          0
cpu0->LLC RFO          ACCESS:      17386 HIT:       7335 MISS:      10051 MSHR_MERGE:          0
cpu0->LLC PREFETCH     ACCESS:          0 HIT:          0 MISS:          0 MSHR_MERGE:          0
cpu0->LLC WRITE        ACCESS:      65958 HIT:      65664 MISS:        294 MSHR_MERGE:          0
cpu0->LLC TRANSLATION  ACCESS:      70640 HIT:      21662 MISS:      48978 MSHR_MERGE:          0
cpu0->LLC PREFETCH REQUESTED:          0 ISSUED:          0 USEFUL:          0 USELESS:          0
cpu0->LLC AVERAGE MISS LATENCY: 187.5 cycles

DRAM Statistics

Channel 0 RQ ROW_BUFFER_HIT:        633
  ROW_BUFFER_MISS:     147334
  AVG DBUS CONGESTED CYCLE: 20.13
Channel 0 WQ ROW_BUFFER_HIT:      14900
  ROW_BUFFER_MISS:      31712
  FULL:          0
Channel 0 REFRESHES ISSUED:       2884
