[VMEM] WARNING: physical memory size is smaller than virtual memory size.

*** ChampSim Multicore Out-of-Order Simulator ***
Warmup Instructions: 2000000
Simulation Instructions: 10000000
Number of CPUs: 1
Page size: 4096

Off-chip DRAM Size: 16 GiB Channels: 1 Width: 64-bit Data Rate: 3205 MT/s
Warmup finished CPU 0 instructions: 2000000 cycles: 642966 cumulative IPC: 3.111 (Simulation time: 00 hr 00 min 07 sec)
Warmup complete CPU 0 instructions: 2000000 cycles: 642966 cumulative IPC: 3.111 (Simulation time: 00 hr 00 min 07 sec)
Heartbeat CPU 0 instructions: 10000003 cycles: 8411912 heartbeat IPC: 1.189 cumulative IPC: 1.03 (Simulation time: 00 hr 01 min 06 sec)
Simulation finished CPU 0 instructions: 10000000 cycles: 10615231 cumulative IPC: 0.942 (Simulation time: 00 hr 01 min 25 sec)
Simulation complete CPU 0 instructions: 10000000 cycles: 10615231 cumulative IPC: 0.942 (Simulation time: 00 hr 01 min 25 sec)

ChampSim completed all CPUs

=== Simulation ===
CPU 0 runs /home/tandonmitul27/workspace/SPEC17/621.wrf_s-6673B.champsimtrace.xz

Region of Interest Statistics

CPU 0 cumulative IPC: 0.942 instructions: 10000000 cycles: 10615231
CPU 0 Branch Prediction Accuracy: 98.26% MPKI: 1.282 Average ROB Occupancy at Mispredict: 193.2
Branch type MPKI
BRANCH_DIRECT_JUMP: 0.0001
BRANCH_INDIRECT: 0
BRANCH_CONDITIONAL: 1.282
BRANCH_DIRECT_CALL: 0.0002
BRANCH_INDIRECT_CALL: 0
BRANCH_RETURN: 0.0002

cpu0->cpu0_STLB TOTAL        ACCESS:       3410 HIT:       2430 MISS:        980 MSHR_MERGE:          0
cpu0->cpu0_STLB LOAD         ACCESS:       3410 HIT:       2430 MISS:        980 MSHR_MERGE:          0
cpu0->cpu0_STLB RFO          ACCESS:          0 HIT:          0 MISS:          0 MSHR_MERGE:          0
cpu0->cpu0_STLB PREFETCH     ACCESS:          0 HIT:          0 MISS:          0 MSHR_MERGE:          0
cpu0->cpu0_STLB WRITE        ACCESS:          0 HIT:          0 MISS:          0 MSHR_MERGE:          0
cpu0->cpu0_STLB TRANSLATION  ACCESS:          0 HIT:          0 MISS:          0 MSHR_MERGE:          0
cpu0->cpu0_STLB PREFETCH REQUESTED:          0 ISSUED:          0 USEFUL:          0 USELESS:          0
cpu0->cpu0_STLB AVERAGE MISS LATENCY: 670.8 cycles
cpu0->cpu0_L2C TOTAL        ACCESS:      82521 HIT:      16639 MISS:      65882 MSHR_MERGE:          0
cpu0->cpu0_L2C LOAD         ACCESS:      65754 HIT:       1067 MISS:      64687 MSHR_MERGE:          0
cpu0->cpu0_L2C RFO          ACCESS:         68 HIT:         49 MISS:         19 MSHR_MERGE:          0
cpu0->cpu0_L2C PREFETCH     ACCESS:          0 HIT:          0 MISS:          0 MSHR_MERGE:          0
cpu0->cpu0_L2C WRITE        ACCESS:      15526 HIT:      15512 MISS:         14 MSHR_MERGE:          0
cpu0->cpu0_L2C TRANSLATION  ACCESS:       1173 HIT:         11 MISS:       1162 MSHR_MERGE:          0
cpu0->cpu0_L2C PREFETCH REQUESTED:          0 ISSUED:          0 USEFUL:          0 USELESS:          0
cpu0->cpu0_L2C AVERAGE MISS LATENCY: 215.2 cycles
cpu0->cpu0_L1I TOTAL        ACCESS:    1750523 HIT:    1750346 MISS:        177 MSHR_MERGE:         68
cpu0->cpu0_L1I LOAD         ACCESS:    1750523 HIT:    1750346 MISS:        177 MSHR_MERGE:         68
cpu0->cpu0_L1I RFO          ACCESS:          0 HIT:          0 MISS:          0 MSHR_MERGE:          0
cpu0->cpu0_L1I PREFETCH     ACCESS:          0 HIT:          0 MISS:          0 MSHR_MERGE:          0
cpu0->cpu0_L1I WRITE        ACCESS:          0 HIT:          0 MISS:          0 MSHR_MERGE:          0
cpu0->cpu0_L1I TRANSLATION  ACCESS:          0 HIT:          0 MISS:          0 MSHR_MERGE:          0
cpu0->cpu0_L1I PREFETCH REQUESTED:          0 ISSUED:          0 USEFUL:          0 USELESS:          0
cpu0->cpu0_L1I AVERAGE MISS LATENCY: 228.4 cycles
cpu0->cpu0_L1D TOTAL        ACCESS:    3718015 HIT:    3613771 MISS:     104244 MSHR_MERGE:      37357
cpu0->cpu0_L1D LOAD         ACCESS:    3418022 HIT:    3315077 MISS:     102945 MSHR_MERGE:      37300
cpu0->cpu0_L1D RFO          ACCESS:          0 HIT:          0 MISS:          0 MSHR_MERGE:          0
cpu0->cpu0_L1D PREFETCH     ACCESS:          0 HIT:          0 MISS:          0 MSHR_MERGE:          0
cpu0->cpu0_L1D WRITE        ACCESS:     298027 HIT:     297906 MISS:        121 MSHR_MERGE:         52
cpu0->cpu0_L1D TRANSLATION  ACCESS:       1966 HIT:        788 MISS:       1178 MSHR_MERGE:          5
cpu0->cpu0_L1D PREFETCH REQUESTED:          0 ISSUED:          0 USEFUL:          0 USELESS:          0
cpu0->cpu0_L1D AVERAGE MISS LATENCY: 220.6 cycles
cpu0->cpu0_ITLB TOTAL        ACCESS:    1523620 HIT:    1523599 MISS:         21 MSHR_MERGE:         17
cpu0->cpu0_ITLB LOAD         ACCESS:    1523620 HIT:    1523599 MISS:         21 MSHR_MERGE:         17
cpu0->cpu0_ITLB RFO          ACCESS:          0 HIT:          0 MISS:          0 MSHR_MERGE:          0
cpu0->cpu0_ITLB PREFETCH     ACCESS:          0 HIT:          0 MISS:          0 MSHR_MERGE:          0
cpu0->cpu0_ITLB WRITE        ACCESS:          0 HIT:          0 MISS:          0 MSHR_MERGE:          0
cpu0->cpu0_ITLB TRANSLATION  ACCESS:          0 HIT:          0 MISS:          0 MSHR_MERGE:          0
cpu0->cpu0_ITLB PREFETCH REQUESTED:          0 ISSUED:          0 USEFUL:          0 USELESS:          0
cpu0->cpu0_ITLB AVERAGE MISS LATENCY: 859.2 cycles
cpu0->cpu0_DTLB TOTAL        ACCESS:    3599316 HIT:    3594129 MISS:       5187 MSHR_MERGE:       1781
cpu0->cpu0_DTLB LOAD         ACCESS:    3599316 HIT:    3594129 MISS:       5187 MSHR_MERGE:       1781
cpu0->cpu0_DTLB RFO          ACCESS:          0 HIT:          0 MISS:          0 MSHR_MERGE:          0
cpu0->cpu0_DTLB PREFETCH     ACCESS:          0 HIT:          0 MISS:          0 MSHR_MERGE:          0
cpu0->cpu0_DTLB WRITE        ACCESS:          0 HIT:          0 MISS:          0 MSHR_MERGE:          0
cpu0->cpu0_DTLB TRANSLATION  ACCESS:          0 HIT:          0 MISS:          0 MSHR_MERGE:          0
cpu0->cpu0_DTLB PREFETCH REQUESTED:          0 ISSUED:          0 USEFUL:          0 USELESS:          0
cpu0->cpu0_DTLB AVERAGE MISS LATENCY: 197.3 cycles
cpu0->LLC TOTAL        ACCESS:      83686 HIT:      19413 MISS:      64273 MSHR_MERGE:          0
cpu0->LLC LOAD         ACCESS:      64687 HIT:       1596 MISS:      63091 MSHR_MERGE:          0
cpu0->LLC RFO          ACCESS:         19 HIT:          4 MISS:         15 MSHR_MERGE:          0
cpu0->LLC PREFETCH     ACCESS:          0 HIT:          0 MISS:          0 MSHR_MERGE:          0
cpu0->LLC WRITE        ACCESS:      17818 HIT:      17807 MISS:         11 MSHR_MERGE:          0
cpu0->LLC TRANSLATION  ACCESS:       1162 HIT:          6 MISS:       1156 MSHR_MERGE:          0
cpu0->LLC PREFETCH REQUESTED:          0 ISSUED:          0 USEFUL:          0 USELESS:          0
cpu0->LLC AVERAGE MISS LATENCY: 204.2 cycles

DRAM Statistics

Channel 0 RQ ROW_BUFFER_HIT:         14
  ROW_BUFFER_MISS:      64248
  AVG DBUS CONGESTED CYCLE: 10.28
Channel 0 WQ ROW_BUFFER_HIT:       2933
  ROW_BUFFER_MISS:      16522
  FULL:          0
Channel 0 REFRESHES ISSUED:        885
