[VMEM] WARNING: physical memory size is smaller than virtual memory size.

*** ChampSim Multicore Out-of-Order Simulator ***
Warmup Instructions: 2000000
Simulation Instructions: 10000000
Number of CPUs: 1
Page size: 4096

Off-chip DRAM Size: 16 GiB Channels: 1 Width: 64-bit Data Rate: 3205 MT/s
Warmup finished CPU 0 instructions: 2000003 cycles: 505149 cumulative IPC: 3.959 (Simulation time: 00 hr 00 min 06 sec)
Warmup complete CPU 0 instructions: 2000003 cycles: 505149 cumulative IPC: 3.959 (Simulation time: 00 hr 00 min 06 sec)
Heartbeat CPU 0 instructions: 10000000 cycles: 6663068 heartbeat IPC: 1.501 cumulative IPC: 1.299 (Simulation time: 00 hr 00 min 46 sec)
Simulation finished CPU 0 instructions: 10000003 cycles: 7660060 cumulative IPC: 1.305 (Simulation time: 00 hr 00 min 56 sec)
Simulation complete CPU 0 instructions: 10000003 cycles: 7660060 cumulative IPC: 1.305 (Simulation time: 00 hr 00 min 56 sec)

ChampSim completed all CPUs

=== Simulation ===
CPU 0 runs /home/tandonmitul27/workspace/SPEC17/621.wrf_s-575B.champsimtrace.xz

Region of Interest Statistics

CPU 0 cumulative IPC: 1.305 instructions: 10000003 cycles: 7660060
CPU 0 Branch Prediction Accuracy: 93.05% MPKI: 9.314 Average ROB Occupancy at Mispredict: 67.18
Branch type MPKI
BRANCH_DIRECT_JUMP: 0.0016
BRANCH_INDIRECT: 0
BRANCH_CONDITIONAL: 9.283
BRANCH_DIRECT_CALL: 0.0078
BRANCH_INDIRECT_CALL: 0
BRANCH_RETURN: 0.021

cpu0->cpu0_STLB TOTAL        ACCESS:        231 HIT:        168 MISS:         63 MSHR_MERGE:          0
cpu0->cpu0_STLB LOAD         ACCESS:        231 HIT:        168 MISS:         63 MSHR_MERGE:          0
cpu0->cpu0_STLB RFO          ACCESS:          0 HIT:          0 MISS:          0 MSHR_MERGE:          0
cpu0->cpu0_STLB PREFETCH     ACCESS:          0 HIT:          0 MISS:          0 MSHR_MERGE:          0
cpu0->cpu0_STLB WRITE        ACCESS:          0 HIT:          0 MISS:          0 MSHR_MERGE:          0
cpu0->cpu0_STLB TRANSLATION  ACCESS:          0 HIT:          0 MISS:          0 MSHR_MERGE:          0
cpu0->cpu0_STLB PREFETCH REQUESTED:          0 ISSUED:          0 USEFUL:          0 USELESS:          0
cpu0->cpu0_STLB AVERAGE MISS LATENCY: 924.6 cycles
cpu0->cpu0_L2C TOTAL        ACCESS:        953 HIT:         60 MISS:        893 MSHR_MERGE:          0
cpu0->cpu0_L2C LOAD         ACCESS:        523 HIT:         24 MISS:        499 MSHR_MERGE:          0
cpu0->cpu0_L2C RFO          ACCESS:        270 HIT:          4 MISS:        266 MSHR_MERGE:          0
cpu0->cpu0_L2C PREFETCH     ACCESS:          0 HIT:          0 MISS:          0 MSHR_MERGE:          0
cpu0->cpu0_L2C WRITE        ACCESS:         32 HIT:         32 MISS:          0 MSHR_MERGE:          0
cpu0->cpu0_L2C TRANSLATION  ACCESS:        128 HIT:          0 MISS:        128 MSHR_MERGE:          0
cpu0->cpu0_L2C PREFETCH REQUESTED:          0 ISSUED:          0 USEFUL:          0 USELESS:          0
cpu0->cpu0_L2C AVERAGE MISS LATENCY: 205.5 cycles
cpu0->cpu0_L1I TOTAL        ACCESS:     217414 HIT:     217019 MISS:        395 MSHR_MERGE:        119
cpu0->cpu0_L1I LOAD         ACCESS:     217414 HIT:     217019 MISS:        395 MSHR_MERGE:        119
cpu0->cpu0_L1I RFO          ACCESS:          0 HIT:          0 MISS:          0 MSHR_MERGE:          0
cpu0->cpu0_L1I PREFETCH     ACCESS:          0 HIT:          0 MISS:          0 MSHR_MERGE:          0
cpu0->cpu0_L1I WRITE        ACCESS:          0 HIT:          0 MISS:          0 MSHR_MERGE:          0
cpu0->cpu0_L1I TRANSLATION  ACCESS:          0 HIT:          0 MISS:          0 MSHR_MERGE:          0
cpu0->cpu0_L1I PREFETCH REQUESTED:          0 ISSUED:          0 USEFUL:          0 USELESS:          0
cpu0->cpu0_L1I AVERAGE MISS LATENCY: 198.9 cycles
cpu0->cpu0_L1D TOTAL        ACCESS:    1848622 HIT:    1847258 MISS:       1364 MSHR_MERGE:        719
cpu0->cpu0_L1D LOAD         ACCESS:    1461021 HIT:    1460563 MISS:        458 MSHR_MERGE:        211
cpu0->cpu0_L1D RFO          ACCESS:          0 HIT:          0 MISS:          0 MSHR_MERGE:          0
cpu0->cpu0_L1D PREFETCH     ACCESS:          0 HIT:          0 MISS:          0 MSHR_MERGE:          0
cpu0->cpu0_L1D WRITE        ACCESS:     387461 HIT:     386686 MISS:        775 MSHR_MERGE:        505
cpu0->cpu0_L1D TRANSLATION  ACCESS:        140 HIT:          9 MISS:        131 MSHR_MERGE:          3
cpu0->cpu0_L1D PREFETCH REQUESTED:          0 ISSUED:          0 USEFUL:          0 USELESS:          0
cpu0->cpu0_L1D AVERAGE MISS LATENCY: 211.8 cycles
cpu0->cpu0_ITLB TOTAL        ACCESS:     180287 HIT:     180254 MISS:         33 MSHR_MERGE:         22
cpu0->cpu0_ITLB LOAD         ACCESS:     180287 HIT:     180254 MISS:         33 MSHR_MERGE:         22
cpu0->cpu0_ITLB RFO          ACCESS:          0 HIT:          0 MISS:          0 MSHR_MERGE:          0
cpu0->cpu0_ITLB PREFETCH     ACCESS:          0 HIT:          0 MISS:          0 MSHR_MERGE:          0
cpu0->cpu0_ITLB WRITE        ACCESS:          0 HIT:          0 MISS:          0 MSHR_MERGE:          0
cpu0->cpu0_ITLB TRANSLATION  ACCESS:          0 HIT:          0 MISS:          0 MSHR_MERGE:          0
cpu0->cpu0_ITLB PREFETCH REQUESTED:          0 ISSUED:          0 USEFUL:          0 USELESS:          0
cpu0->cpu0_ITLB AVERAGE MISS LATENCY: 734.6 cycles
cpu0->cpu0_DTLB TOTAL        ACCESS:    1817406 HIT:    1816945 MISS:        461 MSHR_MERGE:        241
cpu0->cpu0_DTLB LOAD         ACCESS:    1817406 HIT:    1816945 MISS:        461 MSHR_MERGE:        241
cpu0->cpu0_DTLB RFO          ACCESS:          0 HIT:          0 MISS:          0 MSHR_MERGE:          0
cpu0->cpu0_DTLB PREFETCH     ACCESS:          0 HIT:          0 MISS:          0 MSHR_MERGE:          0
cpu0->cpu0_DTLB WRITE        ACCESS:          0 HIT:          0 MISS:          0 MSHR_MERGE:          0
cpu0->cpu0_DTLB TRANSLATION  ACCESS:          0 HIT:          0 MISS:          0 MSHR_MERGE:          0
cpu0->cpu0_DTLB PREFETCH REQUESTED:          0 ISSUED:          0 USEFUL:          0 USELESS:          0
cpu0->cpu0_DTLB AVERAGE MISS LATENCY: 233.6 cycles
cpu0->LLC TOTAL        ACCESS:        893 HIT:          0 MISS:        893 MSHR_MERGE:          0
cpu0->LLC LOAD         ACCESS:        499 HIT:          0 MISS:        499 MSHR_MERGE:          0
cpu0->LLC RFO          ACCESS:        266 HIT:          0 MISS:        266 MSHR_MERGE:          0
cpu0->LLC PREFETCH     ACCESS:          0 HIT:          0 MISS:          0 MSHR_MERGE:          0
cpu0->LLC WRITE        ACCESS:          0 HIT:          0 MISS:          0 MSHR_MERGE:          0
cpu0->LLC TRANSLATION  ACCESS:        128 HIT:          0 MISS:        128 MSHR_MERGE:          0
cpu0->LLC PREFETCH REQUESTED:          0 ISSUED:          0 USEFUL:          0 USELESS:          0
cpu0->LLC AVERAGE MISS LATENCY: 189.5 cycles

DRAM Statistics

Channel 0 RQ ROW_BUFFER_HIT:          2
  ROW_BUFFER_MISS:        891
  AVG DBUS CONGESTED CYCLE: 2.942
Channel 0 WQ ROW_BUFFER_HIT:          0
  ROW_BUFFER_MISS:          0
  FULL:          0
Channel 0 REFRESHES ISSUED:        638
