[VMEM] WARNING: physical memory size is smaller than virtual memory size.

*** ChampSim Multicore Out-of-Order Simulator ***
Warmup Instructions: 2000000
Simulation Instructions: 10000000
Number of CPUs: 1
Page size: 4096

Off-chip DRAM Size: 16 GiB Channels: 1 Width: 64-bit Data Rate: 3205 MT/s
Warmup finished CPU 0 instructions: 2000003 cycles: 816652 cumulative IPC: 2.449 (Simulation time: 00 hr 00 min 09 sec)
Warmup complete CPU 0 instructions: 2000003 cycles: 816652 cumulative IPC: 2.449 (Simulation time: 00 hr 00 min 09 sec)
Heartbeat CPU 0 instructions: 10000001 cycles: 24244375 heartbeat IPC: 0.4125 cumulative IPC: 0.3415 (Simulation time: 00 hr 02 min 38 sec)
Simulation finished CPU 0 instructions: 10000003 cycles: 25385564 cumulative IPC: 0.3939 (Simulation time: 00 hr 02 min 51 sec)
Simulation complete CPU 0 instructions: 10000003 cycles: 25385564 cumulative IPC: 0.3939 (Simulation time: 00 hr 02 min 51 sec)

ChampSim completed all CPUs

=== Simulation ===
CPU 0 runs /home/tandonmitul27/workspace/SPEC17/621.wrf_s-8065B.champsimtrace.xz

Region of Interest Statistics

CPU 0 cumulative IPC: 0.3939 instructions: 10000003 cycles: 25385564
CPU 0 Branch Prediction Accuracy: 95.07% MPKI: 2.248 Average ROB Occupancy at Mispredict: 206.3
Branch type MPKI
BRANCH_DIRECT_JUMP: 0.0032
BRANCH_INDIRECT: 0.0001
BRANCH_CONDITIONAL: 2.223
BRANCH_DIRECT_CALL: 0.0109
BRANCH_INDIRECT_CALL: 0
BRANCH_RETURN: 0.0103

cpu0->cpu0_STLB TOTAL        ACCESS:      19578 HIT:      15347 MISS:       4231 MSHR_MERGE:          0
cpu0->cpu0_STLB LOAD         ACCESS:      19578 HIT:      15347 MISS:       4231 MSHR_MERGE:          0
cpu0->cpu0_STLB RFO          ACCESS:          0 HIT:          0 MISS:          0 MSHR_MERGE:          0
cpu0->cpu0_STLB PREFETCH     ACCESS:          0 HIT:          0 MISS:          0 MSHR_MERGE:          0
cpu0->cpu0_STLB WRITE        ACCESS:          0 HIT:          0 MISS:          0 MSHR_MERGE:          0
cpu0->cpu0_STLB TRANSLATION  ACCESS:          0 HIT:          0 MISS:          0 MSHR_MERGE:          0
cpu0->cpu0_STLB PREFETCH REQUESTED:          0 ISSUED:          0 USEFUL:          0 USELESS:          0
cpu0->cpu0_STLB AVERAGE MISS LATENCY: 648.5 cycles
cpu0->cpu0_L2C TOTAL        ACCESS:     517725 HIT:     218939 MISS:     298786 MSHR_MERGE:          0
cpu0->cpu0_L2C LOAD         ACCESS:     292048 HIT:      47624 MISS:     244424 MSHR_MERGE:          0
cpu0->cpu0_L2C RFO          ACCESS:      53044 HIT:       4543 MISS:      48501 MSHR_MERGE:          0
cpu0->cpu0_L2C PREFETCH     ACCESS:          0 HIT:          0 MISS:          0 MSHR_MERGE:          0
cpu0->cpu0_L2C WRITE        ACCESS:     166694 HIT:     166675 MISS:         19 MSHR_MERGE:          0
cpu0->cpu0_L2C TRANSLATION  ACCESS:       5939 HIT:         97 MISS:       5842 MSHR_MERGE:          0
cpu0->cpu0_L2C PREFETCH REQUESTED:          0 ISSUED:          0 USEFUL:          0 USELESS:          0
cpu0->cpu0_L2C AVERAGE MISS LATENCY: 275 cycles
cpu0->cpu0_L1I TOTAL        ACCESS:     942537 HIT:     941238 MISS:       1299 MSHR_MERGE:        484
cpu0->cpu0_L1I LOAD         ACCESS:     942537 HIT:     941238 MISS:       1299 MSHR_MERGE:        484
cpu0->cpu0_L1I RFO          ACCESS:          0 HIT:          0 MISS:          0 MSHR_MERGE:          0
cpu0->cpu0_L1I PREFETCH     ACCESS:          0 HIT:          0 MISS:          0 MSHR_MERGE:          0
cpu0->cpu0_L1I WRITE        ACCESS:          0 HIT:          0 MISS:          0 MSHR_MERGE:          0
cpu0->cpu0_L1I TRANSLATION  ACCESS:          0 HIT:          0 MISS:          0 MSHR_MERGE:          0
cpu0->cpu0_L1I PREFETCH REQUESTED:          0 ISSUED:          0 USEFUL:          0 USELESS:          0
cpu0->cpu0_L1I AVERAGE MISS LATENCY: 248.8 cycles
cpu0->cpu0_L1D TOTAL        ACCESS:    3099724 HIT:    2354833 MISS:     744891 MSHR_MERGE:     394672
cpu0->cpu0_L1D LOAD         ACCESS:    2376671 HIT:    1842965 MISS:     533706 MSHR_MERGE:     242474
cpu0->cpu0_L1D RFO          ACCESS:          0 HIT:          0 MISS:          0 MSHR_MERGE:          0
cpu0->cpu0_L1D PREFETCH     ACCESS:          0 HIT:          0 MISS:          0 MSHR_MERGE:          0
cpu0->cpu0_L1D WRITE        ACCESS:     714575 HIT:     509403 MISS:     205172 MSHR_MERGE:     152124
cpu0->cpu0_L1D TRANSLATION  ACCESS:       8478 HIT:       2465 MISS:       6013 MSHR_MERGE:         74
cpu0->cpu0_L1D PREFETCH REQUESTED:          0 ISSUED:          0 USEFUL:          0 USELESS:          0
cpu0->cpu0_L1D AVERAGE MISS LATENCY: 243 cycles
cpu0->cpu0_ITLB TOTAL        ACCESS:     867712 HIT:     867575 MISS:        137 MSHR_MERGE:         88
cpu0->cpu0_ITLB LOAD         ACCESS:     867712 HIT:     867575 MISS:        137 MSHR_MERGE:         88
cpu0->cpu0_ITLB RFO          ACCESS:          0 HIT:          0 MISS:          0 MSHR_MERGE:          0
cpu0->cpu0_ITLB PREFETCH     ACCESS:          0 HIT:          0 MISS:          0 MSHR_MERGE:          0
cpu0->cpu0_ITLB WRITE        ACCESS:          0 HIT:          0 MISS:          0 MSHR_MERGE:          0
cpu0->cpu0_ITLB TRANSLATION  ACCESS:          0 HIT:          0 MISS:          0 MSHR_MERGE:          0
cpu0->cpu0_ITLB PREFETCH REQUESTED:          0 ISSUED:          0 USEFUL:          0 USELESS:          0
cpu0->cpu0_ITLB AVERAGE MISS LATENCY: 831.2 cycles
cpu0->cpu0_DTLB TOTAL        ACCESS:    3008909 HIT:    2973274 MISS:      35635 MSHR_MERGE:      16106
cpu0->cpu0_DTLB LOAD         ACCESS:    3008909 HIT:    2973274 MISS:      35635 MSHR_MERGE:      16106
cpu0->cpu0_DTLB RFO          ACCESS:          0 HIT:          0 MISS:          0 MSHR_MERGE:          0
cpu0->cpu0_DTLB PREFETCH     ACCESS:          0 HIT:          0 MISS:          0 MSHR_MERGE:          0
cpu0->cpu0_DTLB WRITE        ACCESS:          0 HIT:          0 MISS:          0 MSHR_MERGE:          0
cpu0->cpu0_DTLB TRANSLATION  ACCESS:          0 HIT:          0 MISS:          0 MSHR_MERGE:          0
cpu0->cpu0_DTLB PREFETCH REQUESTED:          0 ISSUED:          0 USEFUL:          0 USELESS:          0
cpu0->cpu0_DTLB AVERAGE MISS LATENCY: 143.7 cycles
cpu0->LLC TOTAL        ACCESS:     454837 HIT:     170682 MISS:     284155 MSHR_MERGE:          0
cpu0->LLC LOAD         ACCESS:     244424 HIT:      13982 MISS:     230442 MSHR_MERGE:          0
cpu0->LLC RFO          ACCESS:      48501 HIT:        632 MISS:      47869 MSHR_MERGE:          0
cpu0->LLC PREFETCH     ACCESS:          0 HIT:          0 MISS:          0 MSHR_MERGE:          0
cpu0->LLC WRITE        ACCESS:     156070 HIT:     156051 MISS:         19 MSHR_MERGE:          0
cpu0->LLC TRANSLATION  ACCESS:       5842 HIT:         17 MISS:       5825 MSHR_MERGE:          0
cpu0->LLC PREFETCH REQUESTED:          0 ISSUED:          0 USEFUL:          0 USELESS:          0
cpu0->LLC AVERAGE MISS LATENCY: 272.3 cycles

DRAM Statistics

Channel 0 RQ ROW_BUFFER_HIT:       8622
  ROW_BUFFER_MISS:     275456
  AVG DBUS CONGESTED CYCLE: 6.421
Channel 0 WQ ROW_BUFFER_HIT:      41868
  ROW_BUFFER_MISS:     100231
  FULL:          0
Channel 0 REFRESHES ISSUED:       2115
