[VMEM] WARNING: physical memory size is smaller than virtual memory size.

*** ChampSim Multicore Out-of-Order Simulator ***
Warmup Instructions: 2000000
Simulation Instructions: 10000000
Number of CPUs: 1
Page size: 4096

Off-chip DRAM Size: 16 GiB Channels: 1 Width: 64-bit Data Rate: 3205 MT/s
Warmup finished CPU 0 instructions: 2000001 cycles: 594684 cumulative IPC: 3.363 (Simulation time: 00 hr 00 min 07 sec)
Warmup complete CPU 0 instructions: 2000001 cycles: 594684 cumulative IPC: 3.363 (Simulation time: 00 hr 00 min 07 sec)
Heartbeat CPU 0 instructions: 10000004 cycles: 7703035 heartbeat IPC: 1.298 cumulative IPC: 1.125 (Simulation time: 00 hr 00 min 56 sec)
Simulation finished CPU 0 instructions: 10000001 cycles: 9116870 cumulative IPC: 1.097 (Simulation time: 00 hr 01 min 09 sec)
Simulation complete CPU 0 instructions: 10000001 cycles: 9116870 cumulative IPC: 1.097 (Simulation time: 00 hr 01 min 09 sec)

ChampSim completed all CPUs

=== Simulation ===
CPU 0 runs /home/tandonmitul27/workspace/SPEC17/623.xalancbmk_s-592B.champsimtrace.xz

Region of Interest Statistics

CPU 0 cumulative IPC: 1.097 instructions: 10000001 cycles: 9116870
CPU 0 Branch Prediction Accuracy: 98.98% MPKI: 3.396 Average ROB Occupancy at Mispredict: 55.09
Branch type MPKI
BRANCH_DIRECT_JUMP: 0.0001
BRANCH_INDIRECT: 0.0003
BRANCH_CONDITIONAL: 3.347
BRANCH_DIRECT_CALL: 0
BRANCH_INDIRECT_CALL: 0.0004
BRANCH_RETURN: 0.0473

cpu0->cpu0_STLB TOTAL        ACCESS:     327466 HIT:     314626 MISS:      12840 MSHR_MERGE:          0
cpu0->cpu0_STLB LOAD         ACCESS:     327466 HIT:     314626 MISS:      12840 MSHR_MERGE:          0
cpu0->cpu0_STLB RFO          ACCESS:          0 HIT:          0 MISS:          0 MSHR_MERGE:          0
cpu0->cpu0_STLB PREFETCH     ACCESS:          0 HIT:          0 MISS:          0 MSHR_MERGE:          0
cpu0->cpu0_STLB WRITE        ACCESS:          0 HIT:          0 MISS:          0 MSHR_MERGE:          0
cpu0->cpu0_STLB TRANSLATION  ACCESS:          0 HIT:          0 MISS:          0 MSHR_MERGE:          0
cpu0->cpu0_STLB PREFETCH REQUESTED:          0 ISSUED:          0 USEFUL:          0 USELESS:          0
cpu0->cpu0_STLB AVERAGE MISS LATENCY: 67.87 cycles
cpu0->cpu0_L2C TOTAL        ACCESS:     451167 HIT:     429829 MISS:      21338 MSHR_MERGE:          0
cpu0->cpu0_L2C LOAD         ACCESS:     417691 HIT:     399717 MISS:      17974 MSHR_MERGE:          0
cpu0->cpu0_L2C RFO          ACCESS:       1037 HIT:        561 MISS:        476 MSHR_MERGE:          0
cpu0->cpu0_L2C PREFETCH     ACCESS:          0 HIT:          0 MISS:          0 MSHR_MERGE:          0
cpu0->cpu0_L2C WRITE        ACCESS:       7461 HIT:       7461 MISS:          0 MSHR_MERGE:          0
cpu0->cpu0_L2C TRANSLATION  ACCESS:      24978 HIT:      22090 MISS:       2888 MSHR_MERGE:          0
cpu0->cpu0_L2C PREFETCH REQUESTED:          0 ISSUED:          0 USEFUL:          0 USELESS:          0
cpu0->cpu0_L2C AVERAGE MISS LATENCY: 60.77 cycles
cpu0->cpu0_L1I TOTAL        ACCESS:    1763028 HIT:    1763028 MISS:          0 MSHR_MERGE:          0
cpu0->cpu0_L1I LOAD         ACCESS:    1763028 HIT:    1763028 MISS:          0 MSHR_MERGE:          0
cpu0->cpu0_L1I RFO          ACCESS:          0 HIT:          0 MISS:          0 MSHR_MERGE:          0
cpu0->cpu0_L1I PREFETCH     ACCESS:          0 HIT:          0 MISS:          0 MSHR_MERGE:          0
cpu0->cpu0_L1I WRITE        ACCESS:          0 HIT:          0 MISS:          0 MSHR_MERGE:          0
cpu0->cpu0_L1I TRANSLATION  ACCESS:          0 HIT:          0 MISS:          0 MSHR_MERGE:          0
cpu0->cpu0_L1I PREFETCH REQUESTED:          0 ISSUED:          0 USEFUL:          0 USELESS:          0
cpu0->cpu0_L1I AVERAGE MISS LATENCY: - cycles
cpu0->cpu0_L1D TOTAL        ACCESS:    1983476 HIT:    1386093 MISS:     597383 MSHR_MERGE:     153677
cpu0->cpu0_L1D LOAD         ACCESS:    1854484 HIT:    1285066 MISS:     569418 MSHR_MERGE:     151727
cpu0->cpu0_L1D RFO          ACCESS:          0 HIT:          0 MISS:          0 MSHR_MERGE:          0
cpu0->cpu0_L1D PREFETCH     ACCESS:          0 HIT:          0 MISS:          0 MSHR_MERGE:          0
cpu0->cpu0_L1D WRITE        ACCESS:     103282 HIT:     100301 MISS:       2981 MSHR_MERGE:       1944
cpu0->cpu0_L1D TRANSLATION  ACCESS:      25710 HIT:        726 MISS:      24984 MSHR_MERGE:          6
cpu0->cpu0_L1D PREFETCH REQUESTED:          0 ISSUED:          0 USEFUL:          0 USELESS:          0
cpu0->cpu0_L1D AVERAGE MISS LATENCY: 11.11 cycles
cpu0->cpu0_ITLB TOTAL        ACCESS:    1695087 HIT:    1695087 MISS:          0 MSHR_MERGE:          0
cpu0->cpu0_ITLB LOAD         ACCESS:    1695087 HIT:    1695087 MISS:          0 MSHR_MERGE:          0
cpu0->cpu0_ITLB RFO          ACCESS:          0 HIT:          0 MISS:          0 MSHR_MERGE:          0
cpu0->cpu0_ITLB PREFETCH     ACCESS:          0 HIT:          0 MISS:          0 MSHR_MERGE:          0
cpu0->cpu0_ITLB WRITE        ACCESS:          0 HIT:          0 MISS:          0 MSHR_MERGE:          0
cpu0->cpu0_ITLB TRANSLATION  ACCESS:          0 HIT:          0 MISS:          0 MSHR_MERGE:          0
cpu0->cpu0_ITLB PREFETCH REQUESTED:          0 ISSUED:          0 USEFUL:          0 USELESS:          0
cpu0->cpu0_ITLB AVERAGE MISS LATENCY: - cycles
cpu0->cpu0_DTLB TOTAL        ACCESS:    1945014 HIT:    1488653 MISS:     456361 MSHR_MERGE:     128895
cpu0->cpu0_DTLB LOAD         ACCESS:    1945014 HIT:    1488653 MISS:     456361 MSHR_MERGE:     128895
cpu0->cpu0_DTLB RFO          ACCESS:          0 HIT:          0 MISS:          0 MSHR_MERGE:          0
cpu0->cpu0_DTLB PREFETCH     ACCESS:          0 HIT:          0 MISS:          0 MSHR_MERGE:          0
cpu0->cpu0_DTLB WRITE        ACCESS:          0 HIT:          0 MISS:          0 MSHR_MERGE:          0
cpu0->cpu0_DTLB TRANSLATION  ACCESS:          0 HIT:          0 MISS:          0 MSHR_MERGE:          0
cpu0->cpu0_DTLB PREFETCH REQUESTED:          0 ISSUED:          0 USEFUL:          0 USELESS:          0
cpu0->cpu0_DTLB AVERAGE MISS LATENCY: 7.7 cycles
cpu0->LLC TOTAL        ACCESS:      23238 HIT:      17229 MISS:       6009 MSHR_MERGE:          0
cpu0->LLC LOAD         ACCESS:      17974 HIT:      13690 MISS:       4284 MSHR_MERGE:          0
cpu0->LLC RFO          ACCESS:        476 HIT:         11 MISS:        465 MSHR_MERGE:          0
cpu0->LLC PREFETCH     ACCESS:          0 HIT:          0 MISS:          0 MSHR_MERGE:          0
cpu0->LLC WRITE        ACCESS:       1900 HIT:       1900 MISS:          0 MSHR_MERGE:          0
cpu0->LLC TRANSLATION  ACCESS:       2888 HIT:       1628 MISS:       1260 MSHR_MERGE:          0
cpu0->LLC PREFETCH REQUESTED:          0 ISSUED:          0 USEFUL:          0 USELESS:          0
cpu0->LLC AVERAGE MISS LATENCY: 161.5 cycles

DRAM Statistics

Channel 0 RQ ROW_BUFFER_HIT:         27
  ROW_BUFFER_MISS:       5982
  AVG DBUS CONGESTED CYCLE: 2.756
Channel 0 WQ ROW_BUFFER_HIT:          0
  ROW_BUFFER_MISS:          0
  FULL:          0
Channel 0 REFRESHES ISSUED:        760
