[VMEM] WARNING: physical memory size is smaller than virtual memory size.

*** ChampSim Multicore Out-of-Order Simulator ***
Warmup Instructions: 2000000
Simulation Instructions: 10000000
Number of CPUs: 1
Page size: 4096

Off-chip DRAM Size: 16 GiB Channels: 1 Width: 64-bit Data Rate: 3205 MT/s
Warmup finished CPU 0 instructions: 2000000 cycles: 575336 cumulative IPC: 3.476 (Simulation time: 00 hr 00 min 07 sec)
Warmup complete CPU 0 instructions: 2000000 cycles: 575336 cumulative IPC: 3.476 (Simulation time: 00 hr 00 min 07 sec)
Heartbeat CPU 0 instructions: 10000000 cycles: 7419419 heartbeat IPC: 1.348 cumulative IPC: 1.169 (Simulation time: 00 hr 00 min 56 sec)
Simulation finished CPU 0 instructions: 10000004 cycles: 8656102 cumulative IPC: 1.155 (Simulation time: 00 hr 01 min 09 sec)
Simulation complete CPU 0 instructions: 10000004 cycles: 8656102 cumulative IPC: 1.155 (Simulation time: 00 hr 01 min 09 sec)

ChampSim completed all CPUs

=== Simulation ===
CPU 0 runs /home/tandonmitul27/workspace/SPEC17/623.xalancbmk_s-325B.champsimtrace.xz

Region of Interest Statistics

CPU 0 cumulative IPC: 1.155 instructions: 10000004 cycles: 8656102
CPU 0 Branch Prediction Accuracy: 95.97% MPKI: 11.41 Average ROB Occupancy at Mispredict: 25.76
Branch type MPKI
BRANCH_DIRECT_JUMP: 0.1301
BRANCH_INDIRECT: 0.4216
BRANCH_CONDITIONAL: 8.714
BRANCH_DIRECT_CALL: 0.0017
BRANCH_INDIRECT_CALL: 0.4425
BRANCH_RETURN: 1.701

cpu0->cpu0_STLB TOTAL        ACCESS:     239459 HIT:     239221 MISS:        238 MSHR_MERGE:          0
cpu0->cpu0_STLB LOAD         ACCESS:     239459 HIT:     239221 MISS:        238 MSHR_MERGE:          0
cpu0->cpu0_STLB RFO          ACCESS:          0 HIT:          0 MISS:          0 MSHR_MERGE:          0
cpu0->cpu0_STLB PREFETCH     ACCESS:          0 HIT:          0 MISS:          0 MSHR_MERGE:          0
cpu0->cpu0_STLB WRITE        ACCESS:          0 HIT:          0 MISS:          0 MSHR_MERGE:          0
cpu0->cpu0_STLB TRANSLATION  ACCESS:          0 HIT:          0 MISS:          0 MSHR_MERGE:          0
cpu0->cpu0_STLB PREFETCH REQUESTED:          0 ISSUED:          0 USEFUL:          0 USELESS:          0
cpu0->cpu0_STLB AVERAGE MISS LATENCY: 731.8 cycles
cpu0->cpu0_L2C TOTAL        ACCESS:     454659 HIT:     441985 MISS:      12674 MSHR_MERGE:          0
cpu0->cpu0_L2C LOAD         ACCESS:     422541 HIT:     418249 MISS:       4292 MSHR_MERGE:          0
cpu0->cpu0_L2C RFO          ACCESS:      10512 HIT:       2547 MISS:       7965 MSHR_MERGE:          0
cpu0->cpu0_L2C PREFETCH     ACCESS:          0 HIT:          0 MISS:          0 MSHR_MERGE:          0
cpu0->cpu0_L2C WRITE        ACCESS:      21149 HIT:      21149 MISS:          0 MSHR_MERGE:          0
cpu0->cpu0_L2C TRANSLATION  ACCESS:        457 HIT:         40 MISS:        417 MSHR_MERGE:          0
cpu0->cpu0_L2C PREFETCH REQUESTED:          0 ISSUED:          0 USEFUL:          0 USELESS:          0
cpu0->cpu0_L2C AVERAGE MISS LATENCY: 151.9 cycles
cpu0->cpu0_L1I TOTAL        ACCESS:    1617819 HIT:    1581349 MISS:      36470 MSHR_MERGE:       9816
cpu0->cpu0_L1I LOAD         ACCESS:    1617819 HIT:    1581349 MISS:      36470 MSHR_MERGE:       9816
cpu0->cpu0_L1I RFO          ACCESS:          0 HIT:          0 MISS:          0 MSHR_MERGE:          0
cpu0->cpu0_L1I PREFETCH     ACCESS:          0 HIT:          0 MISS:          0 MSHR_MERGE:          0
cpu0->cpu0_L1I WRITE        ACCESS:          0 HIT:          0 MISS:          0 MSHR_MERGE:          0
cpu0->cpu0_L1I TRANSLATION  ACCESS:          0 HIT:          0 MISS:          0 MSHR_MERGE:          0
cpu0->cpu0_L1I PREFETCH REQUESTED:          0 ISSUED:          0 USEFUL:          0 USELESS:          0
cpu0->cpu0_L1I AVERAGE MISS LATENCY: 7.81 cycles
cpu0->cpu0_L1D TOTAL        ACCESS:    2749868 HIT:    2198802 MISS:     551066 MSHR_MERGE:     144210
cpu0->cpu0_L1D LOAD         ACCESS:    1938115 HIT:    1427689 MISS:     510426 MSHR_MERGE:     114539
cpu0->cpu0_L1D RFO          ACCESS:          0 HIT:          0 MISS:          0 MSHR_MERGE:          0
cpu0->cpu0_L1D PREFETCH     ACCESS:          0 HIT:          0 MISS:          0 MSHR_MERGE:          0
cpu0->cpu0_L1D WRITE        ACCESS:     811275 HIT:     771094 MISS:      40181 MSHR_MERGE:      29669
cpu0->cpu0_L1D TRANSLATION  ACCESS:        478 HIT:         19 MISS:        459 MSHR_MERGE:          2
cpu0->cpu0_L1D PREFETCH REQUESTED:          0 ISSUED:          0 USEFUL:          0 USELESS:          0
cpu0->cpu0_L1D AVERAGE MISS LATENCY: 12.86 cycles
cpu0->cpu0_ITLB TOTAL        ACCESS:    1520771 HIT:    1511520 MISS:       9251 MSHR_MERGE:       5097
cpu0->cpu0_ITLB LOAD         ACCESS:    1520771 HIT:    1511520 MISS:       9251 MSHR_MERGE:       5097
cpu0->cpu0_ITLB RFO          ACCESS:          0 HIT:          0 MISS:          0 MSHR_MERGE:          0
cpu0->cpu0_ITLB PREFETCH     ACCESS:          0 HIT:          0 MISS:          0 MSHR_MERGE:          0
cpu0->cpu0_ITLB WRITE        ACCESS:          0 HIT:          0 MISS:          0 MSHR_MERGE:          0
cpu0->cpu0_ITLB TRANSLATION  ACCESS:          0 HIT:          0 MISS:          0 MSHR_MERGE:          0
cpu0->cpu0_ITLB PREFETCH REQUESTED:          0 ISSUED:          0 USEFUL:          0 USELESS:          0
cpu0->cpu0_ITLB AVERAGE MISS LATENCY: 6.115 cycles
cpu0->cpu0_DTLB TOTAL        ACCESS:    2651136 HIT:    2306104 MISS:     345032 MSHR_MERGE:     109727
cpu0->cpu0_DTLB LOAD         ACCESS:    2651136 HIT:    2306104 MISS:     345032 MSHR_MERGE:     109727
cpu0->cpu0_DTLB RFO          ACCESS:          0 HIT:          0 MISS:          0 MSHR_MERGE:          0
cpu0->cpu0_DTLB PREFETCH     ACCESS:          0 HIT:          0 MISS:          0 MSHR_MERGE:          0
cpu0->cpu0_DTLB WRITE        ACCESS:          0 HIT:          0 MISS:          0 MSHR_MERGE:          0
cpu0->cpu0_DTLB TRANSLATION  ACCESS:          0 HIT:          0 MISS:          0 MSHR_MERGE:          0
cpu0->cpu0_DTLB PREFETCH REQUESTED:          0 ISSUED:          0 USEFUL:          0 USELESS:          0
cpu0->cpu0_DTLB AVERAGE MISS LATENCY: 5.722 cycles
cpu0->LLC TOTAL        ACCESS:      21717 HIT:      12059 MISS:       9658 MSHR_MERGE:          0
cpu0->LLC LOAD         ACCESS:       4292 HIT:       2750 MISS:       1542 MSHR_MERGE:          0
cpu0->LLC RFO          ACCESS:       7965 HIT:        252 MISS:       7713 MSHR_MERGE:          0
cpu0->LLC PREFETCH     ACCESS:          0 HIT:          0 MISS:          0 MSHR_MERGE:          0
cpu0->LLC WRITE        ACCESS:       9043 HIT:       9043 MISS:          0 MSHR_MERGE:          0
cpu0->LLC TRANSLATION  ACCESS:        417 HIT:         14 MISS:        403 MSHR_MERGE:          0
cpu0->LLC PREFETCH REQUESTED:          0 ISSUED:          0 USEFUL:          0 USELESS:          0
cpu0->LLC AVERAGE MISS LATENCY: 178.6 cycles

DRAM Statistics

Channel 0 RQ ROW_BUFFER_HIT:          2
  ROW_BUFFER_MISS:       9656
  AVG DBUS CONGESTED CYCLE: 2.917
Channel 0 WQ ROW_BUFFER_HIT:          0
  ROW_BUFFER_MISS:          3
  FULL:          0
Channel 0 REFRESHES ISSUED:        722
