[VMEM] WARNING: physical memory size is smaller than virtual memory size.

*** ChampSim Multicore Out-of-Order Simulator ***
Warmup Instructions: 2000000
Simulation Instructions: 10000000
Number of CPUs: 1
Page size: 4096

Off-chip DRAM Size: 16 GiB Channels: 1 Width: 64-bit Data Rate: 3205 MT/s
Warmup finished CPU 0 instructions: 2000003 cycles: 603735 cumulative IPC: 3.313 (Simulation time: 00 hr 00 min 13 sec)
Warmup complete CPU 0 instructions: 2000003 cycles: 603735 cumulative IPC: 3.313 (Simulation time: 00 hr 00 min 13 sec)
Heartbeat CPU 0 instructions: 10000001 cycles: 8521312 heartbeat IPC: 1.174 cumulative IPC: 1.01 (Simulation time: 00 hr 01 min 13 sec)
Simulation finished CPU 0 instructions: 10000000 cycles: 9384720 cumulative IPC: 1.066 (Simulation time: 00 hr 01 min 24 sec)
Simulation complete CPU 0 instructions: 10000000 cycles: 9384720 cumulative IPC: 1.066 (Simulation time: 00 hr 01 min 24 sec)

ChampSim completed all CPUs

=== Simulation ===
CPU 0 runs /home/tandonmitul27/workspace/SPEC17/623.xalancbmk_s-700B.champsimtrace.xz

Region of Interest Statistics

CPU 0 cumulative IPC: 1.066 instructions: 10000000 cycles: 9384720
CPU 0 Branch Prediction Accuracy: 96.94% MPKI: 9.094 Average ROB Occupancy at Mispredict: 26.46
Branch type MPKI
BRANCH_DIRECT_JUMP: 0.1042
BRANCH_INDIRECT: 0.3356
BRANCH_CONDITIONAL: 6.955
BRANCH_DIRECT_CALL: 0.0016
BRANCH_INDIRECT_CALL: 0.3535
BRANCH_RETURN: 1.344

cpu0->cpu0_STLB TOTAL        ACCESS:     208875 HIT:     196366 MISS:      12509 MSHR_MERGE:          0
cpu0->cpu0_STLB LOAD         ACCESS:     208875 HIT:     196366 MISS:      12509 MSHR_MERGE:          0
cpu0->cpu0_STLB RFO          ACCESS:          0 HIT:          0 MISS:          0 MSHR_MERGE:          0
cpu0->cpu0_STLB PREFETCH     ACCESS:          0 HIT:          0 MISS:          0 MSHR_MERGE:          0
cpu0->cpu0_STLB WRITE        ACCESS:          0 HIT:          0 MISS:          0 MSHR_MERGE:          0
cpu0->cpu0_STLB TRANSLATION  ACCESS:          0 HIT:          0 MISS:          0 MSHR_MERGE:          0
cpu0->cpu0_STLB PREFETCH REQUESTED:          0 ISSUED:          0 USEFUL:          0 USELESS:          0
cpu0->cpu0_STLB AVERAGE MISS LATENCY: 114.6 cycles
cpu0->cpu0_L2C TOTAL        ACCESS:     470947 HIT:     432274 MISS:      38673 MSHR_MERGE:          0
cpu0->cpu0_L2C LOAD         ACCESS:     415431 HIT:     392413 MISS:      23018 MSHR_MERGE:          0
cpu0->cpu0_L2C RFO          ACCESS:      12204 HIT:       2110 MISS:      10094 MSHR_MERGE:          0
cpu0->cpu0_L2C PREFETCH     ACCESS:          0 HIT:          0 MISS:          0 MSHR_MERGE:          0
cpu0->cpu0_L2C WRITE        ACCESS:      19053 HIT:      19053 MISS:          0 MSHR_MERGE:          0
cpu0->cpu0_L2C TRANSLATION  ACCESS:      24259 HIT:      18698 MISS:       5561 MSHR_MERGE:          0
cpu0->cpu0_L2C PREFETCH REQUESTED:          0 ISSUED:          0 USEFUL:          0 USELESS:          0
cpu0->cpu0_L2C AVERAGE MISS LATENCY: 90.35 cycles
cpu0->cpu0_L1I TOTAL        ACCESS:    1808471 HIT:    1775901 MISS:      32570 MSHR_MERGE:       9075
cpu0->cpu0_L1I LOAD         ACCESS:    1808471 HIT:    1775901 MISS:      32570 MSHR_MERGE:       9075
cpu0->cpu0_L1I RFO          ACCESS:          0 HIT:          0 MISS:          0 MSHR_MERGE:          0
cpu0->cpu0_L1I PREFETCH     ACCESS:          0 HIT:          0 MISS:          0 MSHR_MERGE:          0
cpu0->cpu0_L1I WRITE        ACCESS:          0 HIT:          0 MISS:          0 MSHR_MERGE:          0
cpu0->cpu0_L1I TRANSLATION  ACCESS:          0 HIT:          0 MISS:          0 MSHR_MERGE:          0
cpu0->cpu0_L1I PREFETCH REQUESTED:          0 ISSUED:          0 USEFUL:          0 USELESS:          0
cpu0->cpu0_L1I AVERAGE MISS LATENCY: 7.865 cycles
cpu0->cpu0_L1D TOTAL        ACCESS:    2535546 HIT:    1933133 MISS:     602413 MSHR_MERGE:     174014
cpu0->cpu0_L1D LOAD         ACCESS:    1875641 HIT:    1344792 MISS:     530849 MSHR_MERGE:     138913
cpu0->cpu0_L1D RFO          ACCESS:          0 HIT:          0 MISS:          0 MSHR_MERGE:          0
cpu0->cpu0_L1D PREFETCH     ACCESS:          0 HIT:          0 MISS:          0 MSHR_MERGE:          0
cpu0->cpu0_L1D WRITE        ACCESS:     634840 HIT:     587561 MISS:      47279 MSHR_MERGE:      35075
cpu0->cpu0_L1D TRANSLATION  ACCESS:      25065 HIT:        780 MISS:      24285 MSHR_MERGE:         26
cpu0->cpu0_L1D PREFETCH REQUESTED:          0 ISSUED:          0 USEFUL:          0 USELESS:          0
cpu0->cpu0_L1D AVERAGE MISS LATENCY: 16.35 cycles
cpu0->cpu0_ITLB TOTAL        ACCESS:    1694899 HIT:    1687572 MISS:       7327 MSHR_MERGE:       4007
cpu0->cpu0_ITLB LOAD         ACCESS:    1694899 HIT:    1687572 MISS:       7327 MSHR_MERGE:       4007
cpu0->cpu0_ITLB RFO          ACCESS:          0 HIT:          0 MISS:          0 MSHR_MERGE:          0
cpu0->cpu0_ITLB PREFETCH     ACCESS:          0 HIT:          0 MISS:          0 MSHR_MERGE:          0
cpu0->cpu0_ITLB WRITE        ACCESS:          0 HIT:          0 MISS:          0 MSHR_MERGE:          0
cpu0->cpu0_ITLB TRANSLATION  ACCESS:          0 HIT:          0 MISS:          0 MSHR_MERGE:          0
cpu0->cpu0_ITLB PREFETCH REQUESTED:          0 ISSUED:          0 USEFUL:          0 USELESS:          0
cpu0->cpu0_ITLB AVERAGE MISS LATENCY: 7.377 cycles
cpu0->cpu0_DTLB TOTAL        ACCESS:    2432947 HIT:    2127502 MISS:     305445 MSHR_MERGE:      99890
cpu0->cpu0_DTLB LOAD         ACCESS:    2432947 HIT:    2127502 MISS:     305445 MSHR_MERGE:      99890
cpu0->cpu0_DTLB RFO          ACCESS:          0 HIT:          0 MISS:          0 MSHR_MERGE:          0
cpu0->cpu0_DTLB PREFETCH     ACCESS:          0 HIT:          0 MISS:          0 MSHR_MERGE:          0
cpu0->cpu0_DTLB WRITE        ACCESS:          0 HIT:          0 MISS:          0 MSHR_MERGE:          0
cpu0->cpu0_DTLB TRANSLATION  ACCESS:          0 HIT:          0 MISS:          0 MSHR_MERGE:          0
cpu0->cpu0_DTLB PREFETCH REQUESTED:          0 ISSUED:          0 USEFUL:          0 USELESS:          0
cpu0->cpu0_DTLB AVERAGE MISS LATENCY: 12 cycles
cpu0->LLC TOTAL        ACCESS:      52277 HIT:      36167 MISS:      16110 MSHR_MERGE:          0
cpu0->LLC LOAD         ACCESS:      23018 HIT:      19859 MISS:       3159 MSHR_MERGE:          0
cpu0->LLC RFO          ACCESS:      10094 HIT:        150 MISS:       9944 MSHR_MERGE:          0
cpu0->LLC PREFETCH     ACCESS:          0 HIT:          0 MISS:          0 MSHR_MERGE:          0
cpu0->LLC WRITE        ACCESS:      13604 HIT:      13591 MISS:         13 MSHR_MERGE:          0
cpu0->LLC TRANSLATION  ACCESS:       5561 HIT:       2567 MISS:       2994 MSHR_MERGE:          0
cpu0->LLC PREFETCH REQUESTED:          0 ISSUED:          0 USEFUL:          0 USELESS:          0
cpu0->LLC AVERAGE MISS LATENCY: 179.9 cycles

DRAM Statistics

Channel 0 RQ ROW_BUFFER_HIT:        157
  ROW_BUFFER_MISS:      15940
  AVG DBUS CONGESTED CYCLE: 6.366
Channel 0 WQ ROW_BUFFER_HIT:         80
  ROW_BUFFER_MISS:        241
  FULL:          0
Channel 0 REFRESHES ISSUED:        782
