[VMEM] WARNING: physical memory size is smaller than virtual memory size.

*** ChampSim Multicore Out-of-Order Simulator ***
Warmup Instructions: 2000000
Simulation Instructions: 10000000
Number of CPUs: 1
Page size: 4096

Off-chip DRAM Size: 16 GiB Channels: 1 Width: 64-bit Data Rate: 3205 MT/s
Warmup finished CPU 0 instructions: 2000000 cycles: 698970 cumulative IPC: 2.861 (Simulation time: 00 hr 00 min 07 sec)
Warmup complete CPU 0 instructions: 2000000 cycles: 698970 cumulative IPC: 2.861 (Simulation time: 00 hr 00 min 07 sec)
Heartbeat CPU 0 instructions: 10000001 cycles: 15841140 heartbeat IPC: 0.6313 cumulative IPC: 0.5283 (Simulation time: 00 hr 01 min 26 sec)
Simulation finished CPU 0 instructions: 10000000 cycles: 18886582 cumulative IPC: 0.5295 (Simulation time: 00 hr 01 min 44 sec)
Simulation complete CPU 0 instructions: 10000000 cycles: 18886582 cumulative IPC: 0.5295 (Simulation time: 00 hr 01 min 44 sec)

ChampSim completed all CPUs

=== Simulation ===
CPU 0 runs /home/tandonmitul27/workspace/SPEC17/623.xalancbmk_s-165B.champsimtrace.xz

Region of Interest Statistics

CPU 0 cumulative IPC: 0.5295 instructions: 10000000 cycles: 18886582
CPU 0 Branch Prediction Accuracy: 96.52% MPKI: 9.705 Average ROB Occupancy at Mispredict: 59.24
Branch type MPKI
BRANCH_DIRECT_JUMP: 0
BRANCH_INDIRECT: 0
BRANCH_CONDITIONAL: 9.705
BRANCH_DIRECT_CALL: 0
BRANCH_INDIRECT_CALL: 0
BRANCH_RETURN: 0.0001

cpu0->cpu0_STLB TOTAL        ACCESS:       3389 HIT:       3374 MISS:         15 MSHR_MERGE:          0
cpu0->cpu0_STLB LOAD         ACCESS:       3389 HIT:       3374 MISS:         15 MSHR_MERGE:          0
cpu0->cpu0_STLB RFO          ACCESS:          0 HIT:          0 MISS:          0 MSHR_MERGE:          0
cpu0->cpu0_STLB PREFETCH     ACCESS:          0 HIT:          0 MISS:          0 MSHR_MERGE:          0
cpu0->cpu0_STLB WRITE        ACCESS:          0 HIT:          0 MISS:          0 MSHR_MERGE:          0
cpu0->cpu0_STLB TRANSLATION  ACCESS:          0 HIT:          0 MISS:          0 MSHR_MERGE:          0
cpu0->cpu0_STLB PREFETCH REQUESTED:          0 ISSUED:          0 USEFUL:          0 USELESS:          0
cpu0->cpu0_STLB AVERAGE MISS LATENCY: 830.5 cycles
cpu0->cpu0_L2C TOTAL        ACCESS:     190364 HIT:        144 MISS:     190220 MSHR_MERGE:          0
cpu0->cpu0_L2C LOAD         ACCESS:     190185 HIT:         53 MISS:     190132 MSHR_MERGE:          0
cpu0->cpu0_L2C RFO          ACCESS:         62 HIT:          0 MISS:         62 MSHR_MERGE:          0
cpu0->cpu0_L2C PREFETCH     ACCESS:          0 HIT:          0 MISS:          0 MSHR_MERGE:          0
cpu0->cpu0_L2C WRITE        ACCESS:         91 HIT:         91 MISS:          0 MSHR_MERGE:          0
cpu0->cpu0_L2C TRANSLATION  ACCESS:         26 HIT:          0 MISS:         26 MSHR_MERGE:          0
cpu0->cpu0_L2C PREFETCH REQUESTED:          0 ISSUED:          0 USEFUL:          0 USELESS:          0
cpu0->cpu0_L2C AVERAGE MISS LATENCY: 126.9 cycles
cpu0->cpu0_L1I TOTAL        ACCESS:        422 HIT:        422 MISS:          0 MSHR_MERGE:          0
cpu0->cpu0_L1I LOAD         ACCESS:        422 HIT:        422 MISS:          0 MSHR_MERGE:          0
cpu0->cpu0_L1I RFO          ACCESS:          0 HIT:          0 MISS:          0 MSHR_MERGE:          0
cpu0->cpu0_L1I PREFETCH     ACCESS:          0 HIT:          0 MISS:          0 MSHR_MERGE:          0
cpu0->cpu0_L1I WRITE        ACCESS:          0 HIT:          0 MISS:          0 MSHR_MERGE:          0
cpu0->cpu0_L1I TRANSLATION  ACCESS:          0 HIT:          0 MISS:          0 MSHR_MERGE:          0
cpu0->cpu0_L1I PREFETCH REQUESTED:          0 ISSUED:          0 USEFUL:          0 USELESS:          0
cpu0->cpu0_L1I AVERAGE MISS LATENCY: - cycles
cpu0->cpu0_L1D TOTAL        ACCESS:    2811663 HIT:    2169124 MISS:     642539 MSHR_MERGE:     452266
cpu0->cpu0_L1D LOAD         ACCESS:    2680187 HIT:    2037997 MISS:     642190 MSHR_MERGE:     452005
cpu0->cpu0_L1D RFO          ACCESS:          0 HIT:          0 MISS:          0 MSHR_MERGE:          0
cpu0->cpu0_L1D PREFETCH     ACCESS:          0 HIT:          0 MISS:          0 MSHR_MERGE:          0
cpu0->cpu0_L1D WRITE        ACCESS:     131446 HIT:     131125 MISS:        321 MSHR_MERGE:        259
cpu0->cpu0_L1D TRANSLATION  ACCESS:         30 HIT:          2 MISS:         28 MSHR_MERGE:          2
cpu0->cpu0_L1D PREFETCH REQUESTED:          0 ISSUED:          0 USEFUL:          0 USELESS:          0
cpu0->cpu0_L1D AVERAGE MISS LATENCY: 135.8 cycles
cpu0->cpu0_ITLB TOTAL        ACCESS:        358 HIT:        358 MISS:          0 MSHR_MERGE:          0
cpu0->cpu0_ITLB LOAD         ACCESS:        358 HIT:        358 MISS:          0 MSHR_MERGE:          0
cpu0->cpu0_ITLB RFO          ACCESS:          0 HIT:          0 MISS:          0 MSHR_MERGE:          0
cpu0->cpu0_ITLB PREFETCH     ACCESS:          0 HIT:          0 MISS:          0 MSHR_MERGE:          0
cpu0->cpu0_ITLB WRITE        ACCESS:          0 HIT:          0 MISS:          0 MSHR_MERGE:          0
cpu0->cpu0_ITLB TRANSLATION  ACCESS:          0 HIT:          0 MISS:          0 MSHR_MERGE:          0
cpu0->cpu0_ITLB PREFETCH REQUESTED:          0 ISSUED:          0 USEFUL:          0 USELESS:          0
cpu0->cpu0_ITLB AVERAGE MISS LATENCY: - cycles
cpu0->cpu0_DTLB TOTAL        ACCESS:    2792417 HIT:    2784218 MISS:       8199 MSHR_MERGE:       4810
cpu0->cpu0_DTLB LOAD         ACCESS:    2792417 HIT:    2784218 MISS:       8199 MSHR_MERGE:       4810
cpu0->cpu0_DTLB RFO          ACCESS:          0 HIT:          0 MISS:          0 MSHR_MERGE:          0
cpu0->cpu0_DTLB PREFETCH     ACCESS:          0 HIT:          0 MISS:          0 MSHR_MERGE:          0
cpu0->cpu0_DTLB WRITE        ACCESS:          0 HIT:          0 MISS:          0 MSHR_MERGE:          0
cpu0->cpu0_DTLB TRANSLATION  ACCESS:          0 HIT:          0 MISS:          0 MSHR_MERGE:          0
cpu0->cpu0_DTLB PREFETCH REQUESTED:          0 ISSUED:          0 USEFUL:          0 USELESS:          0
cpu0->cpu0_DTLB AVERAGE MISS LATENCY: 8.68 cycles
cpu0->LLC TOTAL        ACCESS:     190310 HIT:      54339 MISS:     135971 MSHR_MERGE:          0
cpu0->LLC LOAD         ACCESS:     190132 HIT:      54250 MISS:     135882 MSHR_MERGE:          0
cpu0->LLC RFO          ACCESS:         62 HIT:          0 MISS:         62 MSHR_MERGE:          0
cpu0->LLC PREFETCH     ACCESS:          0 HIT:          0 MISS:          0 MSHR_MERGE:          0
cpu0->LLC WRITE        ACCESS:         90 HIT:         89 MISS:          1 MSHR_MERGE:          0
cpu0->LLC TRANSLATION  ACCESS:         26 HIT:          0 MISS:         26 MSHR_MERGE:          0
cpu0->LLC PREFETCH REQUESTED:          0 ISSUED:          0 USEFUL:          0 USELESS:          0
cpu0->LLC AVERAGE MISS LATENCY: 155.5 cycles

DRAM Statistics

Channel 0 RQ ROW_BUFFER_HIT:      40610
  ROW_BUFFER_MISS:      95360
  AVG DBUS CONGESTED CYCLE: 2.967
Channel 0 WQ ROW_BUFFER_HIT:          7
  ROW_BUFFER_MISS:         19
  FULL:          0
Channel 0 REFRESHES ISSUED:       1574
