[VMEM] WARNING: physical memory size is smaller than virtual memory size.

*** ChampSim Multicore Out-of-Order Simulator ***
Warmup Instructions: 2000000
Simulation Instructions: 10000000
Number of CPUs: 1
Page size: 4096

Off-chip DRAM Size: 16 GiB Channels: 1 Width: 64-bit Data Rate: 3205 MT/s
Warmup finished CPU 0 instructions: 2000002 cycles: 1620733 cumulative IPC: 1.234 (Simulation time: 00 hr 00 min 15 sec)
Warmup complete CPU 0 instructions: 2000002 cycles: 1620733 cumulative IPC: 1.234 (Simulation time: 00 hr 00 min 15 sec)
Heartbeat CPU 0 instructions: 10000001 cycles: 34515052 heartbeat IPC: 0.2897 cumulative IPC: 0.2432 (Simulation time: 00 hr 02 min 55 sec)
Simulation finished CPU 0 instructions: 10000001 cycles: 42713026 cumulative IPC: 0.2341 (Simulation time: 00 hr 03 min 38 sec)
Simulation complete CPU 0 instructions: 10000001 cycles: 42713026 cumulative IPC: 0.2341 (Simulation time: 00 hr 03 min 38 sec)

ChampSim completed all CPUs

=== Simulation ===
CPU 0 runs /home/tandonmitul27/workspace/SPEC17/623.xalancbmk_s-10B.champsimtrace.xz

Region of Interest Statistics

CPU 0 cumulative IPC: 0.2341 instructions: 10000001 cycles: 42713026
CPU 0 Branch Prediction Accuracy: 94.71% MPKI: 13.87 Average ROB Occupancy at Mispredict: 42.29
Branch type MPKI
BRANCH_DIRECT_JUMP: 0.073
BRANCH_INDIRECT: 0.0127
BRANCH_CONDITIONAL: 13.35
BRANCH_DIRECT_CALL: 0.0009
BRANCH_INDIRECT_CALL: 0.1151
BRANCH_RETURN: 0.3239

cpu0->cpu0_STLB TOTAL        ACCESS:      66670 HIT:      21233 MISS:      45437 MSHR_MERGE:          0
cpu0->cpu0_STLB LOAD         ACCESS:      66670 HIT:      21233 MISS:      45437 MSHR_MERGE:          0
cpu0->cpu0_STLB RFO          ACCESS:          0 HIT:          0 MISS:          0 MSHR_MERGE:          0
cpu0->cpu0_STLB PREFETCH     ACCESS:          0 HIT:          0 MISS:          0 MSHR_MERGE:          0
cpu0->cpu0_STLB WRITE        ACCESS:          0 HIT:          0 MISS:          0 MSHR_MERGE:          0
cpu0->cpu0_STLB TRANSLATION  ACCESS:          0 HIT:          0 MISS:          0 MSHR_MERGE:          0
cpu0->cpu0_STLB PREFETCH REQUESTED:          0 ISSUED:          0 USEFUL:          0 USELESS:          0
cpu0->cpu0_STLB AVERAGE MISS LATENCY: 364.4 cycles
cpu0->cpu0_L2C TOTAL        ACCESS:     394428 HIT:      69943 MISS:     324485 MSHR_MERGE:          0
cpu0->cpu0_L2C LOAD         ACCESS:     310849 HIT:      59234 MISS:     251615 MSHR_MERGE:          0
cpu0->cpu0_L2C RFO          ACCESS:       4347 HIT:       1526 MISS:       2821 MSHR_MERGE:          0
cpu0->cpu0_L2C PREFETCH     ACCESS:          0 HIT:          0 MISS:          0 MSHR_MERGE:          0
cpu0->cpu0_L2C WRITE        ACCESS:       9027 HIT:       8979 MISS:         48 MSHR_MERGE:          0
cpu0->cpu0_L2C TRANSLATION  ACCESS:      70205 HIT:        204 MISS:      70001 MSHR_MERGE:          0
cpu0->cpu0_L2C PREFETCH REQUESTED:          0 ISSUED:          0 USEFUL:          0 USELESS:          0
cpu0->cpu0_L2C AVERAGE MISS LATENCY: 194.7 cycles
cpu0->cpu0_L1I TOTAL        ACCESS:     232574 HIT:     185013 MISS:      47561 MSHR_MERGE:      14540
cpu0->cpu0_L1I LOAD         ACCESS:     232574 HIT:     185013 MISS:      47561 MSHR_MERGE:      14540
cpu0->cpu0_L1I RFO          ACCESS:          0 HIT:          0 MISS:          0 MSHR_MERGE:          0
cpu0->cpu0_L1I PREFETCH     ACCESS:          0 HIT:          0 MISS:          0 MSHR_MERGE:          0
cpu0->cpu0_L1I WRITE        ACCESS:          0 HIT:          0 MISS:          0 MSHR_MERGE:          0
cpu0->cpu0_L1I TRANSLATION  ACCESS:          0 HIT:          0 MISS:          0 MSHR_MERGE:          0
cpu0->cpu0_L1I PREFETCH REQUESTED:          0 ISSUED:          0 USEFUL:          0 USELESS:          0
cpu0->cpu0_L1I AVERAGE MISS LATENCY: 40.47 cycles
cpu0->cpu0_L1D TOTAL        ACCESS:    3017944 HIT:    2358039 MISS:     659905 MSHR_MERGE:     307524
cpu0->cpu0_L1D LOAD         ACCESS:    2511588 HIT:    1952847 MISS:     558741 MSHR_MERGE:     280913
cpu0->cpu0_L1D RFO          ACCESS:          0 HIT:          0 MISS:          0 MSHR_MERGE:          0
cpu0->cpu0_L1D PREFETCH     ACCESS:          0 HIT:          0 MISS:          0 MSHR_MERGE:          0
cpu0->cpu0_L1D WRITE        ACCESS:     415421 HIT:     385945 MISS:      29476 MSHR_MERGE:      25128
cpu0->cpu0_L1D TRANSLATION  ACCESS:      90935 HIT:      19247 MISS:      71688 MSHR_MERGE:       1483
cpu0->cpu0_L1D PREFETCH REQUESTED:          0 ISSUED:          0 USEFUL:          0 USELESS:          0
cpu0->cpu0_L1D AVERAGE MISS LATENCY: 185.3 cycles
cpu0->cpu0_ITLB TOTAL        ACCESS:     201366 HIT:     188751 MISS:      12615 MSHR_MERGE:       7293
cpu0->cpu0_ITLB LOAD         ACCESS:     201366 HIT:     188751 MISS:      12615 MSHR_MERGE:       7293
cpu0->cpu0_ITLB RFO          ACCESS:          0 HIT:          0 MISS:          0 MSHR_MERGE:          0
cpu0->cpu0_ITLB PREFETCH     ACCESS:          0 HIT:          0 MISS:          0 MSHR_MERGE:          0
cpu0->cpu0_ITLB WRITE        ACCESS:          0 HIT:          0 MISS:          0 MSHR_MERGE:          0
cpu0->cpu0_ITLB TRANSLATION  ACCESS:          0 HIT:          0 MISS:          0 MSHR_MERGE:          0
cpu0->cpu0_ITLB PREFETCH REQUESTED:          0 ISSUED:          0 USEFUL:          0 USELESS:          0
cpu0->cpu0_ITLB AVERAGE MISS LATENCY: 49.3 cycles
cpu0->cpu0_DTLB TOTAL        ACCESS:    2877320 HIT:    2724119 MISS:     153201 MSHR_MERGE:      91853
cpu0->cpu0_DTLB LOAD         ACCESS:    2877320 HIT:    2724119 MISS:     153201 MSHR_MERGE:      91853
cpu0->cpu0_DTLB RFO          ACCESS:          0 HIT:          0 MISS:          0 MSHR_MERGE:          0
cpu0->cpu0_DTLB PREFETCH     ACCESS:          0 HIT:          0 MISS:          0 MSHR_MERGE:          0
cpu0->cpu0_DTLB WRITE        ACCESS:          0 HIT:          0 MISS:          0 MSHR_MERGE:          0
cpu0->cpu0_DTLB TRANSLATION  ACCESS:          0 HIT:          0 MISS:          0 MSHR_MERGE:          0
cpu0->cpu0_DTLB PREFETCH REQUESTED:          0 ISSUED:          0 USEFUL:          0 USELESS:          0
cpu0->cpu0_DTLB AVERAGE MISS LATENCY: 271.8 cycles
cpu0->LLC TOTAL        ACCESS:     329059 HIT:      32900 MISS:     296159 MSHR_MERGE:          0
cpu0->LLC LOAD         ACCESS:     251615 HIT:      27713 MISS:     223902 MSHR_MERGE:          0
cpu0->LLC RFO          ACCESS:       2821 HIT:        370 MISS:       2451 MSHR_MERGE:          0
cpu0->LLC PREFETCH     ACCESS:          0 HIT:          0 MISS:          0 MSHR_MERGE:          0
cpu0->LLC WRITE        ACCESS:       4622 HIT:       4601 MISS:         21 MSHR_MERGE:          0
cpu0->LLC TRANSLATION  ACCESS:      70001 HIT:        216 MISS:      69785 MSHR_MERGE:          0
cpu0->LLC PREFETCH REQUESTED:          0 ISSUED:          0 USEFUL:          0 USELESS:          0
cpu0->LLC AVERAGE MISS LATENCY: 195.9 cycles

DRAM Statistics

Channel 0 RQ ROW_BUFFER_HIT:       3404
  ROW_BUFFER_MISS:     292705
  AVG DBUS CONGESTED CYCLE: 8.721
Channel 0 WQ ROW_BUFFER_HIT:       1713
  ROW_BUFFER_MISS:       1888
  FULL:          0
Channel 0 REFRESHES ISSUED:       3559
