[VMEM] WARNING: physical memory size is smaller than virtual memory size.

*** ChampSim Multicore Out-of-Order Simulator ***
Warmup Instructions: 2000000
Simulation Instructions: 10000000
Number of CPUs: 1
Page size: 4096

Off-chip DRAM Size: 16 GiB Channels: 1 Width: 64-bit Data Rate: 3205 MT/s
Warmup finished CPU 0 instructions: 2000002 cycles: 525416 cumulative IPC: 3.807 (Simulation time: 00 hr 00 min 06 sec)
Warmup complete CPU 0 instructions: 2000002 cycles: 525416 cumulative IPC: 3.807 (Simulation time: 00 hr 00 min 06 sec)
Heartbeat CPU 0 instructions: 10000003 cycles: 7981977 heartbeat IPC: 1.253 cumulative IPC: 1.073 (Simulation time: 00 hr 00 min 54 sec)
Simulation finished CPU 0 instructions: 10000003 cycles: 8433040 cumulative IPC: 1.186 (Simulation time: 00 hr 01 min 02 sec)
Simulation complete CPU 0 instructions: 10000003 cycles: 8433040 cumulative IPC: 1.186 (Simulation time: 00 hr 01 min 02 sec)

ChampSim completed all CPUs

=== Simulation ===
CPU 0 runs /home/tandonmitul27/workspace/SPEC17/625.x264_s-20B.champsimtrace.xz

Region of Interest Statistics

CPU 0 cumulative IPC: 1.186 instructions: 10000003 cycles: 8433040
CPU 0 Branch Prediction Accuracy: 92.91% MPKI: 2.29 Average ROB Occupancy at Mispredict: 155.8
Branch type MPKI
BRANCH_DIRECT_JUMP: 0.0116
BRANCH_INDIRECT: 0.0016
BRANCH_CONDITIONAL: 2.178
BRANCH_DIRECT_CALL: 0.0182
BRANCH_INDIRECT_CALL: 0.0203
BRANCH_RETURN: 0.0602

cpu0->cpu0_STLB TOTAL        ACCESS:      13057 HIT:      12207 MISS:        850 MSHR_MERGE:          0
cpu0->cpu0_STLB LOAD         ACCESS:      13057 HIT:      12207 MISS:        850 MSHR_MERGE:          0
cpu0->cpu0_STLB RFO          ACCESS:          0 HIT:          0 MISS:          0 MSHR_MERGE:          0
cpu0->cpu0_STLB PREFETCH     ACCESS:          0 HIT:          0 MISS:          0 MSHR_MERGE:          0
cpu0->cpu0_STLB WRITE        ACCESS:          0 HIT:          0 MISS:          0 MSHR_MERGE:          0
cpu0->cpu0_STLB TRANSLATION  ACCESS:          0 HIT:          0 MISS:          0 MSHR_MERGE:          0
cpu0->cpu0_STLB PREFETCH REQUESTED:          0 ISSUED:          0 USEFUL:          0 USELESS:          0
cpu0->cpu0_STLB AVERAGE MISS LATENCY: 761.6 cycles
cpu0->cpu0_L2C TOTAL        ACCESS:      56917 HIT:      19720 MISS:      37197 MSHR_MERGE:          0
cpu0->cpu0_L2C LOAD         ACCESS:      38765 HIT:       9554 MISS:      29211 MSHR_MERGE:          0
cpu0->cpu0_L2C RFO          ACCESS:       8292 HIT:       1542 MISS:       6750 MSHR_MERGE:          0
cpu0->cpu0_L2C PREFETCH     ACCESS:          0 HIT:          0 MISS:          0 MSHR_MERGE:          0
cpu0->cpu0_L2C WRITE        ACCESS:       8607 HIT:       8605 MISS:          2 MSHR_MERGE:          0
cpu0->cpu0_L2C TRANSLATION  ACCESS:       1253 HIT:         19 MISS:       1234 MSHR_MERGE:          0
cpu0->cpu0_L2C PREFETCH REQUESTED:          0 ISSUED:          0 USEFUL:          0 USELESS:          0
cpu0->cpu0_L2C AVERAGE MISS LATENCY: 193.7 cycles
cpu0->cpu0_L1I TOTAL        ACCESS:     942458 HIT:     932935 MISS:       9523 MSHR_MERGE:       2888
cpu0->cpu0_L1I LOAD         ACCESS:     942458 HIT:     932935 MISS:       9523 MSHR_MERGE:       2888
cpu0->cpu0_L1I RFO          ACCESS:          0 HIT:          0 MISS:          0 MSHR_MERGE:          0
cpu0->cpu0_L1I PREFETCH     ACCESS:          0 HIT:          0 MISS:          0 MSHR_MERGE:          0
cpu0->cpu0_L1I WRITE        ACCESS:          0 HIT:          0 MISS:          0 MSHR_MERGE:          0
cpu0->cpu0_L1I TRANSLATION  ACCESS:          0 HIT:          0 MISS:          0 MSHR_MERGE:          0
cpu0->cpu0_L1I PREFETCH REQUESTED:          0 ISSUED:          0 USEFUL:          0 USELESS:          0
cpu0->cpu0_L1I AVERAGE MISS LATENCY: 40.37 cycles
cpu0->cpu0_L1D TOTAL        ACCESS:    1891044 HIT:    1686803 MISS:     204241 MSHR_MERGE:     162566
cpu0->cpu0_L1D LOAD         ACCESS:    1470825 HIT:    1311346 MISS:     159479 MSHR_MERGE:     127349
cpu0->cpu0_L1D RFO          ACCESS:          0 HIT:          0 MISS:          0 MSHR_MERGE:          0
cpu0->cpu0_L1D PREFETCH     ACCESS:          0 HIT:          0 MISS:          0 MSHR_MERGE:          0
cpu0->cpu0_L1D WRITE        ACCESS:     418494 HIT:     375074 MISS:      43420 MSHR_MERGE:      35128
cpu0->cpu0_L1D TRANSLATION  ACCESS:       1725 HIT:        383 MISS:       1342 MSHR_MERGE:         89
cpu0->cpu0_L1D PREFETCH REQUESTED:          0 ISSUED:          0 USEFUL:          0 USELESS:          0
cpu0->cpu0_L1D AVERAGE MISS LATENCY: 176.7 cycles
cpu0->cpu0_ITLB TOTAL        ACCESS:     822483 HIT:     822280 MISS:        203 MSHR_MERGE:        130
cpu0->cpu0_ITLB LOAD         ACCESS:     822483 HIT:     822280 MISS:        203 MSHR_MERGE:        130
cpu0->cpu0_ITLB RFO          ACCESS:          0 HIT:          0 MISS:          0 MSHR_MERGE:          0
cpu0->cpu0_ITLB PREFETCH     ACCESS:          0 HIT:          0 MISS:          0 MSHR_MERGE:          0
cpu0->cpu0_ITLB WRITE        ACCESS:          0 HIT:          0 MISS:          0 MSHR_MERGE:          0
cpu0->cpu0_ITLB TRANSLATION  ACCESS:          0 HIT:          0 MISS:          0 MSHR_MERGE:          0
cpu0->cpu0_ITLB PREFETCH REQUESTED:          0 ISSUED:          0 USEFUL:          0 USELESS:          0
cpu0->cpu0_ITLB AVERAGE MISS LATENCY: 677.7 cycles
cpu0->cpu0_DTLB TOTAL        ACCESS:    1831410 HIT:    1804124 MISS:      27286 MSHR_MERGE:      14302
cpu0->cpu0_DTLB LOAD         ACCESS:    1831410 HIT:    1804124 MISS:      27286 MSHR_MERGE:      14302
cpu0->cpu0_DTLB RFO          ACCESS:          0 HIT:          0 MISS:          0 MSHR_MERGE:          0
cpu0->cpu0_DTLB PREFETCH     ACCESS:          0 HIT:          0 MISS:          0 MSHR_MERGE:          0
cpu0->cpu0_DTLB WRITE        ACCESS:          0 HIT:          0 MISS:          0 MSHR_MERGE:          0
cpu0->cpu0_DTLB TRANSLATION  ACCESS:          0 HIT:          0 MISS:          0 MSHR_MERGE:          0
cpu0->cpu0_DTLB PREFETCH REQUESTED:          0 ISSUED:          0 USEFUL:          0 USELESS:          0
cpu0->cpu0_DTLB AVERAGE MISS LATENCY: 51.14 cycles
cpu0->LLC TOTAL        ACCESS:      44923 HIT:       9528 MISS:      35395 MSHR_MERGE:          0
cpu0->LLC LOAD         ACCESS:      29211 HIT:       1797 MISS:      27414 MSHR_MERGE:          0
cpu0->LLC RFO          ACCESS:       6750 HIT:          1 MISS:       6749 MSHR_MERGE:          0
cpu0->LLC PREFETCH     ACCESS:          0 HIT:          0 MISS:          0 MSHR_MERGE:          0
cpu0->LLC WRITE        ACCESS:       7728 HIT:       7728 MISS:          0 MSHR_MERGE:          0
cpu0->LLC TRANSLATION  ACCESS:       1234 HIT:          2 MISS:       1232 MSHR_MERGE:          0
cpu0->LLC PREFETCH REQUESTED:          0 ISSUED:          0 USEFUL:          0 USELESS:          0
cpu0->LLC AVERAGE MISS LATENCY: 186.8 cycles

DRAM Statistics

Channel 0 RQ ROW_BUFFER_HIT:       2649
  ROW_BUFFER_MISS:      32746
  AVG DBUS CONGESTED CYCLE: 14.62
Channel 0 WQ ROW_BUFFER_HIT:       1485
  ROW_BUFFER_MISS:       2837
  FULL:          0
Channel 0 REFRESHES ISSUED:        703
