[VMEM] WARNING: physical memory size is smaller than virtual memory size.

*** ChampSim Multicore Out-of-Order Simulator ***
Warmup Instructions: 2000000
Simulation Instructions: 10000000
Number of CPUs: 1
Page size: 4096

Off-chip DRAM Size: 16 GiB Channels: 1 Width: 64-bit Data Rate: 3205 MT/s
Warmup finished CPU 0 instructions: 2000001 cycles: 512385 cumulative IPC: 3.903 (Simulation time: 00 hr 00 min 06 sec)
Warmup complete CPU 0 instructions: 2000001 cycles: 512385 cumulative IPC: 3.903 (Simulation time: 00 hr 00 min 06 sec)
Heartbeat CPU 0 instructions: 10000000 cycles: 3633312 heartbeat IPC: 2.752 cumulative IPC: 2.563 (Simulation time: 00 hr 00 min 35 sec)
Simulation finished CPU 0 instructions: 10000004 cycles: 3902986 cumulative IPC: 2.562 (Simulation time: 00 hr 00 min 42 sec)
Simulation complete CPU 0 instructions: 10000004 cycles: 3902986 cumulative IPC: 2.562 (Simulation time: 00 hr 00 min 42 sec)

ChampSim completed all CPUs

=== Simulation ===
CPU 0 runs /home/tandonmitul27/workspace/SPEC17/625.x264_s-33B.champsimtrace.xz

Region of Interest Statistics

CPU 0 cumulative IPC: 2.562 instructions: 10000004 cycles: 3902986
CPU 0 Branch Prediction Accuracy: 88.68% MPKI: 5.015 Average ROB Occupancy at Mispredict: 79.5
Branch type MPKI
BRANCH_DIRECT_JUMP: 0
BRANCH_INDIRECT: 0
BRANCH_CONDITIONAL: 5.013
BRANCH_DIRECT_CALL: 0
BRANCH_INDIRECT_CALL: 0.0025
BRANCH_RETURN: 0

cpu0->cpu0_STLB TOTAL        ACCESS:         59 HIT:          1 MISS:         58 MSHR_MERGE:          0
cpu0->cpu0_STLB LOAD         ACCESS:         59 HIT:          1 MISS:         58 MSHR_MERGE:          0
cpu0->cpu0_STLB RFO          ACCESS:          0 HIT:          0 MISS:          0 MSHR_MERGE:          0
cpu0->cpu0_STLB PREFETCH     ACCESS:          0 HIT:          0 MISS:          0 MSHR_MERGE:          0
cpu0->cpu0_STLB WRITE        ACCESS:          0 HIT:          0 MISS:          0 MSHR_MERGE:          0
cpu0->cpu0_STLB TRANSLATION  ACCESS:          0 HIT:          0 MISS:          0 MSHR_MERGE:          0
cpu0->cpu0_STLB PREFETCH REQUESTED:          0 ISSUED:          0 USEFUL:          0 USELESS:          0
cpu0->cpu0_STLB AVERAGE MISS LATENCY: 754.3 cycles
cpu0->cpu0_L2C TOTAL        ACCESS:       3539 HIT:        108 MISS:       3431 MSHR_MERGE:          0
cpu0->cpu0_L2C LOAD         ACCESS:       3239 HIT:          8 MISS:       3231 MSHR_MERGE:          0
cpu0->cpu0_L2C RFO          ACCESS:        105 HIT:          1 MISS:        104 MSHR_MERGE:          0
cpu0->cpu0_L2C PREFETCH     ACCESS:          0 HIT:          0 MISS:          0 MSHR_MERGE:          0
cpu0->cpu0_L2C WRITE        ACCESS:         99 HIT:         99 MISS:          0 MSHR_MERGE:          0
cpu0->cpu0_L2C TRANSLATION  ACCESS:         96 HIT:          0 MISS:         96 MSHR_MERGE:          0
cpu0->cpu0_L2C PREFETCH REQUESTED:          0 ISSUED:          0 USEFUL:          0 USELESS:          0
cpu0->cpu0_L2C AVERAGE MISS LATENCY: 187.6 cycles
cpu0->cpu0_L1I TOTAL        ACCESS:     875912 HIT:     875912 MISS:          0 MSHR_MERGE:          0
cpu0->cpu0_L1I LOAD         ACCESS:     875912 HIT:     875912 MISS:          0 MSHR_MERGE:          0
cpu0->cpu0_L1I RFO          ACCESS:          0 HIT:          0 MISS:          0 MSHR_MERGE:          0
cpu0->cpu0_L1I PREFETCH     ACCESS:          0 HIT:          0 MISS:          0 MSHR_MERGE:          0
cpu0->cpu0_L1I WRITE        ACCESS:          0 HIT:          0 MISS:          0 MSHR_MERGE:          0
cpu0->cpu0_L1I TRANSLATION  ACCESS:          0 HIT:          0 MISS:          0 MSHR_MERGE:          0
cpu0->cpu0_L1I PREFETCH REQUESTED:          0 ISSUED:          0 USEFUL:          0 USELESS:          0
cpu0->cpu0_L1I AVERAGE MISS LATENCY: - cycles
cpu0->cpu0_L1D TOTAL        ACCESS:    2068997 HIT:    2062845 MISS:       6152 MSHR_MERGE:       2712
cpu0->cpu0_L1D LOAD         ACCESS:    1425925 HIT:    1419975 MISS:       5950 MSHR_MERGE:       2711
cpu0->cpu0_L1D RFO          ACCESS:          0 HIT:          0 MISS:          0 MSHR_MERGE:          0
cpu0->cpu0_L1D PREFETCH     ACCESS:          0 HIT:          0 MISS:          0 MSHR_MERGE:          0
cpu0->cpu0_L1D WRITE        ACCESS:     642956 HIT:     642851 MISS:        105 MSHR_MERGE:          0
cpu0->cpu0_L1D TRANSLATION  ACCESS:        116 HIT:         19 MISS:         97 MSHR_MERGE:          1
cpu0->cpu0_L1D PREFETCH REQUESTED:          0 ISSUED:          0 USEFUL:          0 USELESS:          0
cpu0->cpu0_L1D AVERAGE MISS LATENCY: 196.3 cycles
cpu0->cpu0_ITLB TOTAL        ACCESS:     796547 HIT:     796547 MISS:          0 MSHR_MERGE:          0
cpu0->cpu0_ITLB LOAD         ACCESS:     796547 HIT:     796547 MISS:          0 MSHR_MERGE:          0
cpu0->cpu0_ITLB RFO          ACCESS:          0 HIT:          0 MISS:          0 MSHR_MERGE:          0
cpu0->cpu0_ITLB PREFETCH     ACCESS:          0 HIT:          0 MISS:          0 MSHR_MERGE:          0
cpu0->cpu0_ITLB WRITE        ACCESS:          0 HIT:          0 MISS:          0 MSHR_MERGE:          0
cpu0->cpu0_ITLB TRANSLATION  ACCESS:          0 HIT:          0 MISS:          0 MSHR_MERGE:          0
cpu0->cpu0_ITLB PREFETCH REQUESTED:          0 ISSUED:          0 USEFUL:          0 USELESS:          0
cpu0->cpu0_ITLB AVERAGE MISS LATENCY: - cycles
cpu0->cpu0_DTLB TOTAL        ACCESS:    1961297 HIT:    1961114 MISS:        183 MSHR_MERGE:        124
cpu0->cpu0_DTLB LOAD         ACCESS:    1961297 HIT:    1961114 MISS:        183 MSHR_MERGE:        124
cpu0->cpu0_DTLB RFO          ACCESS:          0 HIT:          0 MISS:          0 MSHR_MERGE:          0
cpu0->cpu0_DTLB PREFETCH     ACCESS:          0 HIT:          0 MISS:          0 MSHR_MERGE:          0
cpu0->cpu0_DTLB WRITE        ACCESS:          0 HIT:          0 MISS:          0 MSHR_MERGE:          0
cpu0->cpu0_DTLB TRANSLATION  ACCESS:          0 HIT:          0 MISS:          0 MSHR_MERGE:          0
cpu0->cpu0_DTLB PREFETCH REQUESTED:          0 ISSUED:          0 USEFUL:          0 USELESS:          0
cpu0->cpu0_DTLB AVERAGE MISS LATENCY: 747.5 cycles
cpu0->LLC TOTAL        ACCESS:       3436 HIT:          5 MISS:       3431 MSHR_MERGE:          0
cpu0->LLC LOAD         ACCESS:       3231 HIT:          0 MISS:       3231 MSHR_MERGE:          0
cpu0->LLC RFO          ACCESS:        104 HIT:          0 MISS:        104 MSHR_MERGE:          0
cpu0->LLC PREFETCH     ACCESS:          0 HIT:          0 MISS:          0 MSHR_MERGE:          0
cpu0->LLC WRITE        ACCESS:          5 HIT:          5 MISS:          0 MSHR_MERGE:          0
cpu0->LLC TRANSLATION  ACCESS:         96 HIT:          0 MISS:         96 MSHR_MERGE:          0
cpu0->LLC PREFETCH REQUESTED:          0 ISSUED:          0 USEFUL:          0 USELESS:          0
cpu0->LLC AVERAGE MISS LATENCY: 171.6 cycles

DRAM Statistics

Channel 0 RQ ROW_BUFFER_HIT:         20
  ROW_BUFFER_MISS:       3411
  AVG DBUS CONGESTED CYCLE: 2.891
Channel 0 WQ ROW_BUFFER_HIT:          0
  ROW_BUFFER_MISS:          0
  FULL:          0
Channel 0 REFRESHES ISSUED:        325
