[VMEM] WARNING: physical memory size is smaller than virtual memory size.

*** ChampSim Multicore Out-of-Order Simulator ***
Warmup Instructions: 2000000
Simulation Instructions: 10000000
Number of CPUs: 1
Page size: 4096

Off-chip DRAM Size: 16 GiB Channels: 1 Width: 64-bit Data Rate: 3205 MT/s
Warmup finished CPU 0 instructions: 2000003 cycles: 544311 cumulative IPC: 3.674 (Simulation time: 00 hr 00 min 06 sec)
Warmup complete CPU 0 instructions: 2000003 cycles: 544311 cumulative IPC: 3.674 (Simulation time: 00 hr 00 min 06 sec)
Heartbeat CPU 0 instructions: 10000003 cycles: 4114077 heartbeat IPC: 2.431 cumulative IPC: 2.241 (Simulation time: 00 hr 00 min 35 sec)
Simulation finished CPU 0 instructions: 10000003 cycles: 4416270 cumulative IPC: 2.264 (Simulation time: 00 hr 00 min 43 sec)
Simulation complete CPU 0 instructions: 10000003 cycles: 4416270 cumulative IPC: 2.264 (Simulation time: 00 hr 00 min 43 sec)

ChampSim completed all CPUs

=== Simulation ===
CPU 0 runs /home/tandonmitul27/workspace/SPEC17/625.x264_s-39B.champsimtrace.xz

Region of Interest Statistics

CPU 0 cumulative IPC: 2.264 instructions: 10000003 cycles: 4416270
CPU 0 Branch Prediction Accuracy: 89.31% MPKI: 4.892 Average ROB Occupancy at Mispredict: 66.56
Branch type MPKI
BRANCH_DIRECT_JUMP: 0.0049
BRANCH_INDIRECT: 0.0088
BRANCH_CONDITIONAL: 4.569
BRANCH_DIRECT_CALL: 0.0021
BRANCH_INDIRECT_CALL: 0.1498
BRANCH_RETURN: 0.1574

cpu0->cpu0_STLB TOTAL        ACCESS:      11831 HIT:      11745 MISS:         86 MSHR_MERGE:          0
cpu0->cpu0_STLB LOAD         ACCESS:      11831 HIT:      11745 MISS:         86 MSHR_MERGE:          0
cpu0->cpu0_STLB RFO          ACCESS:          0 HIT:          0 MISS:          0 MSHR_MERGE:          0
cpu0->cpu0_STLB PREFETCH     ACCESS:          0 HIT:          0 MISS:          0 MSHR_MERGE:          0
cpu0->cpu0_STLB WRITE        ACCESS:          0 HIT:          0 MISS:          0 MSHR_MERGE:          0
cpu0->cpu0_STLB TRANSLATION  ACCESS:          0 HIT:          0 MISS:          0 MSHR_MERGE:          0
cpu0->cpu0_STLB PREFETCH REQUESTED:          0 ISSUED:          0 USEFUL:          0 USELESS:          0
cpu0->cpu0_STLB AVERAGE MISS LATENCY: 736.9 cycles
cpu0->cpu0_L2C TOTAL        ACCESS:      86246 HIT:      79211 MISS:       7035 MSHR_MERGE:          0
cpu0->cpu0_L2C LOAD         ACCESS:      77197 HIT:      72533 MISS:       4664 MSHR_MERGE:          0
cpu0->cpu0_L2C RFO          ACCESS:       4120 HIT:       1884 MISS:       2236 MSHR_MERGE:          0
cpu0->cpu0_L2C PREFETCH     ACCESS:          0 HIT:          0 MISS:          0 MSHR_MERGE:          0
cpu0->cpu0_L2C WRITE        ACCESS:       4797 HIT:       4793 MISS:          4 MSHR_MERGE:          0
cpu0->cpu0_L2C TRANSLATION  ACCESS:        132 HIT:          1 MISS:        131 MSHR_MERGE:          0
cpu0->cpu0_L2C PREFETCH REQUESTED:          0 ISSUED:          0 USEFUL:          0 USELESS:          0
cpu0->cpu0_L2C AVERAGE MISS LATENCY: 188.4 cycles
cpu0->cpu0_L1I TOTAL        ACCESS:     994230 HIT:     881066 MISS:     113164 MSHR_MERGE:      45106
cpu0->cpu0_L1I LOAD         ACCESS:     994230 HIT:     881066 MISS:     113164 MSHR_MERGE:      45106
cpu0->cpu0_L1I RFO          ACCESS:          0 HIT:          0 MISS:          0 MSHR_MERGE:          0
cpu0->cpu0_L1I PREFETCH     ACCESS:          0 HIT:          0 MISS:          0 MSHR_MERGE:          0
cpu0->cpu0_L1I WRITE        ACCESS:          0 HIT:          0 MISS:          0 MSHR_MERGE:          0
cpu0->cpu0_L1I TRANSLATION  ACCESS:          0 HIT:          0 MISS:          0 MSHR_MERGE:          0
cpu0->cpu0_L1I PREFETCH REQUESTED:          0 ISSUED:          0 USEFUL:          0 USELESS:          0
cpu0->cpu0_L1I AVERAGE MISS LATENCY: 7.566 cycles
cpu0->cpu0_L1D TOTAL        ACCESS:    2037344 HIT:    2005420 MISS:      31924 MSHR_MERGE:      18532
cpu0->cpu0_L1D LOAD         ACCESS:    1332668 HIT:    1317607 MISS:      15061 MSHR_MERGE:       5922
cpu0->cpu0_L1D RFO          ACCESS:          0 HIT:          0 MISS:          0 MSHR_MERGE:          0
cpu0->cpu0_L1D PREFETCH     ACCESS:          0 HIT:          0 MISS:          0 MSHR_MERGE:          0
cpu0->cpu0_L1D WRITE        ACCESS:     704504 HIT:     687778 MISS:      16726 MSHR_MERGE:      12605
cpu0->cpu0_L1D TRANSLATION  ACCESS:        172 HIT:         35 MISS:        137 MSHR_MERGE:          5
cpu0->cpu0_L1D PREFETCH REQUESTED:          0 ISSUED:          0 USEFUL:          0 USELESS:          0
cpu0->cpu0_L1D AVERAGE MISS LATENCY: 105.2 cycles
cpu0->cpu0_ITLB TOTAL        ACCESS:     841760 HIT:     841380 MISS:        380 MSHR_MERGE:        271
cpu0->cpu0_ITLB LOAD         ACCESS:     841760 HIT:     841380 MISS:        380 MSHR_MERGE:        271
cpu0->cpu0_ITLB RFO          ACCESS:          0 HIT:          0 MISS:          0 MSHR_MERGE:          0
cpu0->cpu0_ITLB PREFETCH     ACCESS:          0 HIT:          0 MISS:          0 MSHR_MERGE:          0
cpu0->cpu0_ITLB WRITE        ACCESS:          0 HIT:          0 MISS:          0 MSHR_MERGE:          0
cpu0->cpu0_ITLB TRANSLATION  ACCESS:          0 HIT:          0 MISS:          0 MSHR_MERGE:          0
cpu0->cpu0_ITLB PREFETCH REQUESTED:          0 ISSUED:          0 USEFUL:          0 USELESS:          0
cpu0->cpu0_ITLB AVERAGE MISS LATENCY: 30.12 cycles
cpu0->cpu0_DTLB TOTAL        ACCESS:    1917324 HIT:    1894710 MISS:      22614 MSHR_MERGE:      10891
cpu0->cpu0_DTLB LOAD         ACCESS:    1917324 HIT:    1894710 MISS:      22614 MSHR_MERGE:      10891
cpu0->cpu0_DTLB RFO          ACCESS:          0 HIT:          0 MISS:          0 MSHR_MERGE:          0
cpu0->cpu0_DTLB PREFETCH     ACCESS:          0 HIT:          0 MISS:          0 MSHR_MERGE:          0
cpu0->cpu0_DTLB WRITE        ACCESS:          0 HIT:          0 MISS:          0 MSHR_MERGE:          0
cpu0->cpu0_DTLB TRANSLATION  ACCESS:          0 HIT:          0 MISS:          0 MSHR_MERGE:          0
cpu0->cpu0_DTLB PREFETCH REQUESTED:          0 ISSUED:          0 USEFUL:          0 USELESS:          0
cpu0->cpu0_DTLB AVERAGE MISS LATENCY: 10.18 cycles
cpu0->LLC TOTAL        ACCESS:       7930 HIT:       1353 MISS:       6577 MSHR_MERGE:          0
cpu0->LLC LOAD         ACCESS:       4664 HIT:        415 MISS:       4249 MSHR_MERGE:          0
cpu0->LLC RFO          ACCESS:       2236 HIT:         38 MISS:       2198 MSHR_MERGE:          0
cpu0->LLC PREFETCH     ACCESS:          0 HIT:          0 MISS:          0 MSHR_MERGE:          0
cpu0->LLC WRITE        ACCESS:        899 HIT:        899 MISS:          0 MSHR_MERGE:          0
cpu0->LLC TRANSLATION  ACCESS:        131 HIT:          1 MISS:        130 MSHR_MERGE:          0
cpu0->LLC PREFETCH REQUESTED:          0 ISSUED:          0 USEFUL:          0 USELESS:          0
cpu0->LLC AVERAGE MISS LATENCY: 184.5 cycles

DRAM Statistics

Channel 0 RQ ROW_BUFFER_HIT:         34
  ROW_BUFFER_MISS:       6543
  AVG DBUS CONGESTED CYCLE: 2.945
Channel 0 WQ ROW_BUFFER_HIT:          0
  ROW_BUFFER_MISS:          0
  FULL:          0
Channel 0 REFRESHES ISSUED:        368
