[VMEM] WARNING: physical memory size is smaller than virtual memory size.

*** ChampSim Multicore Out-of-Order Simulator ***
Warmup Instructions: 2000000
Simulation Instructions: 10000000
Number of CPUs: 1
Page size: 4096

Off-chip DRAM Size: 16 GiB Channels: 1 Width: 64-bit Data Rate: 3205 MT/s
Warmup finished CPU 0 instructions: 2000003 cycles: 512734 cumulative IPC: 3.901 (Simulation time: 00 hr 00 min 05 sec)
Warmup complete CPU 0 instructions: 2000003 cycles: 512734 cumulative IPC: 3.901 (Simulation time: 00 hr 00 min 05 sec)
Heartbeat CPU 0 instructions: 10000000 cycles: 3824421 heartbeat IPC: 2.615 cumulative IPC: 2.416 (Simulation time: 00 hr 00 min 34 sec)
Simulation finished CPU 0 instructions: 10000000 cycles: 4065324 cumulative IPC: 2.46 (Simulation time: 00 hr 00 min 40 sec)
Simulation complete CPU 0 instructions: 10000000 cycles: 4065324 cumulative IPC: 2.46 (Simulation time: 00 hr 00 min 40 sec)

ChampSim completed all CPUs

=== Simulation ===
CPU 0 runs /home/tandonmitul27/workspace/SPEC17/625.x264_s-12B.champsimtrace.xz

Region of Interest Statistics

CPU 0 cumulative IPC: 2.46 instructions: 10000000 cycles: 4065324
CPU 0 Branch Prediction Accuracy: 88.43% MPKI: 2.904 Average ROB Occupancy at Mispredict: 126.1
Branch type MPKI
BRANCH_DIRECT_JUMP: 0.0017
BRANCH_INDIRECT: 0.0004
BRANCH_CONDITIONAL: 2.889
BRANCH_DIRECT_CALL: 0.0007
BRANCH_INDIRECT_CALL: 0.0092
BRANCH_RETURN: 0.0029

cpu0->cpu0_STLB TOTAL        ACCESS:        884 HIT:        758 MISS:        126 MSHR_MERGE:          0
cpu0->cpu0_STLB LOAD         ACCESS:        884 HIT:        758 MISS:        126 MSHR_MERGE:          0
cpu0->cpu0_STLB RFO          ACCESS:          0 HIT:          0 MISS:          0 MSHR_MERGE:          0
cpu0->cpu0_STLB PREFETCH     ACCESS:          0 HIT:          0 MISS:          0 MSHR_MERGE:          0
cpu0->cpu0_STLB WRITE        ACCESS:          0 HIT:          0 MISS:          0 MSHR_MERGE:          0
cpu0->cpu0_STLB TRANSLATION  ACCESS:          0 HIT:          0 MISS:          0 MSHR_MERGE:          0
cpu0->cpu0_STLB PREFETCH REQUESTED:          0 ISSUED:          0 USEFUL:          0 USELESS:          0
cpu0->cpu0_STLB AVERAGE MISS LATENCY: 685.9 cycles
cpu0->cpu0_L2C TOTAL        ACCESS:       8381 HIT:       1835 MISS:       6546 MSHR_MERGE:          0
cpu0->cpu0_L2C LOAD         ACCESS:       8101 HIT:       1812 MISS:       6289 MSHR_MERGE:          0
cpu0->cpu0_L2C RFO          ACCESS:         80 HIT:          0 MISS:         80 MSHR_MERGE:          0
cpu0->cpu0_L2C PREFETCH     ACCESS:          0 HIT:          0 MISS:          0 MSHR_MERGE:          0
cpu0->cpu0_L2C WRITE        ACCESS:         30 HIT:         23 MISS:          7 MSHR_MERGE:          0
cpu0->cpu0_L2C TRANSLATION  ACCESS:        170 HIT:          0 MISS:        170 MSHR_MERGE:          0
cpu0->cpu0_L2C PREFETCH REQUESTED:          0 ISSUED:          0 USEFUL:          0 USELESS:          0
cpu0->cpu0_L2C AVERAGE MISS LATENCY: 161.9 cycles
cpu0->cpu0_L1I TOTAL        ACCESS:     797733 HIT:     797505 MISS:        228 MSHR_MERGE:         69
cpu0->cpu0_L1I LOAD         ACCESS:     797733 HIT:     797505 MISS:        228 MSHR_MERGE:         69
cpu0->cpu0_L1I RFO          ACCESS:          0 HIT:          0 MISS:          0 MSHR_MERGE:          0
cpu0->cpu0_L1I PREFETCH     ACCESS:          0 HIT:          0 MISS:          0 MSHR_MERGE:          0
cpu0->cpu0_L1I WRITE        ACCESS:          0 HIT:          0 MISS:          0 MSHR_MERGE:          0
cpu0->cpu0_L1I TRANSLATION  ACCESS:          0 HIT:          0 MISS:          0 MSHR_MERGE:          0
cpu0->cpu0_L1I PREFETCH REQUESTED:          0 ISSUED:          0 USEFUL:          0 USELESS:          0
cpu0->cpu0_L1I AVERAGE MISS LATENCY: 208.7 cycles
cpu0->cpu0_L1D TOTAL        ACCESS:    2034076 HIT:    2003141 MISS:      30935 MSHR_MERGE:      22743
cpu0->cpu0_L1D LOAD         ACCESS:    1385307 HIT:    1354804 MISS:      30503 MSHR_MERGE:      22561
cpu0->cpu0_L1D RFO          ACCESS:          0 HIT:          0 MISS:          0 MSHR_MERGE:          0
cpu0->cpu0_L1D PREFETCH     ACCESS:          0 HIT:          0 MISS:          0 MSHR_MERGE:          0
cpu0->cpu0_L1D WRITE        ACCESS:     648517 HIT:     648255 MISS:        262 MSHR_MERGE:        182
cpu0->cpu0_L1D TRANSLATION  ACCESS:        252 HIT:         82 MISS:        170 MSHR_MERGE:          0
cpu0->cpu0_L1D PREFETCH REQUESTED:          0 ISSUED:          0 USEFUL:          0 USELESS:          0
cpu0->cpu0_L1D AVERAGE MISS LATENCY: 134.3 cycles
cpu0->cpu0_ITLB TOTAL        ACCESS:     724080 HIT:     724042 MISS:         38 MSHR_MERGE:         28
cpu0->cpu0_ITLB LOAD         ACCESS:     724080 HIT:     724042 MISS:         38 MSHR_MERGE:         28
cpu0->cpu0_ITLB RFO          ACCESS:          0 HIT:          0 MISS:          0 MSHR_MERGE:          0
cpu0->cpu0_ITLB PREFETCH     ACCESS:          0 HIT:          0 MISS:          0 MSHR_MERGE:          0
cpu0->cpu0_ITLB WRITE        ACCESS:          0 HIT:          0 MISS:          0 MSHR_MERGE:          0
cpu0->cpu0_ITLB TRANSLATION  ACCESS:          0 HIT:          0 MISS:          0 MSHR_MERGE:          0
cpu0->cpu0_ITLB PREFETCH REQUESTED:          0 ISSUED:          0 USEFUL:          0 USELESS:          0
cpu0->cpu0_ITLB AVERAGE MISS LATENCY: 771.2 cycles
cpu0->cpu0_DTLB TOTAL        ACCESS:    1911382 HIT:    1909718 MISS:       1664 MSHR_MERGE:        790
cpu0->cpu0_DTLB LOAD         ACCESS:    1911382 HIT:    1909718 MISS:       1664 MSHR_MERGE:        790
cpu0->cpu0_DTLB RFO          ACCESS:          0 HIT:          0 MISS:          0 MSHR_MERGE:          0
cpu0->cpu0_DTLB PREFETCH     ACCESS:          0 HIT:          0 MISS:          0 MSHR_MERGE:          0
cpu0->cpu0_DTLB WRITE        ACCESS:          0 HIT:          0 MISS:          0 MSHR_MERGE:          0
cpu0->cpu0_DTLB TRANSLATION  ACCESS:          0 HIT:          0 MISS:          0 MSHR_MERGE:          0
cpu0->cpu0_DTLB PREFETCH REQUESTED:          0 ISSUED:          0 USEFUL:          0 USELESS:          0
cpu0->cpu0_DTLB AVERAGE MISS LATENCY: 95.26 cycles
cpu0->LLC TOTAL        ACCESS:       6539 HIT:        654 MISS:       5885 MSHR_MERGE:          0
cpu0->LLC LOAD         ACCESS:       6289 HIT:        654 MISS:       5635 MSHR_MERGE:          0
cpu0->LLC RFO          ACCESS:         80 HIT:          0 MISS:         80 MSHR_MERGE:          0
cpu0->LLC PREFETCH     ACCESS:          0 HIT:          0 MISS:          0 MSHR_MERGE:          0
cpu0->LLC WRITE        ACCESS:          0 HIT:          0 MISS:          0 MSHR_MERGE:          0
cpu0->LLC TRANSLATION  ACCESS:        170 HIT:          0 MISS:        170 MSHR_MERGE:          0
cpu0->LLC PREFETCH REQUESTED:          0 ISSUED:          0 USEFUL:          0 USELESS:          0
cpu0->LLC AVERAGE MISS LATENCY: 162.4 cycles

DRAM Statistics

Channel 0 RQ ROW_BUFFER_HIT:        363
  ROW_BUFFER_MISS:       5522
  AVG DBUS CONGESTED CYCLE: 2.331
Channel 0 WQ ROW_BUFFER_HIT:          0
  ROW_BUFFER_MISS:          0
  FULL:          0
Channel 0 REFRESHES ISSUED:        339
