[VMEM] WARNING: physical memory size is smaller than virtual memory size.

*** ChampSim Multicore Out-of-Order Simulator ***
Warmup Instructions: 2000000
Simulation Instructions: 10000000
Number of CPUs: 1
Page size: 4096

Off-chip DRAM Size: 16 GiB Channels: 1 Width: 64-bit Data Rate: 3205 MT/s
Warmup finished CPU 0 instructions: 2000000 cycles: 612569 cumulative IPC: 3.265 (Simulation time: 00 hr 00 min 06 sec)
Warmup complete CPU 0 instructions: 2000000 cycles: 612569 cumulative IPC: 3.265 (Simulation time: 00 hr 00 min 06 sec)
Heartbeat CPU 0 instructions: 10000000 cycles: 9173774 heartbeat IPC: 1.09 cumulative IPC: 0.9344 (Simulation time: 00 hr 01 min 06 sec)
Simulation finished CPU 0 instructions: 10000000 cycles: 9819219 cumulative IPC: 1.018 (Simulation time: 00 hr 01 min 15 sec)
Simulation complete CPU 0 instructions: 10000000 cycles: 9819219 cumulative IPC: 1.018 (Simulation time: 00 hr 01 min 15 sec)

ChampSim completed all CPUs

=== Simulation ===
CPU 0 runs /home/tandonmitul27/workspace/SPEC17/627.cam4_s-490B.champsimtrace.xz

Region of Interest Statistics

CPU 0 cumulative IPC: 1.018 instructions: 10000000 cycles: 9819219
CPU 0 Branch Prediction Accuracy: 88.04% MPKI: 11.35 Average ROB Occupancy at Mispredict: 27.76
Branch type MPKI
BRANCH_DIRECT_JUMP: 0.0063
BRANCH_INDIRECT: 0.0001
BRANCH_CONDITIONAL: 11.33
BRANCH_DIRECT_CALL: 0.0084
BRANCH_INDIRECT_CALL: 0
BRANCH_RETURN: 0.0082

cpu0->cpu0_STLB TOTAL        ACCESS:       3293 HIT:       2716 MISS:        577 MSHR_MERGE:          0
cpu0->cpu0_STLB LOAD         ACCESS:       3293 HIT:       2716 MISS:        577 MSHR_MERGE:          0
cpu0->cpu0_STLB RFO          ACCESS:          0 HIT:          0 MISS:          0 MSHR_MERGE:          0
cpu0->cpu0_STLB PREFETCH     ACCESS:          0 HIT:          0 MISS:          0 MSHR_MERGE:          0
cpu0->cpu0_STLB WRITE        ACCESS:          0 HIT:          0 MISS:          0 MSHR_MERGE:          0
cpu0->cpu0_STLB TRANSLATION  ACCESS:          0 HIT:          0 MISS:          0 MSHR_MERGE:          0
cpu0->cpu0_STLB PREFETCH REQUESTED:          0 ISSUED:          0 USEFUL:          0 USELESS:          0
cpu0->cpu0_STLB AVERAGE MISS LATENCY: 711.7 cycles
cpu0->cpu0_L2C TOTAL        ACCESS:     267294 HIT:     130953 MISS:     136341 MSHR_MERGE:          0
cpu0->cpu0_L2C LOAD         ACCESS:     133291 HIT:      52167 MISS:      81124 MSHR_MERGE:          0
cpu0->cpu0_L2C RFO          ACCESS:      54610 HIT:        241 MISS:      54369 MSHR_MERGE:          0
cpu0->cpu0_L2C PREFETCH     ACCESS:          0 HIT:          0 MISS:          0 MSHR_MERGE:          0
cpu0->cpu0_L2C WRITE        ACCESS:      78656 HIT:      78542 MISS:        114 MSHR_MERGE:          0
cpu0->cpu0_L2C TRANSLATION  ACCESS:        737 HIT:          3 MISS:        734 MSHR_MERGE:          0
cpu0->cpu0_L2C PREFETCH REQUESTED:          0 ISSUED:          0 USEFUL:          0 USELESS:          0
cpu0->cpu0_L2C AVERAGE MISS LATENCY: 116.4 cycles
cpu0->cpu0_L1I TOTAL        ACCESS:     721014 HIT:     720429 MISS:        585 MSHR_MERGE:        226
cpu0->cpu0_L1I LOAD         ACCESS:     721014 HIT:     720429 MISS:        585 MSHR_MERGE:        226
cpu0->cpu0_L1I RFO          ACCESS:          0 HIT:          0 MISS:          0 MSHR_MERGE:          0
cpu0->cpu0_L1I PREFETCH     ACCESS:          0 HIT:          0 MISS:          0 MSHR_MERGE:          0
cpu0->cpu0_L1I WRITE        ACCESS:          0 HIT:          0 MISS:          0 MSHR_MERGE:          0
cpu0->cpu0_L1I TRANSLATION  ACCESS:          0 HIT:          0 MISS:          0 MSHR_MERGE:          0
cpu0->cpu0_L1I PREFETCH REQUESTED:          0 ISSUED:          0 USEFUL:          0 USELESS:          0
cpu0->cpu0_L1I AVERAGE MISS LATENCY: 215.1 cycles
cpu0->cpu0_L1D TOTAL        ACCESS:    2032643 HIT:    1462567 MISS:     570076 MSHR_MERGE:     381797
cpu0->cpu0_L1D LOAD         ACCESS:    1370999 HIT:    1076936 MISS:     294063 MSHR_MERGE:     161131
cpu0->cpu0_L1D RFO          ACCESS:          0 HIT:          0 MISS:          0 MSHR_MERGE:          0
cpu0->cpu0_L1D PREFETCH     ACCESS:          0 HIT:          0 MISS:          0 MSHR_MERGE:          0
cpu0->cpu0_L1D WRITE        ACCESS:     660481 HIT:     385208 MISS:     275273 MSHR_MERGE:     220663
cpu0->cpu0_L1D TRANSLATION  ACCESS:       1163 HIT:        423 MISS:        740 MSHR_MERGE:          3
cpu0->cpu0_L1D PREFETCH REQUESTED:          0 ISSUED:          0 USEFUL:          0 USELESS:          0
cpu0->cpu0_L1D AVERAGE MISS LATENCY: 92.69 cycles
cpu0->cpu0_ITLB TOTAL        ACCESS:     657291 HIT:     657280 MISS:         11 MSHR_MERGE:          7
cpu0->cpu0_ITLB LOAD         ACCESS:     657291 HIT:     657280 MISS:         11 MSHR_MERGE:          7
cpu0->cpu0_ITLB RFO          ACCESS:          0 HIT:          0 MISS:          0 MSHR_MERGE:          0
cpu0->cpu0_ITLB PREFETCH     ACCESS:          0 HIT:          0 MISS:          0 MSHR_MERGE:          0
cpu0->cpu0_ITLB WRITE        ACCESS:          0 HIT:          0 MISS:          0 MSHR_MERGE:          0
cpu0->cpu0_ITLB TRANSLATION  ACCESS:          0 HIT:          0 MISS:          0 MSHR_MERGE:          0
cpu0->cpu0_ITLB PREFETCH REQUESTED:          0 ISSUED:          0 USEFUL:          0 USELESS:          0
cpu0->cpu0_ITLB AVERAGE MISS LATENCY: 840 cycles
cpu0->cpu0_DTLB TOTAL        ACCESS:    1976327 HIT:    1968330 MISS:       7997 MSHR_MERGE:       4708
cpu0->cpu0_DTLB LOAD         ACCESS:    1976327 HIT:    1968330 MISS:       7997 MSHR_MERGE:       4708
cpu0->cpu0_DTLB RFO          ACCESS:          0 HIT:          0 MISS:          0 MSHR_MERGE:          0
cpu0->cpu0_DTLB PREFETCH     ACCESS:          0 HIT:          0 MISS:          0 MSHR_MERGE:          0
cpu0->cpu0_DTLB WRITE        ACCESS:          0 HIT:          0 MISS:          0 MSHR_MERGE:          0
cpu0->cpu0_DTLB TRANSLATION  ACCESS:          0 HIT:          0 MISS:          0 MSHR_MERGE:          0
cpu0->cpu0_DTLB PREFETCH REQUESTED:          0 ISSUED:          0 USEFUL:          0 USELESS:          0
cpu0->cpu0_DTLB AVERAGE MISS LATENCY: 129 cycles
cpu0->LLC TOTAL        ACCESS:     205589 HIT:     147209 MISS:      58380 MSHR_MERGE:          0
cpu0->LLC LOAD         ACCESS:      81124 HIT:      52748 MISS:      28376 MSHR_MERGE:          0
cpu0->LLC RFO          ACCESS:      54369 HIT:      25096 MISS:      29273 MSHR_MERGE:          0
cpu0->LLC PREFETCH     ACCESS:          0 HIT:          0 MISS:          0 MSHR_MERGE:          0
cpu0->LLC WRITE        ACCESS:      69362 HIT:      69362 MISS:          0 MSHR_MERGE:          0
cpu0->LLC TRANSLATION  ACCESS:        734 HIT:          3 MISS:        731 MSHR_MERGE:          0
cpu0->LLC PREFETCH REQUESTED:          0 ISSUED:          0 USEFUL:          0 USELESS:          0
cpu0->LLC AVERAGE MISS LATENCY: 235.8 cycles

DRAM Statistics

Channel 0 RQ ROW_BUFFER_HIT:       4260
  ROW_BUFFER_MISS:      54069
  AVG DBUS CONGESTED CYCLE: 10.74
Channel 0 WQ ROW_BUFFER_HIT:       7208
  ROW_BUFFER_MISS:      22730
  FULL:          0
Channel 0 REFRESHES ISSUED:        818
