[VMEM] WARNING: physical memory size is smaller than virtual memory size.

*** ChampSim Multicore Out-of-Order Simulator ***
Warmup Instructions: 2000000
Simulation Instructions: 10000000
Number of CPUs: 1
Page size: 4096

Off-chip DRAM Size: 16 GiB Channels: 1 Width: 64-bit Data Rate: 3205 MT/s
Warmup finished CPU 0 instructions: 2000004 cycles: 1283666 cumulative IPC: 1.558 (Simulation time: 00 hr 00 min 09 sec)
Warmup complete CPU 0 instructions: 2000004 cycles: 1283666 cumulative IPC: 1.558 (Simulation time: 00 hr 00 min 09 sec)
Heartbeat CPU 0 instructions: 10000001 cycles: 6377954 heartbeat IPC: 1.568 cumulative IPC: 1.57 (Simulation time: 00 hr 00 min 45 sec)
Simulation finished CPU 0 instructions: 10000002 cycles: 6063971 cumulative IPC: 1.649 (Simulation time: 00 hr 00 min 53 sec)
Simulation complete CPU 0 instructions: 10000002 cycles: 6063971 cumulative IPC: 1.649 (Simulation time: 00 hr 00 min 53 sec)

ChampSim completed all CPUs

=== Simulation ===
CPU 0 runs /home/tandonmitul27/workspace/SPEC17/627.cam4_s-573B.champsimtrace.xz

Region of Interest Statistics

CPU 0 cumulative IPC: 1.649 instructions: 10000002 cycles: 6063971
CPU 0 Branch Prediction Accuracy: 90.33% MPKI: 13.04 Average ROB Occupancy at Mispredict: 40.9
Branch type MPKI
BRANCH_DIRECT_JUMP: 0.0144
BRANCH_INDIRECT: 0.0006
BRANCH_CONDITIONAL: 12.58
BRANCH_DIRECT_CALL: 0.0245
BRANCH_INDIRECT_CALL: 0
BRANCH_RETURN: 0.4209

cpu0->cpu0_STLB TOTAL        ACCESS:       9568 HIT:       9188 MISS:        380 MSHR_MERGE:          0
cpu0->cpu0_STLB LOAD         ACCESS:       9568 HIT:       9188 MISS:        380 MSHR_MERGE:          0
cpu0->cpu0_STLB RFO          ACCESS:          0 HIT:          0 MISS:          0 MSHR_MERGE:          0
cpu0->cpu0_STLB PREFETCH     ACCESS:          0 HIT:          0 MISS:          0 MSHR_MERGE:          0
cpu0->cpu0_STLB WRITE        ACCESS:          0 HIT:          0 MISS:          0 MSHR_MERGE:          0
cpu0->cpu0_STLB TRANSLATION  ACCESS:          0 HIT:          0 MISS:          0 MSHR_MERGE:          0
cpu0->cpu0_STLB PREFETCH REQUESTED:          0 ISSUED:          0 USEFUL:          0 USELESS:          0
cpu0->cpu0_STLB AVERAGE MISS LATENCY: 838.3 cycles
cpu0->cpu0_L2C TOTAL        ACCESS:      75808 HIT:      53186 MISS:      22622 MSHR_MERGE:          0
cpu0->cpu0_L2C LOAD         ACCESS:      23634 HIT:      18560 MISS:       5074 MSHR_MERGE:          0
cpu0->cpu0_L2C RFO          ACCESS:      24707 HIT:       7707 MISS:      17000 MSHR_MERGE:          0
cpu0->cpu0_L2C PREFETCH     ACCESS:          0 HIT:          0 MISS:          0 MSHR_MERGE:          0
cpu0->cpu0_L2C WRITE        ACCESS:      26912 HIT:      26911 MISS:          1 MSHR_MERGE:          0
cpu0->cpu0_L2C TRANSLATION  ACCESS:        555 HIT:          8 MISS:        547 MSHR_MERGE:          0
cpu0->cpu0_L2C PREFETCH REQUESTED:          0 ISSUED:          0 USEFUL:          0 USELESS:          0
cpu0->cpu0_L2C AVERAGE MISS LATENCY: 346.8 cycles
cpu0->cpu0_L1I TOTAL        ACCESS:     444258 HIT:     439357 MISS:       4901 MSHR_MERGE:       1709
cpu0->cpu0_L1I LOAD         ACCESS:     444258 HIT:     439357 MISS:       4901 MSHR_MERGE:       1709
cpu0->cpu0_L1I RFO          ACCESS:          0 HIT:          0 MISS:          0 MSHR_MERGE:          0
cpu0->cpu0_L1I PREFETCH     ACCESS:          0 HIT:          0 MISS:          0 MSHR_MERGE:          0
cpu0->cpu0_L1I WRITE        ACCESS:          0 HIT:          0 MISS:          0 MSHR_MERGE:          0
cpu0->cpu0_L1I TRANSLATION  ACCESS:          0 HIT:          0 MISS:          0 MSHR_MERGE:          0
cpu0->cpu0_L1I PREFETCH REQUESTED:          0 ISSUED:          0 USEFUL:          0 USELESS:          0
cpu0->cpu0_L1I AVERAGE MISS LATENCY: 95.34 cycles
cpu0->cpu0_L1D TOTAL        ACCESS:    2130346 HIT:    1970716 MISS:     159630 MSHR_MERGE:     113926
cpu0->cpu0_L1D LOAD         ACCESS:    1293011 HIT:    1255638 MISS:      37373 MSHR_MERGE:      16931
cpu0->cpu0_L1D RFO          ACCESS:          0 HIT:          0 MISS:          0 MSHR_MERGE:          0
cpu0->cpu0_L1D PREFETCH     ACCESS:          0 HIT:          0 MISS:          0 MSHR_MERGE:          0
cpu0->cpu0_L1D WRITE        ACCESS:     836571 HIT:     714873 MISS:     121698 MSHR_MERGE:      96991
cpu0->cpu0_L1D TRANSLATION  ACCESS:        764 HIT:        205 MISS:        559 MSHR_MERGE:          4
cpu0->cpu0_L1D PREFETCH REQUESTED:          0 ISSUED:          0 USEFUL:          0 USELESS:          0
cpu0->cpu0_L1D AVERAGE MISS LATENCY: 174.2 cycles
cpu0->cpu0_ITLB TOTAL        ACCESS:     365367 HIT:     365090 MISS:        277 MSHR_MERGE:        164
cpu0->cpu0_ITLB LOAD         ACCESS:     365367 HIT:     365090 MISS:        277 MSHR_MERGE:        164
cpu0->cpu0_ITLB RFO          ACCESS:          0 HIT:          0 MISS:          0 MSHR_MERGE:          0
cpu0->cpu0_ITLB PREFETCH     ACCESS:          0 HIT:          0 MISS:          0 MSHR_MERGE:          0
cpu0->cpu0_ITLB WRITE        ACCESS:          0 HIT:          0 MISS:          0 MSHR_MERGE:          0
cpu0->cpu0_ITLB TRANSLATION  ACCESS:          0 HIT:          0 MISS:          0 MSHR_MERGE:          0
cpu0->cpu0_ITLB PREFETCH REQUESTED:          0 ISSUED:          0 USEFUL:          0 USELESS:          0
cpu0->cpu0_ITLB AVERAGE MISS LATENCY: 354.3 cycles
cpu0->cpu0_DTLB TOTAL        ACCESS:    2054353 HIT:    2038625 MISS:      15728 MSHR_MERGE:       6273
cpu0->cpu0_DTLB LOAD         ACCESS:    2054353 HIT:    2038625 MISS:      15728 MSHR_MERGE:       6273
cpu0->cpu0_DTLB RFO          ACCESS:          0 HIT:          0 MISS:          0 MSHR_MERGE:          0
cpu0->cpu0_DTLB PREFETCH     ACCESS:          0 HIT:          0 MISS:          0 MSHR_MERGE:          0
cpu0->cpu0_DTLB WRITE        ACCESS:          0 HIT:          0 MISS:          0 MSHR_MERGE:          0
cpu0->cpu0_DTLB TRANSLATION  ACCESS:          0 HIT:          0 MISS:          0 MSHR_MERGE:          0
cpu0->cpu0_DTLB PREFETCH REQUESTED:          0 ISSUED:          0 USEFUL:          0 USELESS:          0
cpu0->cpu0_DTLB AVERAGE MISS LATENCY: 34.56 cycles
cpu0->LLC TOTAL        ACCESS:      42551 HIT:      26179 MISS:      16372 MSHR_MERGE:          0
cpu0->LLC LOAD         ACCESS:       5074 HIT:       1888 MISS:       3186 MSHR_MERGE:          0
cpu0->LLC RFO          ACCESS:      17000 HIT:       4358 MISS:      12642 MSHR_MERGE:          0
cpu0->LLC PREFETCH     ACCESS:          0 HIT:          0 MISS:          0 MSHR_MERGE:          0
cpu0->LLC WRITE        ACCESS:      19930 HIT:      19930 MISS:          0 MSHR_MERGE:          0
cpu0->LLC TRANSLATION  ACCESS:        547 HIT:          3 MISS:        544 MSHR_MERGE:          0
cpu0->LLC PREFETCH REQUESTED:          0 ISSUED:          0 USEFUL:          0 USELESS:          0
cpu0->LLC AVERAGE MISS LATENCY: 457.1 cycles

DRAM Statistics

Channel 0 RQ ROW_BUFFER_HIT:       1047
  ROW_BUFFER_MISS:      15325
  AVG DBUS CONGESTED CYCLE: 8.225
Channel 0 WQ ROW_BUFFER_HIT:       2029
  ROW_BUFFER_MISS:      13930
  FULL:          0
Channel 0 REFRESHES ISSUED:        506
