[VMEM] WARNING: physical memory size is smaller than virtual memory size.

*** ChampSim Multicore Out-of-Order Simulator ***
Warmup Instructions: 2000000
Simulation Instructions: 10000000
Number of CPUs: 1
Page size: 4096

Off-chip DRAM Size: 16 GiB Channels: 1 Width: 64-bit Data Rate: 3205 MT/s
Warmup finished CPU 0 instructions: 2000000 cycles: 524679 cumulative IPC: 3.812 (Simulation time: 00 hr 00 min 06 sec)
Warmup complete CPU 0 instructions: 2000000 cycles: 524679 cumulative IPC: 3.812 (Simulation time: 00 hr 00 min 06 sec)
Heartbeat CPU 0 instructions: 10000002 cycles: 2984866 heartbeat IPC: 3.35 cumulative IPC: 3.252 (Simulation time: 00 hr 00 min 28 sec)
Simulation finished CPU 0 instructions: 10000002 cycles: 3075152 cumulative IPC: 3.252 (Simulation time: 00 hr 00 min 34 sec)
Simulation complete CPU 0 instructions: 10000002 cycles: 3075152 cumulative IPC: 3.252 (Simulation time: 00 hr 00 min 34 sec)

ChampSim completed all CPUs

=== Simulation ===
CPU 0 runs /home/tandonmitul27/workspace/SPEC17/638.imagick_s-4128B.champsimtrace.xz

Region of Interest Statistics

CPU 0 cumulative IPC: 3.252 instructions: 10000002 cycles: 3075152
CPU 0 Branch Prediction Accuracy: 98.66% MPKI: 2.597 Average ROB Occupancy at Mispredict: 124.6
Branch type MPKI
BRANCH_DIRECT_JUMP: 0.0234
BRANCH_INDIRECT: 0
BRANCH_CONDITIONAL: 2.573
BRANCH_DIRECT_CALL: 0
BRANCH_INDIRECT_CALL: 0
BRANCH_RETURN: 0

cpu0->cpu0_STLB TOTAL        ACCESS:       3244 HIT:       3230 MISS:         14 MSHR_MERGE:          0
cpu0->cpu0_STLB LOAD         ACCESS:       3244 HIT:       3230 MISS:         14 MSHR_MERGE:          0
cpu0->cpu0_STLB RFO          ACCESS:          0 HIT:          0 MISS:          0 MSHR_MERGE:          0
cpu0->cpu0_STLB PREFETCH     ACCESS:          0 HIT:          0 MISS:          0 MSHR_MERGE:          0
cpu0->cpu0_STLB WRITE        ACCESS:          0 HIT:          0 MISS:          0 MSHR_MERGE:          0
cpu0->cpu0_STLB TRANSLATION  ACCESS:          0 HIT:          0 MISS:          0 MSHR_MERGE:          0
cpu0->cpu0_STLB PREFETCH REQUESTED:          0 ISSUED:          0 USEFUL:          0 USELESS:          0
cpu0->cpu0_STLB AVERAGE MISS LATENCY: 784.6 cycles
cpu0->cpu0_L2C TOTAL        ACCESS:       1199 HIT:         89 MISS:       1110 MSHR_MERGE:          0
cpu0->cpu0_L2C LOAD         ACCESS:       1086 HIT:         33 MISS:       1053 MSHR_MERGE:          0
cpu0->cpu0_L2C RFO          ACCESS:         37 HIT:          8 MISS:         29 MSHR_MERGE:          0
cpu0->cpu0_L2C PREFETCH     ACCESS:          0 HIT:          0 MISS:          0 MSHR_MERGE:          0
cpu0->cpu0_L2C WRITE        ACCESS:         48 HIT:         48 MISS:          0 MSHR_MERGE:          0
cpu0->cpu0_L2C TRANSLATION  ACCESS:         28 HIT:          0 MISS:         28 MSHR_MERGE:          0
cpu0->cpu0_L2C PREFETCH REQUESTED:          0 ISSUED:          0 USEFUL:          0 USELESS:          0
cpu0->cpu0_L2C AVERAGE MISS LATENCY: 166.8 cycles
cpu0->cpu0_L1I TOTAL        ACCESS:       3892 HIT:       3892 MISS:          0 MSHR_MERGE:          0
cpu0->cpu0_L1I LOAD         ACCESS:       3892 HIT:       3892 MISS:          0 MSHR_MERGE:          0
cpu0->cpu0_L1I RFO          ACCESS:          0 HIT:          0 MISS:          0 MSHR_MERGE:          0
cpu0->cpu0_L1I PREFETCH     ACCESS:          0 HIT:          0 MISS:          0 MSHR_MERGE:          0
cpu0->cpu0_L1I WRITE        ACCESS:          0 HIT:          0 MISS:          0 MSHR_MERGE:          0
cpu0->cpu0_L1I TRANSLATION  ACCESS:          0 HIT:          0 MISS:          0 MSHR_MERGE:          0
cpu0->cpu0_L1I PREFETCH REQUESTED:          0 ISSUED:          0 USEFUL:          0 USELESS:          0
cpu0->cpu0_L1I AVERAGE MISS LATENCY: - cycles
cpu0->cpu0_L1D TOTAL        ACCESS:    2389443 HIT:    2388135 MISS:       1308 MSHR_MERGE:        157
cpu0->cpu0_L1D LOAD         ACCESS:    2072111 HIT:    2070934 MISS:       1177 MSHR_MERGE:         91
cpu0->cpu0_L1D RFO          ACCESS:          0 HIT:          0 MISS:          0 MSHR_MERGE:          0
cpu0->cpu0_L1D PREFETCH     ACCESS:          0 HIT:          0 MISS:          0 MSHR_MERGE:          0
cpu0->cpu0_L1D WRITE        ACCESS:     317304 HIT:     317201 MISS:        103 MSHR_MERGE:         66
cpu0->cpu0_L1D TRANSLATION  ACCESS:         28 HIT:          0 MISS:         28 MSHR_MERGE:          0
cpu0->cpu0_L1D PREFETCH REQUESTED:          0 ISSUED:          0 USEFUL:          0 USELESS:          0
cpu0->cpu0_L1D AVERAGE MISS LATENCY: 169.8 cycles
cpu0->cpu0_ITLB TOTAL        ACCESS:       3248 HIT:       3248 MISS:          0 MSHR_MERGE:          0
cpu0->cpu0_ITLB LOAD         ACCESS:       3248 HIT:       3248 MISS:          0 MSHR_MERGE:          0
cpu0->cpu0_ITLB RFO          ACCESS:          0 HIT:          0 MISS:          0 MSHR_MERGE:          0
cpu0->cpu0_ITLB PREFETCH     ACCESS:          0 HIT:          0 MISS:          0 MSHR_MERGE:          0
cpu0->cpu0_ITLB WRITE        ACCESS:          0 HIT:          0 MISS:          0 MSHR_MERGE:          0
cpu0->cpu0_ITLB TRANSLATION  ACCESS:          0 HIT:          0 MISS:          0 MSHR_MERGE:          0
cpu0->cpu0_ITLB PREFETCH REQUESTED:          0 ISSUED:          0 USEFUL:          0 USELESS:          0
cpu0->cpu0_ITLB AVERAGE MISS LATENCY: - cycles
cpu0->cpu0_DTLB TOTAL        ACCESS:    2339340 HIT:    2328411 MISS:      10929 MSHR_MERGE:       7685
cpu0->cpu0_DTLB LOAD         ACCESS:    2339340 HIT:    2328411 MISS:      10929 MSHR_MERGE:       7685
cpu0->cpu0_DTLB RFO          ACCESS:          0 HIT:          0 MISS:          0 MSHR_MERGE:          0
cpu0->cpu0_DTLB PREFETCH     ACCESS:          0 HIT:          0 MISS:          0 MSHR_MERGE:          0
cpu0->cpu0_DTLB WRITE        ACCESS:          0 HIT:          0 MISS:          0 MSHR_MERGE:          0
cpu0->cpu0_DTLB TRANSLATION  ACCESS:          0 HIT:          0 MISS:          0 MSHR_MERGE:          0
cpu0->cpu0_DTLB PREFETCH REQUESTED:          0 ISSUED:          0 USEFUL:          0 USELESS:          0
cpu0->cpu0_DTLB AVERAGE MISS LATENCY: 8.391 cycles
cpu0->LLC TOTAL        ACCESS:       1110 HIT:          0 MISS:       1110 MSHR_MERGE:          0
cpu0->LLC LOAD         ACCESS:       1053 HIT:          0 MISS:       1053 MSHR_MERGE:          0
cpu0->LLC RFO          ACCESS:         29 HIT:          0 MISS:         29 MSHR_MERGE:          0
cpu0->LLC PREFETCH     ACCESS:          0 HIT:          0 MISS:          0 MSHR_MERGE:          0
cpu0->LLC WRITE        ACCESS:          0 HIT:          0 MISS:          0 MSHR_MERGE:          0
cpu0->LLC TRANSLATION  ACCESS:         28 HIT:          0 MISS:         28 MSHR_MERGE:          0
cpu0->LLC PREFETCH REQUESTED:          0 ISSUED:          0 USEFUL:          0 USELESS:          0
cpu0->LLC AVERAGE MISS LATENCY: 150.8 cycles

DRAM Statistics

Channel 0 RQ ROW_BUFFER_HIT:          0
  ROW_BUFFER_MISS:       1110
  AVG DBUS CONGESTED CYCLE: -
Channel 0 WQ ROW_BUFFER_HIT:          0
  ROW_BUFFER_MISS:          0
  FULL:          0
Channel 0 REFRESHES ISSUED:        256
