[VMEM] WARNING: physical memory size is smaller than virtual memory size.

*** ChampSim Multicore Out-of-Order Simulator ***
Warmup Instructions: 2000000
Simulation Instructions: 10000000
Number of CPUs: 1
Page size: 4096

Off-chip DRAM Size: 16 GiB Channels: 1 Width: 64-bit Data Rate: 3205 MT/s
Warmup finished CPU 0 instructions: 2000000 cycles: 554096 cumulative IPC: 3.609 (Simulation time: 00 hr 00 min 06 sec)
Warmup complete CPU 0 instructions: 2000000 cycles: 554096 cumulative IPC: 3.609 (Simulation time: 00 hr 00 min 06 sec)
Heartbeat CPU 0 instructions: 10000001 cycles: 2921737 heartbeat IPC: 3.423 cumulative IPC: 3.379 (Simulation time: 00 hr 00 min 29 sec)
Simulation finished CPU 0 instructions: 10000003 cycles: 2959520 cumulative IPC: 3.379 (Simulation time: 00 hr 00 min 35 sec)
Simulation complete CPU 0 instructions: 10000003 cycles: 2959520 cumulative IPC: 3.379 (Simulation time: 00 hr 00 min 35 sec)

ChampSim completed all CPUs

=== Simulation ===
CPU 0 runs /home/tandonmitul27/workspace/SPEC17/638.imagick_s-10316B.champsimtrace.xz

Region of Interest Statistics

CPU 0 cumulative IPC: 3.379 instructions: 10000003 cycles: 2959520
CPU 0 Branch Prediction Accuracy: 99.7% MPKI: 0.313 Average ROB Occupancy at Mispredict: 348.4
Branch type MPKI
BRANCH_DIRECT_JUMP: 0.0001
BRANCH_INDIRECT: 0
BRANCH_CONDITIONAL: 0.3129
BRANCH_DIRECT_CALL: 0
BRANCH_INDIRECT_CALL: 0
BRANCH_RETURN: 0

cpu0->cpu0_STLB TOTAL        ACCESS:       4678 HIT:       4672 MISS:          6 MSHR_MERGE:          0
cpu0->cpu0_STLB LOAD         ACCESS:       4678 HIT:       4672 MISS:          6 MSHR_MERGE:          0
cpu0->cpu0_STLB RFO          ACCESS:          0 HIT:          0 MISS:          0 MSHR_MERGE:          0
cpu0->cpu0_STLB PREFETCH     ACCESS:          0 HIT:          0 MISS:          0 MSHR_MERGE:          0
cpu0->cpu0_STLB WRITE        ACCESS:          0 HIT:          0 MISS:          0 MSHR_MERGE:          0
cpu0->cpu0_STLB TRANSLATION  ACCESS:          0 HIT:          0 MISS:          0 MSHR_MERGE:          0
cpu0->cpu0_STLB PREFETCH REQUESTED:          0 ISSUED:          0 USEFUL:          0 USELESS:          0
cpu0->cpu0_STLB AVERAGE MISS LATENCY: 810.2 cycles
cpu0->cpu0_L2C TOTAL        ACCESS:      89170 HIT:      88768 MISS:        402 MSHR_MERGE:          0
cpu0->cpu0_L2C LOAD         ACCESS:      88954 HIT:      88568 MISS:        386 MSHR_MERGE:          0
cpu0->cpu0_L2C RFO          ACCESS:         60 HIT:         56 MISS:          4 MSHR_MERGE:          0
cpu0->cpu0_L2C PREFETCH     ACCESS:          0 HIT:          0 MISS:          0 MSHR_MERGE:          0
cpu0->cpu0_L2C WRITE        ACCESS:        144 HIT:        144 MISS:          0 MSHR_MERGE:          0
cpu0->cpu0_L2C TRANSLATION  ACCESS:         12 HIT:          0 MISS:         12 MSHR_MERGE:          0
cpu0->cpu0_L2C PREFETCH REQUESTED:          0 ISSUED:          0 USEFUL:          0 USELESS:          0
cpu0->cpu0_L2C AVERAGE MISS LATENCY: 167.5 cycles
cpu0->cpu0_L1I TOTAL        ACCESS:    1295360 HIT:    1295360 MISS:          0 MSHR_MERGE:          0
cpu0->cpu0_L1I LOAD         ACCESS:    1295360 HIT:    1295360 MISS:          0 MSHR_MERGE:          0
cpu0->cpu0_L1I RFO          ACCESS:          0 HIT:          0 MISS:          0 MSHR_MERGE:          0
cpu0->cpu0_L1I PREFETCH     ACCESS:          0 HIT:          0 MISS:          0 MSHR_MERGE:          0
cpu0->cpu0_L1I WRITE        ACCESS:          0 HIT:          0 MISS:          0 MSHR_MERGE:          0
cpu0->cpu0_L1I TRANSLATION  ACCESS:          0 HIT:          0 MISS:          0 MSHR_MERGE:          0
cpu0->cpu0_L1I PREFETCH REQUESTED:          0 ISSUED:          0 USEFUL:          0 USELESS:          0
cpu0->cpu0_L1I AVERAGE MISS LATENCY: - cycles
cpu0->cpu0_L1D TOTAL        ACCESS:    1116219 HIT:     840812 MISS:     275407 MSHR_MERGE:     186381
cpu0->cpu0_L1D LOAD         ACCESS:    1115705 HIT:     840449 MISS:     275256 MSHR_MERGE:     186302
cpu0->cpu0_L1D RFO          ACCESS:          0 HIT:          0 MISS:          0 MSHR_MERGE:          0
cpu0->cpu0_L1D PREFETCH     ACCESS:          0 HIT:          0 MISS:          0 MSHR_MERGE:          0
cpu0->cpu0_L1D WRITE        ACCESS:        502 HIT:        363 MISS:        139 MSHR_MERGE:         79
cpu0->cpu0_L1D TRANSLATION  ACCESS:         12 HIT:          0 MISS:         12 MSHR_MERGE:          0
cpu0->cpu0_L1D PREFETCH REQUESTED:          0 ISSUED:          0 USEFUL:          0 USELESS:          0
cpu0->cpu0_L1D AVERAGE MISS LATENCY: 8.761 cycles
cpu0->cpu0_ITLB TOTAL        ACCESS:    1008784 HIT:    1008784 MISS:          0 MSHR_MERGE:          0
cpu0->cpu0_ITLB LOAD         ACCESS:    1008784 HIT:    1008784 MISS:          0 MSHR_MERGE:          0
cpu0->cpu0_ITLB RFO          ACCESS:          0 HIT:          0 MISS:          0 MSHR_MERGE:          0
cpu0->cpu0_ITLB PREFETCH     ACCESS:          0 HIT:          0 MISS:          0 MSHR_MERGE:          0
cpu0->cpu0_ITLB WRITE        ACCESS:          0 HIT:          0 MISS:          0 MSHR_MERGE:          0
cpu0->cpu0_ITLB TRANSLATION  ACCESS:          0 HIT:          0 MISS:          0 MSHR_MERGE:          0
cpu0->cpu0_ITLB PREFETCH REQUESTED:          0 ISSUED:          0 USEFUL:          0 USELESS:          0
cpu0->cpu0_ITLB AVERAGE MISS LATENCY: - cycles
cpu0->cpu0_DTLB TOTAL        ACCESS:    1116127 HIT:    1097953 MISS:      18174 MSHR_MERGE:      13496
cpu0->cpu0_DTLB LOAD         ACCESS:    1116127 HIT:    1097953 MISS:      18174 MSHR_MERGE:      13496
cpu0->cpu0_DTLB RFO          ACCESS:          0 HIT:          0 MISS:          0 MSHR_MERGE:          0
cpu0->cpu0_DTLB PREFETCH     ACCESS:          0 HIT:          0 MISS:          0 MSHR_MERGE:          0
cpu0->cpu0_DTLB WRITE        ACCESS:          0 HIT:          0 MISS:          0 MSHR_MERGE:          0
cpu0->cpu0_DTLB TRANSLATION  ACCESS:          0 HIT:          0 MISS:          0 MSHR_MERGE:          0
cpu0->cpu0_DTLB PREFETCH REQUESTED:          0 ISSUED:          0 USEFUL:          0 USELESS:          0
cpu0->cpu0_DTLB AVERAGE MISS LATENCY: 6.04 cycles
cpu0->LLC TOTAL        ACCESS:        402 HIT:          0 MISS:        402 MSHR_MERGE:          0
cpu0->LLC LOAD         ACCESS:        386 HIT:          0 MISS:        386 MSHR_MERGE:          0
cpu0->LLC RFO          ACCESS:          4 HIT:          0 MISS:          4 MSHR_MERGE:          0
cpu0->LLC PREFETCH     ACCESS:          0 HIT:          0 MISS:          0 MSHR_MERGE:          0
cpu0->LLC WRITE        ACCESS:          0 HIT:          0 MISS:          0 MSHR_MERGE:          0
cpu0->LLC TRANSLATION  ACCESS:         12 HIT:          0 MISS:         12 MSHR_MERGE:          0
cpu0->LLC PREFETCH REQUESTED:          0 ISSUED:          0 USEFUL:          0 USELESS:          0
cpu0->LLC AVERAGE MISS LATENCY: 151.5 cycles

DRAM Statistics

Channel 0 RQ ROW_BUFFER_HIT:          0
  ROW_BUFFER_MISS:        402
  AVG DBUS CONGESTED CYCLE: -
Channel 0 WQ ROW_BUFFER_HIT:          0
  ROW_BUFFER_MISS:          0
  FULL:          0
Channel 0 REFRESHES ISSUED:        246
