[VMEM] WARNING: physical memory size is smaller than virtual memory size.

*** ChampSim Multicore Out-of-Order Simulator ***
Warmup Instructions: 2000000
Simulation Instructions: 10000000
Number of CPUs: 1
Page size: 4096

Off-chip DRAM Size: 16 GiB Channels: 1 Width: 64-bit Data Rate: 3205 MT/s
Warmup finished CPU 0 instructions: 2000003 cycles: 563672 cumulative IPC: 3.548 (Simulation time: 00 hr 00 min 07 sec)
Warmup complete CPU 0 instructions: 2000003 cycles: 563672 cumulative IPC: 3.548 (Simulation time: 00 hr 00 min 07 sec)
Heartbeat CPU 0 instructions: 10000000 cycles: 6410874 heartbeat IPC: 1.56 cumulative IPC: 1.368 (Simulation time: 00 hr 00 min 47 sec)
Simulation finished CPU 0 instructions: 10000001 cycles: 7249062 cumulative IPC: 1.379 (Simulation time: 00 hr 00 min 57 sec)
Simulation complete CPU 0 instructions: 10000001 cycles: 7249062 cumulative IPC: 1.379 (Simulation time: 00 hr 00 min 57 sec)

ChampSim completed all CPUs

=== Simulation ===
CPU 0 runs /home/tandonmitul27/workspace/SPEC17/641.leela_s-800B.champsimtrace.xz

Region of Interest Statistics

CPU 0 cumulative IPC: 1.379 instructions: 10000001 cycles: 7249062
CPU 0 Branch Prediction Accuracy: 86.84% MPKI: 21.52 Average ROB Occupancy at Mispredict: 20.73
Branch type MPKI
BRANCH_DIRECT_JUMP: 0.0716
BRANCH_INDIRECT: 0.0003
BRANCH_CONDITIONAL: 21.42
BRANCH_DIRECT_CALL: 0.0002
BRANCH_INDIRECT_CALL: 0
BRANCH_RETURN: 0.0269

cpu0->cpu0_STLB TOTAL        ACCESS:       4110 HIT:       4008 MISS:        102 MSHR_MERGE:          0
cpu0->cpu0_STLB LOAD         ACCESS:       4110 HIT:       4008 MISS:        102 MSHR_MERGE:          0
cpu0->cpu0_STLB RFO          ACCESS:          0 HIT:          0 MISS:          0 MSHR_MERGE:          0
cpu0->cpu0_STLB PREFETCH     ACCESS:          0 HIT:          0 MISS:          0 MSHR_MERGE:          0
cpu0->cpu0_STLB WRITE        ACCESS:          0 HIT:          0 MISS:          0 MSHR_MERGE:          0
cpu0->cpu0_STLB TRANSLATION  ACCESS:          0 HIT:          0 MISS:          0 MSHR_MERGE:          0
cpu0->cpu0_STLB PREFETCH REQUESTED:          0 ISSUED:          0 USEFUL:          0 USELESS:          0
cpu0->cpu0_STLB AVERAGE MISS LATENCY: 763.8 cycles
cpu0->cpu0_L2C TOTAL        ACCESS:      25332 HIT:      24023 MISS:       1309 MSHR_MERGE:          0
cpu0->cpu0_L2C LOAD         ACCESS:      19602 HIT:      18496 MISS:       1106 MSHR_MERGE:          0
cpu0->cpu0_L2C RFO          ACCESS:       1772 HIT:       1771 MISS:          1 MSHR_MERGE:          0
cpu0->cpu0_L2C PREFETCH     ACCESS:          0 HIT:          0 MISS:          0 MSHR_MERGE:          0
cpu0->cpu0_L2C WRITE        ACCESS:       3756 HIT:       3756 MISS:          0 MSHR_MERGE:          0
cpu0->cpu0_L2C TRANSLATION  ACCESS:        202 HIT:          0 MISS:        202 MSHR_MERGE:          0
cpu0->cpu0_L2C PREFETCH REQUESTED:          0 ISSUED:          0 USEFUL:          0 USELESS:          0
cpu0->cpu0_L2C AVERAGE MISS LATENCY: 169.9 cycles
cpu0->cpu0_L1I TOTAL        ACCESS:    1030234 HIT:    1029205 MISS:       1029 MSHR_MERGE:        450
cpu0->cpu0_L1I LOAD         ACCESS:    1030234 HIT:    1029205 MISS:       1029 MSHR_MERGE:        450
cpu0->cpu0_L1I RFO          ACCESS:          0 HIT:          0 MISS:          0 MSHR_MERGE:          0
cpu0->cpu0_L1I PREFETCH     ACCESS:          0 HIT:          0 MISS:          0 MSHR_MERGE:          0
cpu0->cpu0_L1I WRITE        ACCESS:          0 HIT:          0 MISS:          0 MSHR_MERGE:          0
cpu0->cpu0_L1I TRANSLATION  ACCESS:          0 HIT:          0 MISS:          0 MSHR_MERGE:          0
cpu0->cpu0_L1I PREFETCH REQUESTED:          0 ISSUED:          0 USEFUL:          0 USELESS:          0
cpu0->cpu0_L1I AVERAGE MISS LATENCY: 9.105 cycles
cpu0->cpu0_L1D TOTAL        ACCESS:    2964727 HIT:    2936753 MISS:      27974 MSHR_MERGE:       6977
cpu0->cpu0_L1D LOAD         ACCESS:    1832185 HIT:    1808814 MISS:      23371 MSHR_MERGE:       4348
cpu0->cpu0_L1D RFO          ACCESS:          0 HIT:          0 MISS:          0 MSHR_MERGE:          0
cpu0->cpu0_L1D PREFETCH     ACCESS:          0 HIT:          0 MISS:          0 MSHR_MERGE:          0
cpu0->cpu0_L1D WRITE        ACCESS:    1132338 HIT:    1127937 MISS:       4401 MSHR_MERGE:       2629
cpu0->cpu0_L1D TRANSLATION  ACCESS:        204 HIT:          2 MISS:        202 MSHR_MERGE:          0
cpu0->cpu0_L1D PREFETCH REQUESTED:          0 ISSUED:          0 USEFUL:          0 USELESS:          0
cpu0->cpu0_L1D AVERAGE MISS LATENCY: 18.61 cycles
cpu0->cpu0_ITLB TOTAL        ACCESS:     904524 HIT:     904524 MISS:          0 MSHR_MERGE:          0
cpu0->cpu0_ITLB LOAD         ACCESS:     904524 HIT:     904524 MISS:          0 MSHR_MERGE:          0
cpu0->cpu0_ITLB RFO          ACCESS:          0 HIT:          0 MISS:          0 MSHR_MERGE:          0
cpu0->cpu0_ITLB PREFETCH     ACCESS:          0 HIT:          0 MISS:          0 MSHR_MERGE:          0
cpu0->cpu0_ITLB WRITE        ACCESS:          0 HIT:          0 MISS:          0 MSHR_MERGE:          0
cpu0->cpu0_ITLB TRANSLATION  ACCESS:          0 HIT:          0 MISS:          0 MSHR_MERGE:          0
cpu0->cpu0_ITLB PREFETCH REQUESTED:          0 ISSUED:          0 USEFUL:          0 USELESS:          0
cpu0->cpu0_ITLB AVERAGE MISS LATENCY: - cycles
cpu0->cpu0_DTLB TOTAL        ACCESS:    2787371 HIT:    2782588 MISS:       4783 MSHR_MERGE:        673
cpu0->cpu0_DTLB LOAD         ACCESS:    2787371 HIT:    2782588 MISS:       4783 MSHR_MERGE:        673
cpu0->cpu0_DTLB RFO          ACCESS:          0 HIT:          0 MISS:          0 MSHR_MERGE:          0
cpu0->cpu0_DTLB PREFETCH     ACCESS:          0 HIT:          0 MISS:          0 MSHR_MERGE:          0
cpu0->cpu0_DTLB WRITE        ACCESS:          0 HIT:          0 MISS:          0 MSHR_MERGE:          0
cpu0->cpu0_DTLB TRANSLATION  ACCESS:          0 HIT:          0 MISS:          0 MSHR_MERGE:          0
cpu0->cpu0_DTLB PREFETCH REQUESTED:          0 ISSUED:          0 USEFUL:          0 USELESS:          0
cpu0->cpu0_DTLB AVERAGE MISS LATENCY: 23.98 cycles
cpu0->LLC TOTAL        ACCESS:       1309 HIT:         17 MISS:       1292 MSHR_MERGE:          0
cpu0->LLC LOAD         ACCESS:       1106 HIT:         17 MISS:       1089 MSHR_MERGE:          0
cpu0->LLC RFO          ACCESS:          1 HIT:          0 MISS:          1 MSHR_MERGE:          0
cpu0->LLC PREFETCH     ACCESS:          0 HIT:          0 MISS:          0 MSHR_MERGE:          0
cpu0->LLC WRITE        ACCESS:          0 HIT:          0 MISS:          0 MSHR_MERGE:          0
cpu0->LLC TRANSLATION  ACCESS:        202 HIT:          0 MISS:        202 MSHR_MERGE:          0
cpu0->LLC PREFETCH REQUESTED:          0 ISSUED:          0 USEFUL:          0 USELESS:          0
cpu0->LLC AVERAGE MISS LATENCY: 156 cycles

DRAM Statistics

Channel 0 RQ ROW_BUFFER_HIT:          3
  ROW_BUFFER_MISS:       1289
  AVG DBUS CONGESTED CYCLE: 3
Channel 0 WQ ROW_BUFFER_HIT:          0
  ROW_BUFFER_MISS:          0
  FULL:          0
Channel 0 REFRESHES ISSUED:        605
