[VMEM] WARNING: physical memory size is smaller than virtual memory size.

*** ChampSim Multicore Out-of-Order Simulator ***
Warmup Instructions: 2000000
Simulation Instructions: 10000000
Number of CPUs: 1
Page size: 4096

Off-chip DRAM Size: 16 GiB Channels: 1 Width: 64-bit Data Rate: 3205 MT/s
Warmup finished CPU 0 instructions: 2000003 cycles: 555847 cumulative IPC: 3.598 (Simulation time: 00 hr 00 min 07 sec)
Warmup complete CPU 0 instructions: 2000003 cycles: 555847 cumulative IPC: 3.598 (Simulation time: 00 hr 00 min 07 sec)
Heartbeat CPU 0 instructions: 10000003 cycles: 6506548 heartbeat IPC: 1.537 cumulative IPC: 1.344 (Simulation time: 00 hr 00 min 48 sec)
Simulation finished CPU 0 instructions: 10000000 cycles: 7435642 cumulative IPC: 1.345 (Simulation time: 00 hr 00 min 58 sec)
Simulation complete CPU 0 instructions: 10000000 cycles: 7435642 cumulative IPC: 1.345 (Simulation time: 00 hr 00 min 58 sec)

ChampSim completed all CPUs

=== Simulation ===
CPU 0 runs /home/tandonmitul27/workspace/SPEC17/641.leela_s-1083B.champsimtrace.xz

Region of Interest Statistics

CPU 0 cumulative IPC: 1.345 instructions: 10000000 cycles: 7435642
CPU 0 Branch Prediction Accuracy: 86.54% MPKI: 22.51 Average ROB Occupancy at Mispredict: 19.77
Branch type MPKI
BRANCH_DIRECT_JUMP: 0.08
BRANCH_INDIRECT: 0.0008
BRANCH_CONDITIONAL: 22.38
BRANCH_DIRECT_CALL: 0
BRANCH_INDIRECT_CALL: 0
BRANCH_RETURN: 0.0421

cpu0->cpu0_STLB TOTAL        ACCESS:       4414 HIT:       4317 MISS:         97 MSHR_MERGE:          0
cpu0->cpu0_STLB LOAD         ACCESS:       4414 HIT:       4317 MISS:         97 MSHR_MERGE:          0
cpu0->cpu0_STLB RFO          ACCESS:          0 HIT:          0 MISS:          0 MSHR_MERGE:          0
cpu0->cpu0_STLB PREFETCH     ACCESS:          0 HIT:          0 MISS:          0 MSHR_MERGE:          0
cpu0->cpu0_STLB WRITE        ACCESS:          0 HIT:          0 MISS:          0 MSHR_MERGE:          0
cpu0->cpu0_STLB TRANSLATION  ACCESS:          0 HIT:          0 MISS:          0 MSHR_MERGE:          0
cpu0->cpu0_STLB PREFETCH REQUESTED:          0 ISSUED:          0 USEFUL:          0 USELESS:          0
cpu0->cpu0_STLB AVERAGE MISS LATENCY: 776.8 cycles
cpu0->cpu0_L2C TOTAL        ACCESS:      38912 HIT:      37993 MISS:        919 MSHR_MERGE:          0
cpu0->cpu0_L2C LOAD         ACCESS:      27775 HIT:      27056 MISS:        719 MSHR_MERGE:          0
cpu0->cpu0_L2C RFO          ACCESS:       3907 HIT:       3900 MISS:          7 MSHR_MERGE:          0
cpu0->cpu0_L2C PREFETCH     ACCESS:          0 HIT:          0 MISS:          0 MSHR_MERGE:          0
cpu0->cpu0_L2C WRITE        ACCESS:       7037 HIT:       7037 MISS:          0 MSHR_MERGE:          0
cpu0->cpu0_L2C TRANSLATION  ACCESS:        193 HIT:          0 MISS:        193 MSHR_MERGE:          0
cpu0->cpu0_L2C PREFETCH REQUESTED:          0 ISSUED:          0 USEFUL:          0 USELESS:          0
cpu0->cpu0_L2C AVERAGE MISS LATENCY: 171.8 cycles
cpu0->cpu0_L1I TOTAL        ACCESS:    1015458 HIT:    1014158 MISS:       1300 MSHR_MERGE:        557
cpu0->cpu0_L1I LOAD         ACCESS:    1015458 HIT:    1014158 MISS:       1300 MSHR_MERGE:        557
cpu0->cpu0_L1I RFO          ACCESS:          0 HIT:          0 MISS:          0 MSHR_MERGE:          0
cpu0->cpu0_L1I PREFETCH     ACCESS:          0 HIT:          0 MISS:          0 MSHR_MERGE:          0
cpu0->cpu0_L1I WRITE        ACCESS:          0 HIT:          0 MISS:          0 MSHR_MERGE:          0
cpu0->cpu0_L1I TRANSLATION  ACCESS:          0 HIT:          0 MISS:          0 MSHR_MERGE:          0
cpu0->cpu0_L1I PREFETCH REQUESTED:          0 ISSUED:          0 USEFUL:          0 USELESS:          0
cpu0->cpu0_L1I AVERAGE MISS LATENCY: 7.245 cycles
cpu0->cpu0_L1D TOTAL        ACCESS:    2929733 HIT:    2886978 MISS:      42755 MSHR_MERGE:      11623
cpu0->cpu0_L1D LOAD         ACCESS:    1823670 HIT:    1791185 MISS:      32485 MSHR_MERGE:       5453
cpu0->cpu0_L1D RFO          ACCESS:          0 HIT:          0 MISS:          0 MSHR_MERGE:          0
cpu0->cpu0_L1D PREFETCH     ACCESS:          0 HIT:          0 MISS:          0 MSHR_MERGE:          0
cpu0->cpu0_L1D WRITE        ACCESS:    1105869 HIT:    1095792 MISS:      10077 MSHR_MERGE:       6170
cpu0->cpu0_L1D TRANSLATION  ACCESS:        194 HIT:          1 MISS:        193 MSHR_MERGE:          0
cpu0->cpu0_L1D PREFETCH REQUESTED:          0 ISSUED:          0 USEFUL:          0 USELESS:          0
cpu0->cpu0_L1D AVERAGE MISS LATENCY: 13.11 cycles
cpu0->cpu0_ITLB TOTAL        ACCESS:     895536 HIT:     895536 MISS:          0 MSHR_MERGE:          0
cpu0->cpu0_ITLB LOAD         ACCESS:     895536 HIT:     895536 MISS:          0 MSHR_MERGE:          0
cpu0->cpu0_ITLB RFO          ACCESS:          0 HIT:          0 MISS:          0 MSHR_MERGE:          0
cpu0->cpu0_ITLB PREFETCH     ACCESS:          0 HIT:          0 MISS:          0 MSHR_MERGE:          0
cpu0->cpu0_ITLB WRITE        ACCESS:          0 HIT:          0 MISS:          0 MSHR_MERGE:          0
cpu0->cpu0_ITLB TRANSLATION  ACCESS:          0 HIT:          0 MISS:          0 MSHR_MERGE:          0
cpu0->cpu0_ITLB PREFETCH REQUESTED:          0 ISSUED:          0 USEFUL:          0 USELESS:          0
cpu0->cpu0_ITLB AVERAGE MISS LATENCY: - cycles
cpu0->cpu0_DTLB TOTAL        ACCESS:    2785115 HIT:    2779894 MISS:       5221 MSHR_MERGE:        807
cpu0->cpu0_DTLB LOAD         ACCESS:    2785115 HIT:    2779894 MISS:       5221 MSHR_MERGE:        807
cpu0->cpu0_DTLB RFO          ACCESS:          0 HIT:          0 MISS:          0 MSHR_MERGE:          0
cpu0->cpu0_DTLB PREFETCH     ACCESS:          0 HIT:          0 MISS:          0 MSHR_MERGE:          0
cpu0->cpu0_DTLB WRITE        ACCESS:          0 HIT:          0 MISS:          0 MSHR_MERGE:          0
cpu0->cpu0_DTLB TRANSLATION  ACCESS:          0 HIT:          0 MISS:          0 MSHR_MERGE:          0
cpu0->cpu0_DTLB PREFETCH REQUESTED:          0 ISSUED:          0 USEFUL:          0 USELESS:          0
cpu0->cpu0_DTLB AVERAGE MISS LATENCY: 22.09 cycles
cpu0->LLC TOTAL        ACCESS:        919 HIT:          1 MISS:        918 MSHR_MERGE:          0
cpu0->LLC LOAD         ACCESS:        719 HIT:          1 MISS:        718 MSHR_MERGE:          0
cpu0->LLC RFO          ACCESS:          7 HIT:          0 MISS:          7 MSHR_MERGE:          0
cpu0->LLC PREFETCH     ACCESS:          0 HIT:          0 MISS:          0 MSHR_MERGE:          0
cpu0->LLC WRITE        ACCESS:          0 HIT:          0 MISS:          0 MSHR_MERGE:          0
cpu0->LLC TRANSLATION  ACCESS:        193 HIT:          0 MISS:        193 MSHR_MERGE:          0
cpu0->LLC PREFETCH REQUESTED:          0 ISSUED:          0 USEFUL:          0 USELESS:          0
cpu0->LLC AVERAGE MISS LATENCY: 156 cycles

DRAM Statistics

Channel 0 RQ ROW_BUFFER_HIT:          1
  ROW_BUFFER_MISS:        917
  AVG DBUS CONGESTED CYCLE: 1.667
Channel 0 WQ ROW_BUFFER_HIT:          0
  ROW_BUFFER_MISS:          0
  FULL:          0
Channel 0 REFRESHES ISSUED:        619
