[VMEM] WARNING: physical memory size is smaller than virtual memory size.

*** ChampSim Multicore Out-of-Order Simulator ***
Warmup Instructions: 2000000
Simulation Instructions: 10000000
Number of CPUs: 1
Page size: 4096

Off-chip DRAM Size: 16 GiB Channels: 1 Width: 64-bit Data Rate: 3205 MT/s
Warmup finished CPU 0 instructions: 2000001 cycles: 574882 cumulative IPC: 3.479 (Simulation time: 00 hr 00 min 07 sec)
Warmup complete CPU 0 instructions: 2000001 cycles: 574882 cumulative IPC: 3.479 (Simulation time: 00 hr 00 min 07 sec)
Heartbeat CPU 0 instructions: 10000002 cycles: 6715007 heartbeat IPC: 1.489 cumulative IPC: 1.303 (Simulation time: 00 hr 00 min 48 sec)
Simulation finished CPU 0 instructions: 10000002 cycles: 7658951 cumulative IPC: 1.306 (Simulation time: 00 hr 00 min 59 sec)
Simulation complete CPU 0 instructions: 10000002 cycles: 7658951 cumulative IPC: 1.306 (Simulation time: 00 hr 00 min 59 sec)

ChampSim completed all CPUs

=== Simulation ===
CPU 0 runs /home/tandonmitul27/workspace/SPEC17/641.leela_s-334B.champsimtrace.xz

Region of Interest Statistics

CPU 0 cumulative IPC: 1.306 instructions: 10000002 cycles: 7658951
CPU 0 Branch Prediction Accuracy: 87.41% MPKI: 21.98 Average ROB Occupancy at Mispredict: 20.13
Branch type MPKI
BRANCH_DIRECT_JUMP: 0.1985
BRANCH_INDIRECT: 0.002
BRANCH_CONDITIONAL: 21.76
BRANCH_DIRECT_CALL: 0.0007
BRANCH_INDIRECT_CALL: 0
BRANCH_RETURN: 0.022

cpu0->cpu0_STLB TOTAL        ACCESS:       6862 HIT:       6746 MISS:        116 MSHR_MERGE:          0
cpu0->cpu0_STLB LOAD         ACCESS:       6862 HIT:       6746 MISS:        116 MSHR_MERGE:          0
cpu0->cpu0_STLB RFO          ACCESS:          0 HIT:          0 MISS:          0 MSHR_MERGE:          0
cpu0->cpu0_STLB PREFETCH     ACCESS:          0 HIT:          0 MISS:          0 MSHR_MERGE:          0
cpu0->cpu0_STLB WRITE        ACCESS:          0 HIT:          0 MISS:          0 MSHR_MERGE:          0
cpu0->cpu0_STLB TRANSLATION  ACCESS:          0 HIT:          0 MISS:          0 MSHR_MERGE:          0
cpu0->cpu0_STLB PREFETCH REQUESTED:          0 ISSUED:          0 USEFUL:          0 USELESS:          0
cpu0->cpu0_STLB AVERAGE MISS LATENCY: 785.2 cycles
cpu0->cpu0_L2C TOTAL        ACCESS:      24690 HIT:      23651 MISS:       1039 MSHR_MERGE:          0
cpu0->cpu0_L2C LOAD         ACCESS:      13956 HIT:      13218 MISS:        738 MSHR_MERGE:          0
cpu0->cpu0_L2C RFO          ACCESS:       4172 HIT:       4098 MISS:         74 MSHR_MERGE:          0
cpu0->cpu0_L2C PREFETCH     ACCESS:          0 HIT:          0 MISS:          0 MSHR_MERGE:          0
cpu0->cpu0_L2C WRITE        ACCESS:       6334 HIT:       6334 MISS:          0 MSHR_MERGE:          0
cpu0->cpu0_L2C TRANSLATION  ACCESS:        228 HIT:          1 MISS:        227 MSHR_MERGE:          0
cpu0->cpu0_L2C PREFETCH REQUESTED:          0 ISSUED:          0 USEFUL:          0 USELESS:          0
cpu0->cpu0_L2C AVERAGE MISS LATENCY: 175.8 cycles
cpu0->cpu0_L1I TOTAL        ACCESS:     986534 HIT:     980608 MISS:       5926 MSHR_MERGE:       2507
cpu0->cpu0_L1I LOAD         ACCESS:     986534 HIT:     980608 MISS:       5926 MSHR_MERGE:       2507
cpu0->cpu0_L1I RFO          ACCESS:          0 HIT:          0 MISS:          0 MSHR_MERGE:          0
cpu0->cpu0_L1I PREFETCH     ACCESS:          0 HIT:          0 MISS:          0 MSHR_MERGE:          0
cpu0->cpu0_L1I WRITE        ACCESS:          0 HIT:          0 MISS:          0 MSHR_MERGE:          0
cpu0->cpu0_L1I TRANSLATION  ACCESS:          0 HIT:          0 MISS:          0 MSHR_MERGE:          0
cpu0->cpu0_L1I PREFETCH REQUESTED:          0 ISSUED:          0 USEFUL:          0 USELESS:          0
cpu0->cpu0_L1I AVERAGE MISS LATENCY: 7.786 cycles
cpu0->cpu0_L1D TOTAL        ACCESS:    3008334 HIT:    2985869 MISS:      22465 MSHR_MERGE:       7528
cpu0->cpu0_L1D LOAD         ACCESS:    1812279 HIT:    1800194 MISS:      12085 MSHR_MERGE:       1548
cpu0->cpu0_L1D RFO          ACCESS:          0 HIT:          0 MISS:          0 MSHR_MERGE:          0
cpu0->cpu0_L1D PREFETCH     ACCESS:          0 HIT:          0 MISS:          0 MSHR_MERGE:          0
cpu0->cpu0_L1D WRITE        ACCESS:    1195823 HIT:    1185671 MISS:      10152 MSHR_MERGE:       5980
cpu0->cpu0_L1D TRANSLATION  ACCESS:        232 HIT:          4 MISS:        228 MSHR_MERGE:          0
cpu0->cpu0_L1D PREFETCH REQUESTED:          0 ISSUED:          0 USEFUL:          0 USELESS:          0
cpu0->cpu0_L1D AVERAGE MISS LATENCY: 20.13 cycles
cpu0->cpu0_ITLB TOTAL        ACCESS:     872255 HIT:     872255 MISS:          0 MSHR_MERGE:          0
cpu0->cpu0_ITLB LOAD         ACCESS:     872255 HIT:     872255 MISS:          0 MSHR_MERGE:          0
cpu0->cpu0_ITLB RFO          ACCESS:          0 HIT:          0 MISS:          0 MSHR_MERGE:          0
cpu0->cpu0_ITLB PREFETCH     ACCESS:          0 HIT:          0 MISS:          0 MSHR_MERGE:          0
cpu0->cpu0_ITLB WRITE        ACCESS:          0 HIT:          0 MISS:          0 MSHR_MERGE:          0
cpu0->cpu0_ITLB TRANSLATION  ACCESS:          0 HIT:          0 MISS:          0 MSHR_MERGE:          0
cpu0->cpu0_ITLB PREFETCH REQUESTED:          0 ISSUED:          0 USEFUL:          0 USELESS:          0
cpu0->cpu0_ITLB AVERAGE MISS LATENCY: - cycles
cpu0->cpu0_DTLB TOTAL        ACCESS:    2856341 HIT:    2848131 MISS:       8210 MSHR_MERGE:       1348
cpu0->cpu0_DTLB LOAD         ACCESS:    2856341 HIT:    2848131 MISS:       8210 MSHR_MERGE:       1348
cpu0->cpu0_DTLB RFO          ACCESS:          0 HIT:          0 MISS:          0 MSHR_MERGE:          0
cpu0->cpu0_DTLB PREFETCH     ACCESS:          0 HIT:          0 MISS:          0 MSHR_MERGE:          0
cpu0->cpu0_DTLB WRITE        ACCESS:          0 HIT:          0 MISS:          0 MSHR_MERGE:          0
cpu0->cpu0_DTLB TRANSLATION  ACCESS:          0 HIT:          0 MISS:          0 MSHR_MERGE:          0
cpu0->cpu0_DTLB PREFETCH REQUESTED:          0 ISSUED:          0 USEFUL:          0 USELESS:          0
cpu0->cpu0_DTLB AVERAGE MISS LATENCY: 18.3 cycles
cpu0->LLC TOTAL        ACCESS:       1040 HIT:          3 MISS:       1037 MSHR_MERGE:          0
cpu0->LLC LOAD         ACCESS:        738 HIT:          2 MISS:        736 MSHR_MERGE:          0
cpu0->LLC RFO          ACCESS:         74 HIT:          0 MISS:         74 MSHR_MERGE:          0
cpu0->LLC PREFETCH     ACCESS:          0 HIT:          0 MISS:          0 MSHR_MERGE:          0
cpu0->LLC WRITE        ACCESS:          1 HIT:          1 MISS:          0 MSHR_MERGE:          0
cpu0->LLC TRANSLATION  ACCESS:        227 HIT:          0 MISS:        227 MSHR_MERGE:          0
cpu0->LLC PREFETCH REQUESTED:          0 ISSUED:          0 USEFUL:          0 USELESS:          0
cpu0->LLC AVERAGE MISS LATENCY: 160.2 cycles

DRAM Statistics

Channel 0 RQ ROW_BUFFER_HIT:          6
  ROW_BUFFER_MISS:       1031
  AVG DBUS CONGESTED CYCLE: 2.846
Channel 0 WQ ROW_BUFFER_HIT:          0
  ROW_BUFFER_MISS:          0
  FULL:          0
Channel 0 REFRESHES ISSUED:        639
