[VMEM] WARNING: physical memory size is smaller than virtual memory size.

*** ChampSim Multicore Out-of-Order Simulator ***
Warmup Instructions: 2000000
Simulation Instructions: 10000000
Number of CPUs: 1
Page size: 4096

Off-chip DRAM Size: 16 GiB Channels: 1 Width: 64-bit Data Rate: 3205 MT/s
Warmup finished CPU 0 instructions: 2000001 cycles: 569335 cumulative IPC: 3.513 (Simulation time: 00 hr 00 min 07 sec)
Warmup complete CPU 0 instructions: 2000001 cycles: 569335 cumulative IPC: 3.513 (Simulation time: 00 hr 00 min 07 sec)
Heartbeat CPU 0 instructions: 10000002 cycles: 6526642 heartbeat IPC: 1.532 cumulative IPC: 1.343 (Simulation time: 00 hr 00 min 47 sec)
Simulation finished CPU 0 instructions: 10000001 cycles: 8376137 cumulative IPC: 1.194 (Simulation time: 00 hr 01 min 02 sec)
Simulation complete CPU 0 instructions: 10000001 cycles: 8376137 cumulative IPC: 1.194 (Simulation time: 00 hr 01 min 02 sec)

ChampSim completed all CPUs

=== Simulation ===
CPU 0 runs /home/tandonmitul27/workspace/SPEC17/641.leela_s-149B.champsimtrace.xz

Region of Interest Statistics

CPU 0 cumulative IPC: 1.194 instructions: 10000001 cycles: 8376137
CPU 0 Branch Prediction Accuracy: 87.18% MPKI: 21.14 Average ROB Occupancy at Mispredict: 21.21
Branch type MPKI
BRANCH_DIRECT_JUMP: 0.1117
BRANCH_INDIRECT: 0.0064
BRANCH_CONDITIONAL: 20.96
BRANCH_DIRECT_CALL: 0.0127
BRANCH_INDIRECT_CALL: 0.0034
BRANCH_RETURN: 0.0393

cpu0->cpu0_STLB TOTAL        ACCESS:       6540 HIT:       6253 MISS:        287 MSHR_MERGE:          0
cpu0->cpu0_STLB LOAD         ACCESS:       6540 HIT:       6253 MISS:        287 MSHR_MERGE:          0
cpu0->cpu0_STLB RFO          ACCESS:          0 HIT:          0 MISS:          0 MSHR_MERGE:          0
cpu0->cpu0_STLB PREFETCH     ACCESS:          0 HIT:          0 MISS:          0 MSHR_MERGE:          0
cpu0->cpu0_STLB WRITE        ACCESS:          0 HIT:          0 MISS:          0 MSHR_MERGE:          0
cpu0->cpu0_STLB TRANSLATION  ACCESS:          0 HIT:          0 MISS:          0 MSHR_MERGE:          0
cpu0->cpu0_STLB PREFETCH REQUESTED:          0 ISSUED:          0 USEFUL:          0 USELESS:          0
cpu0->cpu0_STLB AVERAGE MISS LATENCY: 727.4 cycles
cpu0->cpu0_L2C TOTAL        ACCESS:      79405 HIT:      66750 MISS:      12655 MSHR_MERGE:          0
cpu0->cpu0_L2C LOAD         ACCESS:      41715 HIT:      36234 MISS:       5481 MSHR_MERGE:          0
cpu0->cpu0_L2C RFO          ACCESS:      14472 HIT:       7748 MISS:       6724 MSHR_MERGE:          0
cpu0->cpu0_L2C PREFETCH     ACCESS:          0 HIT:          0 MISS:          0 MSHR_MERGE:          0
cpu0->cpu0_L2C WRITE        ACCESS:      22769 HIT:      22766 MISS:          3 MSHR_MERGE:          0
cpu0->cpu0_L2C TRANSLATION  ACCESS:        449 HIT:          2 MISS:        447 MSHR_MERGE:          0
cpu0->cpu0_L2C PREFETCH REQUESTED:          0 ISSUED:          0 USEFUL:          0 USELESS:          0
cpu0->cpu0_L2C AVERAGE MISS LATENCY: 167.2 cycles
cpu0->cpu0_L1I TOTAL        ACCESS:     942364 HIT:     937850 MISS:       4514 MSHR_MERGE:       1772
cpu0->cpu0_L1I LOAD         ACCESS:     942364 HIT:     937850 MISS:       4514 MSHR_MERGE:       1772
cpu0->cpu0_L1I RFO          ACCESS:          0 HIT:          0 MISS:          0 MSHR_MERGE:          0
cpu0->cpu0_L1I PREFETCH     ACCESS:          0 HIT:          0 MISS:          0 MSHR_MERGE:          0
cpu0->cpu0_L1I WRITE        ACCESS:          0 HIT:          0 MISS:          0 MSHR_MERGE:          0
cpu0->cpu0_L1I TRANSLATION  ACCESS:          0 HIT:          0 MISS:          0 MSHR_MERGE:          0
cpu0->cpu0_L1I PREFETCH REQUESTED:          0 ISSUED:          0 USEFUL:          0 USELESS:          0
cpu0->cpu0_L1I AVERAGE MISS LATENCY: 28.02 cycles
cpu0->cpu0_L1D TOTAL        ACCESS:    2877995 HIT:    2763329 MISS:     114666 MSHR_MERGE:      60772
cpu0->cpu0_L1D LOAD         ACCESS:    1736722 HIT:    1689469 MISS:      47253 MSHR_MERGE:       8280
cpu0->cpu0_L1D RFO          ACCESS:          0 HIT:          0 MISS:          0 MSHR_MERGE:          0
cpu0->cpu0_L1D PREFETCH     ACCESS:          0 HIT:          0 MISS:          0 MSHR_MERGE:          0
cpu0->cpu0_L1D WRITE        ACCESS:    1140699 HIT:    1073735 MISS:      66964 MSHR_MERGE:      52492
cpu0->cpu0_L1D TRANSLATION  ACCESS:        574 HIT:        125 MISS:        449 MSHR_MERGE:          0
cpu0->cpu0_L1D PREFETCH REQUESTED:          0 ISSUED:          0 USEFUL:          0 USELESS:          0
cpu0->cpu0_L1D AVERAGE MISS LATENCY: 46.44 cycles
cpu0->cpu0_ITLB TOTAL        ACCESS:     834557 HIT:     834462 MISS:         95 MSHR_MERGE:         50
cpu0->cpu0_ITLB LOAD         ACCESS:     834557 HIT:     834462 MISS:         95 MSHR_MERGE:         50
cpu0->cpu0_ITLB RFO          ACCESS:          0 HIT:          0 MISS:          0 MSHR_MERGE:          0
cpu0->cpu0_ITLB PREFETCH     ACCESS:          0 HIT:          0 MISS:          0 MSHR_MERGE:          0
cpu0->cpu0_ITLB WRITE        ACCESS:          0 HIT:          0 MISS:          0 MSHR_MERGE:          0
cpu0->cpu0_ITLB TRANSLATION  ACCESS:          0 HIT:          0 MISS:          0 MSHR_MERGE:          0
cpu0->cpu0_ITLB PREFETCH REQUESTED:          0 ISSUED:          0 USEFUL:          0 USELESS:          0
cpu0->cpu0_ITLB AVERAGE MISS LATENCY: 466.8 cycles
cpu0->cpu0_DTLB TOTAL        ACCESS:    2727498 HIT:    2717899 MISS:       9599 MSHR_MERGE:       3104
cpu0->cpu0_DTLB LOAD         ACCESS:    2727498 HIT:    2717899 MISS:       9599 MSHR_MERGE:       3104
cpu0->cpu0_DTLB RFO          ACCESS:          0 HIT:          0 MISS:          0 MSHR_MERGE:          0
cpu0->cpu0_DTLB PREFETCH     ACCESS:          0 HIT:          0 MISS:          0 MSHR_MERGE:          0
cpu0->cpu0_DTLB WRITE        ACCESS:          0 HIT:          0 MISS:          0 MSHR_MERGE:          0
cpu0->cpu0_DTLB TRANSLATION  ACCESS:          0 HIT:          0 MISS:          0 MSHR_MERGE:          0
cpu0->cpu0_DTLB PREFETCH REQUESTED:          0 ISSUED:          0 USEFUL:          0 USELESS:          0
cpu0->cpu0_DTLB AVERAGE MISS LATENCY: 34 cycles
cpu0->LLC TOTAL        ACCESS:      15246 HIT:       4276 MISS:      10970 MSHR_MERGE:          0
cpu0->LLC LOAD         ACCESS:       5481 HIT:       1645 MISS:       3836 MSHR_MERGE:          0
cpu0->LLC RFO          ACCESS:       6724 HIT:         35 MISS:       6689 MSHR_MERGE:          0
cpu0->LLC PREFETCH     ACCESS:          0 HIT:          0 MISS:          0 MSHR_MERGE:          0
cpu0->LLC WRITE        ACCESS:       2594 HIT:       2594 MISS:          0 MSHR_MERGE:          0
cpu0->LLC TRANSLATION  ACCESS:        447 HIT:          2 MISS:        445 MSHR_MERGE:          0
cpu0->LLC PREFETCH REQUESTED:          0 ISSUED:          0 USEFUL:          0 USELESS:          0
cpu0->LLC AVERAGE MISS LATENCY: 174.6 cycles

DRAM Statistics

Channel 0 RQ ROW_BUFFER_HIT:       1661
  ROW_BUFFER_MISS:       9309
  AVG DBUS CONGESTED CYCLE: 2.795
Channel 0 WQ ROW_BUFFER_HIT:          0
  ROW_BUFFER_MISS:          0
  FULL:          0
Channel 0 REFRESHES ISSUED:        698
