[VMEM] WARNING: physical memory size is smaller than virtual memory size.

*** ChampSim Multicore Out-of-Order Simulator ***
Warmup Instructions: 2000000
Simulation Instructions: 10000000
Number of CPUs: 1
Page size: 4096

Off-chip DRAM Size: 16 GiB Channels: 1 Width: 64-bit Data Rate: 3205 MT/s
Warmup finished CPU 0 instructions: 2000004 cycles: 553452 cumulative IPC: 3.614 (Simulation time: 00 hr 00 min 12 sec)
Warmup complete CPU 0 instructions: 2000004 cycles: 553452 cumulative IPC: 3.614 (Simulation time: 00 hr 00 min 12 sec)
Heartbeat CPU 0 instructions: 10000000 cycles: 6449700 heartbeat IPC: 1.55 cumulative IPC: 1.357 (Simulation time: 00 hr 01 min 00 sec)
Simulation finished CPU 0 instructions: 10000004 cycles: 7373269 cumulative IPC: 1.356 (Simulation time: 00 hr 01 min 10 sec)
Simulation complete CPU 0 instructions: 10000004 cycles: 7373269 cumulative IPC: 1.356 (Simulation time: 00 hr 01 min 10 sec)

ChampSim completed all CPUs

=== Simulation ===
CPU 0 runs /home/tandonmitul27/workspace/SPEC17/641.leela_s-862B.champsimtrace.xz

Region of Interest Statistics

CPU 0 cumulative IPC: 1.356 instructions: 10000004 cycles: 7373269
CPU 0 Branch Prediction Accuracy: 86.68% MPKI: 21.97 Average ROB Occupancy at Mispredict: 20.2
Branch type MPKI
BRANCH_DIRECT_JUMP: 0.0776
BRANCH_INDIRECT: 0.0007
BRANCH_CONDITIONAL: 21.85
BRANCH_DIRECT_CALL: 0.0011
BRANCH_INDIRECT_CALL: 0
BRANCH_RETURN: 0.0368

cpu0->cpu0_STLB TOTAL        ACCESS:       4271 HIT:       4171 MISS:        100 MSHR_MERGE:          0
cpu0->cpu0_STLB LOAD         ACCESS:       4271 HIT:       4171 MISS:        100 MSHR_MERGE:          0
cpu0->cpu0_STLB RFO          ACCESS:          0 HIT:          0 MISS:          0 MSHR_MERGE:          0
cpu0->cpu0_STLB PREFETCH     ACCESS:          0 HIT:          0 MISS:          0 MSHR_MERGE:          0
cpu0->cpu0_STLB WRITE        ACCESS:          0 HIT:          0 MISS:          0 MSHR_MERGE:          0
cpu0->cpu0_STLB TRANSLATION  ACCESS:          0 HIT:          0 MISS:          0 MSHR_MERGE:          0
cpu0->cpu0_STLB PREFETCH REQUESTED:          0 ISSUED:          0 USEFUL:          0 USELESS:          0
cpu0->cpu0_STLB AVERAGE MISS LATENCY: 777.2 cycles
cpu0->cpu0_L2C TOTAL        ACCESS:      19995 HIT:      18272 MISS:       1723 MSHR_MERGE:          0
cpu0->cpu0_L2C LOAD         ACCESS:      15431 HIT:      13903 MISS:       1528 MSHR_MERGE:          0
cpu0->cpu0_L2C RFO          ACCESS:       1460 HIT:       1457 MISS:          3 MSHR_MERGE:          0
cpu0->cpu0_L2C PREFETCH     ACCESS:          0 HIT:          0 MISS:          0 MSHR_MERGE:          0
cpu0->cpu0_L2C WRITE        ACCESS:       2908 HIT:       2907 MISS:          1 MSHR_MERGE:          0
cpu0->cpu0_L2C TRANSLATION  ACCESS:        196 HIT:          5 MISS:        191 MSHR_MERGE:          0
cpu0->cpu0_L2C PREFETCH REQUESTED:          0 ISSUED:          0 USEFUL:          0 USELESS:          0
cpu0->cpu0_L2C AVERAGE MISS LATENCY: 170.2 cycles
cpu0->cpu0_L1I TOTAL        ACCESS:    1038132 HIT:    1037027 MISS:       1105 MSHR_MERGE:        464
cpu0->cpu0_L1I LOAD         ACCESS:    1038132 HIT:    1037027 MISS:       1105 MSHR_MERGE:        464
cpu0->cpu0_L1I RFO          ACCESS:          0 HIT:          0 MISS:          0 MSHR_MERGE:          0
cpu0->cpu0_L1I PREFETCH     ACCESS:          0 HIT:          0 MISS:          0 MSHR_MERGE:          0
cpu0->cpu0_L1I WRITE        ACCESS:          0 HIT:          0 MISS:          0 MSHR_MERGE:          0
cpu0->cpu0_L1I TRANSLATION  ACCESS:          0 HIT:          0 MISS:          0 MSHR_MERGE:          0
cpu0->cpu0_L1I PREFETCH REQUESTED:          0 ISSUED:          0 USEFUL:          0 USELESS:          0
cpu0->cpu0_L1I AVERAGE MISS LATENCY: 14.37 cycles
cpu0->cpu0_L1D TOTAL        ACCESS:    3001892 HIT:    2979901 MISS:      21991 MSHR_MERGE:       5545
cpu0->cpu0_L1D LOAD         ACCESS:    1858773 HIT:    1841174 MISS:      17599 MSHR_MERGE:       2809
cpu0->cpu0_L1D RFO          ACCESS:          0 HIT:          0 MISS:          0 MSHR_MERGE:          0
cpu0->cpu0_L1D PREFETCH     ACCESS:          0 HIT:          0 MISS:          0 MSHR_MERGE:          0
cpu0->cpu0_L1D WRITE        ACCESS:    1142918 HIT:    1138722 MISS:       4196 MSHR_MERGE:       2736
cpu0->cpu0_L1D TRANSLATION  ACCESS:        201 HIT:          5 MISS:        196 MSHR_MERGE:          0
cpu0->cpu0_L1D PREFETCH REQUESTED:          0 ISSUED:          0 USEFUL:          0 USELESS:          0
cpu0->cpu0_L1D AVERAGE MISS LATENCY: 25.67 cycles
cpu0->cpu0_ITLB TOTAL        ACCESS:     911957 HIT:     911957 MISS:          0 MSHR_MERGE:          0
cpu0->cpu0_ITLB LOAD         ACCESS:     911957 HIT:     911957 MISS:          0 MSHR_MERGE:          0
cpu0->cpu0_ITLB RFO          ACCESS:          0 HIT:          0 MISS:          0 MSHR_MERGE:          0
cpu0->cpu0_ITLB PREFETCH     ACCESS:          0 HIT:          0 MISS:          0 MSHR_MERGE:          0
cpu0->cpu0_ITLB WRITE        ACCESS:          0 HIT:          0 MISS:          0 MSHR_MERGE:          0
cpu0->cpu0_ITLB TRANSLATION  ACCESS:          0 HIT:          0 MISS:          0 MSHR_MERGE:          0
cpu0->cpu0_ITLB PREFETCH REQUESTED:          0 ISSUED:          0 USEFUL:          0 USELESS:          0
cpu0->cpu0_ITLB AVERAGE MISS LATENCY: - cycles
cpu0->cpu0_DTLB TOTAL        ACCESS:    2826148 HIT:    2821225 MISS:       4923 MSHR_MERGE:        652
cpu0->cpu0_DTLB LOAD         ACCESS:    2826148 HIT:    2821225 MISS:       4923 MSHR_MERGE:        652
cpu0->cpu0_DTLB RFO          ACCESS:          0 HIT:          0 MISS:          0 MSHR_MERGE:          0
cpu0->cpu0_DTLB PREFETCH     ACCESS:          0 HIT:          0 MISS:          0 MSHR_MERGE:          0
cpu0->cpu0_DTLB WRITE        ACCESS:          0 HIT:          0 MISS:          0 MSHR_MERGE:          0
cpu0->cpu0_DTLB TRANSLATION  ACCESS:          0 HIT:          0 MISS:          0 MSHR_MERGE:          0
cpu0->cpu0_DTLB PREFETCH REQUESTED:          0 ISSUED:          0 USEFUL:          0 USELESS:          0
cpu0->cpu0_DTLB AVERAGE MISS LATENCY: 23.22 cycles
cpu0->LLC TOTAL        ACCESS:       1723 HIT:         24 MISS:       1699 MSHR_MERGE:          0
cpu0->LLC LOAD         ACCESS:       1528 HIT:         23 MISS:       1505 MSHR_MERGE:          0
cpu0->LLC RFO          ACCESS:          3 HIT:          0 MISS:          3 MSHR_MERGE:          0
cpu0->LLC PREFETCH     ACCESS:          0 HIT:          0 MISS:          0 MSHR_MERGE:          0
cpu0->LLC WRITE        ACCESS:          1 HIT:          1 MISS:          0 MSHR_MERGE:          0
cpu0->LLC TRANSLATION  ACCESS:        191 HIT:          0 MISS:        191 MSHR_MERGE:          0
cpu0->LLC PREFETCH REQUESTED:          0 ISSUED:          0 USEFUL:          0 USELESS:          0
cpu0->LLC AVERAGE MISS LATENCY: 156.4 cycles

DRAM Statistics

Channel 0 RQ ROW_BUFFER_HIT:        102
  ROW_BUFFER_MISS:       1597
  AVG DBUS CONGESTED CYCLE: 2.733
Channel 0 WQ ROW_BUFFER_HIT:          0
  ROW_BUFFER_MISS:          0
  FULL:          0
Channel 0 REFRESHES ISSUED:        614
