[VMEM] WARNING: physical memory size is smaller than virtual memory size.

*** ChampSim Multicore Out-of-Order Simulator ***
Warmup Instructions: 2000000
Simulation Instructions: 10000000
Number of CPUs: 1
Page size: 4096

Off-chip DRAM Size: 16 GiB Channels: 1 Width: 64-bit Data Rate: 3205 MT/s
Warmup finished CPU 0 instructions: 2000001 cycles: 569736 cumulative IPC: 3.51 (Simulation time: 00 hr 00 min 07 sec)
Warmup complete CPU 0 instructions: 2000001 cycles: 569736 cumulative IPC: 3.51 (Simulation time: 00 hr 00 min 07 sec)
Heartbeat CPU 0 instructions: 10000004 cycles: 6733628 heartbeat IPC: 1.485 cumulative IPC: 1.298 (Simulation time: 00 hr 00 min 49 sec)
Simulation finished CPU 0 instructions: 10000000 cycles: 7686049 cumulative IPC: 1.301 (Simulation time: 00 hr 00 min 59 sec)
Simulation complete CPU 0 instructions: 10000000 cycles: 7686049 cumulative IPC: 1.301 (Simulation time: 00 hr 00 min 59 sec)

ChampSim completed all CPUs

=== Simulation ===
CPU 0 runs /home/tandonmitul27/workspace/SPEC17/641.leela_s-602B.champsimtrace.xz

Region of Interest Statistics

CPU 0 cumulative IPC: 1.301 instructions: 10000000 cycles: 7686049
CPU 0 Branch Prediction Accuracy: 86.66% MPKI: 22.74 Average ROB Occupancy at Mispredict: 19.23
Branch type MPKI
BRANCH_DIRECT_JUMP: 0.1281
BRANCH_INDIRECT: 0.0002
BRANCH_CONDITIONAL: 22.57
BRANCH_DIRECT_CALL: 0
BRANCH_INDIRECT_CALL: 0
BRANCH_RETURN: 0.0369

cpu0->cpu0_STLB TOTAL        ACCESS:       7389 HIT:       7287 MISS:        102 MSHR_MERGE:          0
cpu0->cpu0_STLB LOAD         ACCESS:       7389 HIT:       7287 MISS:        102 MSHR_MERGE:          0
cpu0->cpu0_STLB RFO          ACCESS:          0 HIT:          0 MISS:          0 MSHR_MERGE:          0
cpu0->cpu0_STLB PREFETCH     ACCESS:          0 HIT:          0 MISS:          0 MSHR_MERGE:          0
cpu0->cpu0_STLB WRITE        ACCESS:          0 HIT:          0 MISS:          0 MSHR_MERGE:          0
cpu0->cpu0_STLB TRANSLATION  ACCESS:          0 HIT:          0 MISS:          0 MSHR_MERGE:          0
cpu0->cpu0_STLB PREFETCH REQUESTED:          0 ISSUED:          0 USEFUL:          0 USELESS:          0
cpu0->cpu0_STLB AVERAGE MISS LATENCY: 756.5 cycles
cpu0->cpu0_L2C TOTAL        ACCESS:      28917 HIT:      27850 MISS:       1067 MSHR_MERGE:          0
cpu0->cpu0_L2C LOAD         ACCESS:      17393 HIT:      16533 MISS:        860 MSHR_MERGE:          0
cpu0->cpu0_L2C RFO          ACCESS:       4353 HIT:       4344 MISS:          9 MSHR_MERGE:          0
cpu0->cpu0_L2C PREFETCH     ACCESS:          0 HIT:          0 MISS:          0 MSHR_MERGE:          0
cpu0->cpu0_L2C WRITE        ACCESS:       6971 HIT:       6971 MISS:          0 MSHR_MERGE:          0
cpu0->cpu0_L2C TRANSLATION  ACCESS:        200 HIT:          2 MISS:        198 MSHR_MERGE:          0
cpu0->cpu0_L2C PREFETCH REQUESTED:          0 ISSUED:          0 USEFUL:          0 USELESS:          0
cpu0->cpu0_L2C AVERAGE MISS LATENCY: 175.4 cycles
cpu0->cpu0_L1I TOTAL        ACCESS:    1012194 HIT:    1007542 MISS:       4652 MSHR_MERGE:       1802
cpu0->cpu0_L1I LOAD         ACCESS:    1012194 HIT:    1007542 MISS:       4652 MSHR_MERGE:       1802
cpu0->cpu0_L1I RFO          ACCESS:          0 HIT:          0 MISS:          0 MSHR_MERGE:          0
cpu0->cpu0_L1I PREFETCH     ACCESS:          0 HIT:          0 MISS:          0 MSHR_MERGE:          0
cpu0->cpu0_L1I WRITE        ACCESS:          0 HIT:          0 MISS:          0 MSHR_MERGE:          0
cpu0->cpu0_L1I TRANSLATION  ACCESS:          0 HIT:          0 MISS:          0 MSHR_MERGE:          0
cpu0->cpu0_L1I PREFETCH REQUESTED:          0 ISSUED:          0 USEFUL:          0 USELESS:          0
cpu0->cpu0_L1I AVERAGE MISS LATENCY: 7.024 cycles
cpu0->cpu0_L1D TOTAL        ACCESS:    2940746 HIT:    2914617 MISS:      26129 MSHR_MERGE:       7033
cpu0->cpu0_L1D LOAD         ACCESS:    1798177 HIT:    1782120 MISS:      16057 MSHR_MERGE:       1514
cpu0->cpu0_L1D RFO          ACCESS:          0 HIT:          0 MISS:          0 MSHR_MERGE:          0
cpu0->cpu0_L1D PREFETCH     ACCESS:          0 HIT:          0 MISS:          0 MSHR_MERGE:          0
cpu0->cpu0_L1D WRITE        ACCESS:    1142365 HIT:    1132493 MISS:       9872 MSHR_MERGE:       5519
cpu0->cpu0_L1D TRANSLATION  ACCESS:        204 HIT:          4 MISS:        200 MSHR_MERGE:          0
cpu0->cpu0_L1D PREFETCH REQUESTED:          0 ISSUED:          0 USEFUL:          0 USELESS:          0
cpu0->cpu0_L1D AVERAGE MISS LATENCY: 17.86 cycles
cpu0->cpu0_ITLB TOTAL        ACCESS:     894498 HIT:     894498 MISS:          0 MSHR_MERGE:          0
cpu0->cpu0_ITLB LOAD         ACCESS:     894498 HIT:     894498 MISS:          0 MSHR_MERGE:          0
cpu0->cpu0_ITLB RFO          ACCESS:          0 HIT:          0 MISS:          0 MSHR_MERGE:          0
cpu0->cpu0_ITLB PREFETCH     ACCESS:          0 HIT:          0 MISS:          0 MSHR_MERGE:          0
cpu0->cpu0_ITLB WRITE        ACCESS:          0 HIT:          0 MISS:          0 MSHR_MERGE:          0
cpu0->cpu0_ITLB TRANSLATION  ACCESS:          0 HIT:          0 MISS:          0 MSHR_MERGE:          0
cpu0->cpu0_ITLB PREFETCH REQUESTED:          0 ISSUED:          0 USEFUL:          0 USELESS:          0
cpu0->cpu0_ITLB AVERAGE MISS LATENCY: - cycles
cpu0->cpu0_DTLB TOTAL        ACCESS:    2792188 HIT:    2783407 MISS:       8781 MSHR_MERGE:       1392
cpu0->cpu0_DTLB LOAD         ACCESS:    2792188 HIT:    2783407 MISS:       8781 MSHR_MERGE:       1392
cpu0->cpu0_DTLB RFO          ACCESS:          0 HIT:          0 MISS:          0 MSHR_MERGE:          0
cpu0->cpu0_DTLB PREFETCH     ACCESS:          0 HIT:          0 MISS:          0 MSHR_MERGE:          0
cpu0->cpu0_DTLB WRITE        ACCESS:          0 HIT:          0 MISS:          0 MSHR_MERGE:          0
cpu0->cpu0_DTLB TRANSLATION  ACCESS:          0 HIT:          0 MISS:          0 MSHR_MERGE:          0
cpu0->cpu0_DTLB PREFETCH REQUESTED:          0 ISSUED:          0 USEFUL:          0 USELESS:          0
cpu0->cpu0_DTLB AVERAGE MISS LATENCY: 15.46 cycles
cpu0->LLC TOTAL        ACCESS:       1067 HIT:          2 MISS:       1065 MSHR_MERGE:          0
cpu0->LLC LOAD         ACCESS:        860 HIT:          2 MISS:        858 MSHR_MERGE:          0
cpu0->LLC RFO          ACCESS:          9 HIT:          0 MISS:          9 MSHR_MERGE:          0
cpu0->LLC PREFETCH     ACCESS:          0 HIT:          0 MISS:          0 MSHR_MERGE:          0
cpu0->LLC WRITE        ACCESS:          0 HIT:          0 MISS:          0 MSHR_MERGE:          0
cpu0->LLC TRANSLATION  ACCESS:        198 HIT:          0 MISS:        198 MSHR_MERGE:          0
cpu0->LLC PREFETCH REQUESTED:          0 ISSUED:          0 USEFUL:          0 USELESS:          0
cpu0->LLC AVERAGE MISS LATENCY: 159.7 cycles

DRAM Statistics

Channel 0 RQ ROW_BUFFER_HIT:          0
  ROW_BUFFER_MISS:       1065
  AVG DBUS CONGESTED CYCLE: 2.5
Channel 0 WQ ROW_BUFFER_HIT:          0
  ROW_BUFFER_MISS:          0
  FULL:          0
Channel 0 REFRESHES ISSUED:        640
