[VMEM] WARNING: physical memory size is smaller than virtual memory size.

*** ChampSim Multicore Out-of-Order Simulator ***
Warmup Instructions: 2000000
Simulation Instructions: 10000000
Number of CPUs: 1
Page size: 4096

Off-chip DRAM Size: 16 GiB Channels: 1 Width: 64-bit Data Rate: 3205 MT/s
Warmup finished CPU 0 instructions: 2000004 cycles: 524807 cumulative IPC: 3.811 (Simulation time: 00 hr 00 min 06 sec)
Warmup complete CPU 0 instructions: 2000004 cycles: 524807 cumulative IPC: 3.811 (Simulation time: 00 hr 00 min 06 sec)
Heartbeat CPU 0 instructions: 10000004 cycles: 5021795 heartbeat IPC: 1.991 cumulative IPC: 1.779 (Simulation time: 00 hr 00 min 49 sec)
Simulation finished CPU 0 instructions: 10000004 cycles: 5630432 cumulative IPC: 1.776 (Simulation time: 00 hr 00 min 59 sec)
Simulation complete CPU 0 instructions: 10000004 cycles: 5630432 cumulative IPC: 1.776 (Simulation time: 00 hr 00 min 59 sec)

ChampSim completed all CPUs

=== Simulation ===
CPU 0 runs /home/tandonmitul27/workspace/SPEC17/644.nab_s-12521B.champsimtrace.xz

Region of Interest Statistics

CPU 0 cumulative IPC: 1.776 instructions: 10000004 cycles: 5630432
CPU 0 Branch Prediction Accuracy: 99.89% MPKI: 0.109 Average ROB Occupancy at Mispredict: 125.9
Branch type MPKI
BRANCH_DIRECT_JUMP: 0
BRANCH_INDIRECT: 0
BRANCH_CONDITIONAL: 0.109
BRANCH_DIRECT_CALL: 0
BRANCH_INDIRECT_CALL: 0
BRANCH_RETURN: 0

cpu0->cpu0_STLB TOTAL        ACCESS:       2089 HIT:       1838 MISS:        251 MSHR_MERGE:          0
cpu0->cpu0_STLB LOAD         ACCESS:       2089 HIT:       1838 MISS:        251 MSHR_MERGE:          0
cpu0->cpu0_STLB RFO          ACCESS:          0 HIT:          0 MISS:          0 MSHR_MERGE:          0
cpu0->cpu0_STLB PREFETCH     ACCESS:          0 HIT:          0 MISS:          0 MSHR_MERGE:          0
cpu0->cpu0_STLB WRITE        ACCESS:          0 HIT:          0 MISS:          0 MSHR_MERGE:          0
cpu0->cpu0_STLB TRANSLATION  ACCESS:          0 HIT:          0 MISS:          0 MSHR_MERGE:          0
cpu0->cpu0_STLB PREFETCH REQUESTED:          0 ISSUED:          0 USEFUL:          0 USELESS:          0
cpu0->cpu0_STLB AVERAGE MISS LATENCY: 639.3 cycles
cpu0->cpu0_L2C TOTAL        ACCESS:      60397 HIT:      53445 MISS:       6952 MSHR_MERGE:          0
cpu0->cpu0_L2C LOAD         ACCESS:      45918 HIT:      39269 MISS:       6649 MSHR_MERGE:          0
cpu0->cpu0_L2C RFO          ACCESS:         69 HIT:         69 MISS:          0 MSHR_MERGE:          0
cpu0->cpu0_L2C PREFETCH     ACCESS:          0 HIT:          0 MISS:          0 MSHR_MERGE:          0
cpu0->cpu0_L2C WRITE        ACCESS:      14080 HIT:      14072 MISS:          8 MSHR_MERGE:          0
cpu0->cpu0_L2C TRANSLATION  ACCESS:        330 HIT:         35 MISS:        295 MSHR_MERGE:          0
cpu0->cpu0_L2C PREFETCH REQUESTED:          0 ISSUED:          0 USEFUL:          0 USELESS:          0
cpu0->cpu0_L2C AVERAGE MISS LATENCY: 170.4 cycles
cpu0->cpu0_L1I TOTAL        ACCESS:    2154568 HIT:    2154568 MISS:          0 MSHR_MERGE:          0
cpu0->cpu0_L1I LOAD         ACCESS:    2154568 HIT:    2154568 MISS:          0 MSHR_MERGE:          0
cpu0->cpu0_L1I RFO          ACCESS:          0 HIT:          0 MISS:          0 MSHR_MERGE:          0
cpu0->cpu0_L1I PREFETCH     ACCESS:          0 HIT:          0 MISS:          0 MSHR_MERGE:          0
cpu0->cpu0_L1I WRITE        ACCESS:          0 HIT:          0 MISS:          0 MSHR_MERGE:          0
cpu0->cpu0_L1I TRANSLATION  ACCESS:          0 HIT:          0 MISS:          0 MSHR_MERGE:          0
cpu0->cpu0_L1I PREFETCH REQUESTED:          0 ISSUED:          0 USEFUL:          0 USELESS:          0
cpu0->cpu0_L1I AVERAGE MISS LATENCY: - cycles
cpu0->cpu0_L1D TOTAL        ACCESS:    2905455 HIT:    2846915 MISS:      58540 MSHR_MERGE:      12223
cpu0->cpu0_L1D LOAD         ACCESS:    2627537 HIT:    2569512 MISS:      58025 MSHR_MERGE:      12107
cpu0->cpu0_L1D RFO          ACCESS:          0 HIT:          0 MISS:          0 MSHR_MERGE:          0
cpu0->cpu0_L1D PREFETCH     ACCESS:          0 HIT:          0 MISS:          0 MSHR_MERGE:          0
cpu0->cpu0_L1D WRITE        ACCESS:     277415 HIT:     277231 MISS:        184 MSHR_MERGE:        115
cpu0->cpu0_L1D TRANSLATION  ACCESS:        503 HIT:        172 MISS:        331 MSHR_MERGE:          1
cpu0->cpu0_L1D PREFETCH REQUESTED:          0 ISSUED:          0 USEFUL:          0 USELESS:          0
cpu0->cpu0_L1D AVERAGE MISS LATENCY: 33.73 cycles
cpu0->cpu0_ITLB TOTAL        ACCESS:    2002397 HIT:    2002397 MISS:          0 MSHR_MERGE:          0
cpu0->cpu0_ITLB LOAD         ACCESS:    2002397 HIT:    2002397 MISS:          0 MSHR_MERGE:          0
cpu0->cpu0_ITLB RFO          ACCESS:          0 HIT:          0 MISS:          0 MSHR_MERGE:          0
cpu0->cpu0_ITLB PREFETCH     ACCESS:          0 HIT:          0 MISS:          0 MSHR_MERGE:          0
cpu0->cpu0_ITLB WRITE        ACCESS:          0 HIT:          0 MISS:          0 MSHR_MERGE:          0
cpu0->cpu0_ITLB TRANSLATION  ACCESS:          0 HIT:          0 MISS:          0 MSHR_MERGE:          0
cpu0->cpu0_ITLB PREFETCH REQUESTED:          0 ISSUED:          0 USEFUL:          0 USELESS:          0
cpu0->cpu0_ITLB AVERAGE MISS LATENCY: - cycles
cpu0->cpu0_DTLB TOTAL        ACCESS:    2875000 HIT:    2871932 MISS:       3068 MSHR_MERGE:        979
cpu0->cpu0_DTLB LOAD         ACCESS:    2875000 HIT:    2871932 MISS:       3068 MSHR_MERGE:        979
cpu0->cpu0_DTLB RFO          ACCESS:          0 HIT:          0 MISS:          0 MSHR_MERGE:          0
cpu0->cpu0_DTLB PREFETCH     ACCESS:          0 HIT:          0 MISS:          0 MSHR_MERGE:          0
cpu0->cpu0_DTLB WRITE        ACCESS:          0 HIT:          0 MISS:          0 MSHR_MERGE:          0
cpu0->cpu0_DTLB TRANSLATION  ACCESS:          0 HIT:          0 MISS:          0 MSHR_MERGE:          0
cpu0->cpu0_DTLB PREFETCH REQUESTED:          0 ISSUED:          0 USEFUL:          0 USELESS:          0
cpu0->cpu0_DTLB AVERAGE MISS LATENCY: 81.94 cycles
cpu0->LLC TOTAL        ACCESS:       7037 HIT:        103 MISS:       6934 MSHR_MERGE:          0
cpu0->LLC LOAD         ACCESS:       6649 HIT:          9 MISS:       6640 MSHR_MERGE:          0
cpu0->LLC RFO          ACCESS:          0 HIT:          0 MISS:          0 MSHR_MERGE:          0
cpu0->LLC PREFETCH     ACCESS:          0 HIT:          0 MISS:          0 MSHR_MERGE:          0
cpu0->LLC WRITE        ACCESS:         93 HIT:         93 MISS:          0 MSHR_MERGE:          0
cpu0->LLC TRANSLATION  ACCESS:        295 HIT:          1 MISS:        294 MSHR_MERGE:          0
cpu0->LLC PREFETCH REQUESTED:          0 ISSUED:          0 USEFUL:          0 USELESS:          0
cpu0->LLC AVERAGE MISS LATENCY: 154.8 cycles

DRAM Statistics

Channel 0 RQ ROW_BUFFER_HIT:         17
  ROW_BUFFER_MISS:       6917
  AVG DBUS CONGESTED CYCLE: 2.798
Channel 0 WQ ROW_BUFFER_HIT:          0
  ROW_BUFFER_MISS:          0
  FULL:          0
Channel 0 REFRESHES ISSUED:        469
