[VMEM] WARNING: physical memory size is smaller than virtual memory size.

*** ChampSim Multicore Out-of-Order Simulator ***
Warmup Instructions: 2000000
Simulation Instructions: 10000000
Number of CPUs: 1
Page size: 4096

Off-chip DRAM Size: 16 GiB Channels: 1 Width: 64-bit Data Rate: 3205 MT/s
Warmup finished CPU 0 instructions: 2000004 cycles: 530280 cumulative IPC: 3.772 (Simulation time: 00 hr 00 min 06 sec)
Warmup complete CPU 0 instructions: 2000004 cycles: 530280 cumulative IPC: 3.772 (Simulation time: 00 hr 00 min 06 sec)
Heartbeat CPU 0 instructions: 10000003 cycles: 5501802 heartbeat IPC: 1.818 cumulative IPC: 1.609 (Simulation time: 00 hr 00 min 49 sec)
Simulation finished CPU 0 instructions: 10000000 cycles: 6215383 cumulative IPC: 1.609 (Simulation time: 00 hr 00 min 59 sec)
Simulation complete CPU 0 instructions: 10000000 cycles: 6215383 cumulative IPC: 1.609 (Simulation time: 00 hr 00 min 59 sec)

ChampSim completed all CPUs

=== Simulation ===
CPU 0 runs /home/tandonmitul27/workspace/SPEC17/644.nab_s-7928B.champsimtrace.xz

Region of Interest Statistics

CPU 0 cumulative IPC: 1.609 instructions: 10000000 cycles: 6215383
CPU 0 Branch Prediction Accuracy: 97.31% MPKI: 2.536 Average ROB Occupancy at Mispredict: 102.9
Branch type MPKI
BRANCH_DIRECT_JUMP: 0.0021
BRANCH_INDIRECT: 0
BRANCH_CONDITIONAL: 2.534
BRANCH_DIRECT_CALL: 0
BRANCH_INDIRECT_CALL: 0
BRANCH_RETURN: 0

cpu0->cpu0_STLB TOTAL        ACCESS:       3362 HIT:       3258 MISS:        104 MSHR_MERGE:          0
cpu0->cpu0_STLB LOAD         ACCESS:       3362 HIT:       3258 MISS:        104 MSHR_MERGE:          0
cpu0->cpu0_STLB RFO          ACCESS:          0 HIT:          0 MISS:          0 MSHR_MERGE:          0
cpu0->cpu0_STLB PREFETCH     ACCESS:          0 HIT:          0 MISS:          0 MSHR_MERGE:          0
cpu0->cpu0_STLB WRITE        ACCESS:          0 HIT:          0 MISS:          0 MSHR_MERGE:          0
cpu0->cpu0_STLB TRANSLATION  ACCESS:          0 HIT:          0 MISS:          0 MSHR_MERGE:          0
cpu0->cpu0_STLB PREFETCH REQUESTED:          0 ISSUED:          0 USEFUL:          0 USELESS:          0
cpu0->cpu0_STLB AVERAGE MISS LATENCY: 685.4 cycles
cpu0->cpu0_L2C TOTAL        ACCESS:     124170 HIT:     117962 MISS:       6208 MSHR_MERGE:          0
cpu0->cpu0_L2C LOAD         ACCESS:      93367 HIT:      87312 MISS:       6055 MSHR_MERGE:          0
cpu0->cpu0_L2C RFO          ACCESS:        122 HIT:        122 MISS:          0 MSHR_MERGE:          0
cpu0->cpu0_L2C PREFETCH     ACCESS:          0 HIT:          0 MISS:          0 MSHR_MERGE:          0
cpu0->cpu0_L2C WRITE        ACCESS:      30484 HIT:      30484 MISS:          0 MSHR_MERGE:          0
cpu0->cpu0_L2C TRANSLATION  ACCESS:        197 HIT:         44 MISS:        153 MSHR_MERGE:          0
cpu0->cpu0_L2C PREFETCH REQUESTED:          0 ISSUED:          0 USEFUL:          0 USELESS:          0
cpu0->cpu0_L2C AVERAGE MISS LATENCY: 150.8 cycles
cpu0->cpu0_L1I TOTAL        ACCESS:    1370429 HIT:    1370325 MISS:        104 MSHR_MERGE:         42
cpu0->cpu0_L1I LOAD         ACCESS:    1370429 HIT:    1370325 MISS:        104 MSHR_MERGE:         42
cpu0->cpu0_L1I RFO          ACCESS:          0 HIT:          0 MISS:          0 MSHR_MERGE:          0
cpu0->cpu0_L1I PREFETCH     ACCESS:          0 HIT:          0 MISS:          0 MSHR_MERGE:          0
cpu0->cpu0_L1I WRITE        ACCESS:          0 HIT:          0 MISS:          0 MSHR_MERGE:          0
cpu0->cpu0_L1I TRANSLATION  ACCESS:          0 HIT:          0 MISS:          0 MSHR_MERGE:          0
cpu0->cpu0_L1I PREFETCH REQUESTED:          0 ISSUED:          0 USEFUL:          0 USELESS:          0
cpu0->cpu0_L1I AVERAGE MISS LATENCY: 191.7 cycles
cpu0->cpu0_L1D TOTAL        ACCESS:    2956690 HIT:    2825756 MISS:     130934 MSHR_MERGE:      37310
cpu0->cpu0_L1D LOAD         ACCESS:    2276998 HIT:    2146383 MISS:     130615 MSHR_MERGE:      37310
cpu0->cpu0_L1D RFO          ACCESS:          0 HIT:          0 MISS:          0 MSHR_MERGE:          0
cpu0->cpu0_L1D PREFETCH     ACCESS:          0 HIT:          0 MISS:          0 MSHR_MERGE:          0
cpu0->cpu0_L1D WRITE        ACCESS:     679483 HIT:     679361 MISS:        122 MSHR_MERGE:          0
cpu0->cpu0_L1D TRANSLATION  ACCESS:        209 HIT:         12 MISS:        197 MSHR_MERGE:          0
cpu0->cpu0_L1D PREFETCH REQUESTED:          0 ISSUED:          0 USEFUL:          0 USELESS:          0
cpu0->cpu0_L1D AVERAGE MISS LATENCY: 17.95 cycles
cpu0->cpu0_ITLB TOTAL        ACCESS:    1262832 HIT:    1262832 MISS:          0 MSHR_MERGE:          0
cpu0->cpu0_ITLB LOAD         ACCESS:    1262832 HIT:    1262832 MISS:          0 MSHR_MERGE:          0
cpu0->cpu0_ITLB RFO          ACCESS:          0 HIT:          0 MISS:          0 MSHR_MERGE:          0
cpu0->cpu0_ITLB PREFETCH     ACCESS:          0 HIT:          0 MISS:          0 MSHR_MERGE:          0
cpu0->cpu0_ITLB WRITE        ACCESS:          0 HIT:          0 MISS:          0 MSHR_MERGE:          0
cpu0->cpu0_ITLB TRANSLATION  ACCESS:          0 HIT:          0 MISS:          0 MSHR_MERGE:          0
cpu0->cpu0_ITLB PREFETCH REQUESTED:          0 ISSUED:          0 USEFUL:          0 USELESS:          0
cpu0->cpu0_ITLB AVERAGE MISS LATENCY: - cycles
cpu0->cpu0_DTLB TOTAL        ACCESS:    2866005 HIT:    2861069 MISS:       4936 MSHR_MERGE:       1574
cpu0->cpu0_DTLB LOAD         ACCESS:    2866005 HIT:    2861069 MISS:       4936 MSHR_MERGE:       1574
cpu0->cpu0_DTLB RFO          ACCESS:          0 HIT:          0 MISS:          0 MSHR_MERGE:          0
cpu0->cpu0_DTLB PREFETCH     ACCESS:          0 HIT:          0 MISS:          0 MSHR_MERGE:          0
cpu0->cpu0_DTLB WRITE        ACCESS:          0 HIT:          0 MISS:          0 MSHR_MERGE:          0
cpu0->cpu0_DTLB TRANSLATION  ACCESS:          0 HIT:          0 MISS:          0 MSHR_MERGE:          0
cpu0->cpu0_DTLB PREFETCH REQUESTED:          0 ISSUED:          0 USEFUL:          0 USELESS:          0
cpu0->cpu0_DTLB AVERAGE MISS LATENCY: 26.23 cycles
cpu0->LLC TOTAL        ACCESS:       6606 HIT:       1209 MISS:       5397 MSHR_MERGE:          0
cpu0->LLC LOAD         ACCESS:       6055 HIT:        810 MISS:       5245 MSHR_MERGE:          0
cpu0->LLC RFO          ACCESS:          0 HIT:          0 MISS:          0 MSHR_MERGE:          0
cpu0->LLC PREFETCH     ACCESS:          0 HIT:          0 MISS:          0 MSHR_MERGE:          0
cpu0->LLC WRITE        ACCESS:        398 HIT:        398 MISS:          0 MSHR_MERGE:          0
cpu0->LLC TRANSLATION  ACCESS:        153 HIT:          1 MISS:        152 MSHR_MERGE:          0
cpu0->LLC PREFETCH REQUESTED:          0 ISSUED:          0 USEFUL:          0 USELESS:          0
cpu0->LLC AVERAGE MISS LATENCY: 155.2 cycles

DRAM Statistics

Channel 0 RQ ROW_BUFFER_HIT:         10
  ROW_BUFFER_MISS:       5387
  AVG DBUS CONGESTED CYCLE: 2.799
Channel 0 WQ ROW_BUFFER_HIT:          0
  ROW_BUFFER_MISS:          0
  FULL:          0
Channel 0 REFRESHES ISSUED:        518
