[VMEM] WARNING: physical memory size is smaller than virtual memory size.

*** ChampSim Multicore Out-of-Order Simulator ***
Warmup Instructions: 2000000
Simulation Instructions: 10000000
Number of CPUs: 1
Page size: 4096

Off-chip DRAM Size: 16 GiB Channels: 1 Width: 64-bit Data Rate: 3205 MT/s
Warmup finished CPU 0 instructions: 2000000 cycles: 515547 cumulative IPC: 3.879 (Simulation time: 00 hr 00 min 06 sec)
Warmup complete CPU 0 instructions: 2000000 cycles: 515547 cumulative IPC: 3.879 (Simulation time: 00 hr 00 min 06 sec)
Heartbeat CPU 0 instructions: 10000002 cycles: 6227342 heartbeat IPC: 1.606 cumulative IPC: 1.401 (Simulation time: 00 hr 00 min 45 sec)
Simulation finished CPU 0 instructions: 10000001 cycles: 7180898 cumulative IPC: 1.393 (Simulation time: 00 hr 00 min 55 sec)
Simulation complete CPU 0 instructions: 10000001 cycles: 7180898 cumulative IPC: 1.393 (Simulation time: 00 hr 00 min 55 sec)

ChampSim completed all CPUs

=== Simulation ===
CPU 0 runs /home/tandonmitul27/workspace/SPEC17/644.nab_s-5853B.champsimtrace.xz

Region of Interest Statistics

CPU 0 cumulative IPC: 1.393 instructions: 10000001 cycles: 7180898
CPU 0 Branch Prediction Accuracy: 85.66% MPKI: 13.89 Average ROB Occupancy at Mispredict: 46.53
Branch type MPKI
BRANCH_DIRECT_JUMP: 0.0028
BRANCH_INDIRECT: 0.0002
BRANCH_CONDITIONAL: 8.355
BRANCH_DIRECT_CALL: 0.0039
BRANCH_INDIRECT_CALL: 0
BRANCH_RETURN: 5.524

cpu0->cpu0_STLB TOTAL        ACCESS:       2672 HIT:       2601 MISS:         71 MSHR_MERGE:          0
cpu0->cpu0_STLB LOAD         ACCESS:       2672 HIT:       2601 MISS:         71 MSHR_MERGE:          0
cpu0->cpu0_STLB RFO          ACCESS:          0 HIT:          0 MISS:          0 MSHR_MERGE:          0
cpu0->cpu0_STLB PREFETCH     ACCESS:          0 HIT:          0 MISS:          0 MSHR_MERGE:          0
cpu0->cpu0_STLB WRITE        ACCESS:          0 HIT:          0 MISS:          0 MSHR_MERGE:          0
cpu0->cpu0_STLB TRANSLATION  ACCESS:          0 HIT:          0 MISS:          0 MSHR_MERGE:          0
cpu0->cpu0_STLB PREFETCH REQUESTED:          0 ISSUED:          0 USEFUL:          0 USELESS:          0
cpu0->cpu0_STLB AVERAGE MISS LATENCY: 689.8 cycles
cpu0->cpu0_L2C TOTAL        ACCESS:      58454 HIT:      56099 MISS:       2355 MSHR_MERGE:          0
cpu0->cpu0_L2C LOAD         ACCESS:      43188 HIT:      40982 MISS:       2206 MSHR_MERGE:          0
cpu0->cpu0_L2C RFO          ACCESS:         83 HIT:         45 MISS:         38 MSHR_MERGE:          0
cpu0->cpu0_L2C PREFETCH     ACCESS:          0 HIT:          0 MISS:          0 MSHR_MERGE:          0
cpu0->cpu0_L2C WRITE        ACCESS:      15049 HIT:      15049 MISS:          0 MSHR_MERGE:          0
cpu0->cpu0_L2C TRANSLATION  ACCESS:        134 HIT:         23 MISS:        111 MSHR_MERGE:          0
cpu0->cpu0_L2C PREFETCH REQUESTED:          0 ISSUED:          0 USEFUL:          0 USELESS:          0
cpu0->cpu0_L2C AVERAGE MISS LATENCY: 171.2 cycles
cpu0->cpu0_L1I TOTAL        ACCESS:        391 HIT:        271 MISS:        120 MSHR_MERGE:         20
cpu0->cpu0_L1I LOAD         ACCESS:        391 HIT:        271 MISS:        120 MSHR_MERGE:         20
cpu0->cpu0_L1I RFO          ACCESS:          0 HIT:          0 MISS:          0 MSHR_MERGE:          0
cpu0->cpu0_L1I PREFETCH     ACCESS:          0 HIT:          0 MISS:          0 MSHR_MERGE:          0
cpu0->cpu0_L1I WRITE        ACCESS:          0 HIT:          0 MISS:          0 MSHR_MERGE:          0
cpu0->cpu0_L1I TRANSLATION  ACCESS:          0 HIT:          0 MISS:          0 MSHR_MERGE:          0
cpu0->cpu0_L1I PREFETCH REQUESTED:          0 ISSUED:          0 USEFUL:          0 USELESS:          0
cpu0->cpu0_L1I AVERAGE MISS LATENCY: 204.8 cycles
cpu0->cpu0_L1D TOTAL        ACCESS:    3334351 HIT:    3278393 MISS:      55958 MSHR_MERGE:      12653
cpu0->cpu0_L1D LOAD         ACCESS:    2228885 HIT:    2173341 MISS:      55544 MSHR_MERGE:      12456
cpu0->cpu0_L1D RFO          ACCESS:          0 HIT:          0 MISS:          0 MSHR_MERGE:          0
cpu0->cpu0_L1D PREFETCH     ACCESS:          0 HIT:          0 MISS:          0 MSHR_MERGE:          0
cpu0->cpu0_L1D WRITE        ACCESS:    1105322 HIT:    1105042 MISS:        280 MSHR_MERGE:        197
cpu0->cpu0_L1D TRANSLATION  ACCESS:        144 HIT:         10 MISS:        134 MSHR_MERGE:          0
cpu0->cpu0_L1D PREFETCH REQUESTED:          0 ISSUED:          0 USEFUL:          0 USELESS:          0
cpu0->cpu0_L1D AVERAGE MISS LATENCY: 16.91 cycles
cpu0->cpu0_ITLB TOTAL        ACCESS:        322 HIT:        313 MISS:          9 MSHR_MERGE:          2
cpu0->cpu0_ITLB LOAD         ACCESS:        322 HIT:        313 MISS:          9 MSHR_MERGE:          2
cpu0->cpu0_ITLB RFO          ACCESS:          0 HIT:          0 MISS:          0 MSHR_MERGE:          0
cpu0->cpu0_ITLB PREFETCH     ACCESS:          0 HIT:          0 MISS:          0 MSHR_MERGE:          0
cpu0->cpu0_ITLB WRITE        ACCESS:          0 HIT:          0 MISS:          0 MSHR_MERGE:          0
cpu0->cpu0_ITLB TRANSLATION  ACCESS:          0 HIT:          0 MISS:          0 MSHR_MERGE:          0
cpu0->cpu0_ITLB PREFETCH REQUESTED:          0 ISSUED:          0 USEFUL:          0 USELESS:          0
cpu0->cpu0_ITLB AVERAGE MISS LATENCY: 784 cycles
cpu0->cpu0_DTLB TOTAL        ACCESS:    3160090 HIT:    3156349 MISS:       3741 MSHR_MERGE:       1076
cpu0->cpu0_DTLB LOAD         ACCESS:    3160090 HIT:    3156349 MISS:       3741 MSHR_MERGE:       1076
cpu0->cpu0_DTLB RFO          ACCESS:          0 HIT:          0 MISS:          0 MSHR_MERGE:          0
cpu0->cpu0_DTLB PREFETCH     ACCESS:          0 HIT:          0 MISS:          0 MSHR_MERGE:          0
cpu0->cpu0_DTLB WRITE        ACCESS:          0 HIT:          0 MISS:          0 MSHR_MERGE:          0
cpu0->cpu0_DTLB TRANSLATION  ACCESS:          0 HIT:          0 MISS:          0 MSHR_MERGE:          0
cpu0->cpu0_DTLB PREFETCH REQUESTED:          0 ISSUED:          0 USEFUL:          0 USELESS:          0
cpu0->cpu0_DTLB AVERAGE MISS LATENCY: 21.36 cycles
cpu0->LLC TOTAL        ACCESS:       2356 HIT:          1 MISS:       2355 MSHR_MERGE:          0
cpu0->LLC LOAD         ACCESS:       2206 HIT:          0 MISS:       2206 MSHR_MERGE:          0
cpu0->LLC RFO          ACCESS:         38 HIT:          0 MISS:         38 MSHR_MERGE:          0
cpu0->LLC PREFETCH     ACCESS:          0 HIT:          0 MISS:          0 MSHR_MERGE:          0
cpu0->LLC WRITE        ACCESS:          1 HIT:          1 MISS:          0 MSHR_MERGE:          0
cpu0->LLC TRANSLATION  ACCESS:        111 HIT:          0 MISS:        111 MSHR_MERGE:          0
cpu0->LLC PREFETCH REQUESTED:          0 ISSUED:          0 USEFUL:          0 USELESS:          0
cpu0->LLC AVERAGE MISS LATENCY: 155.2 cycles

DRAM Statistics

Channel 0 RQ ROW_BUFFER_HIT:          4
  ROW_BUFFER_MISS:       2351
  AVG DBUS CONGESTED CYCLE: 2.696
Channel 0 WQ ROW_BUFFER_HIT:          0
  ROW_BUFFER_MISS:          0
  FULL:          0
Channel 0 REFRESHES ISSUED:        599
