[VMEM] WARNING: physical memory size is smaller than virtual memory size.

*** ChampSim Multicore Out-of-Order Simulator ***
Warmup Instructions: 2000000
Simulation Instructions: 10000000
Number of CPUs: 1
Page size: 4096

Off-chip DRAM Size: 16 GiB Channels: 1 Width: 64-bit Data Rate: 3205 MT/s
Warmup finished CPU 0 instructions: 2000000 cycles: 542496 cumulative IPC: 3.687 (Simulation time: 00 hr 00 min 07 sec)
Warmup complete CPU 0 instructions: 2000000 cycles: 542496 cumulative IPC: 3.687 (Simulation time: 00 hr 00 min 07 sec)
Heartbeat CPU 0 instructions: 10000001 cycles: 5206412 heartbeat IPC: 1.921 cumulative IPC: 1.715 (Simulation time: 00 hr 00 min 40 sec)
Simulation finished CPU 0 instructions: 10000000 cycles: 5852034 cumulative IPC: 1.709 (Simulation time: 00 hr 00 min 48 sec)
Simulation complete CPU 0 instructions: 10000000 cycles: 5852034 cumulative IPC: 1.709 (Simulation time: 00 hr 00 min 48 sec)

ChampSim completed all CPUs

=== Simulation ===
CPU 0 runs /home/tandonmitul27/workspace/SPEC17/644.nab_s-12459B.champsimtrace.xz

Region of Interest Statistics

CPU 0 cumulative IPC: 1.709 instructions: 10000000 cycles: 5852034
CPU 0 Branch Prediction Accuracy: 91.3% MPKI: 12.51 Average ROB Occupancy at Mispredict: 43.19
Branch type MPKI
BRANCH_DIRECT_JUMP: 0.3178
BRANCH_INDIRECT: 0
BRANCH_CONDITIONAL: 12.2
BRANCH_DIRECT_CALL: 0
BRANCH_INDIRECT_CALL: 0
BRANCH_RETURN: 0

cpu0->cpu0_STLB TOTAL        ACCESS:       2122 HIT:       2091 MISS:         31 MSHR_MERGE:          0
cpu0->cpu0_STLB LOAD         ACCESS:       2122 HIT:       2091 MISS:         31 MSHR_MERGE:          0
cpu0->cpu0_STLB RFO          ACCESS:          0 HIT:          0 MISS:          0 MSHR_MERGE:          0
cpu0->cpu0_STLB PREFETCH     ACCESS:          0 HIT:          0 MISS:          0 MSHR_MERGE:          0
cpu0->cpu0_STLB WRITE        ACCESS:          0 HIT:          0 MISS:          0 MSHR_MERGE:          0
cpu0->cpu0_STLB TRANSLATION  ACCESS:          0 HIT:          0 MISS:          0 MSHR_MERGE:          0
cpu0->cpu0_STLB PREFETCH REQUESTED:          0 ISSUED:          0 USEFUL:          0 USELESS:          0
cpu0->cpu0_STLB AVERAGE MISS LATENCY: 708.5 cycles
cpu0->cpu0_L2C TOTAL        ACCESS:      63167 HIT:      55619 MISS:       7548 MSHR_MERGE:          0
cpu0->cpu0_L2C LOAD         ACCESS:      54915 HIT:      49002 MISS:       5913 MSHR_MERGE:          0
cpu0->cpu0_L2C RFO          ACCESS:       3303 HIT:       1711 MISS:       1592 MSHR_MERGE:          0
cpu0->cpu0_L2C PREFETCH     ACCESS:          0 HIT:          0 MISS:          0 MSHR_MERGE:          0
cpu0->cpu0_L2C WRITE        ACCESS:       4900 HIT:       4900 MISS:          0 MSHR_MERGE:          0
cpu0->cpu0_L2C TRANSLATION  ACCESS:         49 HIT:          6 MISS:         43 MSHR_MERGE:          0
cpu0->cpu0_L2C PREFETCH REQUESTED:          0 ISSUED:          0 USEFUL:          0 USELESS:          0
cpu0->cpu0_L2C AVERAGE MISS LATENCY: 60.82 cycles
cpu0->cpu0_L1I TOTAL        ACCESS:      38237 HIT:      38237 MISS:          0 MSHR_MERGE:          0
cpu0->cpu0_L1I LOAD         ACCESS:      38237 HIT:      38237 MISS:          0 MSHR_MERGE:          0
cpu0->cpu0_L1I RFO          ACCESS:          0 HIT:          0 MISS:          0 MSHR_MERGE:          0
cpu0->cpu0_L1I PREFETCH     ACCESS:          0 HIT:          0 MISS:          0 MSHR_MERGE:          0
cpu0->cpu0_L1I WRITE        ACCESS:          0 HIT:          0 MISS:          0 MSHR_MERGE:          0
cpu0->cpu0_L1I TRANSLATION  ACCESS:          0 HIT:          0 MISS:          0 MSHR_MERGE:          0
cpu0->cpu0_L1I PREFETCH REQUESTED:          0 ISSUED:          0 USEFUL:          0 USELESS:          0
cpu0->cpu0_L1I AVERAGE MISS LATENCY: - cycles
cpu0->cpu0_L1D TOTAL        ACCESS:    2716912 HIT:    2623479 MISS:      93433 MSHR_MERGE:      35166
cpu0->cpu0_L1D LOAD         ACCESS:    1736935 HIT:    1671112 MISS:      65823 MSHR_MERGE:      10908
cpu0->cpu0_L1D RFO          ACCESS:          0 HIT:          0 MISS:          0 MSHR_MERGE:          0
cpu0->cpu0_L1D PREFETCH     ACCESS:          0 HIT:          0 MISS:          0 MSHR_MERGE:          0
cpu0->cpu0_L1D WRITE        ACCESS:     979915 HIT:     952355 MISS:      27560 MSHR_MERGE:      24257
cpu0->cpu0_L1D TRANSLATION  ACCESS:         62 HIT:         12 MISS:         50 MSHR_MERGE:          1
cpu0->cpu0_L1D PREFETCH REQUESTED:          0 ISSUED:          0 USEFUL:          0 USELESS:          0
cpu0->cpu0_L1D AVERAGE MISS LATENCY: 16.02 cycles
cpu0->cpu0_ITLB TOTAL        ACCESS:      30641 HIT:      30641 MISS:          0 MSHR_MERGE:          0
cpu0->cpu0_ITLB LOAD         ACCESS:      30641 HIT:      30641 MISS:          0 MSHR_MERGE:          0
cpu0->cpu0_ITLB RFO          ACCESS:          0 HIT:          0 MISS:          0 MSHR_MERGE:          0
cpu0->cpu0_ITLB PREFETCH     ACCESS:          0 HIT:          0 MISS:          0 MSHR_MERGE:          0
cpu0->cpu0_ITLB WRITE        ACCESS:          0 HIT:          0 MISS:          0 MSHR_MERGE:          0
cpu0->cpu0_ITLB TRANSLATION  ACCESS:          0 HIT:          0 MISS:          0 MSHR_MERGE:          0
cpu0->cpu0_ITLB PREFETCH REQUESTED:          0 ISSUED:          0 USEFUL:          0 USELESS:          0
cpu0->cpu0_ITLB AVERAGE MISS LATENCY: - cycles
cpu0->cpu0_DTLB TOTAL        ACCESS:    2589163 HIT:    2586390 MISS:       2773 MSHR_MERGE:        651
cpu0->cpu0_DTLB LOAD         ACCESS:    2589163 HIT:    2586390 MISS:       2773 MSHR_MERGE:        651
cpu0->cpu0_DTLB RFO          ACCESS:          0 HIT:          0 MISS:          0 MSHR_MERGE:          0
cpu0->cpu0_DTLB PREFETCH     ACCESS:          0 HIT:          0 MISS:          0 MSHR_MERGE:          0
cpu0->cpu0_DTLB WRITE        ACCESS:          0 HIT:          0 MISS:          0 MSHR_MERGE:          0
cpu0->cpu0_DTLB TRANSLATION  ACCESS:          0 HIT:          0 MISS:          0 MSHR_MERGE:          0
cpu0->cpu0_DTLB PREFETCH REQUESTED:          0 ISSUED:          0 USEFUL:          0 USELESS:          0
cpu0->cpu0_DTLB AVERAGE MISS LATENCY: 15.36 cycles
cpu0->LLC TOTAL        ACCESS:       7971 HIT:       5774 MISS:       2197 MSHR_MERGE:          0
cpu0->LLC LOAD         ACCESS:       5913 HIT:       5338 MISS:        575 MSHR_MERGE:          0
cpu0->LLC RFO          ACCESS:       1592 HIT:         11 MISS:       1581 MSHR_MERGE:          0
cpu0->LLC PREFETCH     ACCESS:          0 HIT:          0 MISS:          0 MSHR_MERGE:          0
cpu0->LLC WRITE        ACCESS:        423 HIT:        423 MISS:          0 MSHR_MERGE:          0
cpu0->LLC TRANSLATION  ACCESS:         43 HIT:          2 MISS:         41 MSHR_MERGE:          0
cpu0->LLC PREFETCH REQUESTED:          0 ISSUED:          0 USEFUL:          0 USELESS:          0
cpu0->LLC AVERAGE MISS LATENCY: 156.4 cycles

DRAM Statistics

Channel 0 RQ ROW_BUFFER_HIT:        569
  ROW_BUFFER_MISS:       1628
  AVG DBUS CONGESTED CYCLE: 2.643
Channel 0 WQ ROW_BUFFER_HIT:          0
  ROW_BUFFER_MISS:          0
  FULL:          0
Channel 0 REFRESHES ISSUED:        487
