[VMEM] WARNING: physical memory size is smaller than virtual memory size.

*** ChampSim Multicore Out-of-Order Simulator ***
Warmup Instructions: 2000000
Simulation Instructions: 10000000
Number of CPUs: 1
Page size: 4096

Off-chip DRAM Size: 16 GiB Channels: 1 Width: 64-bit Data Rate: 3205 MT/s
Warmup finished CPU 0 instructions: 2000000 cycles: 527334 cumulative IPC: 3.793 (Simulation time: 00 hr 00 min 06 sec)
Warmup complete CPU 0 instructions: 2000000 cycles: 527334 cumulative IPC: 3.793 (Simulation time: 00 hr 00 min 06 sec)
Heartbeat CPU 0 instructions: 10000000 cycles: 6423272 heartbeat IPC: 1.557 cumulative IPC: 1.357 (Simulation time: 00 hr 00 min 52 sec)
Simulation finished CPU 0 instructions: 10000001 cycles: 7370303 cumulative IPC: 1.357 (Simulation time: 00 hr 01 min 03 sec)
Simulation complete CPU 0 instructions: 10000001 cycles: 7370303 cumulative IPC: 1.357 (Simulation time: 00 hr 01 min 03 sec)

ChampSim completed all CPUs

=== Simulation ===
CPU 0 runs /home/tandonmitul27/workspace/SPEC17/644.nab_s-9322B.champsimtrace.xz

Region of Interest Statistics

CPU 0 cumulative IPC: 1.357 instructions: 10000001 cycles: 7370303
CPU 0 Branch Prediction Accuracy: 96.68% MPKI: 4.286 Average ROB Occupancy at Mispredict: 84.76
Branch type MPKI
BRANCH_DIRECT_JUMP: 0
BRANCH_INDIRECT: 0
BRANCH_CONDITIONAL: 4.286
BRANCH_DIRECT_CALL: 0
BRANCH_INDIRECT_CALL: 0
BRANCH_RETURN: 0

cpu0->cpu0_STLB TOTAL        ACCESS:       3146 HIT:       2971 MISS:        175 MSHR_MERGE:          0
cpu0->cpu0_STLB LOAD         ACCESS:       3146 HIT:       2971 MISS:        175 MSHR_MERGE:          0
cpu0->cpu0_STLB RFO          ACCESS:          0 HIT:          0 MISS:          0 MSHR_MERGE:          0
cpu0->cpu0_STLB PREFETCH     ACCESS:          0 HIT:          0 MISS:          0 MSHR_MERGE:          0
cpu0->cpu0_STLB WRITE        ACCESS:          0 HIT:          0 MISS:          0 MSHR_MERGE:          0
cpu0->cpu0_STLB TRANSLATION  ACCESS:          0 HIT:          0 MISS:          0 MSHR_MERGE:          0
cpu0->cpu0_STLB PREFETCH REQUESTED:          0 ISSUED:          0 USEFUL:          0 USELESS:          0
cpu0->cpu0_STLB AVERAGE MISS LATENCY: 711.6 cycles
cpu0->cpu0_L2C TOTAL        ACCESS:      88689 HIT:      81225 MISS:       7464 MSHR_MERGE:          0
cpu0->cpu0_L2C LOAD         ACCESS:      87947 HIT:      80755 MISS:       7192 MSHR_MERGE:          0
cpu0->cpu0_L2C RFO          ACCESS:        217 HIT:        208 MISS:          9 MSHR_MERGE:          0
cpu0->cpu0_L2C PREFETCH     ACCESS:          0 HIT:          0 MISS:          0 MSHR_MERGE:          0
cpu0->cpu0_L2C WRITE        ACCESS:        217 HIT:        217 MISS:          0 MSHR_MERGE:          0
cpu0->cpu0_L2C TRANSLATION  ACCESS:        308 HIT:         45 MISS:        263 MSHR_MERGE:          0
cpu0->cpu0_L2C PREFETCH REQUESTED:          0 ISSUED:          0 USEFUL:          0 USELESS:          0
cpu0->cpu0_L2C AVERAGE MISS LATENCY: 168 cycles
cpu0->cpu0_L1I TOTAL        ACCESS:    1103163 HIT:    1103163 MISS:          0 MSHR_MERGE:          0
cpu0->cpu0_L1I LOAD         ACCESS:    1103163 HIT:    1103163 MISS:          0 MSHR_MERGE:          0
cpu0->cpu0_L1I RFO          ACCESS:          0 HIT:          0 MISS:          0 MSHR_MERGE:          0
cpu0->cpu0_L1I PREFETCH     ACCESS:          0 HIT:          0 MISS:          0 MSHR_MERGE:          0
cpu0->cpu0_L1I WRITE        ACCESS:          0 HIT:          0 MISS:          0 MSHR_MERGE:          0
cpu0->cpu0_L1I TRANSLATION  ACCESS:          0 HIT:          0 MISS:          0 MSHR_MERGE:          0
cpu0->cpu0_L1I PREFETCH REQUESTED:          0 ISSUED:          0 USEFUL:          0 USELESS:          0
cpu0->cpu0_L1I AVERAGE MISS LATENCY: - cycles
cpu0->cpu0_L1D TOTAL        ACCESS:    3014633 HIT:    2900334 MISS:     114299 MSHR_MERGE:      25827
cpu0->cpu0_L1D LOAD         ACCESS:    2828420 HIT:    2714646 MISS:     113774 MSHR_MERGE:      25827
cpu0->cpu0_L1D RFO          ACCESS:          0 HIT:          0 MISS:          0 MSHR_MERGE:          0
cpu0->cpu0_L1D PREFETCH     ACCESS:          0 HIT:          0 MISS:          0 MSHR_MERGE:          0
cpu0->cpu0_L1D WRITE        ACCESS:     185856 HIT:     185639 MISS:        217 MSHR_MERGE:          0
cpu0->cpu0_L1D TRANSLATION  ACCESS:        357 HIT:         49 MISS:        308 MSHR_MERGE:          0
cpu0->cpu0_L1D PREFETCH REQUESTED:          0 ISSUED:          0 USEFUL:          0 USELESS:          0
cpu0->cpu0_L1D AVERAGE MISS LATENCY: 22.26 cycles
cpu0->cpu0_ITLB TOTAL        ACCESS:     919010 HIT:     919010 MISS:          0 MSHR_MERGE:          0
cpu0->cpu0_ITLB LOAD         ACCESS:     919010 HIT:     919010 MISS:          0 MSHR_MERGE:          0
cpu0->cpu0_ITLB RFO          ACCESS:          0 HIT:          0 MISS:          0 MSHR_MERGE:          0
cpu0->cpu0_ITLB PREFETCH     ACCESS:          0 HIT:          0 MISS:          0 MSHR_MERGE:          0
cpu0->cpu0_ITLB WRITE        ACCESS:          0 HIT:          0 MISS:          0 MSHR_MERGE:          0
cpu0->cpu0_ITLB TRANSLATION  ACCESS:          0 HIT:          0 MISS:          0 MSHR_MERGE:          0
cpu0->cpu0_ITLB PREFETCH REQUESTED:          0 ISSUED:          0 USEFUL:          0 USELESS:          0
cpu0->cpu0_ITLB AVERAGE MISS LATENCY: - cycles
cpu0->cpu0_DTLB TOTAL        ACCESS:    3014147 HIT:    3010258 MISS:       3889 MSHR_MERGE:        743
cpu0->cpu0_DTLB LOAD         ACCESS:    3014147 HIT:    3010258 MISS:       3889 MSHR_MERGE:        743
cpu0->cpu0_DTLB RFO          ACCESS:          0 HIT:          0 MISS:          0 MSHR_MERGE:          0
cpu0->cpu0_DTLB PREFETCH     ACCESS:          0 HIT:          0 MISS:          0 MSHR_MERGE:          0
cpu0->cpu0_DTLB WRITE        ACCESS:          0 HIT:          0 MISS:          0 MSHR_MERGE:          0
cpu0->cpu0_DTLB TRANSLATION  ACCESS:          0 HIT:          0 MISS:          0 MSHR_MERGE:          0
cpu0->cpu0_DTLB PREFETCH REQUESTED:          0 ISSUED:          0 USEFUL:          0 USELESS:          0
cpu0->cpu0_DTLB AVERAGE MISS LATENCY: 44.64 cycles
cpu0->LLC TOTAL        ACCESS:       7470 HIT:        152 MISS:       7318 MSHR_MERGE:          0
cpu0->LLC LOAD         ACCESS:       7192 HIT:        146 MISS:       7046 MSHR_MERGE:          0
cpu0->LLC RFO          ACCESS:          9 HIT:          0 MISS:          9 MSHR_MERGE:          0
cpu0->LLC PREFETCH     ACCESS:          0 HIT:          0 MISS:          0 MSHR_MERGE:          0
cpu0->LLC WRITE        ACCESS:          6 HIT:          6 MISS:          0 MSHR_MERGE:          0
cpu0->LLC TRANSLATION  ACCESS:        263 HIT:          0 MISS:        263 MSHR_MERGE:          0
cpu0->LLC PREFETCH REQUESTED:          0 ISSUED:          0 USEFUL:          0 USELESS:          0
cpu0->LLC AVERAGE MISS LATENCY: 155 cycles

DRAM Statistics

Channel 0 RQ ROW_BUFFER_HIT:          3
  ROW_BUFFER_MISS:       7315
  AVG DBUS CONGESTED CYCLE: 2.718
Channel 0 WQ ROW_BUFFER_HIT:          0
  ROW_BUFFER_MISS:          0
  FULL:          0
Channel 0 REFRESHES ISSUED:        615
