[VMEM] WARNING: physical memory size is smaller than virtual memory size.

*** ChampSim Multicore Out-of-Order Simulator ***
Warmup Instructions: 2000000
Simulation Instructions: 10000000
Number of CPUs: 1
Page size: 4096

Off-chip DRAM Size: 16 GiB Channels: 1 Width: 64-bit Data Rate: 3205 MT/s
Warmup finished CPU 0 instructions: 2000003 cycles: 505656 cumulative IPC: 3.955 (Simulation time: 00 hr 00 min 07 sec)
Warmup complete CPU 0 instructions: 2000003 cycles: 505656 cumulative IPC: 3.955 (Simulation time: 00 hr 00 min 07 sec)
Heartbeat CPU 0 instructions: 10000004 cycles: 4958226 heartbeat IPC: 2.017 cumulative IPC: 1.797 (Simulation time: 00 hr 00 min 40 sec)
Simulation finished CPU 0 instructions: 10000002 cycles: 5580280 cumulative IPC: 1.792 (Simulation time: 00 hr 00 min 49 sec)
Simulation complete CPU 0 instructions: 10000002 cycles: 5580280 cumulative IPC: 1.792 (Simulation time: 00 hr 00 min 49 sec)

ChampSim completed all CPUs

=== Simulation ===
CPU 0 runs /home/tandonmitul27/workspace/SPEC17/648.exchange2_s-1699B.champsimtrace.xz

Region of Interest Statistics

CPU 0 cumulative IPC: 1.792 instructions: 10000002 cycles: 5580280
CPU 0 Branch Prediction Accuracy: 83.81% MPKI: 21.87 Average ROB Occupancy at Mispredict: 17.29
Branch type MPKI
BRANCH_DIRECT_JUMP: 0.0141
BRANCH_INDIRECT: 0
BRANCH_CONDITIONAL: 21.86
BRANCH_DIRECT_CALL: 0
BRANCH_INDIRECT_CALL: 0
BRANCH_RETURN: 0.0001

cpu0->cpu0_STLB TOTAL        ACCESS:          1 HIT:          0 MISS:          1 MSHR_MERGE:          0
cpu0->cpu0_STLB LOAD         ACCESS:          1 HIT:          0 MISS:          1 MSHR_MERGE:          0
cpu0->cpu0_STLB RFO          ACCESS:          0 HIT:          0 MISS:          0 MSHR_MERGE:          0
cpu0->cpu0_STLB PREFETCH     ACCESS:          0 HIT:          0 MISS:          0 MSHR_MERGE:          0
cpu0->cpu0_STLB WRITE        ACCESS:          0 HIT:          0 MISS:          0 MSHR_MERGE:          0
cpu0->cpu0_STLB TRANSLATION  ACCESS:          0 HIT:          0 MISS:          0 MSHR_MERGE:          0
cpu0->cpu0_STLB PREFETCH REQUESTED:          0 ISSUED:          0 USEFUL:          0 USELESS:          0
cpu0->cpu0_STLB AVERAGE MISS LATENCY: 960 cycles
cpu0->cpu0_L2C TOTAL        ACCESS:         62 HIT:          0 MISS:         62 MSHR_MERGE:          0
cpu0->cpu0_L2C LOAD         ACCESS:         12 HIT:          0 MISS:         12 MSHR_MERGE:          0
cpu0->cpu0_L2C RFO          ACCESS:         48 HIT:          0 MISS:         48 MSHR_MERGE:          0
cpu0->cpu0_L2C PREFETCH     ACCESS:          0 HIT:          0 MISS:          0 MSHR_MERGE:          0
cpu0->cpu0_L2C WRITE        ACCESS:          0 HIT:          0 MISS:          0 MSHR_MERGE:          0
cpu0->cpu0_L2C TRANSLATION  ACCESS:          2 HIT:          0 MISS:          2 MSHR_MERGE:          0
cpu0->cpu0_L2C PREFETCH REQUESTED:          0 ISSUED:          0 USEFUL:          0 USELESS:          0
cpu0->cpu0_L2C AVERAGE MISS LATENCY: 195 cycles
cpu0->cpu0_L1I TOTAL        ACCESS:     840050 HIT:     840050 MISS:          0 MSHR_MERGE:          0
cpu0->cpu0_L1I LOAD         ACCESS:     840050 HIT:     840050 MISS:          0 MSHR_MERGE:          0
cpu0->cpu0_L1I RFO          ACCESS:          0 HIT:          0 MISS:          0 MSHR_MERGE:          0
cpu0->cpu0_L1I PREFETCH     ACCESS:          0 HIT:          0 MISS:          0 MSHR_MERGE:          0
cpu0->cpu0_L1I WRITE        ACCESS:          0 HIT:          0 MISS:          0 MSHR_MERGE:          0
cpu0->cpu0_L1I TRANSLATION  ACCESS:          0 HIT:          0 MISS:          0 MSHR_MERGE:          0
cpu0->cpu0_L1I PREFETCH REQUESTED:          0 ISSUED:          0 USEFUL:          0 USELESS:          0
cpu0->cpu0_L1I AVERAGE MISS LATENCY: - cycles
cpu0->cpu0_L1D TOTAL        ACCESS:    3345568 HIT:    3345332 MISS:        236 MSHR_MERGE:        174
cpu0->cpu0_L1D LOAD         ACCESS:    1612537 HIT:    1612485 MISS:         52 MSHR_MERGE:         40
cpu0->cpu0_L1D RFO          ACCESS:          0 HIT:          0 MISS:          0 MSHR_MERGE:          0
cpu0->cpu0_L1D PREFETCH     ACCESS:          0 HIT:          0 MISS:          0 MSHR_MERGE:          0
cpu0->cpu0_L1D WRITE        ACCESS:    1733029 HIT:    1732847 MISS:        182 MSHR_MERGE:        134
cpu0->cpu0_L1D TRANSLATION  ACCESS:          2 HIT:          0 MISS:          2 MSHR_MERGE:          0
cpu0->cpu0_L1D PREFETCH REQUESTED:          0 ISSUED:          0 USEFUL:          0 USELESS:          0
cpu0->cpu0_L1D AVERAGE MISS LATENCY: 204 cycles
cpu0->cpu0_ITLB TOTAL        ACCESS:     654668 HIT:     654668 MISS:          0 MSHR_MERGE:          0
cpu0->cpu0_ITLB LOAD         ACCESS:     654668 HIT:     654668 MISS:          0 MSHR_MERGE:          0
cpu0->cpu0_ITLB RFO          ACCESS:          0 HIT:          0 MISS:          0 MSHR_MERGE:          0
cpu0->cpu0_ITLB PREFETCH     ACCESS:          0 HIT:          0 MISS:          0 MSHR_MERGE:          0
cpu0->cpu0_ITLB WRITE        ACCESS:          0 HIT:          0 MISS:          0 MSHR_MERGE:          0
cpu0->cpu0_ITLB TRANSLATION  ACCESS:          0 HIT:          0 MISS:          0 MSHR_MERGE:          0
cpu0->cpu0_ITLB PREFETCH REQUESTED:          0 ISSUED:          0 USEFUL:          0 USELESS:          0
cpu0->cpu0_ITLB AVERAGE MISS LATENCY: - cycles
cpu0->cpu0_DTLB TOTAL        ACCESS:    3043406 HIT:    3043391 MISS:         15 MSHR_MERGE:         14
cpu0->cpu0_DTLB LOAD         ACCESS:    3043406 HIT:    3043391 MISS:         15 MSHR_MERGE:         14
cpu0->cpu0_DTLB RFO          ACCESS:          0 HIT:          0 MISS:          0 MSHR_MERGE:          0
cpu0->cpu0_DTLB PREFETCH     ACCESS:          0 HIT:          0 MISS:          0 MSHR_MERGE:          0
cpu0->cpu0_DTLB WRITE        ACCESS:          0 HIT:          0 MISS:          0 MSHR_MERGE:          0
cpu0->cpu0_DTLB TRANSLATION  ACCESS:          0 HIT:          0 MISS:          0 MSHR_MERGE:          0
cpu0->cpu0_DTLB PREFETCH REQUESTED:          0 ISSUED:          0 USEFUL:          0 USELESS:          0
cpu0->cpu0_DTLB AVERAGE MISS LATENCY: 966 cycles
cpu0->LLC TOTAL        ACCESS:         62 HIT:          0 MISS:         62 MSHR_MERGE:          0
cpu0->LLC LOAD         ACCESS:         12 HIT:          0 MISS:         12 MSHR_MERGE:          0
cpu0->LLC RFO          ACCESS:         48 HIT:          0 MISS:         48 MSHR_MERGE:          0
cpu0->LLC PREFETCH     ACCESS:          0 HIT:          0 MISS:          0 MSHR_MERGE:          0
cpu0->LLC WRITE        ACCESS:          0 HIT:          0 MISS:          0 MSHR_MERGE:          0
cpu0->LLC TRANSLATION  ACCESS:          2 HIT:          0 MISS:          2 MSHR_MERGE:          0
cpu0->LLC PREFETCH REQUESTED:          0 ISSUED:          0 USEFUL:          0 USELESS:          0
cpu0->LLC AVERAGE MISS LATENCY: 179 cycles

DRAM Statistics

Channel 0 RQ ROW_BUFFER_HIT:          0
  ROW_BUFFER_MISS:         62
  AVG DBUS CONGESTED CYCLE: 2.934
Channel 0 WQ ROW_BUFFER_HIT:          0
  ROW_BUFFER_MISS:          0
  FULL:          0
Channel 0 REFRESHES ISSUED:        465
