[VMEM] WARNING: physical memory size is smaller than virtual memory size.

*** ChampSim Multicore Out-of-Order Simulator ***
Warmup Instructions: 2000000
Simulation Instructions: 10000000
Number of CPUs: 1
Page size: 4096

Off-chip DRAM Size: 16 GiB Channels: 1 Width: 64-bit Data Rate: 3205 MT/s
Warmup finished CPU 0 instructions: 2000004 cycles: 505063 cumulative IPC: 3.96 (Simulation time: 00 hr 00 min 07 sec)
Warmup complete CPU 0 instructions: 2000004 cycles: 505063 cumulative IPC: 3.96 (Simulation time: 00 hr 00 min 07 sec)
Heartbeat CPU 0 instructions: 10000004 cycles: 5281851 heartbeat IPC: 1.893 cumulative IPC: 1.675 (Simulation time: 00 hr 00 min 42 sec)
Simulation finished CPU 0 instructions: 10000003 cycles: 5991094 cumulative IPC: 1.669 (Simulation time: 00 hr 00 min 51 sec)
Simulation complete CPU 0 instructions: 10000003 cycles: 5991094 cumulative IPC: 1.669 (Simulation time: 00 hr 00 min 51 sec)

ChampSim completed all CPUs

=== Simulation ===
CPU 0 runs /home/tandonmitul27/workspace/SPEC17/648.exchange2_s-353B.champsimtrace.xz

Region of Interest Statistics

CPU 0 cumulative IPC: 1.669 instructions: 10000003 cycles: 5991094
CPU 0 Branch Prediction Accuracy: 81.85% MPKI: 25.05 Average ROB Occupancy at Mispredict: 14.47
Branch type MPKI
BRANCH_DIRECT_JUMP: 0.0715
BRANCH_INDIRECT: 0
BRANCH_CONDITIONAL: 24.97
BRANCH_DIRECT_CALL: 0
BRANCH_INDIRECT_CALL: 0
BRANCH_RETURN: 0.0001

cpu0->cpu0_STLB TOTAL        ACCESS:          2 HIT:          0 MISS:          2 MSHR_MERGE:          0
cpu0->cpu0_STLB LOAD         ACCESS:          2 HIT:          0 MISS:          2 MSHR_MERGE:          0
cpu0->cpu0_STLB RFO          ACCESS:          0 HIT:          0 MISS:          0 MSHR_MERGE:          0
cpu0->cpu0_STLB PREFETCH     ACCESS:          0 HIT:          0 MISS:          0 MSHR_MERGE:          0
cpu0->cpu0_STLB WRITE        ACCESS:          0 HIT:          0 MISS:          0 MSHR_MERGE:          0
cpu0->cpu0_STLB TRANSLATION  ACCESS:          0 HIT:          0 MISS:          0 MSHR_MERGE:          0
cpu0->cpu0_STLB PREFETCH REQUESTED:          0 ISSUED:          0 USEFUL:          0 USELESS:          0
cpu0->cpu0_STLB AVERAGE MISS LATENCY: 606.5 cycles
cpu0->cpu0_L2C TOTAL        ACCESS:         52 HIT:          0 MISS:         52 MSHR_MERGE:          0
cpu0->cpu0_L2C LOAD         ACCESS:         18 HIT:          0 MISS:         18 MSHR_MERGE:          0
cpu0->cpu0_L2C RFO          ACCESS:         32 HIT:          0 MISS:         32 MSHR_MERGE:          0
cpu0->cpu0_L2C PREFETCH     ACCESS:          0 HIT:          0 MISS:          0 MSHR_MERGE:          0
cpu0->cpu0_L2C WRITE        ACCESS:          0 HIT:          0 MISS:          0 MSHR_MERGE:          0
cpu0->cpu0_L2C TRANSLATION  ACCESS:          2 HIT:          0 MISS:          2 MSHR_MERGE:          0
cpu0->cpu0_L2C PREFETCH REQUESTED:          0 ISSUED:          0 USEFUL:          0 USELESS:          0
cpu0->cpu0_L2C AVERAGE MISS LATENCY: 199.7 cycles
cpu0->cpu0_L1I TOTAL        ACCESS:     896375 HIT:     896375 MISS:          0 MSHR_MERGE:          0
cpu0->cpu0_L1I LOAD         ACCESS:     896375 HIT:     896375 MISS:          0 MSHR_MERGE:          0
cpu0->cpu0_L1I RFO          ACCESS:          0 HIT:          0 MISS:          0 MSHR_MERGE:          0
cpu0->cpu0_L1I PREFETCH     ACCESS:          0 HIT:          0 MISS:          0 MSHR_MERGE:          0
cpu0->cpu0_L1I WRITE        ACCESS:          0 HIT:          0 MISS:          0 MSHR_MERGE:          0
cpu0->cpu0_L1I TRANSLATION  ACCESS:          0 HIT:          0 MISS:          0 MSHR_MERGE:          0
cpu0->cpu0_L1I PREFETCH REQUESTED:          0 ISSUED:          0 USEFUL:          0 USELESS:          0
cpu0->cpu0_L1I AVERAGE MISS LATENCY: - cycles
cpu0->cpu0_L1D TOTAL        ACCESS:    3259237 HIT:    3259055 MISS:        182 MSHR_MERGE:        130
cpu0->cpu0_L1D LOAD         ACCESS:    1574688 HIT:    1574629 MISS:         59 MSHR_MERGE:         41
cpu0->cpu0_L1D RFO          ACCESS:          0 HIT:          0 MISS:          0 MSHR_MERGE:          0
cpu0->cpu0_L1D PREFETCH     ACCESS:          0 HIT:          0 MISS:          0 MSHR_MERGE:          0
cpu0->cpu0_L1D WRITE        ACCESS:    1684545 HIT:    1684424 MISS:        121 MSHR_MERGE:         89
cpu0->cpu0_L1D TRANSLATION  ACCESS:          4 HIT:          2 MISS:          2 MSHR_MERGE:          0
cpu0->cpu0_L1D PREFETCH REQUESTED:          0 ISSUED:          0 USEFUL:          0 USELESS:          0
cpu0->cpu0_L1D AVERAGE MISS LATENCY: 208.7 cycles
cpu0->cpu0_ITLB TOTAL        ACCESS:     697592 HIT:     697592 MISS:          0 MSHR_MERGE:          0
cpu0->cpu0_ITLB LOAD         ACCESS:     697592 HIT:     697592 MISS:          0 MSHR_MERGE:          0
cpu0->cpu0_ITLB RFO          ACCESS:          0 HIT:          0 MISS:          0 MSHR_MERGE:          0
cpu0->cpu0_ITLB PREFETCH     ACCESS:          0 HIT:          0 MISS:          0 MSHR_MERGE:          0
cpu0->cpu0_ITLB WRITE        ACCESS:          0 HIT:          0 MISS:          0 MSHR_MERGE:          0
cpu0->cpu0_ITLB TRANSLATION  ACCESS:          0 HIT:          0 MISS:          0 MSHR_MERGE:          0
cpu0->cpu0_ITLB PREFETCH REQUESTED:          0 ISSUED:          0 USEFUL:          0 USELESS:          0
cpu0->cpu0_ITLB AVERAGE MISS LATENCY: - cycles
cpu0->cpu0_DTLB TOTAL        ACCESS:    2987258 HIT:    2987253 MISS:          5 MSHR_MERGE:          3
cpu0->cpu0_DTLB LOAD         ACCESS:    2987258 HIT:    2987253 MISS:          5 MSHR_MERGE:          3
cpu0->cpu0_DTLB RFO          ACCESS:          0 HIT:          0 MISS:          0 MSHR_MERGE:          0
cpu0->cpu0_DTLB PREFETCH     ACCESS:          0 HIT:          0 MISS:          0 MSHR_MERGE:          0
cpu0->cpu0_DTLB WRITE        ACCESS:          0 HIT:          0 MISS:          0 MSHR_MERGE:          0
cpu0->cpu0_DTLB TRANSLATION  ACCESS:          0 HIT:          0 MISS:          0 MSHR_MERGE:          0
cpu0->cpu0_DTLB PREFETCH REQUESTED:          0 ISSUED:          0 USEFUL:          0 USELESS:          0
cpu0->cpu0_DTLB AVERAGE MISS LATENCY: 612.5 cycles
cpu0->LLC TOTAL        ACCESS:         52 HIT:          0 MISS:         52 MSHR_MERGE:          0
cpu0->LLC LOAD         ACCESS:         18 HIT:          0 MISS:         18 MSHR_MERGE:          0
cpu0->LLC RFO          ACCESS:         32 HIT:          0 MISS:         32 MSHR_MERGE:          0
cpu0->LLC PREFETCH     ACCESS:          0 HIT:          0 MISS:          0 MSHR_MERGE:          0
cpu0->LLC WRITE        ACCESS:          0 HIT:          0 MISS:          0 MSHR_MERGE:          0
cpu0->LLC TRANSLATION  ACCESS:          2 HIT:          0 MISS:          2 MSHR_MERGE:          0
cpu0->LLC PREFETCH REQUESTED:          0 ISSUED:          0 USEFUL:          0 USELESS:          0
cpu0->LLC AVERAGE MISS LATENCY: 183.7 cycles

DRAM Statistics

Channel 0 RQ ROW_BUFFER_HIT:          0
  ROW_BUFFER_MISS:         52
  AVG DBUS CONGESTED CYCLE: 2.974
Channel 0 WQ ROW_BUFFER_HIT:          0
  ROW_BUFFER_MISS:          0
  FULL:          0
Channel 0 REFRESHES ISSUED:        499
