[VMEM] WARNING: physical memory size is smaller than virtual memory size.

*** ChampSim Multicore Out-of-Order Simulator ***
Warmup Instructions: 2000000
Simulation Instructions: 10000000
Number of CPUs: 1
Page size: 4096

Off-chip DRAM Size: 16 GiB Channels: 1 Width: 64-bit Data Rate: 3205 MT/s
Warmup finished CPU 0 instructions: 2000004 cycles: 508385 cumulative IPC: 3.934 (Simulation time: 00 hr 00 min 07 sec)
Warmup complete CPU 0 instructions: 2000004 cycles: 508385 cumulative IPC: 3.934 (Simulation time: 00 hr 00 min 07 sec)
Heartbeat CPU 0 instructions: 10000003 cycles: 5317089 heartbeat IPC: 1.881 cumulative IPC: 1.664 (Simulation time: 00 hr 00 min 42 sec)
Simulation finished CPU 0 instructions: 10000002 cycles: 6060237 cumulative IPC: 1.65 (Simulation time: 00 hr 00 min 51 sec)
Simulation complete CPU 0 instructions: 10000002 cycles: 6060237 cumulative IPC: 1.65 (Simulation time: 00 hr 00 min 51 sec)

ChampSim completed all CPUs

=== Simulation ===
CPU 0 runs /home/tandonmitul27/workspace/SPEC17/648.exchange2_s-387B.champsimtrace.xz

Region of Interest Statistics

CPU 0 cumulative IPC: 1.65 instructions: 10000002 cycles: 6060237
CPU 0 Branch Prediction Accuracy: 83.37% MPKI: 23.79 Average ROB Occupancy at Mispredict: 15.84
Branch type MPKI
BRANCH_DIRECT_JUMP: 0.1638
BRANCH_INDIRECT: 0
BRANCH_CONDITIONAL: 23.61
BRANCH_DIRECT_CALL: 0.008
BRANCH_INDIRECT_CALL: 0
BRANCH_RETURN: 0.008

cpu0->cpu0_STLB TOTAL        ACCESS:         35 HIT:          0 MISS:         35 MSHR_MERGE:          0
cpu0->cpu0_STLB LOAD         ACCESS:         35 HIT:          0 MISS:         35 MSHR_MERGE:          0
cpu0->cpu0_STLB RFO          ACCESS:          0 HIT:          0 MISS:          0 MSHR_MERGE:          0
cpu0->cpu0_STLB PREFETCH     ACCESS:          0 HIT:          0 MISS:          0 MSHR_MERGE:          0
cpu0->cpu0_STLB WRITE        ACCESS:          0 HIT:          0 MISS:          0 MSHR_MERGE:          0
cpu0->cpu0_STLB TRANSLATION  ACCESS:          0 HIT:          0 MISS:          0 MSHR_MERGE:          0
cpu0->cpu0_STLB PREFETCH REQUESTED:          0 ISSUED:          0 USEFUL:          0 USELESS:          0
cpu0->cpu0_STLB AVERAGE MISS LATENCY: 737.4 cycles
cpu0->cpu0_L2C TOTAL        ACCESS:       1234 HIT:        240 MISS:        994 MSHR_MERGE:          0
cpu0->cpu0_L2C LOAD         ACCESS:       1084 HIT:        236 MISS:        848 MSHR_MERGE:          0
cpu0->cpu0_L2C RFO          ACCESS:         93 HIT:          0 MISS:         93 MSHR_MERGE:          0
cpu0->cpu0_L2C PREFETCH     ACCESS:          0 HIT:          0 MISS:          0 MSHR_MERGE:          0
cpu0->cpu0_L2C WRITE        ACCESS:          4 HIT:          4 MISS:          0 MSHR_MERGE:          0
cpu0->cpu0_L2C TRANSLATION  ACCESS:         53 HIT:          0 MISS:         53 MSHR_MERGE:          0
cpu0->cpu0_L2C PREFETCH REQUESTED:          0 ISSUED:          0 USEFUL:          0 USELESS:          0
cpu0->cpu0_L2C AVERAGE MISS LATENCY: 195.4 cycles
cpu0->cpu0_L1I TOTAL        ACCESS:     887177 HIT:     885594 MISS:       1583 MSHR_MERGE:        534
cpu0->cpu0_L1I LOAD         ACCESS:     887177 HIT:     885594 MISS:       1583 MSHR_MERGE:        534
cpu0->cpu0_L1I RFO          ACCESS:          0 HIT:          0 MISS:          0 MSHR_MERGE:          0
cpu0->cpu0_L1I PREFETCH     ACCESS:          0 HIT:          0 MISS:          0 MSHR_MERGE:          0
cpu0->cpu0_L1I WRITE        ACCESS:          0 HIT:          0 MISS:          0 MSHR_MERGE:          0
cpu0->cpu0_L1I TRANSLATION  ACCESS:          0 HIT:          0 MISS:          0 MSHR_MERGE:          0
cpu0->cpu0_L1I PREFETCH REQUESTED:          0 ISSUED:          0 USEFUL:          0 USELESS:          0
cpu0->cpu0_L1I AVERAGE MISS LATENCY: 158.7 cycles
cpu0->cpu0_L1D TOTAL        ACCESS:    3247336 HIT:    3246460 MISS:        876 MSHR_MERGE:        695
cpu0->cpu0_L1D LOAD         ACCESS:    1642097 HIT:    1642005 MISS:         92 MSHR_MERGE:         57
cpu0->cpu0_L1D RFO          ACCESS:          0 HIT:          0 MISS:          0 MSHR_MERGE:          0
cpu0->cpu0_L1D PREFETCH     ACCESS:          0 HIT:          0 MISS:          0 MSHR_MERGE:          0
cpu0->cpu0_L1D WRITE        ACCESS:    1605168 HIT:    1604437 MISS:        731 MSHR_MERGE:        638
cpu0->cpu0_L1D TRANSLATION  ACCESS:         71 HIT:         18 MISS:         53 MSHR_MERGE:          0
cpu0->cpu0_L1D PREFETCH REQUESTED:          0 ISSUED:          0 USEFUL:          0 USELESS:          0
cpu0->cpu0_L1D AVERAGE MISS LATENCY: 207.7 cycles
cpu0->cpu0_ITLB TOTAL        ACCESS:     692983 HIT:     692924 MISS:         59 MSHR_MERGE:         36
cpu0->cpu0_ITLB LOAD         ACCESS:     692983 HIT:     692924 MISS:         59 MSHR_MERGE:         36
cpu0->cpu0_ITLB RFO          ACCESS:          0 HIT:          0 MISS:          0 MSHR_MERGE:          0
cpu0->cpu0_ITLB PREFETCH     ACCESS:          0 HIT:          0 MISS:          0 MSHR_MERGE:          0
cpu0->cpu0_ITLB WRITE        ACCESS:          0 HIT:          0 MISS:          0 MSHR_MERGE:          0
cpu0->cpu0_ITLB TRANSLATION  ACCESS:          0 HIT:          0 MISS:          0 MSHR_MERGE:          0
cpu0->cpu0_ITLB PREFETCH REQUESTED:          0 ISSUED:          0 USEFUL:          0 USELESS:          0
cpu0->cpu0_ITLB AVERAGE MISS LATENCY: 718.1 cycles
cpu0->cpu0_DTLB TOTAL        ACCESS:    2972618 HIT:    2972575 MISS:         43 MSHR_MERGE:         31
cpu0->cpu0_DTLB LOAD         ACCESS:    2972618 HIT:    2972575 MISS:         43 MSHR_MERGE:         31
cpu0->cpu0_DTLB RFO          ACCESS:          0 HIT:          0 MISS:          0 MSHR_MERGE:          0
cpu0->cpu0_DTLB PREFETCH     ACCESS:          0 HIT:          0 MISS:          0 MSHR_MERGE:          0
cpu0->cpu0_DTLB WRITE        ACCESS:          0 HIT:          0 MISS:          0 MSHR_MERGE:          0
cpu0->cpu0_DTLB TRANSLATION  ACCESS:          0 HIT:          0 MISS:          0 MSHR_MERGE:          0
cpu0->cpu0_DTLB PREFETCH REQUESTED:          0 ISSUED:          0 USEFUL:          0 USELESS:          0
cpu0->cpu0_DTLB AVERAGE MISS LATENCY: 791.9 cycles
cpu0->LLC TOTAL        ACCESS:        994 HIT:          0 MISS:        994 MSHR_MERGE:          0
cpu0->LLC LOAD         ACCESS:        848 HIT:          0 MISS:        848 MSHR_MERGE:          0
cpu0->LLC RFO          ACCESS:         93 HIT:          0 MISS:         93 MSHR_MERGE:          0
cpu0->LLC PREFETCH     ACCESS:          0 HIT:          0 MISS:          0 MSHR_MERGE:          0
cpu0->LLC WRITE        ACCESS:          0 HIT:          0 MISS:          0 MSHR_MERGE:          0
cpu0->LLC TRANSLATION  ACCESS:         53 HIT:          0 MISS:         53 MSHR_MERGE:          0
cpu0->LLC PREFETCH REQUESTED:          0 ISSUED:          0 USEFUL:          0 USELESS:          0
cpu0->LLC AVERAGE MISS LATENCY: 179.4 cycles

DRAM Statistics

Channel 0 RQ ROW_BUFFER_HIT:         41
  ROW_BUFFER_MISS:        953
  AVG DBUS CONGESTED CYCLE: 2.971
Channel 0 WQ ROW_BUFFER_HIT:          0
  ROW_BUFFER_MISS:          0
  FULL:          0
Channel 0 REFRESHES ISSUED:        505
