[VMEM] WARNING: physical memory size is smaller than virtual memory size.

*** ChampSim Multicore Out-of-Order Simulator ***
Warmup Instructions: 2000000
Simulation Instructions: 10000000
Number of CPUs: 1
Page size: 4096

Off-chip DRAM Size: 16 GiB Channels: 1 Width: 64-bit Data Rate: 3205 MT/s
Warmup finished CPU 0 instructions: 2000003 cycles: 505702 cumulative IPC: 3.955 (Simulation time: 00 hr 00 min 07 sec)
Warmup complete CPU 0 instructions: 2000003 cycles: 505702 cumulative IPC: 3.955 (Simulation time: 00 hr 00 min 07 sec)
Heartbeat CPU 0 instructions: 10000000 cycles: 4638612 heartbeat IPC: 2.156 cumulative IPC: 1.936 (Simulation time: 00 hr 00 min 43 sec)
Simulation finished CPU 0 instructions: 10000004 cycles: 5164815 cumulative IPC: 1.936 (Simulation time: 00 hr 00 min 52 sec)
Simulation complete CPU 0 instructions: 10000004 cycles: 5164815 cumulative IPC: 1.936 (Simulation time: 00 hr 00 min 52 sec)

ChampSim completed all CPUs

=== Simulation ===
CPU 0 runs /home/tandonmitul27/workspace/SPEC17/649.fotonik3d_s-1B.champsimtrace.xz

Region of Interest Statistics

CPU 0 cumulative IPC: 1.936 instructions: 10000004 cycles: 5164815
CPU 0 Branch Prediction Accuracy: 95.21% MPKI: 11.39 Average ROB Occupancy at Mispredict: 38.31
Branch type MPKI
BRANCH_DIRECT_JUMP: 0.0004
BRANCH_INDIRECT: 0.2735
BRANCH_CONDITIONAL: 11.11
BRANCH_DIRECT_CALL: 0.0003
BRANCH_INDIRECT_CALL: 0
BRANCH_RETURN: 0.0003

cpu0->cpu0_STLB TOTAL        ACCESS:         43 HIT:          0 MISS:         43 MSHR_MERGE:          0
cpu0->cpu0_STLB LOAD         ACCESS:         43 HIT:          0 MISS:         43 MSHR_MERGE:          0
cpu0->cpu0_STLB RFO          ACCESS:          0 HIT:          0 MISS:          0 MSHR_MERGE:          0
cpu0->cpu0_STLB PREFETCH     ACCESS:          0 HIT:          0 MISS:          0 MSHR_MERGE:          0
cpu0->cpu0_STLB WRITE        ACCESS:          0 HIT:          0 MISS:          0 MSHR_MERGE:          0
cpu0->cpu0_STLB TRANSLATION  ACCESS:          0 HIT:          0 MISS:          0 MSHR_MERGE:          0
cpu0->cpu0_STLB PREFETCH REQUESTED:          0 ISSUED:          0 USEFUL:          0 USELESS:          0
cpu0->cpu0_STLB AVERAGE MISS LATENCY: 872.9 cycles
cpu0->cpu0_L2C TOTAL        ACCESS:        852 HIT:        169 MISS:        683 MSHR_MERGE:          0
cpu0->cpu0_L2C LOAD         ACCESS:         45 HIT:          0 MISS:         45 MSHR_MERGE:          0
cpu0->cpu0_L2C RFO          ACCESS:        553 HIT:          7 MISS:        546 MSHR_MERGE:          0
cpu0->cpu0_L2C PREFETCH     ACCESS:          0 HIT:          0 MISS:          0 MSHR_MERGE:          0
cpu0->cpu0_L2C WRITE        ACCESS:        162 HIT:        162 MISS:          0 MSHR_MERGE:          0
cpu0->cpu0_L2C TRANSLATION  ACCESS:         92 HIT:          0 MISS:         92 MSHR_MERGE:          0
cpu0->cpu0_L2C PREFETCH REQUESTED:          0 ISSUED:          0 USEFUL:          0 USELESS:          0
cpu0->cpu0_L2C AVERAGE MISS LATENCY: 168.1 cycles
cpu0->cpu0_L1I TOTAL        ACCESS:    1593805 HIT:    1593801 MISS:          4 MSHR_MERGE:          1
cpu0->cpu0_L1I LOAD         ACCESS:    1593805 HIT:    1593801 MISS:          4 MSHR_MERGE:          1
cpu0->cpu0_L1I RFO          ACCESS:          0 HIT:          0 MISS:          0 MSHR_MERGE:          0
cpu0->cpu0_L1I PREFETCH     ACCESS:          0 HIT:          0 MISS:          0 MSHR_MERGE:          0
cpu0->cpu0_L1I WRITE        ACCESS:          0 HIT:          0 MISS:          0 MSHR_MERGE:          0
cpu0->cpu0_L1I TRANSLATION  ACCESS:          0 HIT:          0 MISS:          0 MSHR_MERGE:          0
cpu0->cpu0_L1I PREFETCH REQUESTED:          0 ISSUED:          0 USEFUL:          0 USELESS:          0
cpu0->cpu0_L1I AVERAGE MISS LATENCY: 165 cycles
cpu0->cpu0_L1D TOTAL        ACCESS:    2969500 HIT:    2968720 MISS:        780 MSHR_MERGE:         93
cpu0->cpu0_L1D LOAD         ACCESS:    1325987 HIT:    1325867 MISS:        120 MSHR_MERGE:         78
cpu0->cpu0_L1D RFO          ACCESS:          0 HIT:          0 MISS:          0 MSHR_MERGE:          0
cpu0->cpu0_L1D PREFETCH     ACCESS:          0 HIT:          0 MISS:          0 MSHR_MERGE:          0
cpu0->cpu0_L1D WRITE        ACCESS:    1643412 HIT:    1642844 MISS:        568 MSHR_MERGE:         15
cpu0->cpu0_L1D TRANSLATION  ACCESS:        101 HIT:          9 MISS:         92 MSHR_MERGE:          0
cpu0->cpu0_L1D PREFETCH REQUESTED:          0 ISSUED:          0 USEFUL:          0 USELESS:          0
cpu0->cpu0_L1D AVERAGE MISS LATENCY: 175.4 cycles
cpu0->cpu0_ITLB TOTAL        ACCESS:    1403367 HIT:    1403366 MISS:          1 MSHR_MERGE:          0
cpu0->cpu0_ITLB LOAD         ACCESS:    1403367 HIT:    1403366 MISS:          1 MSHR_MERGE:          0
cpu0->cpu0_ITLB RFO          ACCESS:          0 HIT:          0 MISS:          0 MSHR_MERGE:          0
cpu0->cpu0_ITLB PREFETCH     ACCESS:          0 HIT:          0 MISS:          0 MSHR_MERGE:          0
cpu0->cpu0_ITLB WRITE        ACCESS:          0 HIT:          0 MISS:          0 MSHR_MERGE:          0
cpu0->cpu0_ITLB TRANSLATION  ACCESS:          0 HIT:          0 MISS:          0 MSHR_MERGE:          0
cpu0->cpu0_ITLB PREFETCH REQUESTED:          0 ISSUED:          0 USEFUL:          0 USELESS:          0
cpu0->cpu0_ITLB AVERAGE MISS LATENCY: 750 cycles
cpu0->cpu0_DTLB TOTAL        ACCESS:    2769524 HIT:    2769482 MISS:         42 MSHR_MERGE:          0
cpu0->cpu0_DTLB LOAD         ACCESS:    2769524 HIT:    2769482 MISS:         42 MSHR_MERGE:          0
cpu0->cpu0_DTLB RFO          ACCESS:          0 HIT:          0 MISS:          0 MSHR_MERGE:          0
cpu0->cpu0_DTLB PREFETCH     ACCESS:          0 HIT:          0 MISS:          0 MSHR_MERGE:          0
cpu0->cpu0_DTLB WRITE        ACCESS:          0 HIT:          0 MISS:          0 MSHR_MERGE:          0
cpu0->cpu0_DTLB TRANSLATION  ACCESS:          0 HIT:          0 MISS:          0 MSHR_MERGE:          0
cpu0->cpu0_DTLB PREFETCH REQUESTED:          0 ISSUED:          0 USEFUL:          0 USELESS:          0
cpu0->cpu0_DTLB AVERAGE MISS LATENCY: 882 cycles
cpu0->LLC TOTAL        ACCESS:        683 HIT:          0 MISS:        683 MSHR_MERGE:          0
cpu0->LLC LOAD         ACCESS:         45 HIT:          0 MISS:         45 MSHR_MERGE:          0
cpu0->LLC RFO          ACCESS:        546 HIT:          0 MISS:        546 MSHR_MERGE:          0
cpu0->LLC PREFETCH     ACCESS:          0 HIT:          0 MISS:          0 MSHR_MERGE:          0
cpu0->LLC WRITE        ACCESS:          0 HIT:          0 MISS:          0 MSHR_MERGE:          0
cpu0->LLC TRANSLATION  ACCESS:         92 HIT:          0 MISS:         92 MSHR_MERGE:          0
cpu0->LLC PREFETCH REQUESTED:          0 ISSUED:          0 USEFUL:          0 USELESS:          0
cpu0->LLC AVERAGE MISS LATENCY: 152.1 cycles

DRAM Statistics

Channel 0 RQ ROW_BUFFER_HIT:          0
  ROW_BUFFER_MISS:        683
  AVG DBUS CONGESTED CYCLE: 2
Channel 0 WQ ROW_BUFFER_HIT:          0
  ROW_BUFFER_MISS:          0
  FULL:          0
Channel 0 REFRESHES ISSUED:        430
