[VMEM] WARNING: physical memory size is smaller than virtual memory size.

*** ChampSim Multicore Out-of-Order Simulator ***
Warmup Instructions: 2000000
Simulation Instructions: 10000000
Number of CPUs: 1
Page size: 4096

Off-chip DRAM Size: 16 GiB Channels: 1 Width: 64-bit Data Rate: 3205 MT/s
Warmup finished CPU 0 instructions: 2000001 cycles: 1267349 cumulative IPC: 1.578 (Simulation time: 00 hr 00 min 13 sec)
Warmup complete CPU 0 instructions: 2000001 cycles: 1267349 cumulative IPC: 1.578 (Simulation time: 00 hr 00 min 13 sec)
Heartbeat CPU 0 instructions: 10000001 cycles: 19332800 heartbeat IPC: 0.5173 cumulative IPC: 0.4428 (Simulation time: 00 hr 02 min 22 sec)
Simulation finished CPU 0 instructions: 10000002 cycles: 22557108 cumulative IPC: 0.4433 (Simulation time: 00 hr 02 min 53 sec)
Simulation complete CPU 0 instructions: 10000002 cycles: 22557108 cumulative IPC: 0.4433 (Simulation time: 00 hr 02 min 53 sec)

ChampSim completed all CPUs

=== Simulation ===
CPU 0 runs /home/tandonmitul27/workspace/SPEC17/649.fotonik3d_s-10881B.champsimtrace.xz

Region of Interest Statistics

CPU 0 cumulative IPC: 0.4433 instructions: 10000002 cycles: 22557108
CPU 0 Branch Prediction Accuracy: 93.33% MPKI: 0.802 Average ROB Occupancy at Mispredict: 265.2
Branch type MPKI
BRANCH_DIRECT_JUMP: 0
BRANCH_INDIRECT: 0
BRANCH_CONDITIONAL: 0.802
BRANCH_DIRECT_CALL: 0
BRANCH_INDIRECT_CALL: 0
BRANCH_RETURN: 0

cpu0->cpu0_STLB TOTAL        ACCESS:      50764 HIT:      16806 MISS:      33958 MSHR_MERGE:          0
cpu0->cpu0_STLB LOAD         ACCESS:      50764 HIT:      16806 MISS:      33958 MSHR_MERGE:          0
cpu0->cpu0_STLB RFO          ACCESS:          0 HIT:          0 MISS:          0 MSHR_MERGE:          0
cpu0->cpu0_STLB PREFETCH     ACCESS:          0 HIT:          0 MISS:          0 MSHR_MERGE:          0
cpu0->cpu0_STLB WRITE        ACCESS:          0 HIT:          0 MISS:          0 MSHR_MERGE:          0
cpu0->cpu0_STLB TRANSLATION  ACCESS:          0 HIT:          0 MISS:          0 MSHR_MERGE:          0
cpu0->cpu0_STLB PREFETCH REQUESTED:          0 ISSUED:          0 USEFUL:          0 USELESS:          0
cpu0->cpu0_STLB AVERAGE MISS LATENCY: 585 cycles
cpu0->cpu0_L2C TOTAL        ACCESS:     328587 HIT:      97709 MISS:     230878 MSHR_MERGE:          0
cpu0->cpu0_L2C LOAD         ACCESS:     192394 HIT:          0 MISS:     192394 MSHR_MERGE:          0
cpu0->cpu0_L2C RFO          ACCESS:          0 HIT:          0 MISS:          0 MSHR_MERGE:          0
cpu0->cpu0_L2C PREFETCH     ACCESS:          0 HIT:          0 MISS:          0 MSHR_MERGE:          0
cpu0->cpu0_L2C WRITE        ACCESS:      97137 HIT:      97137 MISS:          0 MSHR_MERGE:          0
cpu0->cpu0_L2C TRANSLATION  ACCESS:      39056 HIT:        572 MISS:      38484 MSHR_MERGE:          0
cpu0->cpu0_L2C PREFETCH REQUESTED:          0 ISSUED:          0 USEFUL:          0 USELESS:          0
cpu0->cpu0_L2C AVERAGE MISS LATENCY: 191.8 cycles
cpu0->cpu0_L1I TOTAL        ACCESS:    2585452 HIT:    2585452 MISS:          0 MSHR_MERGE:          0
cpu0->cpu0_L1I LOAD         ACCESS:    2585452 HIT:    2585452 MISS:          0 MSHR_MERGE:          0
cpu0->cpu0_L1I RFO          ACCESS:          0 HIT:          0 MISS:          0 MSHR_MERGE:          0
cpu0->cpu0_L1I PREFETCH     ACCESS:          0 HIT:          0 MISS:          0 MSHR_MERGE:          0
cpu0->cpu0_L1I WRITE        ACCESS:          0 HIT:          0 MISS:          0 MSHR_MERGE:          0
cpu0->cpu0_L1I TRANSLATION  ACCESS:          0 HIT:          0 MISS:          0 MSHR_MERGE:          0
cpu0->cpu0_L1I PREFETCH REQUESTED:          0 ISSUED:          0 USEFUL:          0 USELESS:          0
cpu0->cpu0_L1I AVERAGE MISS LATENCY: - cycles
cpu0->cpu0_L1D TOTAL        ACCESS:    5553800 HIT:    5242659 MISS:     311141 MSHR_MERGE:      79691
cpu0->cpu0_L1D LOAD         ACCESS:    4844709 HIT:    4572624 MISS:     272085 MSHR_MERGE:      79691
cpu0->cpu0_L1D RFO          ACCESS:          0 HIT:          0 MISS:          0 MSHR_MERGE:          0
cpu0->cpu0_L1D PREFETCH     ACCESS:          0 HIT:          0 MISS:          0 MSHR_MERGE:          0
cpu0->cpu0_L1D WRITE        ACCESS:     641126 HIT:     641126 MISS:          0 MSHR_MERGE:          0
cpu0->cpu0_L1D TRANSLATION  ACCESS:      67965 HIT:      28909 MISS:      39056 MSHR_MERGE:          0
cpu0->cpu0_L1D PREFETCH REQUESTED:          0 ISSUED:          0 USEFUL:          0 USELESS:          0
cpu0->cpu0_L1D AVERAGE MISS LATENCY: 200.3 cycles
cpu0->cpu0_ITLB TOTAL        ACCESS:    2276171 HIT:    2276171 MISS:          0 MSHR_MERGE:          0
cpu0->cpu0_ITLB LOAD         ACCESS:    2276171 HIT:    2276171 MISS:          0 MSHR_MERGE:          0
cpu0->cpu0_ITLB RFO          ACCESS:          0 HIT:          0 MISS:          0 MSHR_MERGE:          0
cpu0->cpu0_ITLB PREFETCH     ACCESS:          0 HIT:          0 MISS:          0 MSHR_MERGE:          0
cpu0->cpu0_ITLB WRITE        ACCESS:          0 HIT:          0 MISS:          0 MSHR_MERGE:          0
cpu0->cpu0_ITLB TRANSLATION  ACCESS:          0 HIT:          0 MISS:          0 MSHR_MERGE:          0
cpu0->cpu0_ITLB PREFETCH REQUESTED:          0 ISSUED:          0 USEFUL:          0 USELESS:          0
cpu0->cpu0_ITLB AVERAGE MISS LATENCY: - cycles
cpu0->cpu0_DTLB TOTAL        ACCESS:    5336231 HIT:    5272537 MISS:      63694 MSHR_MERGE:      12930
cpu0->cpu0_DTLB LOAD         ACCESS:    5336231 HIT:    5272537 MISS:      63694 MSHR_MERGE:      12930
cpu0->cpu0_DTLB RFO          ACCESS:          0 HIT:          0 MISS:          0 MSHR_MERGE:          0
cpu0->cpu0_DTLB PREFETCH     ACCESS:          0 HIT:          0 MISS:          0 MSHR_MERGE:          0
cpu0->cpu0_DTLB WRITE        ACCESS:          0 HIT:          0 MISS:          0 MSHR_MERGE:          0
cpu0->cpu0_DTLB TRANSLATION  ACCESS:          0 HIT:          0 MISS:          0 MSHR_MERGE:          0
cpu0->cpu0_DTLB PREFETCH REQUESTED:          0 ISSUED:          0 USEFUL:          0 USELESS:          0
cpu0->cpu0_DTLB AVERAGE MISS LATENCY: 397 cycles
cpu0->LLC TOTAL        ACCESS:     327990 HIT:     132104 MISS:     195886 MSHR_MERGE:          0
cpu0->LLC LOAD         ACCESS:     192394 HIT:      27957 MISS:     164437 MSHR_MERGE:          0
cpu0->LLC RFO          ACCESS:          0 HIT:          0 MISS:          0 MSHR_MERGE:          0
cpu0->LLC PREFETCH     ACCESS:          0 HIT:          0 MISS:          0 MSHR_MERGE:          0
cpu0->LLC WRITE        ACCESS:      97112 HIT:      97112 MISS:          0 MSHR_MERGE:          0
cpu0->LLC TRANSLATION  ACCESS:      38484 HIT:       7035 MISS:      31449 MSHR_MERGE:          0
cpu0->LLC PREFETCH REQUESTED:          0 ISSUED:          0 USEFUL:          0 USELESS:          0
cpu0->LLC AVERAGE MISS LATENCY: 207.4 cycles

DRAM Statistics

Channel 0 RQ ROW_BUFFER_HIT:       8835
  ROW_BUFFER_MISS:     187051
  AVG DBUS CONGESTED CYCLE: 12.27
Channel 0 WQ ROW_BUFFER_HIT:      32870
  ROW_BUFFER_MISS:      63927
  FULL:          0
Channel 0 REFRESHES ISSUED:       1880
