[VMEM] WARNING: physical memory size is smaller than virtual memory size.

*** ChampSim Multicore Out-of-Order Simulator ***
Warmup Instructions: 2000000
Simulation Instructions: 10000000
Number of CPUs: 1
Page size: 4096

Off-chip DRAM Size: 16 GiB Channels: 1 Width: 64-bit Data Rate: 3205 MT/s
Warmup finished CPU 0 instructions: 2000004 cycles: 606056 cumulative IPC: 3.3 (Simulation time: 00 hr 00 min 07 sec)
Warmup complete CPU 0 instructions: 2000004 cycles: 606056 cumulative IPC: 3.3 (Simulation time: 00 hr 00 min 07 sec)
Heartbeat CPU 0 instructions: 10000003 cycles: 20027580 heartbeat IPC: 0.4993 cumulative IPC: 0.4119 (Simulation time: 00 hr 02 min 20 sec)
Simulation finished CPU 0 instructions: 10000000 cycles: 24520938 cumulative IPC: 0.4078 (Simulation time: 00 hr 02 min 55 sec)
Simulation complete CPU 0 instructions: 10000000 cycles: 24520938 cumulative IPC: 0.4078 (Simulation time: 00 hr 02 min 55 sec)

ChampSim completed all CPUs

=== Simulation ===
CPU 0 runs /home/tandonmitul27/workspace/SPEC17/649.fotonik3d_s-1176B.champsimtrace.xz

Region of Interest Statistics

CPU 0 cumulative IPC: 0.4078 instructions: 10000000 cycles: 24520938
CPU 0 Branch Prediction Accuracy: 99.97% MPKI: 0.0044 Average ROB Occupancy at Mispredict: 352
Branch type MPKI
BRANCH_DIRECT_JUMP: 0
BRANCH_INDIRECT: 0
BRANCH_CONDITIONAL: 0.0044
BRANCH_DIRECT_CALL: 0
BRANCH_INDIRECT_CALL: 0
BRANCH_RETURN: 0

cpu0->cpu0_STLB TOTAL        ACCESS:       2314 HIT:        938 MISS:       1376 MSHR_MERGE:          0
cpu0->cpu0_STLB LOAD         ACCESS:       2314 HIT:        938 MISS:       1376 MSHR_MERGE:          0
cpu0->cpu0_STLB RFO          ACCESS:          0 HIT:          0 MISS:          0 MSHR_MERGE:          0
cpu0->cpu0_STLB PREFETCH     ACCESS:          0 HIT:          0 MISS:          0 MSHR_MERGE:          0
cpu0->cpu0_STLB WRITE        ACCESS:          0 HIT:          0 MISS:          0 MSHR_MERGE:          0
cpu0->cpu0_STLB TRANSLATION  ACCESS:          0 HIT:          0 MISS:          0 MSHR_MERGE:          0
cpu0->cpu0_STLB PREFETCH REQUESTED:          0 ISSUED:          0 USEFUL:          0 USELESS:          0
cpu0->cpu0_STLB AVERAGE MISS LATENCY: 665.6 cycles
cpu0->cpu0_L2C TOTAL        ACCESS:     221786 HIT:     124382 MISS:      97404 MSHR_MERGE:          0
cpu0->cpu0_L2C LOAD         ACCESS:     132186 HIT:      36352 MISS:      95834 MSHR_MERGE:          0
cpu0->cpu0_L2C RFO          ACCESS:        154 HIT:        144 MISS:         10 MSHR_MERGE:          0
cpu0->cpu0_L2C PREFETCH     ACCESS:          0 HIT:          0 MISS:          0 MSHR_MERGE:          0
cpu0->cpu0_L2C WRITE        ACCESS:      87847 HIT:      87847 MISS:          0 MSHR_MERGE:          0
cpu0->cpu0_L2C TRANSLATION  ACCESS:       1599 HIT:         39 MISS:       1560 MSHR_MERGE:          0
cpu0->cpu0_L2C PREFETCH REQUESTED:          0 ISSUED:          0 USEFUL:          0 USELESS:          0
cpu0->cpu0_L2C AVERAGE MISS LATENCY: 212.1 cycles
cpu0->cpu0_L1I TOTAL        ACCESS:    1775612 HIT:    1775612 MISS:          0 MSHR_MERGE:          0
cpu0->cpu0_L1I LOAD         ACCESS:    1775612 HIT:    1775612 MISS:          0 MSHR_MERGE:          0
cpu0->cpu0_L1I RFO          ACCESS:          0 HIT:          0 MISS:          0 MSHR_MERGE:          0
cpu0->cpu0_L1I PREFETCH     ACCESS:          0 HIT:          0 MISS:          0 MSHR_MERGE:          0
cpu0->cpu0_L1I WRITE        ACCESS:          0 HIT:          0 MISS:          0 MSHR_MERGE:          0
cpu0->cpu0_L1I TRANSLATION  ACCESS:          0 HIT:          0 MISS:          0 MSHR_MERGE:          0
cpu0->cpu0_L1I PREFETCH REQUESTED:          0 ISSUED:          0 USEFUL:          0 USELESS:          0
cpu0->cpu0_L1I AVERAGE MISS LATENCY: - cycles
cpu0->cpu0_L1D TOTAL        ACCESS:    3081322 HIT:    2571643 MISS:     509679 MSHR_MERGE:     375740
cpu0->cpu0_L1D LOAD         ACCESS:    2376506 HIT:    1868868 MISS:     507638 MSHR_MERGE:     375452
cpu0->cpu0_L1D RFO          ACCESS:          0 HIT:          0 MISS:          0 MSHR_MERGE:          0
cpu0->cpu0_L1D PREFETCH     ACCESS:          0 HIT:          0 MISS:          0 MSHR_MERGE:          0
cpu0->cpu0_L1D WRITE        ACCESS:     702056 HIT:     701614 MISS:        442 MSHR_MERGE:        288
cpu0->cpu0_L1D TRANSLATION  ACCESS:       2760 HIT:       1161 MISS:       1599 MSHR_MERGE:          0
cpu0->cpu0_L1D PREFETCH REQUESTED:          0 ISSUED:          0 USEFUL:          0 USELESS:          0
cpu0->cpu0_L1D AVERAGE MISS LATENCY: 163 cycles
cpu0->cpu0_ITLB TOTAL        ACCESS:    1425147 HIT:    1425147 MISS:          0 MSHR_MERGE:          0
cpu0->cpu0_ITLB LOAD         ACCESS:    1425147 HIT:    1425147 MISS:          0 MSHR_MERGE:          0
cpu0->cpu0_ITLB RFO          ACCESS:          0 HIT:          0 MISS:          0 MSHR_MERGE:          0
cpu0->cpu0_ITLB PREFETCH     ACCESS:          0 HIT:          0 MISS:          0 MSHR_MERGE:          0
cpu0->cpu0_ITLB WRITE        ACCESS:          0 HIT:          0 MISS:          0 MSHR_MERGE:          0
cpu0->cpu0_ITLB TRANSLATION  ACCESS:          0 HIT:          0 MISS:          0 MSHR_MERGE:          0
cpu0->cpu0_ITLB PREFETCH REQUESTED:          0 ISSUED:          0 USEFUL:          0 USELESS:          0
cpu0->cpu0_ITLB AVERAGE MISS LATENCY: - cycles
cpu0->cpu0_DTLB TOTAL        ACCESS:    2834021 HIT:    2826115 MISS:       7906 MSHR_MERGE:       5592
cpu0->cpu0_DTLB LOAD         ACCESS:    2834021 HIT:    2826115 MISS:       7906 MSHR_MERGE:       5592
cpu0->cpu0_DTLB RFO          ACCESS:          0 HIT:          0 MISS:          0 MSHR_MERGE:          0
cpu0->cpu0_DTLB PREFETCH     ACCESS:          0 HIT:          0 MISS:          0 MSHR_MERGE:          0
cpu0->cpu0_DTLB WRITE        ACCESS:          0 HIT:          0 MISS:          0 MSHR_MERGE:          0
cpu0->cpu0_DTLB TRANSLATION  ACCESS:          0 HIT:          0 MISS:          0 MSHR_MERGE:          0
cpu0->cpu0_DTLB PREFETCH REQUESTED:          0 ISSUED:          0 USEFUL:          0 USELESS:          0
cpu0->cpu0_DTLB AVERAGE MISS LATENCY: 401.4 cycles
cpu0->LLC TOTAL        ACCESS:     185116 HIT:      94323 MISS:      90793 MSHR_MERGE:          0
cpu0->LLC LOAD         ACCESS:      95834 HIT:       6605 MISS:      89229 MSHR_MERGE:          0
cpu0->LLC RFO          ACCESS:         10 HIT:         10 MISS:          0 MSHR_MERGE:          0
cpu0->LLC PREFETCH     ACCESS:          0 HIT:          0 MISS:          0 MSHR_MERGE:          0
cpu0->LLC WRITE        ACCESS:      87712 HIT:      87708 MISS:          4 MSHR_MERGE:          0
cpu0->LLC TRANSLATION  ACCESS:       1560 HIT:          0 MISS:       1560 MSHR_MERGE:          0
cpu0->LLC PREFETCH REQUESTED:          0 ISSUED:          0 USEFUL:          0 USELESS:          0
cpu0->LLC AVERAGE MISS LATENCY: 210.5 cycles

DRAM Statistics

Channel 0 RQ ROW_BUFFER_HIT:       3380
  ROW_BUFFER_MISS:      87409
  AVG DBUS CONGESTED CYCLE: 10.97
Channel 0 WQ ROW_BUFFER_HIT:      30185
  ROW_BUFFER_MISS:      44140
  FULL:          0
Channel 0 REFRESHES ISSUED:       2043
