[VMEM] WARNING: physical memory size is smaller than virtual memory size.

*** ChampSim Multicore Out-of-Order Simulator ***
Warmup Instructions: 2000000
Simulation Instructions: 10000000
Number of CPUs: 1
Page size: 4096

Off-chip DRAM Size: 16 GiB Channels: 1 Width: 64-bit Data Rate: 3205 MT/s
Warmup finished CPU 0 instructions: 2000000 cycles: 606470 cumulative IPC: 3.298 (Simulation time: 00 hr 00 min 07 sec)
Warmup complete CPU 0 instructions: 2000000 cycles: 606470 cumulative IPC: 3.298 (Simulation time: 00 hr 00 min 07 sec)
Heartbeat CPU 0 instructions: 10000000 cycles: 19903490 heartbeat IPC: 0.5024 cumulative IPC: 0.4146 (Simulation time: 00 hr 02 min 20 sec)
Simulation finished CPU 0 instructions: 10000003 cycles: 24369480 cumulative IPC: 0.4103 (Simulation time: 00 hr 02 min 55 sec)
Simulation complete CPU 0 instructions: 10000003 cycles: 24369480 cumulative IPC: 0.4103 (Simulation time: 00 hr 02 min 55 sec)

ChampSim completed all CPUs

=== Simulation ===
CPU 0 runs /home/tandonmitul27/workspace/SPEC17/649.fotonik3d_s-8225B.champsimtrace.xz

Region of Interest Statistics

CPU 0 cumulative IPC: 0.4103 instructions: 10000003 cycles: 24369480
CPU 0 Branch Prediction Accuracy: 99.97% MPKI: 0.0044 Average ROB Occupancy at Mispredict: 352
Branch type MPKI
BRANCH_DIRECT_JUMP: 0
BRANCH_INDIRECT: 0
BRANCH_CONDITIONAL: 0.0044
BRANCH_DIRECT_CALL: 0
BRANCH_INDIRECT_CALL: 0
BRANCH_RETURN: 0

cpu0->cpu0_STLB TOTAL        ACCESS:       2363 HIT:        995 MISS:       1368 MSHR_MERGE:          0
cpu0->cpu0_STLB LOAD         ACCESS:       2363 HIT:        995 MISS:       1368 MSHR_MERGE:          0
cpu0->cpu0_STLB RFO          ACCESS:          0 HIT:          0 MISS:          0 MSHR_MERGE:          0
cpu0->cpu0_STLB PREFETCH     ACCESS:          0 HIT:          0 MISS:          0 MSHR_MERGE:          0
cpu0->cpu0_STLB WRITE        ACCESS:          0 HIT:          0 MISS:          0 MSHR_MERGE:          0
cpu0->cpu0_STLB TRANSLATION  ACCESS:          0 HIT:          0 MISS:          0 MSHR_MERGE:          0
cpu0->cpu0_STLB PREFETCH REQUESTED:          0 ISSUED:          0 USEFUL:          0 USELESS:          0
cpu0->cpu0_STLB AVERAGE MISS LATENCY: 662.8 cycles
cpu0->cpu0_L2C TOTAL        ACCESS:     221794 HIT:     117381 MISS:     104413 MSHR_MERGE:          0
cpu0->cpu0_L2C LOAD         ACCESS:     132206 HIT:      29351 MISS:     102855 MSHR_MERGE:          0
cpu0->cpu0_L2C RFO          ACCESS:        132 HIT:        117 MISS:         15 MSHR_MERGE:          0
cpu0->cpu0_L2C PREFETCH     ACCESS:          0 HIT:          0 MISS:          0 MSHR_MERGE:          0
cpu0->cpu0_L2C WRITE        ACCESS:      87875 HIT:      87875 MISS:          0 MSHR_MERGE:          0
cpu0->cpu0_L2C TRANSLATION  ACCESS:       1581 HIT:         38 MISS:       1543 MSHR_MERGE:          0
cpu0->cpu0_L2C PREFETCH REQUESTED:          0 ISSUED:          0 USEFUL:          0 USELESS:          0
cpu0->cpu0_L2C AVERAGE MISS LATENCY: 196.9 cycles
cpu0->cpu0_L1I TOTAL        ACCESS:    1772888 HIT:    1772888 MISS:          0 MSHR_MERGE:          0
cpu0->cpu0_L1I LOAD         ACCESS:    1772888 HIT:    1772888 MISS:          0 MSHR_MERGE:          0
cpu0->cpu0_L1I RFO          ACCESS:          0 HIT:          0 MISS:          0 MSHR_MERGE:          0
cpu0->cpu0_L1I PREFETCH     ACCESS:          0 HIT:          0 MISS:          0 MSHR_MERGE:          0
cpu0->cpu0_L1I WRITE        ACCESS:          0 HIT:          0 MISS:          0 MSHR_MERGE:          0
cpu0->cpu0_L1I TRANSLATION  ACCESS:          0 HIT:          0 MISS:          0 MSHR_MERGE:          0
cpu0->cpu0_L1I PREFETCH REQUESTED:          0 ISSUED:          0 USEFUL:          0 USELESS:          0
cpu0->cpu0_L1I AVERAGE MISS LATENCY: - cycles
cpu0->cpu0_L1D TOTAL        ACCESS:    3083553 HIT:    2571823 MISS:     511730 MSHR_MERGE:     377811
cpu0->cpu0_L1D LOAD         ACCESS:    2378759 HIT:    1869055 MISS:     509704 MSHR_MERGE:     377498
cpu0->cpu0_L1D RFO          ACCESS:          0 HIT:          0 MISS:          0 MSHR_MERGE:          0
cpu0->cpu0_L1D PREFETCH     ACCESS:          0 HIT:          0 MISS:          0 MSHR_MERGE:          0
cpu0->cpu0_L1D WRITE        ACCESS:     702055 HIT:     701610 MISS:        445 MSHR_MERGE:        313
cpu0->cpu0_L1D TRANSLATION  ACCESS:       2739 HIT:       1158 MISS:       1581 MSHR_MERGE:          0
cpu0->cpu0_L1D PREFETCH REQUESTED:          0 ISSUED:          0 USEFUL:          0 USELESS:          0
cpu0->cpu0_L1D AVERAGE MISS LATENCY: 162.3 cycles
cpu0->cpu0_ITLB TOTAL        ACCESS:    1424739 HIT:    1424739 MISS:          0 MSHR_MERGE:          0
cpu0->cpu0_ITLB LOAD         ACCESS:    1424739 HIT:    1424739 MISS:          0 MSHR_MERGE:          0
cpu0->cpu0_ITLB RFO          ACCESS:          0 HIT:          0 MISS:          0 MSHR_MERGE:          0
cpu0->cpu0_ITLB PREFETCH     ACCESS:          0 HIT:          0 MISS:          0 MSHR_MERGE:          0
cpu0->cpu0_ITLB WRITE        ACCESS:          0 HIT:          0 MISS:          0 MSHR_MERGE:          0
cpu0->cpu0_ITLB TRANSLATION  ACCESS:          0 HIT:          0 MISS:          0 MSHR_MERGE:          0
cpu0->cpu0_ITLB PREFETCH REQUESTED:          0 ISSUED:          0 USEFUL:          0 USELESS:          0
cpu0->cpu0_ITLB AVERAGE MISS LATENCY: - cycles
cpu0->cpu0_DTLB TOTAL        ACCESS:    2833653 HIT:    2825701 MISS:       7952 MSHR_MERGE:       5589
cpu0->cpu0_DTLB LOAD         ACCESS:    2833653 HIT:    2825701 MISS:       7952 MSHR_MERGE:       5589
cpu0->cpu0_DTLB RFO          ACCESS:          0 HIT:          0 MISS:          0 MSHR_MERGE:          0
cpu0->cpu0_DTLB PREFETCH     ACCESS:          0 HIT:          0 MISS:          0 MSHR_MERGE:          0
cpu0->cpu0_DTLB WRITE        ACCESS:          0 HIT:          0 MISS:          0 MSHR_MERGE:          0
cpu0->cpu0_DTLB TRANSLATION  ACCESS:          0 HIT:          0 MISS:          0 MSHR_MERGE:          0
cpu0->cpu0_DTLB PREFETCH REQUESTED:          0 ISSUED:          0 USEFUL:          0 USELESS:          0
cpu0->cpu0_DTLB AVERAGE MISS LATENCY: 389.3 cycles
cpu0->LLC TOTAL        ACCESS:     192042 HIT:     102022 MISS:      90020 MSHR_MERGE:          0
cpu0->LLC LOAD         ACCESS:     102855 HIT:      14380 MISS:      88475 MSHR_MERGE:          0
cpu0->LLC RFO          ACCESS:         15 HIT:         15 MISS:          0 MSHR_MERGE:          0
cpu0->LLC PREFETCH     ACCESS:          0 HIT:          0 MISS:          0 MSHR_MERGE:          0
cpu0->LLC WRITE        ACCESS:      87629 HIT:      87626 MISS:          3 MSHR_MERGE:          0
cpu0->LLC TRANSLATION  ACCESS:       1543 HIT:          1 MISS:       1542 MSHR_MERGE:          0
cpu0->LLC PREFETCH REQUESTED:          0 ISSUED:          0 USEFUL:          0 USELESS:          0
cpu0->LLC AVERAGE MISS LATENCY: 210 cycles

DRAM Statistics

Channel 0 RQ ROW_BUFFER_HIT:       3204
  ROW_BUFFER_MISS:      86813
  AVG DBUS CONGESTED CYCLE: 11.06
Channel 0 WQ ROW_BUFFER_HIT:      30209
  ROW_BUFFER_MISS:      44180
  FULL:          0
Channel 0 REFRESHES ISSUED:       2031
