[VMEM] WARNING: physical memory size is smaller than virtual memory size.

*** ChampSim Multicore Out-of-Order Simulator ***
Warmup Instructions: 2000000
Simulation Instructions: 10000000
Number of CPUs: 1
Page size: 4096

Off-chip DRAM Size: 16 GiB Channels: 1 Width: 64-bit Data Rate: 3205 MT/s
Warmup finished CPU 0 instructions: 2000004 cycles: 657203 cumulative IPC: 3.043 (Simulation time: 00 hr 00 min 08 sec)
Warmup complete CPU 0 instructions: 2000004 cycles: 657203 cumulative IPC: 3.043 (Simulation time: 00 hr 00 min 08 sec)
Heartbeat CPU 0 instructions: 10000000 cycles: 16812093 heartbeat IPC: 0.5948 cumulative IPC: 0.4952 (Simulation time: 00 hr 02 min 03 sec)
Simulation finished CPU 0 instructions: 10000000 cycles: 20209811 cumulative IPC: 0.4948 (Simulation time: 00 hr 02 min 31 sec)
Simulation complete CPU 0 instructions: 10000000 cycles: 20209811 cumulative IPC: 0.4948 (Simulation time: 00 hr 02 min 31 sec)

ChampSim completed all CPUs

=== Simulation ===
CPU 0 runs /home/tandonmitul27/workspace/SPEC17/649.fotonik3d_s-7084B.champsimtrace.xz

Region of Interest Statistics

CPU 0 cumulative IPC: 0.4948 instructions: 10000000 cycles: 20209811
CPU 0 Branch Prediction Accuracy: 99.19% MPKI: 0.0561 Average ROB Occupancy at Mispredict: 352
Branch type MPKI
BRANCH_DIRECT_JUMP: 0
BRANCH_INDIRECT: 0
BRANCH_CONDITIONAL: 0.0561
BRANCH_DIRECT_CALL: 0
BRANCH_INDIRECT_CALL: 0
BRANCH_RETURN: 0

cpu0->cpu0_STLB TOTAL        ACCESS:       2721 HIT:          0 MISS:       2721 MSHR_MERGE:          0
cpu0->cpu0_STLB LOAD         ACCESS:       2721 HIT:          0 MISS:       2721 MSHR_MERGE:          0
cpu0->cpu0_STLB RFO          ACCESS:          0 HIT:          0 MISS:          0 MSHR_MERGE:          0
cpu0->cpu0_STLB PREFETCH     ACCESS:          0 HIT:          0 MISS:          0 MSHR_MERGE:          0
cpu0->cpu0_STLB WRITE        ACCESS:          0 HIT:          0 MISS:          0 MSHR_MERGE:          0
cpu0->cpu0_STLB TRANSLATION  ACCESS:          0 HIT:          0 MISS:          0 MSHR_MERGE:          0
cpu0->cpu0_STLB PREFETCH REQUESTED:          0 ISSUED:          0 USEFUL:          0 USELESS:          0
cpu0->cpu0_STLB AVERAGE MISS LATENCY: 682.1 cycles
cpu0->cpu0_L2C TOTAL        ACCESS:     219550 HIT:      52774 MISS:     166776 MSHR_MERGE:          0
cpu0->cpu0_L2C LOAD         ACCESS:     163702 HIT:         13 MISS:     163689 MSHR_MERGE:          0
cpu0->cpu0_L2C RFO          ACCESS:          0 HIT:          0 MISS:          0 MSHR_MERGE:          0
cpu0->cpu0_L2C PREFETCH     ACCESS:          0 HIT:          0 MISS:          0 MSHR_MERGE:          0
cpu0->cpu0_L2C WRITE        ACCESS:      51909 HIT:      51908 MISS:          1 MSHR_MERGE:          0
cpu0->cpu0_L2C TRANSLATION  ACCESS:       3939 HIT:        853 MISS:       3086 MSHR_MERGE:          0
cpu0->cpu0_L2C PREFETCH REQUESTED:          0 ISSUED:          0 USEFUL:          0 USELESS:          0
cpu0->cpu0_L2C AVERAGE MISS LATENCY: 237.7 cycles
cpu0->cpu0_L1I TOTAL        ACCESS:    1719679 HIT:    1719679 MISS:          0 MSHR_MERGE:          0
cpu0->cpu0_L1I LOAD         ACCESS:    1719679 HIT:    1719679 MISS:          0 MSHR_MERGE:          0
cpu0->cpu0_L1I RFO          ACCESS:          0 HIT:          0 MISS:          0 MSHR_MERGE:          0
cpu0->cpu0_L1I PREFETCH     ACCESS:          0 HIT:          0 MISS:          0 MSHR_MERGE:          0
cpu0->cpu0_L1I WRITE        ACCESS:          0 HIT:          0 MISS:          0 MSHR_MERGE:          0
cpu0->cpu0_L1I TRANSLATION  ACCESS:          0 HIT:          0 MISS:          0 MSHR_MERGE:          0
cpu0->cpu0_L1I PREFETCH REQUESTED:          0 ISSUED:          0 USEFUL:          0 USELESS:          0
cpu0->cpu0_L1I AVERAGE MISS LATENCY: - cycles
cpu0->cpu0_L1D TOTAL        ACCESS:    2946670 HIT:    2741354 MISS:     205316 MSHR_MERGE:      37675
cpu0->cpu0_L1D LOAD         ACCESS:    2449541 HIT:    2248164 MISS:     201377 MSHR_MERGE:      37675
cpu0->cpu0_L1D RFO          ACCESS:          0 HIT:          0 MISS:          0 MSHR_MERGE:          0
cpu0->cpu0_L1D PREFETCH     ACCESS:          0 HIT:          0 MISS:          0 MSHR_MERGE:          0
cpu0->cpu0_L1D WRITE        ACCESS:     491682 HIT:     491682 MISS:          0 MSHR_MERGE:          0
cpu0->cpu0_L1D TRANSLATION  ACCESS:       5447 HIT:       1508 MISS:       3939 MSHR_MERGE:          0
cpu0->cpu0_L1D PREFETCH REQUESTED:          0 ISSUED:          0 USEFUL:          0 USELESS:          0
cpu0->cpu0_L1D AVERAGE MISS LATENCY: 245.5 cycles
cpu0->cpu0_ITLB TOTAL        ACCESS:    1345695 HIT:    1345695 MISS:          0 MSHR_MERGE:          0
cpu0->cpu0_ITLB LOAD         ACCESS:    1345695 HIT:    1345695 MISS:          0 MSHR_MERGE:          0
cpu0->cpu0_ITLB RFO          ACCESS:          0 HIT:          0 MISS:          0 MSHR_MERGE:          0
cpu0->cpu0_ITLB PREFETCH     ACCESS:          0 HIT:          0 MISS:          0 MSHR_MERGE:          0
cpu0->cpu0_ITLB WRITE        ACCESS:          0 HIT:          0 MISS:          0 MSHR_MERGE:          0
cpu0->cpu0_ITLB TRANSLATION  ACCESS:          0 HIT:          0 MISS:          0 MSHR_MERGE:          0
cpu0->cpu0_ITLB PREFETCH REQUESTED:          0 ISSUED:          0 USEFUL:          0 USELESS:          0
cpu0->cpu0_ITLB AVERAGE MISS LATENCY: - cycles
cpu0->cpu0_DTLB TOTAL        ACCESS:    2816643 HIT:    2813187 MISS:       3456 MSHR_MERGE:        735
cpu0->cpu0_DTLB LOAD         ACCESS:    2816643 HIT:    2813187 MISS:       3456 MSHR_MERGE:        735
cpu0->cpu0_DTLB RFO          ACCESS:          0 HIT:          0 MISS:          0 MSHR_MERGE:          0
cpu0->cpu0_DTLB PREFETCH     ACCESS:          0 HIT:          0 MISS:          0 MSHR_MERGE:          0
cpu0->cpu0_DTLB WRITE        ACCESS:          0 HIT:          0 MISS:          0 MSHR_MERGE:          0
cpu0->cpu0_DTLB TRANSLATION  ACCESS:          0 HIT:          0 MISS:          0 MSHR_MERGE:          0
cpu0->cpu0_DTLB PREFETCH REQUESTED:          0 ISSUED:          0 USEFUL:          0 USELESS:          0
cpu0->cpu0_DTLB AVERAGE MISS LATENCY: 688.1 cycles
cpu0->LLC TOTAL        ACCESS:     218487 HIT:      51713 MISS:     166774 MSHR_MERGE:          0
cpu0->LLC LOAD         ACCESS:     163689 HIT:          1 MISS:     163688 MSHR_MERGE:          0
cpu0->LLC RFO          ACCESS:          0 HIT:          0 MISS:          0 MSHR_MERGE:          0
cpu0->LLC PREFETCH     ACCESS:          0 HIT:          0 MISS:          0 MSHR_MERGE:          0
cpu0->LLC WRITE        ACCESS:      51712 HIT:      51712 MISS:          0 MSHR_MERGE:          0
cpu0->LLC TRANSLATION  ACCESS:       3086 HIT:          0 MISS:       3086 MSHR_MERGE:          0
cpu0->LLC PREFETCH REQUESTED:          0 ISSUED:          0 USEFUL:          0 USELESS:          0
cpu0->LLC AVERAGE MISS LATENCY: 221.7 cycles

DRAM Statistics

Channel 0 RQ ROW_BUFFER_HIT:          0
  ROW_BUFFER_MISS:     166774
  AVG DBUS CONGESTED CYCLE: 8.063
Channel 0 WQ ROW_BUFFER_HIT:      16356
  ROW_BUFFER_MISS:      34455
  FULL:          0
Channel 0 REFRESHES ISSUED:       1684
