[VMEM] WARNING: physical memory size is smaller than virtual memory size.

*** ChampSim Multicore Out-of-Order Simulator ***
Warmup Instructions: 2000000
Simulation Instructions: 10000000
Number of CPUs: 1
Page size: 4096

Off-chip DRAM Size: 16 GiB Channels: 1 Width: 64-bit Data Rate: 3205 MT/s
Warmup finished CPU 0 instructions: 2000000 cycles: 526097 cumulative IPC: 3.802 (Simulation time: 00 hr 00 min 06 sec)
Warmup complete CPU 0 instructions: 2000000 cycles: 526097 cumulative IPC: 3.802 (Simulation time: 00 hr 00 min 06 sec)
Heartbeat CPU 0 instructions: 10000004 cycles: 6916819 heartbeat IPC: 1.446 cumulative IPC: 1.252 (Simulation time: 00 hr 01 min 03 sec)
Simulation finished CPU 0 instructions: 10000000 cycles: 9836222 cumulative IPC: 1.017 (Simulation time: 00 hr 01 min 29 sec)
Simulation complete CPU 0 instructions: 10000000 cycles: 9836222 cumulative IPC: 1.017 (Simulation time: 00 hr 01 min 29 sec)

ChampSim completed all CPUs

=== Simulation ===
CPU 0 runs /home/tandonmitul27/workspace/SPEC17/654.roms_s-293B.champsimtrace.xz

Region of Interest Statistics

CPU 0 cumulative IPC: 1.017 instructions: 10000000 cycles: 9836222
CPU 0 Branch Prediction Accuracy: 99.78% MPKI: 0.0331 Average ROB Occupancy at Mispredict: 312.9
Branch type MPKI
BRANCH_DIRECT_JUMP: 0.0001
BRANCH_INDIRECT: 0
BRANCH_CONDITIONAL: 0.033
BRANCH_DIRECT_CALL: 0
BRANCH_INDIRECT_CALL: 0
BRANCH_RETURN: 0

cpu0->cpu0_STLB TOTAL        ACCESS:       2994 HIT:       1572 MISS:       1422 MSHR_MERGE:          0
cpu0->cpu0_STLB LOAD         ACCESS:       2994 HIT:       1572 MISS:       1422 MSHR_MERGE:          0
cpu0->cpu0_STLB RFO          ACCESS:          0 HIT:          0 MISS:          0 MSHR_MERGE:          0
cpu0->cpu0_STLB PREFETCH     ACCESS:          0 HIT:          0 MISS:          0 MSHR_MERGE:          0
cpu0->cpu0_STLB WRITE        ACCESS:          0 HIT:          0 MISS:          0 MSHR_MERGE:          0
cpu0->cpu0_STLB TRANSLATION  ACCESS:          0 HIT:          0 MISS:          0 MSHR_MERGE:          0
cpu0->cpu0_STLB PREFETCH REQUESTED:          0 ISSUED:          0 USEFUL:          0 USELESS:          0
cpu0->cpu0_STLB AVERAGE MISS LATENCY: 904.5 cycles
cpu0->cpu0_L2C TOTAL        ACCESS:     191466 HIT:      76907 MISS:     114559 MSHR_MERGE:          0
cpu0->cpu0_L2C LOAD         ACCESS:      87706 HIT:      25951 MISS:      61755 MSHR_MERGE:          0
cpu0->cpu0_L2C RFO          ACCESS:      50358 HIT:        207 MISS:      50151 MSHR_MERGE:          0
cpu0->cpu0_L2C PREFETCH     ACCESS:          0 HIT:          0 MISS:          0 MSHR_MERGE:          0
cpu0->cpu0_L2C WRITE        ACCESS:      50560 HIT:      50503 MISS:         57 MSHR_MERGE:          0
cpu0->cpu0_L2C TRANSLATION  ACCESS:       2842 HIT:        246 MISS:       2596 MSHR_MERGE:          0
cpu0->cpu0_L2C PREFETCH REQUESTED:          0 ISSUED:          0 USEFUL:          0 USELESS:          0
cpu0->cpu0_L2C AVERAGE MISS LATENCY: 177.2 cycles
cpu0->cpu0_L1I TOTAL        ACCESS:    2011264 HIT:    2011200 MISS:         64 MSHR_MERGE:         22
cpu0->cpu0_L1I LOAD         ACCESS:    2011264 HIT:    2011200 MISS:         64 MSHR_MERGE:         22
cpu0->cpu0_L1I RFO          ACCESS:          0 HIT:          0 MISS:          0 MSHR_MERGE:          0
cpu0->cpu0_L1I PREFETCH     ACCESS:          0 HIT:          0 MISS:          0 MSHR_MERGE:          0
cpu0->cpu0_L1I WRITE        ACCESS:          0 HIT:          0 MISS:          0 MSHR_MERGE:          0
cpu0->cpu0_L1I TRANSLATION  ACCESS:          0 HIT:          0 MISS:          0 MSHR_MERGE:          0
cpu0->cpu0_L1I PREFETCH REQUESTED:          0 ISSUED:          0 USEFUL:          0 USELESS:          0
cpu0->cpu0_L1I AVERAGE MISS LATENCY: 297.3 cycles
cpu0->cpu0_L1D TOTAL        ACCESS:    3186863 HIT:    2843049 MISS:     343814 MSHR_MERGE:     202937
cpu0->cpu0_L1D LOAD         ACCESS:    2280373 HIT:    2128889 MISS:     151484 MSHR_MERGE:      63820
cpu0->cpu0_L1D RFO          ACCESS:          0 HIT:          0 MISS:          0 MSHR_MERGE:          0
cpu0->cpu0_L1D PREFETCH     ACCESS:          0 HIT:          0 MISS:          0 MSHR_MERGE:          0
cpu0->cpu0_L1D WRITE        ACCESS:     903038 HIT:     713565 MISS:     189473 MSHR_MERGE:     139102
cpu0->cpu0_L1D TRANSLATION  ACCESS:       3452 HIT:        595 MISS:       2857 MSHR_MERGE:         15
cpu0->cpu0_L1D PREFETCH REQUESTED:          0 ISSUED:          0 USEFUL:          0 USELESS:          0
cpu0->cpu0_L1D AVERAGE MISS LATENCY: 152.8 cycles
cpu0->cpu0_ITLB TOTAL        ACCESS:    1520087 HIT:    1520086 MISS:          1 MSHR_MERGE:          0
cpu0->cpu0_ITLB LOAD         ACCESS:    1520087 HIT:    1520086 MISS:          1 MSHR_MERGE:          0
cpu0->cpu0_ITLB RFO          ACCESS:          0 HIT:          0 MISS:          0 MSHR_MERGE:          0
cpu0->cpu0_ITLB PREFETCH     ACCESS:          0 HIT:          0 MISS:          0 MSHR_MERGE:          0
cpu0->cpu0_ITLB WRITE        ACCESS:          0 HIT:          0 MISS:          0 MSHR_MERGE:          0
cpu0->cpu0_ITLB TRANSLATION  ACCESS:          0 HIT:          0 MISS:          0 MSHR_MERGE:          0
cpu0->cpu0_ITLB PREFETCH REQUESTED:          0 ISSUED:          0 USEFUL:          0 USELESS:          0
cpu0->cpu0_ITLB AVERAGE MISS LATENCY: 644 cycles
cpu0->cpu0_DTLB TOTAL        ACCESS:    3028092 HIT:    3018031 MISS:      10061 MSHR_MERGE:       7068
cpu0->cpu0_DTLB LOAD         ACCESS:    3028092 HIT:    3018031 MISS:      10061 MSHR_MERGE:       7068
cpu0->cpu0_DTLB RFO          ACCESS:          0 HIT:          0 MISS:          0 MSHR_MERGE:          0
cpu0->cpu0_DTLB PREFETCH     ACCESS:          0 HIT:          0 MISS:          0 MSHR_MERGE:          0
cpu0->cpu0_DTLB WRITE        ACCESS:          0 HIT:          0 MISS:          0 MSHR_MERGE:          0
cpu0->cpu0_DTLB TRANSLATION  ACCESS:          0 HIT:          0 MISS:          0 MSHR_MERGE:          0
cpu0->cpu0_DTLB PREFETCH REQUESTED:          0 ISSUED:          0 USEFUL:          0 USELESS:          0
cpu0->cpu0_DTLB AVERAGE MISS LATENCY: 435.2 cycles
cpu0->LLC TOTAL        ACCESS:     166432 HIT:      85627 MISS:      80805 MSHR_MERGE:          0
cpu0->LLC LOAD         ACCESS:      61755 HIT:      25598 MISS:      36157 MSHR_MERGE:          0
cpu0->LLC RFO          ACCESS:      50151 HIT:       8076 MISS:      42075 MSHR_MERGE:          0
cpu0->LLC PREFETCH     ACCESS:          0 HIT:          0 MISS:          0 MSHR_MERGE:          0
cpu0->LLC WRITE        ACCESS:      51930 HIT:      51924 MISS:          6 MSHR_MERGE:          0
cpu0->LLC TRANSLATION  ACCESS:       2596 HIT:         29 MISS:       2567 MSHR_MERGE:          0
cpu0->LLC PREFETCH REQUESTED:          0 ISSUED:          0 USEFUL:          0 USELESS:          0
cpu0->LLC AVERAGE MISS LATENCY: 228.9 cycles

DRAM Statistics

Channel 0 RQ ROW_BUFFER_HIT:        428
  ROW_BUFFER_MISS:      80218
  AVG DBUS CONGESTED CYCLE: 7.342
Channel 0 WQ ROW_BUFFER_HIT:      11332
  ROW_BUFFER_MISS:      25316
  FULL:          0
Channel 0 REFRESHES ISSUED:        820
