[VMEM] WARNING: physical memory size is smaller than virtual memory size.

*** ChampSim Multicore Out-of-Order Simulator ***
Warmup Instructions: 2000000
Simulation Instructions: 10000000
Number of CPUs: 1
Page size: 4096

Off-chip DRAM Size: 16 GiB Channels: 1 Width: 64-bit Data Rate: 3205 MT/s
Warmup finished CPU 0 instructions: 2000004 cycles: 598858 cumulative IPC: 3.34 (Simulation time: 00 hr 00 min 07 sec)
Warmup complete CPU 0 instructions: 2000004 cycles: 598858 cumulative IPC: 3.34 (Simulation time: 00 hr 00 min 07 sec)
Heartbeat CPU 0 instructions: 10000000 cycles: 13035466 heartbeat IPC: 0.7671 cumulative IPC: 0.6433 (Simulation time: 00 hr 01 min 33 sec)
Simulation finished CPU 0 instructions: 10000004 cycles: 15532022 cumulative IPC: 0.6438 (Simulation time: 00 hr 01 min 53 sec)
Simulation complete CPU 0 instructions: 10000004 cycles: 15532022 cumulative IPC: 0.6438 (Simulation time: 00 hr 01 min 53 sec)

ChampSim completed all CPUs

=== Simulation ===
CPU 0 runs /home/tandonmitul27/workspace/SPEC17/654.roms_s-294B.champsimtrace.xz

Region of Interest Statistics

CPU 0 cumulative IPC: 0.6438 instructions: 10000004 cycles: 15532022
CPU 0 Branch Prediction Accuracy: 99.93% MPKI: 0.0358 Average ROB Occupancy at Mispredict: 329.6
Branch type MPKI
BRANCH_DIRECT_JUMP: 0
BRANCH_INDIRECT: 0
BRANCH_CONDITIONAL: 0.0358
BRANCH_DIRECT_CALL: 0
BRANCH_INDIRECT_CALL: 0
BRANCH_RETURN: 0

cpu0->cpu0_STLB TOTAL        ACCESS:       3963 HIT:        676 MISS:       3287 MSHR_MERGE:          0
cpu0->cpu0_STLB LOAD         ACCESS:       3963 HIT:        676 MISS:       3287 MSHR_MERGE:          0
cpu0->cpu0_STLB RFO          ACCESS:          0 HIT:          0 MISS:          0 MSHR_MERGE:          0
cpu0->cpu0_STLB PREFETCH     ACCESS:          0 HIT:          0 MISS:          0 MSHR_MERGE:          0
cpu0->cpu0_STLB WRITE        ACCESS:          0 HIT:          0 MISS:          0 MSHR_MERGE:          0
cpu0->cpu0_STLB TRANSLATION  ACCESS:          0 HIT:          0 MISS:          0 MSHR_MERGE:          0
cpu0->cpu0_STLB PREFETCH REQUESTED:          0 ISSUED:          0 USEFUL:          0 USELESS:          0
cpu0->cpu0_STLB AVERAGE MISS LATENCY: 702.3 cycles
cpu0->cpu0_L2C TOTAL        ACCESS:     140180 HIT:       4770 MISS:     135410 MSHR_MERGE:          0
cpu0->cpu0_L2C LOAD         ACCESS:     130199 HIT:       2777 MISS:     127422 MSHR_MERGE:          0
cpu0->cpu0_L2C RFO          ACCESS:       1042 HIT:          0 MISS:       1042 MSHR_MERGE:          0
cpu0->cpu0_L2C PREFETCH     ACCESS:          0 HIT:          0 MISS:          0 MSHR_MERGE:          0
cpu0->cpu0_L2C WRITE        ACCESS:       2894 HIT:       1951 MISS:        943 MSHR_MERGE:          0
cpu0->cpu0_L2C TRANSLATION  ACCESS:       6045 HIT:         42 MISS:       6003 MSHR_MERGE:          0
cpu0->cpu0_L2C PREFETCH REQUESTED:          0 ISSUED:          0 USEFUL:          0 USELESS:          0
cpu0->cpu0_L2C AVERAGE MISS LATENCY: 177.2 cycles
cpu0->cpu0_L1I TOTAL        ACCESS:    2044567 HIT:    2044567 MISS:          0 MSHR_MERGE:          0
cpu0->cpu0_L1I LOAD         ACCESS:    2044567 HIT:    2044567 MISS:          0 MSHR_MERGE:          0
cpu0->cpu0_L1I RFO          ACCESS:          0 HIT:          0 MISS:          0 MSHR_MERGE:          0
cpu0->cpu0_L1I PREFETCH     ACCESS:          0 HIT:          0 MISS:          0 MSHR_MERGE:          0
cpu0->cpu0_L1I WRITE        ACCESS:          0 HIT:          0 MISS:          0 MSHR_MERGE:          0
cpu0->cpu0_L1I TRANSLATION  ACCESS:          0 HIT:          0 MISS:          0 MSHR_MERGE:          0
cpu0->cpu0_L1I PREFETCH REQUESTED:          0 ISSUED:          0 USEFUL:          0 USELESS:          0
cpu0->cpu0_L1I AVERAGE MISS LATENCY: - cycles
cpu0->cpu0_L1D TOTAL        ACCESS:    3309604 HIT:    3077694 MISS:     231910 MSHR_MERGE:      94624
cpu0->cpu0_L1D LOAD         ACCESS:    2961395 HIT:    2741377 MISS:     220018 MSHR_MERGE:      89819
cpu0->cpu0_L1D RFO          ACCESS:          0 HIT:          0 MISS:          0 MSHR_MERGE:          0
cpu0->cpu0_L1D PREFETCH     ACCESS:          0 HIT:          0 MISS:          0 MSHR_MERGE:          0
cpu0->cpu0_L1D WRITE        ACCESS:     339976 HIT:     334130 MISS:       5846 MSHR_MERGE:       4804
cpu0->cpu0_L1D TRANSLATION  ACCESS:       8233 HIT:       2187 MISS:       6046 MSHR_MERGE:          1
cpu0->cpu0_L1D PREFETCH REQUESTED:          0 ISSUED:          0 USEFUL:          0 USELESS:          0
cpu0->cpu0_L1D AVERAGE MISS LATENCY: 183.7 cycles
cpu0->cpu0_ITLB TOTAL        ACCESS:    1787142 HIT:    1787142 MISS:          0 MSHR_MERGE:          0
cpu0->cpu0_ITLB LOAD         ACCESS:    1787142 HIT:    1787142 MISS:          0 MSHR_MERGE:          0
cpu0->cpu0_ITLB RFO          ACCESS:          0 HIT:          0 MISS:          0 MSHR_MERGE:          0
cpu0->cpu0_ITLB PREFETCH     ACCESS:          0 HIT:          0 MISS:          0 MSHR_MERGE:          0
cpu0->cpu0_ITLB WRITE        ACCESS:          0 HIT:          0 MISS:          0 MSHR_MERGE:          0
cpu0->cpu0_ITLB TRANSLATION  ACCESS:          0 HIT:          0 MISS:          0 MSHR_MERGE:          0
cpu0->cpu0_ITLB PREFETCH REQUESTED:          0 ISSUED:          0 USEFUL:          0 USELESS:          0
cpu0->cpu0_ITLB AVERAGE MISS LATENCY: - cycles
cpu0->cpu0_DTLB TOTAL        ACCESS:    3277961 HIT:    3269926 MISS:       8035 MSHR_MERGE:       4072
cpu0->cpu0_DTLB LOAD         ACCESS:    3277961 HIT:    3269926 MISS:       8035 MSHR_MERGE:       4072
cpu0->cpu0_DTLB RFO          ACCESS:          0 HIT:          0 MISS:          0 MSHR_MERGE:          0
cpu0->cpu0_DTLB PREFETCH     ACCESS:          0 HIT:          0 MISS:          0 MSHR_MERGE:          0
cpu0->cpu0_DTLB WRITE        ACCESS:          0 HIT:          0 MISS:          0 MSHR_MERGE:          0
cpu0->cpu0_DTLB TRANSLATION  ACCESS:          0 HIT:          0 MISS:          0 MSHR_MERGE:          0
cpu0->cpu0_DTLB PREFETCH REQUESTED:          0 ISSUED:          0 USEFUL:          0 USELESS:          0
cpu0->cpu0_DTLB AVERAGE MISS LATENCY: 588.3 cycles
cpu0->LLC TOTAL        ACCESS:     136010 HIT:      24598 MISS:     111412 MSHR_MERGE:          0
cpu0->LLC LOAD         ACCESS:     127422 HIT:      20787 MISS:     106635 MSHR_MERGE:          0
cpu0->LLC RFO          ACCESS:       1042 HIT:          8 MISS:       1034 MSHR_MERGE:          0
cpu0->LLC PREFETCH     ACCESS:          0 HIT:          0 MISS:          0 MSHR_MERGE:          0
cpu0->LLC WRITE        ACCESS:       1543 HIT:       1388 MISS:        155 MSHR_MERGE:          0
cpu0->LLC TRANSLATION  ACCESS:       6003 HIT:       2415 MISS:       3588 MSHR_MERGE:          0
cpu0->LLC PREFETCH REQUESTED:          0 ISSUED:          0 USEFUL:          0 USELESS:          0
cpu0->LLC AVERAGE MISS LATENCY: 196.2 cycles

DRAM Statistics

Channel 0 RQ ROW_BUFFER_HIT:        137
  ROW_BUFFER_MISS:     111120
  AVG DBUS CONGESTED CYCLE: 7.306
Channel 0 WQ ROW_BUFFER_HIT:        612
  ROW_BUFFER_MISS:        519
  FULL:          0
Channel 0 REFRESHES ISSUED:       1295
