[VMEM] WARNING: physical memory size is smaller than virtual memory size.

*** ChampSim Multicore Out-of-Order Simulator ***
Warmup Instructions: 2000000
Simulation Instructions: 10000000
Number of CPUs: 1
Page size: 4096

Off-chip DRAM Size: 16 GiB Channels: 1 Width: 64-bit Data Rate: 3205 MT/s
Warmup finished CPU 0 instructions: 2000003 cycles: 546750 cumulative IPC: 3.658 (Simulation time: 00 hr 00 min 06 sec)
Warmup complete CPU 0 instructions: 2000003 cycles: 546750 cumulative IPC: 3.658 (Simulation time: 00 hr 00 min 06 sec)
Heartbeat CPU 0 instructions: 10000001 cycles: 5483654 heartbeat IPC: 1.824 cumulative IPC: 1.62 (Simulation time: 00 hr 00 min 39 sec)
Simulation finished CPU 0 instructions: 10000003 cycles: 6171215 cumulative IPC: 1.62 (Simulation time: 00 hr 00 min 48 sec)
Simulation complete CPU 0 instructions: 10000003 cycles: 6171215 cumulative IPC: 1.62 (Simulation time: 00 hr 00 min 48 sec)

ChampSim completed all CPUs

=== Simulation ===
CPU 0 runs /home/tandonmitul27/workspace/SPEC17/654.roms_s-1021B.champsimtrace.xz

Region of Interest Statistics

CPU 0 cumulative IPC: 1.62 instructions: 10000003 cycles: 6171215
CPU 0 Branch Prediction Accuracy: 80.47% MPKI: 31.72 Average ROB Occupancy at Mispredict: 20.2
Branch type MPKI
BRANCH_DIRECT_JUMP: 0.1798
BRANCH_INDIRECT: 0
BRANCH_CONDITIONAL: 31.28
BRANCH_DIRECT_CALL: 0
BRANCH_INDIRECT_CALL: 0
BRANCH_RETURN: 0.26

cpu0->cpu0_STLB TOTAL        ACCESS:       2726 HIT:       2719 MISS:          7 MSHR_MERGE:          0
cpu0->cpu0_STLB LOAD         ACCESS:       2726 HIT:       2719 MISS:          7 MSHR_MERGE:          0
cpu0->cpu0_STLB RFO          ACCESS:          0 HIT:          0 MISS:          0 MSHR_MERGE:          0
cpu0->cpu0_STLB PREFETCH     ACCESS:          0 HIT:          0 MISS:          0 MSHR_MERGE:          0
cpu0->cpu0_STLB WRITE        ACCESS:          0 HIT:          0 MISS:          0 MSHR_MERGE:          0
cpu0->cpu0_STLB TRANSLATION  ACCESS:          0 HIT:          0 MISS:          0 MSHR_MERGE:          0
cpu0->cpu0_STLB PREFETCH REQUESTED:          0 ISSUED:          0 USEFUL:          0 USELESS:          0
cpu0->cpu0_STLB AVERAGE MISS LATENCY: 817.9 cycles
cpu0->cpu0_L2C TOTAL        ACCESS:        902 HIT:        562 MISS:        340 MSHR_MERGE:          0
cpu0->cpu0_L2C LOAD         ACCESS:        693 HIT:        396 MISS:        297 MSHR_MERGE:          0
cpu0->cpu0_L2C RFO          ACCESS:        106 HIT:         77 MISS:         29 MSHR_MERGE:          0
cpu0->cpu0_L2C PREFETCH     ACCESS:          0 HIT:          0 MISS:          0 MSHR_MERGE:          0
cpu0->cpu0_L2C WRITE        ACCESS:         84 HIT:         84 MISS:          0 MSHR_MERGE:          0
cpu0->cpu0_L2C TRANSLATION  ACCESS:         19 HIT:          5 MISS:         14 MSHR_MERGE:          0
cpu0->cpu0_L2C PREFETCH REQUESTED:          0 ISSUED:          0 USEFUL:          0 USELESS:          0
cpu0->cpu0_L2C AVERAGE MISS LATENCY: 177.9 cycles
cpu0->cpu0_L1I TOTAL        ACCESS:     245325 HIT:     245325 MISS:          0 MSHR_MERGE:          0
cpu0->cpu0_L1I LOAD         ACCESS:     245325 HIT:     245325 MISS:          0 MSHR_MERGE:          0
cpu0->cpu0_L1I RFO          ACCESS:          0 HIT:          0 MISS:          0 MSHR_MERGE:          0
cpu0->cpu0_L1I PREFETCH     ACCESS:          0 HIT:          0 MISS:          0 MSHR_MERGE:          0
cpu0->cpu0_L1I WRITE        ACCESS:          0 HIT:          0 MISS:          0 MSHR_MERGE:          0
cpu0->cpu0_L1I TRANSLATION  ACCESS:          0 HIT:          0 MISS:          0 MSHR_MERGE:          0
cpu0->cpu0_L1I PREFETCH REQUESTED:          0 ISSUED:          0 USEFUL:          0 USELESS:          0
cpu0->cpu0_L1I AVERAGE MISS LATENCY: - cycles
cpu0->cpu0_L1D TOTAL        ACCESS:    2278373 HIT:    2277553 MISS:        820 MSHR_MERGE:          2
cpu0->cpu0_L1D LOAD         ACCESS:    1596014 HIT:    1595321 MISS:        693 MSHR_MERGE:          0
cpu0->cpu0_L1D RFO          ACCESS:          0 HIT:          0 MISS:          0 MSHR_MERGE:          0
cpu0->cpu0_L1D PREFETCH     ACCESS:          0 HIT:          0 MISS:          0 MSHR_MERGE:          0
cpu0->cpu0_L1D WRITE        ACCESS:     682340 HIT:     682232 MISS:        108 MSHR_MERGE:          2
cpu0->cpu0_L1D TRANSLATION  ACCESS:         19 HIT:          0 MISS:         19 MSHR_MERGE:          0
cpu0->cpu0_L1D PREFETCH REQUESTED:          0 ISSUED:          0 USEFUL:          0 USELESS:          0
cpu0->cpu0_L1D AVERAGE MISS LATENCY: 82.37 cycles
cpu0->cpu0_ITLB TOTAL        ACCESS:     213520 HIT:     213520 MISS:          0 MSHR_MERGE:          0
cpu0->cpu0_ITLB LOAD         ACCESS:     213520 HIT:     213520 MISS:          0 MSHR_MERGE:          0
cpu0->cpu0_ITLB RFO          ACCESS:          0 HIT:          0 MISS:          0 MSHR_MERGE:          0
cpu0->cpu0_ITLB PREFETCH     ACCESS:          0 HIT:          0 MISS:          0 MSHR_MERGE:          0
cpu0->cpu0_ITLB WRITE        ACCESS:          0 HIT:          0 MISS:          0 MSHR_MERGE:          0
cpu0->cpu0_ITLB TRANSLATION  ACCESS:          0 HIT:          0 MISS:          0 MSHR_MERGE:          0
cpu0->cpu0_ITLB PREFETCH REQUESTED:          0 ISSUED:          0 USEFUL:          0 USELESS:          0
cpu0->cpu0_ITLB AVERAGE MISS LATENCY: - cycles
cpu0->cpu0_DTLB TOTAL        ACCESS:    2150658 HIT:    2147757 MISS:       2901 MSHR_MERGE:        175
cpu0->cpu0_DTLB LOAD         ACCESS:    2150658 HIT:    2147757 MISS:       2901 MSHR_MERGE:        175
cpu0->cpu0_DTLB RFO          ACCESS:          0 HIT:          0 MISS:          0 MSHR_MERGE:          0
cpu0->cpu0_DTLB PREFETCH     ACCESS:          0 HIT:          0 MISS:          0 MSHR_MERGE:          0
cpu0->cpu0_DTLB WRITE        ACCESS:          0 HIT:          0 MISS:          0 MSHR_MERGE:          0
cpu0->cpu0_DTLB TRANSLATION  ACCESS:          0 HIT:          0 MISS:          0 MSHR_MERGE:          0
cpu0->cpu0_DTLB PREFETCH REQUESTED:          0 ISSUED:          0 USEFUL:          0 USELESS:          0
cpu0->cpu0_DTLB AVERAGE MISS LATENCY: 7.105 cycles
cpu0->LLC TOTAL        ACCESS:        340 HIT:          0 MISS:        340 MSHR_MERGE:          0
cpu0->LLC LOAD         ACCESS:        297 HIT:          0 MISS:        297 MSHR_MERGE:          0
cpu0->LLC RFO          ACCESS:         29 HIT:          0 MISS:         29 MSHR_MERGE:          0
cpu0->LLC PREFETCH     ACCESS:          0 HIT:          0 MISS:          0 MSHR_MERGE:          0
cpu0->LLC WRITE        ACCESS:          0 HIT:          0 MISS:          0 MSHR_MERGE:          0
cpu0->LLC TRANSLATION  ACCESS:         14 HIT:          0 MISS:         14 MSHR_MERGE:          0
cpu0->LLC PREFETCH REQUESTED:          0 ISSUED:          0 USEFUL:          0 USELESS:          0
cpu0->LLC AVERAGE MISS LATENCY: 161.9 cycles

DRAM Statistics

Channel 0 RQ ROW_BUFFER_HIT:          0
  ROW_BUFFER_MISS:        340
  AVG DBUS CONGESTED CYCLE: 2.668
Channel 0 WQ ROW_BUFFER_HIT:          0
  ROW_BUFFER_MISS:          0
  FULL:          0
Channel 0 REFRESHES ISSUED:        514
