[VMEM] WARNING: physical memory size is smaller than virtual memory size.

*** ChampSim Multicore Out-of-Order Simulator ***
Warmup Instructions: 2000000
Simulation Instructions: 10000000
Number of CPUs: 1
Page size: 4096

Off-chip DRAM Size: 16 GiB Channels: 1 Width: 64-bit Data Rate: 3205 MT/s
Warmup finished CPU 0 instructions: 2000001 cycles: 511988 cumulative IPC: 3.906 (Simulation time: 00 hr 00 min 06 sec)
Warmup complete CPU 0 instructions: 2000001 cycles: 511988 cumulative IPC: 3.906 (Simulation time: 00 hr 00 min 06 sec)
Heartbeat CPU 0 instructions: 10000000 cycles: 5669234 heartbeat IPC: 1.764 cumulative IPC: 1.551 (Simulation time: 00 hr 00 min 39 sec)
Simulation finished CPU 0 instructions: 10000000 cycles: 6426178 cumulative IPC: 1.556 (Simulation time: 00 hr 00 min 47 sec)
Simulation complete CPU 0 instructions: 10000000 cycles: 6426178 cumulative IPC: 1.556 (Simulation time: 00 hr 00 min 47 sec)

ChampSim completed all CPUs

=== Simulation ===
CPU 0 runs /home/tandonmitul27/workspace/SPEC17/654.roms_s-842B.champsimtrace.xz

Region of Interest Statistics

CPU 0 cumulative IPC: 1.556 instructions: 10000000 cycles: 6426178
CPU 0 Branch Prediction Accuracy: 79.88% MPKI: 34.02 Average ROB Occupancy at Mispredict: 18.19
Branch type MPKI
BRANCH_DIRECT_JUMP: 0.1696
BRANCH_INDIRECT: 0
BRANCH_CONDITIONAL: 33.14
BRANCH_DIRECT_CALL: 0
BRANCH_INDIRECT_CALL: 0
BRANCH_RETURN: 0.7117

cpu0->cpu0_STLB TOTAL        ACCESS:         12 HIT:          0 MISS:         12 MSHR_MERGE:          0
cpu0->cpu0_STLB LOAD         ACCESS:         12 HIT:          0 MISS:         12 MSHR_MERGE:          0
cpu0->cpu0_STLB RFO          ACCESS:          0 HIT:          0 MISS:          0 MSHR_MERGE:          0
cpu0->cpu0_STLB PREFETCH     ACCESS:          0 HIT:          0 MISS:          0 MSHR_MERGE:          0
cpu0->cpu0_STLB WRITE        ACCESS:          0 HIT:          0 MISS:          0 MSHR_MERGE:          0
cpu0->cpu0_STLB TRANSLATION  ACCESS:          0 HIT:          0 MISS:          0 MSHR_MERGE:          0
cpu0->cpu0_STLB PREFETCH REQUESTED:          0 ISSUED:          0 USEFUL:          0 USELESS:          0
cpu0->cpu0_STLB AVERAGE MISS LATENCY: 630 cycles
cpu0->cpu0_L2C TOTAL        ACCESS:        860 HIT:        243 MISS:        617 MSHR_MERGE:          0
cpu0->cpu0_L2C LOAD         ACCESS:        367 HIT:          0 MISS:        367 MSHR_MERGE:          0
cpu0->cpu0_L2C RFO          ACCESS:        240 HIT:          4 MISS:        236 MSHR_MERGE:          0
cpu0->cpu0_L2C PREFETCH     ACCESS:          0 HIT:          0 MISS:          0 MSHR_MERGE:          0
cpu0->cpu0_L2C WRITE        ACCESS:        239 HIT:        239 MISS:          0 MSHR_MERGE:          0
cpu0->cpu0_L2C TRANSLATION  ACCESS:         14 HIT:          0 MISS:         14 MSHR_MERGE:          0
cpu0->cpu0_L2C PREFETCH REQUESTED:          0 ISSUED:          0 USEFUL:          0 USELESS:          0
cpu0->cpu0_L2C AVERAGE MISS LATENCY: 172.2 cycles
cpu0->cpu0_L1I TOTAL        ACCESS:     240798 HIT:     240798 MISS:          0 MSHR_MERGE:          0
cpu0->cpu0_L1I LOAD         ACCESS:     240798 HIT:     240798 MISS:          0 MSHR_MERGE:          0
cpu0->cpu0_L1I RFO          ACCESS:          0 HIT:          0 MISS:          0 MSHR_MERGE:          0
cpu0->cpu0_L1I PREFETCH     ACCESS:          0 HIT:          0 MISS:          0 MSHR_MERGE:          0
cpu0->cpu0_L1I WRITE        ACCESS:          0 HIT:          0 MISS:          0 MSHR_MERGE:          0
cpu0->cpu0_L1I TRANSLATION  ACCESS:          0 HIT:          0 MISS:          0 MSHR_MERGE:          0
cpu0->cpu0_L1I PREFETCH REQUESTED:          0 ISSUED:          0 USEFUL:          0 USELESS:          0
cpu0->cpu0_L1I AVERAGE MISS LATENCY: - cycles
cpu0->cpu0_L1D TOTAL        ACCESS:    1998595 HIT:    1997579 MISS:       1016 MSHR_MERGE:        395
cpu0->cpu0_L1D LOAD         ACCESS:    1273003 HIT:    1272261 MISS:        742 MSHR_MERGE:        375
cpu0->cpu0_L1D RFO          ACCESS:          0 HIT:          0 MISS:          0 MSHR_MERGE:          0
cpu0->cpu0_L1D PREFETCH     ACCESS:          0 HIT:          0 MISS:          0 MSHR_MERGE:          0
cpu0->cpu0_L1D WRITE        ACCESS:     725568 HIT:     725308 MISS:        260 MSHR_MERGE:         20
cpu0->cpu0_L1D TRANSLATION  ACCESS:         24 HIT:         10 MISS:         14 MSHR_MERGE:          0
cpu0->cpu0_L1D PREFETCH REQUESTED:          0 ISSUED:          0 USEFUL:          0 USELESS:          0
cpu0->cpu0_L1D AVERAGE MISS LATENCY: 180.1 cycles
cpu0->cpu0_ITLB TOTAL        ACCESS:     204095 HIT:     204095 MISS:          0 MSHR_MERGE:          0
cpu0->cpu0_ITLB LOAD         ACCESS:     204095 HIT:     204095 MISS:          0 MSHR_MERGE:          0
cpu0->cpu0_ITLB RFO          ACCESS:          0 HIT:          0 MISS:          0 MSHR_MERGE:          0
cpu0->cpu0_ITLB PREFETCH     ACCESS:          0 HIT:          0 MISS:          0 MSHR_MERGE:          0
cpu0->cpu0_ITLB WRITE        ACCESS:          0 HIT:          0 MISS:          0 MSHR_MERGE:          0
cpu0->cpu0_ITLB TRANSLATION  ACCESS:          0 HIT:          0 MISS:          0 MSHR_MERGE:          0
cpu0->cpu0_ITLB PREFETCH REQUESTED:          0 ISSUED:          0 USEFUL:          0 USELESS:          0
cpu0->cpu0_ITLB AVERAGE MISS LATENCY: - cycles
cpu0->cpu0_DTLB TOTAL        ACCESS:    1901862 HIT:    1901828 MISS:         34 MSHR_MERGE:         22
cpu0->cpu0_DTLB LOAD         ACCESS:    1901862 HIT:    1901828 MISS:         34 MSHR_MERGE:         22
cpu0->cpu0_DTLB RFO          ACCESS:          0 HIT:          0 MISS:          0 MSHR_MERGE:          0
cpu0->cpu0_DTLB PREFETCH     ACCESS:          0 HIT:          0 MISS:          0 MSHR_MERGE:          0
cpu0->cpu0_DTLB WRITE        ACCESS:          0 HIT:          0 MISS:          0 MSHR_MERGE:          0
cpu0->cpu0_DTLB TRANSLATION  ACCESS:          0 HIT:          0 MISS:          0 MSHR_MERGE:          0
cpu0->cpu0_DTLB PREFETCH REQUESTED:          0 ISSUED:          0 USEFUL:          0 USELESS:          0
cpu0->cpu0_DTLB AVERAGE MISS LATENCY: 636 cycles
cpu0->LLC TOTAL        ACCESS:        617 HIT:          0 MISS:        617 MSHR_MERGE:          0
cpu0->LLC LOAD         ACCESS:        367 HIT:          0 MISS:        367 MSHR_MERGE:          0
cpu0->LLC RFO          ACCESS:        236 HIT:          0 MISS:        236 MSHR_MERGE:          0
cpu0->LLC PREFETCH     ACCESS:          0 HIT:          0 MISS:          0 MSHR_MERGE:          0
cpu0->LLC WRITE        ACCESS:          0 HIT:          0 MISS:          0 MSHR_MERGE:          0
cpu0->LLC TRANSLATION  ACCESS:         14 HIT:          0 MISS:         14 MSHR_MERGE:          0
cpu0->LLC PREFETCH REQUESTED:          0 ISSUED:          0 USEFUL:          0 USELESS:          0
cpu0->LLC AVERAGE MISS LATENCY: 156.2 cycles

DRAM Statistics

Channel 0 RQ ROW_BUFFER_HIT:          1
  ROW_BUFFER_MISS:        616
  AVG DBUS CONGESTED CYCLE: 3
Channel 0 WQ ROW_BUFFER_HIT:          0
  ROW_BUFFER_MISS:          0
  FULL:          0
Channel 0 REFRESHES ISSUED:        536
