[VMEM] WARNING: physical memory size is smaller than virtual memory size.

*** ChampSim Multicore Out-of-Order Simulator ***
Warmup Instructions: 2000000
Simulation Instructions: 10000000
Number of CPUs: 1
Page size: 4096

Off-chip DRAM Size: 16 GiB Channels: 1 Width: 64-bit Data Rate: 3205 MT/s
Warmup finished CPU 0 instructions: 2000002 cycles: 528083 cumulative IPC: 3.787 (Simulation time: 00 hr 00 min 06 sec)
Warmup complete CPU 0 instructions: 2000002 cycles: 528083 cumulative IPC: 3.787 (Simulation time: 00 hr 00 min 06 sec)
Heartbeat CPU 0 instructions: 10000002 cycles: 7064041 heartbeat IPC: 1.416 cumulative IPC: 1.224 (Simulation time: 00 hr 00 min 48 sec)
Simulation finished CPU 0 instructions: 10000002 cycles: 8177738 cumulative IPC: 1.223 (Simulation time: 00 hr 00 min 58 sec)
Simulation complete CPU 0 instructions: 10000002 cycles: 8177738 cumulative IPC: 1.223 (Simulation time: 00 hr 00 min 58 sec)

ChampSim completed all CPUs

=== Simulation ===
CPU 0 runs /home/tandonmitul27/workspace/SPEC17/654.roms_s-1613B.champsimtrace.xz

Region of Interest Statistics

CPU 0 cumulative IPC: 1.223 instructions: 10000002 cycles: 8177738
CPU 0 Branch Prediction Accuracy: 85.7% MPKI: 14.61 Average ROB Occupancy at Mispredict: 47.51
Branch type MPKI
BRANCH_DIRECT_JUMP: 0
BRANCH_INDIRECT: 0
BRANCH_CONDITIONAL: 7.313
BRANCH_DIRECT_CALL: 0
BRANCH_INDIRECT_CALL: 0
BRANCH_RETURN: 7.298

cpu0->cpu0_STLB TOTAL        ACCESS:        262 HIT:          0 MISS:        262 MSHR_MERGE:          0
cpu0->cpu0_STLB LOAD         ACCESS:        262 HIT:          0 MISS:        262 MSHR_MERGE:          0
cpu0->cpu0_STLB RFO          ACCESS:          0 HIT:          0 MISS:          0 MSHR_MERGE:          0
cpu0->cpu0_STLB PREFETCH     ACCESS:          0 HIT:          0 MISS:          0 MSHR_MERGE:          0
cpu0->cpu0_STLB WRITE        ACCESS:          0 HIT:          0 MISS:          0 MSHR_MERGE:          0
cpu0->cpu0_STLB TRANSLATION  ACCESS:          0 HIT:          0 MISS:          0 MSHR_MERGE:          0
cpu0->cpu0_STLB PREFETCH REQUESTED:          0 ISSUED:          0 USEFUL:          0 USELESS:          0
cpu0->cpu0_STLB AVERAGE MISS LATENCY: 634.3 cycles
cpu0->cpu0_L2C TOTAL        ACCESS:      16477 HIT:       4606 MISS:      11871 MSHR_MERGE:          0
cpu0->cpu0_L2C LOAD         ACCESS:       6958 HIT:          0 MISS:       6958 MSHR_MERGE:          0
cpu0->cpu0_L2C RFO          ACCESS:       4615 HIT:          0 MISS:       4615 MSHR_MERGE:          0
cpu0->cpu0_L2C PREFETCH     ACCESS:          0 HIT:          0 MISS:          0 MSHR_MERGE:          0
cpu0->cpu0_L2C WRITE        ACCESS:       4606 HIT:       4606 MISS:          0 MSHR_MERGE:          0
cpu0->cpu0_L2C TRANSLATION  ACCESS:        298 HIT:          0 MISS:        298 MSHR_MERGE:          0
cpu0->cpu0_L2C PREFETCH REQUESTED:          0 ISSUED:          0 USEFUL:          0 USELESS:          0
cpu0->cpu0_L2C AVERAGE MISS LATENCY: 175.3 cycles
cpu0->cpu0_L1I TOTAL        ACCESS:      82100 HIT:      82100 MISS:          0 MSHR_MERGE:          0
cpu0->cpu0_L1I LOAD         ACCESS:      82100 HIT:      82100 MISS:          0 MSHR_MERGE:          0
cpu0->cpu0_L1I RFO          ACCESS:          0 HIT:          0 MISS:          0 MSHR_MERGE:          0
cpu0->cpu0_L1I PREFETCH     ACCESS:          0 HIT:          0 MISS:          0 MSHR_MERGE:          0
cpu0->cpu0_L1I WRITE        ACCESS:          0 HIT:          0 MISS:          0 MSHR_MERGE:          0
cpu0->cpu0_L1I TRANSLATION  ACCESS:          0 HIT:          0 MISS:          0 MSHR_MERGE:          0
cpu0->cpu0_L1I PREFETCH REQUESTED:          0 ISSUED:          0 USEFUL:          0 USELESS:          0
cpu0->cpu0_L1I AVERAGE MISS LATENCY: - cycles
cpu0->cpu0_L1D TOTAL        ACCESS:    2511148 HIT:    2492835 MISS:      18313 MSHR_MERGE:       6442
cpu0->cpu0_L1D LOAD         ACCESS:    1525436 HIT:    1513008 MISS:      12428 MSHR_MERGE:       5470
cpu0->cpu0_L1D RFO          ACCESS:          0 HIT:          0 MISS:          0 MSHR_MERGE:          0
cpu0->cpu0_L1D PREFETCH     ACCESS:          0 HIT:          0 MISS:          0 MSHR_MERGE:          0
cpu0->cpu0_L1D WRITE        ACCESS:     985188 HIT:     979601 MISS:       5587 MSHR_MERGE:        972
cpu0->cpu0_L1D TRANSLATION  ACCESS:        524 HIT:        226 MISS:        298 MSHR_MERGE:          0
cpu0->cpu0_L1D PREFETCH REQUESTED:          0 ISSUED:          0 USEFUL:          0 USELESS:          0
cpu0->cpu0_L1D AVERAGE MISS LATENCY: 184.3 cycles
cpu0->cpu0_ITLB TOTAL        ACCESS:      76544 HIT:      76544 MISS:          0 MSHR_MERGE:          0
cpu0->cpu0_ITLB LOAD         ACCESS:      76544 HIT:      76544 MISS:          0 MSHR_MERGE:          0
cpu0->cpu0_ITLB RFO          ACCESS:          0 HIT:          0 MISS:          0 MSHR_MERGE:          0
cpu0->cpu0_ITLB PREFETCH     ACCESS:          0 HIT:          0 MISS:          0 MSHR_MERGE:          0
cpu0->cpu0_ITLB WRITE        ACCESS:          0 HIT:          0 MISS:          0 MSHR_MERGE:          0
cpu0->cpu0_ITLB TRANSLATION  ACCESS:          0 HIT:          0 MISS:          0 MSHR_MERGE:          0
cpu0->cpu0_ITLB PREFETCH REQUESTED:          0 ISSUED:          0 USEFUL:          0 USELESS:          0
cpu0->cpu0_ITLB AVERAGE MISS LATENCY: - cycles
cpu0->cpu0_DTLB TOTAL        ACCESS:    2364449 HIT:    2363499 MISS:        950 MSHR_MERGE:        688
cpu0->cpu0_DTLB LOAD         ACCESS:    2364449 HIT:    2363499 MISS:        950 MSHR_MERGE:        688
cpu0->cpu0_DTLB RFO          ACCESS:          0 HIT:          0 MISS:          0 MSHR_MERGE:          0
cpu0->cpu0_DTLB PREFETCH     ACCESS:          0 HIT:          0 MISS:          0 MSHR_MERGE:          0
cpu0->cpu0_DTLB WRITE        ACCESS:          0 HIT:          0 MISS:          0 MSHR_MERGE:          0
cpu0->cpu0_DTLB TRANSLATION  ACCESS:          0 HIT:          0 MISS:          0 MSHR_MERGE:          0
cpu0->cpu0_DTLB PREFETCH REQUESTED:          0 ISSUED:          0 USEFUL:          0 USELESS:          0
cpu0->cpu0_DTLB AVERAGE MISS LATENCY: 640.3 cycles
cpu0->LLC TOTAL        ACCESS:      14173 HIT:       2302 MISS:      11871 MSHR_MERGE:          0
cpu0->LLC LOAD         ACCESS:       6958 HIT:          0 MISS:       6958 MSHR_MERGE:          0
cpu0->LLC RFO          ACCESS:       4615 HIT:          0 MISS:       4615 MSHR_MERGE:          0
cpu0->LLC PREFETCH     ACCESS:          0 HIT:          0 MISS:          0 MSHR_MERGE:          0
cpu0->LLC WRITE        ACCESS:       2302 HIT:       2302 MISS:          0 MSHR_MERGE:          0
cpu0->LLC TRANSLATION  ACCESS:        298 HIT:          0 MISS:        298 MSHR_MERGE:          0
cpu0->LLC PREFETCH REQUESTED:          0 ISSUED:          0 USEFUL:          0 USELESS:          0
cpu0->LLC AVERAGE MISS LATENCY: 159.3 cycles

DRAM Statistics

Channel 0 RQ ROW_BUFFER_HIT:         11
  ROW_BUFFER_MISS:      11860
  AVG DBUS CONGESTED CYCLE: 2.942
Channel 0 WQ ROW_BUFFER_HIT:          0
  ROW_BUFFER_MISS:          0
  FULL:          0
Channel 0 REFRESHES ISSUED:        681
