[VMEM] WARNING: physical memory size is smaller than virtual memory size.

*** ChampSim Multicore Out-of-Order Simulator ***
Warmup Instructions: 2000000
Simulation Instructions: 10000000
Number of CPUs: 1
Page size: 4096

Off-chip DRAM Size: 16 GiB Channels: 1 Width: 64-bit Data Rate: 3205 MT/s
Warmup finished CPU 0 instructions: 2000002 cycles: 658727 cumulative IPC: 3.036 (Simulation time: 00 hr 00 min 07 sec)
Warmup complete CPU 0 instructions: 2000002 cycles: 658727 cumulative IPC: 3.036 (Simulation time: 00 hr 00 min 07 sec)
Heartbeat CPU 0 instructions: 10000000 cycles: 23032409 heartbeat IPC: 0.4342 cumulative IPC: 0.3576 (Simulation time: 00 hr 02 min 46 sec)
Simulation finished CPU 0 instructions: 10000001 cycles: 26589845 cumulative IPC: 0.3761 (Simulation time: 00 hr 03 min 16 sec)
Simulation complete CPU 0 instructions: 10000001 cycles: 26589845 cumulative IPC: 0.3761 (Simulation time: 00 hr 03 min 16 sec)

ChampSim completed all CPUs

=== Simulation ===
CPU 0 runs /home/tandonmitul27/workspace/SPEC17/654.roms_s-1070B.champsimtrace.xz

Region of Interest Statistics

CPU 0 cumulative IPC: 0.3761 instructions: 10000001 cycles: 26589845
CPU 0 Branch Prediction Accuracy: 99.9% MPKI: 0.1066 Average ROB Occupancy at Mispredict: 347.1
Branch type MPKI
BRANCH_DIRECT_JUMP: 0
BRANCH_INDIRECT: 0
BRANCH_CONDITIONAL: 0.1066
BRANCH_DIRECT_CALL: 0
BRANCH_INDIRECT_CALL: 0
BRANCH_RETURN: 0

cpu0->cpu0_STLB TOTAL        ACCESS:       5511 HIT:          5 MISS:       5506 MSHR_MERGE:          0
cpu0->cpu0_STLB LOAD         ACCESS:       5511 HIT:          5 MISS:       5506 MSHR_MERGE:          0
cpu0->cpu0_STLB RFO          ACCESS:          0 HIT:          0 MISS:          0 MSHR_MERGE:          0
cpu0->cpu0_STLB PREFETCH     ACCESS:          0 HIT:          0 MISS:          0 MSHR_MERGE:          0
cpu0->cpu0_STLB WRITE        ACCESS:          0 HIT:          0 MISS:          0 MSHR_MERGE:          0
cpu0->cpu0_STLB TRANSLATION  ACCESS:          0 HIT:          0 MISS:          0 MSHR_MERGE:          0
cpu0->cpu0_STLB PREFETCH REQUESTED:          0 ISSUED:          0 USEFUL:          0 USELESS:          0
cpu0->cpu0_STLB AVERAGE MISS LATENCY: 619.6 cycles
cpu0->cpu0_L2C TOTAL        ACCESS:     420245 HIT:     134329 MISS:     285916 MSHR_MERGE:          0
cpu0->cpu0_L2C LOAD         ACCESS:     145086 HIT:          5 MISS:     145081 MSHR_MERGE:          0
cpu0->cpu0_L2C RFO          ACCESS:     134317 HIT:          0 MISS:     134317 MSHR_MERGE:          0
cpu0->cpu0_L2C PREFETCH     ACCESS:          0 HIT:          0 MISS:          0 MSHR_MERGE:          0
cpu0->cpu0_L2C WRITE        ACCESS:     134323 HIT:     134319 MISS:          4 MSHR_MERGE:          0
cpu0->cpu0_L2C TRANSLATION  ACCESS:       6519 HIT:          5 MISS:       6514 MSHR_MERGE:          0
cpu0->cpu0_L2C PREFETCH REQUESTED:          0 ISSUED:          0 USEFUL:          0 USELESS:          0
cpu0->cpu0_L2C AVERAGE MISS LATENCY: 274.3 cycles
cpu0->cpu0_L1I TOTAL        ACCESS:    2035478 HIT:    2035463 MISS:         15 MSHR_MERGE:          1
cpu0->cpu0_L1I LOAD         ACCESS:    2035478 HIT:    2035463 MISS:         15 MSHR_MERGE:          1
cpu0->cpu0_L1I RFO          ACCESS:          0 HIT:          0 MISS:          0 MSHR_MERGE:          0
cpu0->cpu0_L1I PREFETCH     ACCESS:          0 HIT:          0 MISS:          0 MSHR_MERGE:          0
cpu0->cpu0_L1I WRITE        ACCESS:          0 HIT:          0 MISS:          0 MSHR_MERGE:          0
cpu0->cpu0_L1I TRANSLATION  ACCESS:          0 HIT:          0 MISS:          0 MSHR_MERGE:          0
cpu0->cpu0_L1I PREFETCH REQUESTED:          0 ISSUED:          0 USEFUL:          0 USELESS:          0
cpu0->cpu0_L1I AVERAGE MISS LATENCY: 310.4 cycles
cpu0->cpu0_L1D TOTAL        ACCESS:    3319224 HIT:    2336255 MISS:     982969 MSHR_MERGE:     697061
cpu0->cpu0_L1D LOAD         ACCESS:    2241842 HIT:    1837428 MISS:     404414 MSHR_MERGE:     259342
cpu0->cpu0_L1D RFO          ACCESS:          0 HIT:          0 MISS:          0 MSHR_MERGE:          0
cpu0->cpu0_L1D PREFETCH     ACCESS:          0 HIT:          0 MISS:          0 MSHR_MERGE:          0
cpu0->cpu0_L1D WRITE        ACCESS:    1066352 HIT:     494323 MISS:     572029 MSHR_MERGE:     437712
cpu0->cpu0_L1D TRANSLATION  ACCESS:      11030 HIT:       4504 MISS:       6526 MSHR_MERGE:          7
cpu0->cpu0_L1D PREFETCH REQUESTED:          0 ISSUED:          0 USEFUL:          0 USELESS:          0
cpu0->cpu0_L1D AVERAGE MISS LATENCY: 283.3 cycles
cpu0->cpu0_ITLB TOTAL        ACCESS:    1964913 HIT:    1964913 MISS:          0 MSHR_MERGE:          0
cpu0->cpu0_ITLB LOAD         ACCESS:    1964913 HIT:    1964913 MISS:          0 MSHR_MERGE:          0
cpu0->cpu0_ITLB RFO          ACCESS:          0 HIT:          0 MISS:          0 MSHR_MERGE:          0
cpu0->cpu0_ITLB PREFETCH     ACCESS:          0 HIT:          0 MISS:          0 MSHR_MERGE:          0
cpu0->cpu0_ITLB WRITE        ACCESS:          0 HIT:          0 MISS:          0 MSHR_MERGE:          0
cpu0->cpu0_ITLB TRANSLATION  ACCESS:          0 HIT:          0 MISS:          0 MSHR_MERGE:          0
cpu0->cpu0_ITLB PREFETCH REQUESTED:          0 ISSUED:          0 USEFUL:          0 USELESS:          0
cpu0->cpu0_ITLB AVERAGE MISS LATENCY: - cycles
cpu0->cpu0_DTLB TOTAL        ACCESS:    3303066 HIT:    3264206 MISS:      38860 MSHR_MERGE:      33349
cpu0->cpu0_DTLB LOAD         ACCESS:    3303066 HIT:    3264206 MISS:      38860 MSHR_MERGE:      33349
cpu0->cpu0_DTLB RFO          ACCESS:          0 HIT:          0 MISS:          0 MSHR_MERGE:          0
cpu0->cpu0_DTLB PREFETCH     ACCESS:          0 HIT:          0 MISS:          0 MSHR_MERGE:          0
cpu0->cpu0_DTLB WRITE        ACCESS:          0 HIT:          0 MISS:          0 MSHR_MERGE:          0
cpu0->cpu0_DTLB TRANSLATION  ACCESS:          0 HIT:          0 MISS:          0 MSHR_MERGE:          0
cpu0->cpu0_DTLB PREFETCH REQUESTED:          0 ISSUED:          0 USEFUL:          0 USELESS:          0
cpu0->cpu0_DTLB AVERAGE MISS LATENCY: 625.1 cycles
cpu0->LLC TOTAL        ACCESS:     419277 HIT:     133371 MISS:     285906 MSHR_MERGE:          0
cpu0->LLC LOAD         ACCESS:     145081 HIT:          1 MISS:     145080 MSHR_MERGE:          0
cpu0->LLC RFO          ACCESS:     134317 HIT:          0 MISS:     134317 MSHR_MERGE:          0
cpu0->LLC PREFETCH     ACCESS:          0 HIT:          0 MISS:          0 MSHR_MERGE:          0
cpu0->LLC WRITE        ACCESS:     133365 HIT:     133362 MISS:          3 MSHR_MERGE:          0
cpu0->LLC TRANSLATION  ACCESS:       6514 HIT:          8 MISS:       6506 MSHR_MERGE:          0
cpu0->LLC PREFETCH REQUESTED:          0 ISSUED:          0 USEFUL:          0 USELESS:          0
cpu0->LLC AVERAGE MISS LATENCY: 258.3 cycles

DRAM Statistics

Channel 0 RQ ROW_BUFFER_HIT:         24
  ROW_BUFFER_MISS:     285879
  AVG DBUS CONGESTED CYCLE: 5.908
Channel 0 WQ ROW_BUFFER_HIT:      48134
  ROW_BUFFER_MISS:      75953
  FULL:          0
Channel 0 REFRESHES ISSUED:       2216
