[VMEM] WARNING: physical memory size is smaller than virtual memory size.

*** ChampSim Multicore Out-of-Order Simulator ***
Warmup Instructions: 2000000
Simulation Instructions: 10000000
Number of CPUs: 1
Page size: 4096

Off-chip DRAM Size: 16 GiB Channels: 1 Width: 64-bit Data Rate: 3205 MT/s
Warmup finished CPU 0 instructions: 2000000 cycles: 531962 cumulative IPC: 3.76 (Simulation time: 00 hr 00 min 06 sec)
Warmup complete CPU 0 instructions: 2000000 cycles: 531962 cumulative IPC: 3.76 (Simulation time: 00 hr 00 min 06 sec)
Heartbeat CPU 0 instructions: 10000000 cycles: 8313076 heartbeat IPC: 1.203 cumulative IPC: 1.028 (Simulation time: 00 hr 00 min 54 sec)
Simulation finished CPU 0 instructions: 10000000 cycles: 9728399 cumulative IPC: 1.028 (Simulation time: 00 hr 01 min 06 sec)
Simulation complete CPU 0 instructions: 10000000 cycles: 9728399 cumulative IPC: 1.028 (Simulation time: 00 hr 01 min 06 sec)

ChampSim completed all CPUs

=== Simulation ===
CPU 0 runs /home/tandonmitul27/workspace/SPEC17/654.roms_s-1007B.champsimtrace.xz

Region of Interest Statistics

CPU 0 cumulative IPC: 1.028 instructions: 10000000 cycles: 9728399
CPU 0 Branch Prediction Accuracy: 85.71% MPKI: 16.67 Average ROB Occupancy at Mispredict: 40.64
Branch type MPKI
BRANCH_DIRECT_JUMP: 0
BRANCH_INDIRECT: 0
BRANCH_CONDITIONAL: 8.343
BRANCH_DIRECT_CALL: 0
BRANCH_INDIRECT_CALL: 0
BRANCH_RETURN: 8.326

cpu0->cpu0_STLB TOTAL        ACCESS:        328 HIT:          0 MISS:        328 MSHR_MERGE:          0
cpu0->cpu0_STLB LOAD         ACCESS:        328 HIT:          0 MISS:        328 MSHR_MERGE:          0
cpu0->cpu0_STLB RFO          ACCESS:          0 HIT:          0 MISS:          0 MSHR_MERGE:          0
cpu0->cpu0_STLB PREFETCH     ACCESS:          0 HIT:          0 MISS:          0 MSHR_MERGE:          0
cpu0->cpu0_STLB WRITE        ACCESS:          0 HIT:          0 MISS:          0 MSHR_MERGE:          0
cpu0->cpu0_STLB TRANSLATION  ACCESS:          0 HIT:          0 MISS:          0 MSHR_MERGE:          0
cpu0->cpu0_STLB PREFETCH REQUESTED:          0 ISSUED:          0 USEFUL:          0 USELESS:          0
cpu0->cpu0_STLB AVERAGE MISS LATENCY: 626 cycles
cpu0->cpu0_L2C TOTAL        ACCESS:      18934 HIT:       5327 MISS:      13607 MSHR_MERGE:          0
cpu0->cpu0_L2C LOAD         ACCESS:       7972 HIT:          0 MISS:       7972 MSHR_MERGE:          0
cpu0->cpu0_L2C RFO          ACCESS:       5293 HIT:         27 MISS:       5266 MSHR_MERGE:          0
cpu0->cpu0_L2C PREFETCH     ACCESS:          0 HIT:          0 MISS:          0 MSHR_MERGE:          0
cpu0->cpu0_L2C WRITE        ACCESS:       5300 HIT:       5300 MISS:          0 MSHR_MERGE:          0
cpu0->cpu0_L2C TRANSLATION  ACCESS:        369 HIT:          0 MISS:        369 MSHR_MERGE:          0
cpu0->cpu0_L2C PREFETCH REQUESTED:          0 ISSUED:          0 USEFUL:          0 USELESS:          0
cpu0->cpu0_L2C AVERAGE MISS LATENCY: 175.8 cycles
cpu0->cpu0_L1I TOTAL        ACCESS:      94843 HIT:      94843 MISS:          0 MSHR_MERGE:          0
cpu0->cpu0_L1I LOAD         ACCESS:      94843 HIT:      94843 MISS:          0 MSHR_MERGE:          0
cpu0->cpu0_L1I RFO          ACCESS:          0 HIT:          0 MISS:          0 MSHR_MERGE:          0
cpu0->cpu0_L1I PREFETCH     ACCESS:          0 HIT:          0 MISS:          0 MSHR_MERGE:          0
cpu0->cpu0_L1I WRITE        ACCESS:          0 HIT:          0 MISS:          0 MSHR_MERGE:          0
cpu0->cpu0_L1I TRANSLATION  ACCESS:          0 HIT:          0 MISS:          0 MSHR_MERGE:          0
cpu0->cpu0_L1I PREFETCH REQUESTED:          0 ISSUED:          0 USEFUL:          0 USELESS:          0
cpu0->cpu0_L1I AVERAGE MISS LATENCY: - cycles
cpu0->cpu0_L1D TOTAL        ACCESS:    2919377 HIT:    2898214 MISS:      21163 MSHR_MERGE:       7529
cpu0->cpu0_L1D LOAD         ACCESS:    1710006 HIT:    1695657 MISS:      14349 MSHR_MERGE:       6377
cpu0->cpu0_L1D RFO          ACCESS:          0 HIT:          0 MISS:          0 MSHR_MERGE:          0
cpu0->cpu0_L1D PREFETCH     ACCESS:          0 HIT:          0 MISS:          0 MSHR_MERGE:          0
cpu0->cpu0_L1D WRITE        ACCESS:    1208715 HIT:    1202270 MISS:       6445 MSHR_MERGE:       1152
cpu0->cpu0_L1D TRANSLATION  ACCESS:        656 HIT:        287 MISS:        369 MSHR_MERGE:          0
cpu0->cpu0_L1D PREFETCH REQUESTED:          0 ISSUED:          0 USEFUL:          0 USELESS:          0
cpu0->cpu0_L1D AVERAGE MISS LATENCY: 184.5 cycles
cpu0->cpu0_ITLB TOTAL        ACCESS:      88316 HIT:      88316 MISS:          0 MSHR_MERGE:          0
cpu0->cpu0_ITLB LOAD         ACCESS:      88316 HIT:      88316 MISS:          0 MSHR_MERGE:          0
cpu0->cpu0_ITLB RFO          ACCESS:          0 HIT:          0 MISS:          0 MSHR_MERGE:          0
cpu0->cpu0_ITLB PREFETCH     ACCESS:          0 HIT:          0 MISS:          0 MSHR_MERGE:          0
cpu0->cpu0_ITLB WRITE        ACCESS:          0 HIT:          0 MISS:          0 MSHR_MERGE:          0
cpu0->cpu0_ITLB TRANSLATION  ACCESS:          0 HIT:          0 MISS:          0 MSHR_MERGE:          0
cpu0->cpu0_ITLB PREFETCH REQUESTED:          0 ISSUED:          0 USEFUL:          0 USELESS:          0
cpu0->cpu0_ITLB AVERAGE MISS LATENCY: - cycles
cpu0->cpu0_DTLB TOTAL        ACCESS:    2835173 HIT:    2833935 MISS:       1238 MSHR_MERGE:        910
cpu0->cpu0_DTLB LOAD         ACCESS:    2835173 HIT:    2833935 MISS:       1238 MSHR_MERGE:        910
cpu0->cpu0_DTLB RFO          ACCESS:          0 HIT:          0 MISS:          0 MSHR_MERGE:          0
cpu0->cpu0_DTLB PREFETCH     ACCESS:          0 HIT:          0 MISS:          0 MSHR_MERGE:          0
cpu0->cpu0_DTLB WRITE        ACCESS:          0 HIT:          0 MISS:          0 MSHR_MERGE:          0
cpu0->cpu0_DTLB TRANSLATION  ACCESS:          0 HIT:          0 MISS:          0 MSHR_MERGE:          0
cpu0->cpu0_DTLB PREFETCH REQUESTED:          0 ISSUED:          0 USEFUL:          0 USELESS:          0
cpu0->cpu0_DTLB AVERAGE MISS LATENCY: 632 cycles
cpu0->LLC TOTAL        ACCESS:      16801 HIT:       3194 MISS:      13607 MSHR_MERGE:          0
cpu0->LLC LOAD         ACCESS:       7972 HIT:          0 MISS:       7972 MSHR_MERGE:          0
cpu0->LLC RFO          ACCESS:       5266 HIT:          0 MISS:       5266 MSHR_MERGE:          0
cpu0->LLC PREFETCH     ACCESS:          0 HIT:          0 MISS:          0 MSHR_MERGE:          0
cpu0->LLC WRITE        ACCESS:       3194 HIT:       3194 MISS:          0 MSHR_MERGE:          0
cpu0->LLC TRANSLATION  ACCESS:        369 HIT:          0 MISS:        369 MSHR_MERGE:          0
cpu0->LLC PREFETCH REQUESTED:          0 ISSUED:          0 USEFUL:          0 USELESS:          0
cpu0->LLC AVERAGE MISS LATENCY: 159.8 cycles

DRAM Statistics

Channel 0 RQ ROW_BUFFER_HIT:          0
  ROW_BUFFER_MISS:      13606
  AVG DBUS CONGESTED CYCLE: 2.746
Channel 0 WQ ROW_BUFFER_HIT:          0
  ROW_BUFFER_MISS:          0
  FULL:          0
Channel 0 REFRESHES ISSUED:        811
