[VMEM] WARNING: physical memory size is smaller than virtual memory size.

*** ChampSim Multicore Out-of-Order Simulator ***
Warmup Instructions: 2000000
Simulation Instructions: 10000000
Number of CPUs: 1
Page size: 4096

Off-chip DRAM Size: 16 GiB Channels: 1 Width: 64-bit Data Rate: 3205 MT/s
Warmup finished CPU 0 instructions: 2000002 cycles: 735641 cumulative IPC: 2.719 (Simulation time: 00 hr 00 min 08 sec)
Warmup complete CPU 0 instructions: 2000002 cycles: 735641 cumulative IPC: 2.719 (Simulation time: 00 hr 00 min 08 sec)
Heartbeat CPU 0 instructions: 10000000 cycles: 8084211 heartbeat IPC: 1.237 cumulative IPC: 1.089 (Simulation time: 00 hr 00 min 53 sec)
Simulation finished CPU 0 instructions: 10000003 cycles: 8270224 cumulative IPC: 1.209 (Simulation time: 00 hr 01 min 00 sec)
Simulation complete CPU 0 instructions: 10000003 cycles: 8270224 cumulative IPC: 1.209 (Simulation time: 00 hr 01 min 00 sec)

ChampSim completed all CPUs

=== Simulation ===
CPU 0 runs /home/tandonmitul27/workspace/SPEC17/657.xz_s-3167B.champsimtrace.xz

Region of Interest Statistics

CPU 0 cumulative IPC: 1.209 instructions: 10000003 cycles: 8270224
CPU 0 Branch Prediction Accuracy: 92.28% MPKI: 11.97 Average ROB Occupancy at Mispredict: 45.1
Branch type MPKI
BRANCH_DIRECT_JUMP: 0.0605
BRANCH_INDIRECT: 0.3572
BRANCH_CONDITIONAL: 11.55
BRANCH_DIRECT_CALL: 0.0011
BRANCH_INDIRECT_CALL: 0.0044
BRANCH_RETURN: 0.0021

cpu0->cpu0_STLB TOTAL        ACCESS:      41740 HIT:      37714 MISS:       4026 MSHR_MERGE:          0
cpu0->cpu0_STLB LOAD         ACCESS:      41740 HIT:      37714 MISS:       4026 MSHR_MERGE:          0
cpu0->cpu0_STLB RFO          ACCESS:          0 HIT:          0 MISS:          0 MSHR_MERGE:          0
cpu0->cpu0_STLB PREFETCH     ACCESS:          0 HIT:          0 MISS:          0 MSHR_MERGE:          0
cpu0->cpu0_STLB WRITE        ACCESS:          0 HIT:          0 MISS:          0 MSHR_MERGE:          0
cpu0->cpu0_STLB TRANSLATION  ACCESS:          0 HIT:          0 MISS:          0 MSHR_MERGE:          0
cpu0->cpu0_STLB PREFETCH REQUESTED:          0 ISSUED:          0 USEFUL:          0 USELESS:          0
cpu0->cpu0_STLB AVERAGE MISS LATENCY: 566.8 cycles
cpu0->cpu0_L2C TOTAL        ACCESS:     100600 HIT:      73971 MISS:      26629 MSHR_MERGE:          0
cpu0->cpu0_L2C LOAD         ACCESS:      36706 HIT:      22323 MISS:      14383 MSHR_MERGE:          0
cpu0->cpu0_L2C RFO          ACCESS:      15317 HIT:      10529 MISS:       4788 MSHR_MERGE:          0
cpu0->cpu0_L2C PREFETCH     ACCESS:          0 HIT:          0 MISS:          0 MSHR_MERGE:          0
cpu0->cpu0_L2C WRITE        ACCESS:      40684 HIT:      40634 MISS:         50 MSHR_MERGE:          0
cpu0->cpu0_L2C TRANSLATION  ACCESS:       7893 HIT:        485 MISS:       7408 MSHR_MERGE:          0
cpu0->cpu0_L2C PREFETCH REQUESTED:          0 ISSUED:          0 USEFUL:          0 USELESS:          0
cpu0->cpu0_L2C AVERAGE MISS LATENCY: 153.3 cycles
cpu0->cpu0_L1I TOTAL        ACCESS:     198781 HIT:     198656 MISS:        125 MSHR_MERGE:         38
cpu0->cpu0_L1I LOAD         ACCESS:     198781 HIT:     198656 MISS:        125 MSHR_MERGE:         38
cpu0->cpu0_L1I RFO          ACCESS:          0 HIT:          0 MISS:          0 MSHR_MERGE:          0
cpu0->cpu0_L1I PREFETCH     ACCESS:          0 HIT:          0 MISS:          0 MSHR_MERGE:          0
cpu0->cpu0_L1I WRITE        ACCESS:          0 HIT:          0 MISS:          0 MSHR_MERGE:          0
cpu0->cpu0_L1I TRANSLATION  ACCESS:          0 HIT:          0 MISS:          0 MSHR_MERGE:          0
cpu0->cpu0_L1I PREFETCH REQUESTED:          0 ISSUED:          0 USEFUL:          0 USELESS:          0
cpu0->cpu0_L1I AVERAGE MISS LATENCY: 178.9 cycles
cpu0->cpu0_L1D TOTAL        ACCESS:    2413183 HIT:    2328956 MISS:      84227 MSHR_MERGE:      24367
cpu0->cpu0_L1D LOAD         ACCESS:    1831642 HIT:    1778636 MISS:      53006 MSHR_MERGE:      16386
cpu0->cpu0_L1D RFO          ACCESS:          0 HIT:          0 MISS:          0 MSHR_MERGE:          0
cpu0->cpu0_L1D PREFETCH     ACCESS:          0 HIT:          0 MISS:          0 MSHR_MERGE:          0
cpu0->cpu0_L1D WRITE        ACCESS:     573486 HIT:     550173 MISS:      23313 MSHR_MERGE:       7966
cpu0->cpu0_L1D TRANSLATION  ACCESS:       8055 HIT:        147 MISS:       7908 MSHR_MERGE:         15
cpu0->cpu0_L1D PREFETCH REQUESTED:          0 ISSUED:          0 USEFUL:          0 USELESS:          0
cpu0->cpu0_L1D AVERAGE MISS LATENCY: 76.42 cycles
cpu0->cpu0_ITLB TOTAL        ACCESS:     165355 HIT:     165342 MISS:         13 MSHR_MERGE:          4
cpu0->cpu0_ITLB LOAD         ACCESS:     165355 HIT:     165342 MISS:         13 MSHR_MERGE:          4
cpu0->cpu0_ITLB RFO          ACCESS:          0 HIT:          0 MISS:          0 MSHR_MERGE:          0
cpu0->cpu0_ITLB PREFETCH     ACCESS:          0 HIT:          0 MISS:          0 MSHR_MERGE:          0
cpu0->cpu0_ITLB WRITE        ACCESS:          0 HIT:          0 MISS:          0 MSHR_MERGE:          0
cpu0->cpu0_ITLB TRANSLATION  ACCESS:          0 HIT:          0 MISS:          0 MSHR_MERGE:          0
cpu0->cpu0_ITLB PREFETCH REQUESTED:          0 ISSUED:          0 USEFUL:          0 USELESS:          0
cpu0->cpu0_ITLB AVERAGE MISS LATENCY: 774.3 cycles
cpu0->cpu0_DTLB TOTAL        ACCESS:    2324300 HIT:    2278482 MISS:      45818 MSHR_MERGE:       4087
cpu0->cpu0_DTLB LOAD         ACCESS:    2324300 HIT:    2278482 MISS:      45818 MSHR_MERGE:       4087
cpu0->cpu0_DTLB RFO          ACCESS:          0 HIT:          0 MISS:          0 MSHR_MERGE:          0
cpu0->cpu0_DTLB PREFETCH     ACCESS:          0 HIT:          0 MISS:          0 MSHR_MERGE:          0
cpu0->cpu0_DTLB WRITE        ACCESS:          0 HIT:          0 MISS:          0 MSHR_MERGE:          0
cpu0->cpu0_DTLB TRANSLATION  ACCESS:          0 HIT:          0 MISS:          0 MSHR_MERGE:          0
cpu0->cpu0_DTLB PREFETCH REQUESTED:          0 ISSUED:          0 USEFUL:          0 USELESS:          0
cpu0->cpu0_DTLB AVERAGE MISS LATENCY: 59.62 cycles
cpu0->LLC TOTAL        ACCESS:      37945 HIT:      16871 MISS:      21074 MSHR_MERGE:          0
cpu0->LLC LOAD         ACCESS:      14383 HIT:       3332 MISS:      11051 MSHR_MERGE:          0
cpu0->LLC RFO          ACCESS:       4788 HIT:        878 MISS:       3910 MSHR_MERGE:          0
cpu0->LLC PREFETCH     ACCESS:          0 HIT:          0 MISS:          0 MSHR_MERGE:          0
cpu0->LLC WRITE        ACCESS:      11366 HIT:      11360 MISS:          6 MSHR_MERGE:          0
cpu0->LLC TRANSLATION  ACCESS:       7408 HIT:       1301 MISS:       6107 MSHR_MERGE:          0
cpu0->LLC PREFETCH REQUESTED:          0 ISSUED:          0 USEFUL:          0 USELESS:          0
cpu0->LLC AVERAGE MISS LATENCY: 173.8 cycles

DRAM Statistics

Channel 0 RQ ROW_BUFFER_HIT:        218
  ROW_BUFFER_MISS:      20850
  AVG DBUS CONGESTED CYCLE: 15.27
Channel 0 WQ ROW_BUFFER_HIT:         71
  ROW_BUFFER_MISS:        463
  FULL:          0
Channel 0 REFRESHES ISSUED:        689
