[VMEM] WARNING: physical memory size is smaller than virtual memory size.
WARNING: option --warmup_instructions is deprecated. Use --warmup-instructions instead.
WARNING: option --simulation_instructions is deprecated. Use --simulation-instructions instead.

*** ChampSim Multicore Out-of-Order Simulator ***
Warmup Instructions: 0
Simulation Instructions: 100000000
Number of CPUs: 1
Page size: 4096

Off-chip DRAM Size: 16 GiB Channels: 1 Width: 64-bit Data Rate: 3205 MT/s
[LLC] SPM stats: hits=0 first_accesses=0 dram_direct=0 loaded_lines=0
Warmup finished CPU 0 instructions: 0 cycles: 1 cumulative IPC: 0 (Simulation time: 00 hr 00 min 00 sec)
Warmup complete CPU 0 instructions: 0 cycles: 1 cumulative IPC: 0 (Simulation time: 00 hr 00 min 00 sec)
Heartbeat CPU 0 instructions: 10000000 cycles: 8057772 heartbeat IPC: 1.241 cumulative IPC: 1.241 (Simulation time: 00 hr 01 min 02 sec)
Heartbeat CPU 0 instructions: 20000002 cycles: 16113376 heartbeat IPC: 1.241 cumulative IPC: 1.241 (Simulation time: 00 hr 02 min 04 sec)
*** Reached end of trace: (0, "traces/bench_gemv_q4k_14336x4096_spm.trace.xz")
Heartbeat CPU 0 instructions: 30000005 cycles: 23078720 heartbeat IPC: 1.436 cumulative IPC: 1.3 (Simulation time: 00 hr 02 min 59 sec)
Heartbeat CPU 0 instructions: 40000008 cycles: 29605395 heartbeat IPC: 1.532 cumulative IPC: 1.351 (Simulation time: 00 hr 04 min 29 sec)
*** Reached end of trace: (0, "traces/bench_gemv_q4k_14336x4096_spm.trace.xz")
Heartbeat CPU 0 instructions: 50000008 cycles: 36101204 heartbeat IPC: 1.539 cumulative IPC: 1.385 (Simulation time: 00 hr 05 min 23 sec)
Heartbeat CPU 0 instructions: 60000010 cycles: 42634649 heartbeat IPC: 1.531 cumulative IPC: 1.407 (Simulation time: 00 hr 06 min 37 sec)
*** Reached end of trace: (0, "traces/bench_gemv_q4k_14336x4096_spm.trace.xz")
Heartbeat CPU 0 instructions: 70000011 cycles: 49120809 heartbeat IPC: 1.542 cumulative IPC: 1.425 (Simulation time: 00 hr 10 min 12 sec)
Heartbeat CPU 0 instructions: 80000015 cycles: 55658772 heartbeat IPC: 1.53 cumulative IPC: 1.437 (Simulation time: 00 hr 11 min 35 sec)
Heartbeat CPU 0 instructions: 90000015 cycles: 62175944 heartbeat IPC: 1.534 cumulative IPC: 1.448 (Simulation time: 00 hr 12 min 28 sec)
*** Reached end of trace: (0, "traces/bench_gemv_q4k_14336x4096_spm.trace.xz")
[LLC] SPM stats: hits=1723464 first_accesses=516992 dram_direct=0 loaded_lines=516992
Simulation finished CPU 0 instructions: 100000002 cycles: 68677525 cumulative IPC: 1.456 (Simulation time: 00 hr 13 min 21 sec)
Simulation complete CPU 0 instructions: 100000002 cycles: 68677525 cumulative IPC: 1.456 (Simulation time: 00 hr 13 min 21 sec)

ChampSim completed all CPUs

=== Simulation ===
CPU 0 runs traces/bench_gemv_q4k_14336x4096_spm.trace.xz

Region of Interest Statistics

CPU 0 cumulative IPC: 1.456 instructions: 100000002 cycles: 68677525
CPU 0 Branch Prediction Accuracy: 98.4% MPKI: 0.2026 Average ROB Occupancy at Mispredict: 323
Branch type MPKI
BRANCH_DIRECT_JUMP: 0.00031
BRANCH_INDIRECT: 2e-05
BRANCH_CONDITIONAL: 0.2012
BRANCH_DIRECT_CALL: 0.00041
BRANCH_INDIRECT_CALL: 8e-05
BRANCH_RETURN: 0.00058

cpu0->cpu0_STLB TOTAL        ACCESS:      37830 HIT:       2672 MISS:      35158 MSHR_MERGE:          0
cpu0->cpu0_STLB LOAD         ACCESS:      37830 HIT:       2672 MISS:      35158 MSHR_MERGE:          0
cpu0->cpu0_STLB RFO          ACCESS:          0 HIT:          0 MISS:          0 MSHR_MERGE:          0
cpu0->cpu0_STLB PREFETCH     ACCESS:          0 HIT:          0 MISS:          0 MSHR_MERGE:          0
cpu0->cpu0_STLB WRITE        ACCESS:          0 HIT:          0 MISS:          0 MSHR_MERGE:          0
cpu0->cpu0_STLB TRANSLATION  ACCESS:          0 HIT:          0 MISS:          0 MSHR_MERGE:          0
cpu0->cpu0_STLB PREFETCH REQUESTED:          0 ISSUED:          0 USEFUL:          0 USELESS:          0
cpu0->cpu0_STLB AVERAGE MISS LATENCY: 288.6 cycles
cpu0->cpu0_L2C TOTAL        ACCESS:    2388772 HIT:      82241 MISS:    2306531 MSHR_MERGE:          0
cpu0->cpu0_L2C LOAD         ACCESS:    2319958 HIT:      56032 MISS:    2263926 MSHR_MERGE:          0
cpu0->cpu0_L2C RFO          ACCESS:      12121 HIT:       9717 MISS:       2404 MSHR_MERGE:          0
cpu0->cpu0_L2C PREFETCH     ACCESS:          0 HIT:          0 MISS:          0 MSHR_MERGE:          0
cpu0->cpu0_L2C WRITE        ACCESS:      17011 HIT:      16491 MISS:        520 MSHR_MERGE:          0
cpu0->cpu0_L2C TRANSLATION  ACCESS:      39682 HIT:          1 MISS:      39681 MSHR_MERGE:          0
cpu0->cpu0_L2C PREFETCH REQUESTED:          0 ISSUED:          0 USEFUL:          0 USELESS:          0
cpu0->cpu0_L2C AVERAGE MISS LATENCY: 17.55 cycles
cpu0->cpu0_L1I TOTAL        ACCESS:   19259294 HIT:   19258911 MISS:        383 MSHR_MERGE:        136
cpu0->cpu0_L1I LOAD         ACCESS:   19259294 HIT:   19258911 MISS:        383 MSHR_MERGE:        136
cpu0->cpu0_L1I RFO          ACCESS:          0 HIT:          0 MISS:          0 MSHR_MERGE:          0
cpu0->cpu0_L1I PREFETCH     ACCESS:          0 HIT:          0 MISS:          0 MSHR_MERGE:          0
cpu0->cpu0_L1I WRITE        ACCESS:          0 HIT:          0 MISS:          0 MSHR_MERGE:          0
cpu0->cpu0_L1I TRANSLATION  ACCESS:          0 HIT:          0 MISS:          0 MSHR_MERGE:          0
cpu0->cpu0_L1I PREFETCH REQUESTED:          0 ISSUED:          0 USEFUL:          0 USELESS:          0
cpu0->cpu0_L1I AVERAGE MISS LATENCY: 215.4 cycles
cpu0->cpu0_L1D TOTAL        ACCESS:   20684907 HIT:   15291710 MISS:    5393197 MSHR_MERGE:    3021683
cpu0->cpu0_L1D LOAD         ACCESS:   17418954 HIT:   12081385 MISS:    5337569 MSHR_MERGE:    3017858
cpu0->cpu0_L1D RFO          ACCESS:          0 HIT:          0 MISS:          0 MSHR_MERGE:          0
cpu0->cpu0_L1D PREFETCH     ACCESS:          0 HIT:          0 MISS:          0 MSHR_MERGE:          0
cpu0->cpu0_L1D WRITE        ACCESS:    3195606 HIT:    3179661 MISS:      15945 MSHR_MERGE:       3824
cpu0->cpu0_L1D TRANSLATION  ACCESS:      70347 HIT:      30664 MISS:      39683 MSHR_MERGE:          1
cpu0->cpu0_L1D PREFETCH REQUESTED:          0 ISSUED:          0 USEFUL:          0 USELESS:          0
cpu0->cpu0_L1D AVERAGE MISS LATENCY: 26.02 cycles
cpu0->cpu0_ITLB TOTAL        ACCESS:   15607842 HIT:   15607768 MISS:         74 MSHR_MERGE:         43
cpu0->cpu0_ITLB LOAD         ACCESS:   15607842 HIT:   15607768 MISS:         74 MSHR_MERGE:         43
cpu0->cpu0_ITLB RFO          ACCESS:          0 HIT:          0 MISS:          0 MSHR_MERGE:          0
cpu0->cpu0_ITLB PREFETCH     ACCESS:          0 HIT:          0 MISS:          0 MSHR_MERGE:          0
cpu0->cpu0_ITLB WRITE        ACCESS:          0 HIT:          0 MISS:          0 MSHR_MERGE:          0
cpu0->cpu0_ITLB TRANSLATION  ACCESS:          0 HIT:          0 MISS:          0 MSHR_MERGE:          0
cpu0->cpu0_ITLB PREFETCH REQUESTED:          0 ISSUED:          0 USEFUL:          0 USELESS:          0
cpu0->cpu0_ITLB AVERAGE MISS LATENCY: 850.5 cycles
cpu0->cpu0_DTLB TOTAL        ACCESS:   20461559 HIT:   20318306 MISS:     143253 MSHR_MERGE:     105454
cpu0->cpu0_DTLB LOAD         ACCESS:   20461559 HIT:   20318306 MISS:     143253 MSHR_MERGE:     105454
cpu0->cpu0_DTLB RFO          ACCESS:          0 HIT:          0 MISS:          0 MSHR_MERGE:          0
cpu0->cpu0_DTLB PREFETCH     ACCESS:          0 HIT:          0 MISS:          0 MSHR_MERGE:          0
cpu0->cpu0_DTLB WRITE        ACCESS:          0 HIT:          0 MISS:          0 MSHR_MERGE:          0
cpu0->cpu0_DTLB TRANSLATION  ACCESS:          0 HIT:          0 MISS:          0 MSHR_MERGE:          0
cpu0->cpu0_DTLB PREFETCH REQUESTED:          0 ISSUED:          0 USEFUL:          0 USELESS:          0
cpu0->cpu0_DTLB AVERAGE MISS LATENCY: 273.7 cycles
cpu0->LLC TOTAL        ACCESS:    2309599 HIT:    2272313 MISS:      37286 MSHR_MERGE:          0
cpu0->LLC LOAD         ACCESS:    2263926 HIT:    2263270 MISS:        656 MSHR_MERGE:          0
cpu0->LLC RFO          ACCESS:       2404 HIT:       1012 MISS:       1392 MSHR_MERGE:          0
cpu0->LLC PREFETCH     ACCESS:          0 HIT:          0 MISS:          0 MSHR_MERGE:          0
cpu0->LLC WRITE        ACCESS:       3588 HIT:       3552 MISS:         36 MSHR_MERGE:          0
cpu0->LLC TRANSLATION  ACCESS:      39681 HIT:       4479 MISS:      35202 MSHR_MERGE:          0
cpu0->LLC PREFETCH REQUESTED:          0 ISSUED:          0 USEFUL:          0 USELESS:          0
cpu0->LLC AVERAGE MISS LATENCY: 156.7 cycles

DRAM Statistics

Channel 0 RQ ROW_BUFFER_HIT:         34
  ROW_BUFFER_MISS:      37216
  AVG DBUS CONGESTED CYCLE: 13.24
Channel 0 WQ ROW_BUFFER_HIT:         87
  ROW_BUFFER_MISS:       1073
  FULL:          0
Channel 0 REFRESHES ISSUED:       5723
