[VMEM] WARNING: physical memory size is smaller than virtual memory size.
WARNING: option --warmup_instructions is deprecated. Use --warmup-instructions instead.
WARNING: option --simulation_instructions is deprecated. Use --simulation-instructions instead.

*** ChampSim Multicore Out-of-Order Simulator ***
Warmup Instructions: 0
Simulation Instructions: 100000000
Number of CPUs: 1
Page size: 4096

Off-chip DRAM Size: 16 GiB Channels: 1 Width: 64-bit Data Rate: 3205 MT/s
[LLC] SPM stats: hits=0 first_accesses=0 dram_direct=0 loaded_lines=0
Warmup finished CPU 0 instructions: 0 cycles: 1 cumulative IPC: 0 (Simulation time: 00 hr 00 min 00 sec)
Warmup complete CPU 0 instructions: 0 cycles: 1 cumulative IPC: 0 (Simulation time: 00 hr 00 min 00 sec)
Heartbeat CPU 0 instructions: 10000003 cycles: 4344627 heartbeat IPC: 2.302 cumulative IPC: 2.302 (Simulation time: 00 hr 00 min 40 sec)
Heartbeat CPU 0 instructions: 20000004 cycles: 8571299 heartbeat IPC: 2.366 cumulative IPC: 2.333 (Simulation time: 00 hr 01 min 18 sec)
Heartbeat CPU 0 instructions: 30000005 cycles: 12805337 heartbeat IPC: 2.362 cumulative IPC: 2.343 (Simulation time: 00 hr 01 min 57 sec)
Heartbeat CPU 0 instructions: 40000005 cycles: 17034778 heartbeat IPC: 2.364 cumulative IPC: 2.348 (Simulation time: 00 hr 02 min 36 sec)
Heartbeat CPU 0 instructions: 50000005 cycles: 21256574 heartbeat IPC: 2.369 cumulative IPC: 2.352 (Simulation time: 00 hr 03 min 15 sec)
Heartbeat CPU 0 instructions: 60000005 cycles: 25489420 heartbeat IPC: 2.362 cumulative IPC: 2.354 (Simulation time: 00 hr 03 min 54 sec)
Heartbeat CPU 0 instructions: 70000006 cycles: 29729062 heartbeat IPC: 2.359 cumulative IPC: 2.355 (Simulation time: 00 hr 04 min 33 sec)
Heartbeat CPU 0 instructions: 80000010 cycles: 33947638 heartbeat IPC: 2.37 cumulative IPC: 2.357 (Simulation time: 00 hr 05 min 12 sec)
Heartbeat CPU 0 instructions: 90000010 cycles: 38185838 heartbeat IPC: 2.359 cumulative IPC: 2.357 (Simulation time: 00 hr 05 min 51 sec)
[LLC] SPM stats: hits=0 first_accesses=139456 dram_direct=0 loaded_lines=139456
Simulation finished CPU 0 instructions: 100000003 cycles: 42426781 cumulative IPC: 2.357 (Simulation time: 00 hr 06 min 30 sec)
Simulation complete CPU 0 instructions: 100000003 cycles: 42426781 cumulative IPC: 2.357 (Simulation time: 00 hr 06 min 30 sec)

ChampSim completed all CPUs

=== Simulation ===
CPU 0 runs traces/bench_gemm_q4k_M16_K4096_N128256_spm.trace.xz

Region of Interest Statistics

CPU 0 cumulative IPC: 2.357 instructions: 100000003 cycles: 42426781
CPU 0 Branch Prediction Accuracy: 95.68% MPKI: 0.6489 Average ROB Occupancy at Mispredict: 330.8
Branch type MPKI
BRANCH_DIRECT_JUMP: 0.00025
BRANCH_INDIRECT: 2e-05
BRANCH_CONDITIONAL: 0.6478
BRANCH_DIRECT_CALL: 0.00039
BRANCH_INDIRECT_CALL: 8e-05
BRANCH_RETURN: 0.0004

cpu0->cpu0_STLB TOTAL        ACCESS:       5673 HIT:       3343 MISS:       2330 MSHR_MERGE:          0
cpu0->cpu0_STLB LOAD         ACCESS:       5673 HIT:       3343 MISS:       2330 MSHR_MERGE:          0
cpu0->cpu0_STLB RFO          ACCESS:          0 HIT:          0 MISS:          0 MSHR_MERGE:          0
cpu0->cpu0_STLB PREFETCH     ACCESS:          0 HIT:          0 MISS:          0 MSHR_MERGE:          0
cpu0->cpu0_STLB WRITE        ACCESS:          0 HIT:          0 MISS:          0 MSHR_MERGE:          0
cpu0->cpu0_STLB TRANSLATION  ACCESS:          0 HIT:          0 MISS:          0 MSHR_MERGE:          0
cpu0->cpu0_STLB PREFETCH REQUESTED:          0 ISSUED:          0 USEFUL:          0 USELESS:          0
cpu0->cpu0_STLB AVERAGE MISS LATENCY: 634.6 cycles
cpu0->cpu0_L2C TOTAL        ACCESS:    2490871 HIT:    2337091 MISS:     153780 MSHR_MERGE:          0
cpu0->cpu0_L2C LOAD         ACCESS:    2465412 HIT:    2319338 MISS:     146074 MSHR_MERGE:          0
cpu0->cpu0_L2C RFO          ACCESS:       9008 HIT:       4045 MISS:       4963 MSHR_MERGE:          0
cpu0->cpu0_L2C PREFETCH     ACCESS:          0 HIT:          0 MISS:          0 MSHR_MERGE:          0
cpu0->cpu0_L2C WRITE        ACCESS:      13501 HIT:      13501 MISS:          0 MSHR_MERGE:          0
cpu0->cpu0_L2C TRANSLATION  ACCESS:       2950 HIT:        207 MISS:       2743 MSHR_MERGE:          0
cpu0->cpu0_L2C PREFETCH REQUESTED:          0 ISSUED:          0 USEFUL:          0 USELESS:          0
cpu0->cpu0_L2C AVERAGE MISS LATENCY: 23.57 cycles
cpu0->cpu0_L1I TOTAL        ACCESS:   14801321 HIT:   14800956 MISS:        365 MSHR_MERGE:        125
cpu0->cpu0_L1I LOAD         ACCESS:   14801321 HIT:   14800956 MISS:        365 MSHR_MERGE:        125
cpu0->cpu0_L1I RFO          ACCESS:          0 HIT:          0 MISS:          0 MSHR_MERGE:          0
cpu0->cpu0_L1I PREFETCH     ACCESS:          0 HIT:          0 MISS:          0 MSHR_MERGE:          0
cpu0->cpu0_L1I WRITE        ACCESS:          0 HIT:          0 MISS:          0 MSHR_MERGE:          0
cpu0->cpu0_L1I TRANSLATION  ACCESS:          0 HIT:          0 MISS:          0 MSHR_MERGE:          0
cpu0->cpu0_L1I PREFETCH REQUESTED:          0 ISSUED:          0 USEFUL:          0 USELESS:          0
cpu0->cpu0_L1I AVERAGE MISS LATENCY: 202.2 cycles
cpu0->cpu0_L1D TOTAL        ACCESS:   21060881 HIT:   15912460 MISS:    5148421 MSHR_MERGE:    2671291
cpu0->cpu0_L1D LOAD         ACCESS:   17566828 HIT:   12437569 MISS:    5129259 MSHR_MERGE:    2664087
cpu0->cpu0_L1D RFO          ACCESS:          0 HIT:          0 MISS:          0 MSHR_MERGE:          0
cpu0->cpu0_L1D PREFETCH     ACCESS:          0 HIT:          0 MISS:          0 MSHR_MERGE:          0
cpu0->cpu0_L1D WRITE        ACCESS:    3489368 HIT:    3473158 MISS:      16210 MSHR_MERGE:       7202
cpu0->cpu0_L1D TRANSLATION  ACCESS:       4685 HIT:       1733 MISS:       2952 MSHR_MERGE:          2
cpu0->cpu0_L1D PREFETCH REQUESTED:          0 ISSUED:          0 USEFUL:          0 USELESS:          0
cpu0->cpu0_L1D AVERAGE MISS LATENCY: 9.507 cycles
cpu0->cpu0_ITLB TOTAL        ACCESS:   11769624 HIT:   11769560 MISS:         64 MSHR_MERGE:         33
cpu0->cpu0_ITLB LOAD         ACCESS:   11769624 HIT:   11769560 MISS:         64 MSHR_MERGE:         33
cpu0->cpu0_ITLB RFO          ACCESS:          0 HIT:          0 MISS:          0 MSHR_MERGE:          0
cpu0->cpu0_ITLB PREFETCH     ACCESS:          0 HIT:          0 MISS:          0 MSHR_MERGE:          0
cpu0->cpu0_ITLB WRITE        ACCESS:          0 HIT:          0 MISS:          0 MSHR_MERGE:          0
cpu0->cpu0_ITLB TRANSLATION  ACCESS:          0 HIT:          0 MISS:          0 MSHR_MERGE:          0
cpu0->cpu0_ITLB PREFETCH REQUESTED:          0 ISSUED:          0 USEFUL:          0 USELESS:          0
cpu0->cpu0_ITLB AVERAGE MISS LATENCY: 827.8 cycles
cpu0->cpu0_DTLB TOTAL        ACCESS:   20859853 HIT:   20845289 MISS:      14564 MSHR_MERGE:       8922
cpu0->cpu0_DTLB LOAD         ACCESS:   20859853 HIT:   20845289 MISS:      14564 MSHR_MERGE:       8922
cpu0->cpu0_DTLB RFO          ACCESS:          0 HIT:          0 MISS:          0 MSHR_MERGE:          0
cpu0->cpu0_DTLB PREFETCH     ACCESS:          0 HIT:          0 MISS:          0 MSHR_MERGE:          0
cpu0->cpu0_DTLB WRITE        ACCESS:          0 HIT:          0 MISS:          0 MSHR_MERGE:          0
cpu0->cpu0_DTLB TRANSLATION  ACCESS:          0 HIT:          0 MISS:          0 MSHR_MERGE:          0
cpu0->cpu0_DTLB PREFETCH REQUESTED:          0 ISSUED:          0 USEFUL:          0 USELESS:          0
cpu0->cpu0_DTLB AVERAGE MISS LATENCY: 263 cycles
cpu0->LLC TOTAL        ACCESS:     158232 HIT:     149851 MISS:       8381 MSHR_MERGE:          0
cpu0->LLC LOAD         ACCESS:     146074 HIT:     145449 MISS:        625 MSHR_MERGE:          0
cpu0->LLC RFO          ACCESS:       4963 HIT:          1 MISS:       4962 MSHR_MERGE:          0
cpu0->LLC PREFETCH     ACCESS:          0 HIT:          0 MISS:          0 MSHR_MERGE:          0
cpu0->LLC WRITE        ACCESS:       4452 HIT:       4390 MISS:         62 MSHR_MERGE:          0
cpu0->LLC TRANSLATION  ACCESS:       2743 HIT:         11 MISS:       2732 MSHR_MERGE:          0
cpu0->LLC PREFETCH REQUESTED:          0 ISSUED:          0 USEFUL:          0 USELESS:          0
cpu0->LLC AVERAGE MISS LATENCY: 156.3 cycles

DRAM Statistics

Channel 0 RQ ROW_BUFFER_HIT:         51
  ROW_BUFFER_MISS:       8268
  AVG DBUS CONGESTED CYCLE: 8.2
Channel 0 WQ ROW_BUFFER_HIT:         61
  ROW_BUFFER_MISS:       1468
  FULL:          0
Channel 0 REFRESHES ISSUED:       3535
