[VMEM] WARNING: physical memory size is smaller than virtual memory size.
WARNING: option --warmup_instructions is deprecated. Use --warmup-instructions instead.
WARNING: option --simulation_instructions is deprecated. Use --simulation-instructions instead.

*** ChampSim Multicore Out-of-Order Simulator ***
Warmup Instructions: 0
Simulation Instructions: 100000000
Number of CPUs: 1
Page size: 4096

Off-chip DRAM Size: 16 GiB Channels: 1 Width: 64-bit Data Rate: 3205 MT/s
[LLC] SPM stats: hits=0 first_accesses=0 dram_direct=0 loaded_lines=0
Warmup finished CPU 0 instructions: 0 cycles: 1 cumulative IPC: 0 (Simulation time: 00 hr 00 min 00 sec)
Warmup complete CPU 0 instructions: 0 cycles: 1 cumulative IPC: 0 (Simulation time: 00 hr 00 min 00 sec)
Heartbeat CPU 0 instructions: 10000003 cycles: 9163935 heartbeat IPC: 1.091 cumulative IPC: 1.091 (Simulation time: 00 hr 01 min 08 sec)
Heartbeat CPU 0 instructions: 20000003 cycles: 18285138 heartbeat IPC: 1.096 cumulative IPC: 1.094 (Simulation time: 00 hr 02 min 51 sec)
Heartbeat CPU 0 instructions: 30000003 cycles: 27400934 heartbeat IPC: 1.097 cumulative IPC: 1.095 (Simulation time: 00 hr 04 min 00 sec)
Heartbeat CPU 0 instructions: 40000005 cycles: 36514422 heartbeat IPC: 1.097 cumulative IPC: 1.095 (Simulation time: 00 hr 06 min 32 sec)
Heartbeat CPU 0 instructions: 50000005 cycles: 45632487 heartbeat IPC: 1.097 cumulative IPC: 1.096 (Simulation time: 00 hr 09 min 49 sec)
Heartbeat CPU 0 instructions: 60000008 cycles: 54744570 heartbeat IPC: 1.097 cumulative IPC: 1.096 (Simulation time: 00 hr 10 min 56 sec)
Heartbeat CPU 0 instructions: 70000008 cycles: 63859115 heartbeat IPC: 1.097 cumulative IPC: 1.096 (Simulation time: 00 hr 12 min 04 sec)
Heartbeat CPU 0 instructions: 80000010 cycles: 72975164 heartbeat IPC: 1.097 cumulative IPC: 1.096 (Simulation time: 00 hr 13 min 12 sec)
Heartbeat CPU 0 instructions: 90000013 cycles: 82089643 heartbeat IPC: 1.097 cumulative IPC: 1.096 (Simulation time: 00 hr 14 min 19 sec)
[LLC] SPM stats: hits=2054186 first_accesses=2172971 dram_direct=0 loaded_lines=2172971
Simulation finished CPU 0 instructions: 100000003 cycles: 91204301 cumulative IPC: 1.096 (Simulation time: 00 hr 15 min 27 sec)
Simulation complete CPU 0 instructions: 100000003 cycles: 91204301 cumulative IPC: 1.096 (Simulation time: 00 hr 15 min 27 sec)

ChampSim completed all CPUs

=== Simulation ===
CPU 0 runs traces/bench_gemv_q4k_4096x128256_spm.trace.xz

Region of Interest Statistics

CPU 0 cumulative IPC: 1.096 instructions: 100000003 cycles: 91204301
CPU 0 Branch Prediction Accuracy: 95.33% MPKI: 0.653 Average ROB Occupancy at Mispredict: 328.9
Branch type MPKI
BRANCH_DIRECT_JUMP: 0.00026
BRANCH_INDIRECT: 2e-05
BRANCH_CONDITIONAL: 0.6519
BRANCH_DIRECT_CALL: 0.00039
BRANCH_INDIRECT_CALL: 7e-05
BRANCH_RETURN: 0.0004

cpu0->cpu0_STLB TOTAL        ACCESS:      34774 HIT:        695 MISS:      34079 MSHR_MERGE:          0
cpu0->cpu0_STLB LOAD         ACCESS:      34774 HIT:        695 MISS:      34079 MSHR_MERGE:          0
cpu0->cpu0_STLB RFO          ACCESS:          0 HIT:          0 MISS:          0 MSHR_MERGE:          0
cpu0->cpu0_STLB PREFETCH     ACCESS:          0 HIT:          0 MISS:          0 MSHR_MERGE:          0
cpu0->cpu0_STLB WRITE        ACCESS:          0 HIT:          0 MISS:          0 MSHR_MERGE:          0
cpu0->cpu0_STLB TRANSLATION  ACCESS:          0 HIT:          0 MISS:          0 MSHR_MERGE:          0
cpu0->cpu0_STLB PREFETCH REQUESTED:          0 ISSUED:          0 USEFUL:          0 USELESS:          0
cpu0->cpu0_STLB AVERAGE MISS LATENCY: 606.5 cycles
cpu0->cpu0_L2C TOTAL        ACCESS:   13811431 HIT:          0 MISS:   13811431 MSHR_MERGE:          0
cpu0->cpu0_L2C LOAD         ACCESS:   12334866 HIT:          0 MISS:   12334866 MSHR_MERGE:          0
cpu0->cpu0_L2C RFO          ACCESS:    1408326 HIT:          0 MISS:    1408326 MSHR_MERGE:          0
cpu0->cpu0_L2C PREFETCH     ACCESS:          0 HIT:          0 MISS:          0 MSHR_MERGE:          0
cpu0->cpu0_L2C WRITE        ACCESS:          0 HIT:          0 MISS:          0 MSHR_MERGE:          0
cpu0->cpu0_L2C TRANSLATION  ACCESS:      68239 HIT:          0 MISS:      68239 MSHR_MERGE:          0
cpu0->cpu0_L2C PREFETCH REQUESTED:          0 ISSUED:          0 USEFUL:          0 USELESS:          0
cpu0->cpu0_L2C AVERAGE MISS LATENCY: 10.47 cycles
cpu0->cpu0_L1I TOTAL        ACCESS:   17361297 HIT:   17360919 MISS:        378 MSHR_MERGE:        139
cpu0->cpu0_L1I LOAD         ACCESS:   17361297 HIT:   17360919 MISS:        378 MSHR_MERGE:        139
cpu0->cpu0_L1I RFO          ACCESS:          0 HIT:          0 MISS:          0 MSHR_MERGE:          0
cpu0->cpu0_L1I PREFETCH     ACCESS:          0 HIT:          0 MISS:          0 MSHR_MERGE:          0
cpu0->cpu0_L1I WRITE        ACCESS:          0 HIT:          0 MISS:          0 MSHR_MERGE:          0
cpu0->cpu0_L1I TRANSLATION  ACCESS:          0 HIT:          0 MISS:          0 MSHR_MERGE:          0
cpu0->cpu0_L1I PREFETCH REQUESTED:          0 ISSUED:          0 USEFUL:          0 USELESS:          0
cpu0->cpu0_L1I AVERAGE MISS LATENCY: 205.3 cycles
cpu0->cpu0_L1D TOTAL        ACCESS:   20061000 HIT:          0 MISS:   20061000 MSHR_MERGE:    6249807
cpu0->cpu0_L1D LOAD         ACCESS:   16443418 HIT:          0 MISS:   16443418 MSHR_MERGE:    4108791
cpu0->cpu0_L1D RFO          ACCESS:          0 HIT:          0 MISS:          0 MSHR_MERGE:          0
cpu0->cpu0_L1D PREFETCH     ACCESS:          0 HIT:          0 MISS:          0 MSHR_MERGE:          0
cpu0->cpu0_L1D WRITE        ACCESS:    3549340 HIT:          0 MISS:    3549340 MSHR_MERGE:    2141013
cpu0->cpu0_L1D TRANSLATION  ACCESS:      68242 HIT:          0 MISS:      68242 MSHR_MERGE:          3
cpu0->cpu0_L1D PREFETCH REQUESTED:          0 ISSUED:          0 USEFUL:          0 USELESS:          0
cpu0->cpu0_L1D AVERAGE MISS LATENCY: 13.77 cycles
cpu0->cpu0_ITLB TOTAL        ACCESS:   14015139 HIT:   14015063 MISS:         76 MSHR_MERGE:         45
cpu0->cpu0_ITLB LOAD         ACCESS:   14015139 HIT:   14015063 MISS:         76 MSHR_MERGE:         45
cpu0->cpu0_ITLB RFO          ACCESS:          0 HIT:          0 MISS:          0 MSHR_MERGE:          0
cpu0->cpu0_ITLB PREFETCH     ACCESS:          0 HIT:          0 MISS:          0 MSHR_MERGE:          0
cpu0->cpu0_ITLB WRITE        ACCESS:          0 HIT:          0 MISS:          0 MSHR_MERGE:          0
cpu0->cpu0_ITLB TRANSLATION  ACCESS:          0 HIT:          0 MISS:          0 MSHR_MERGE:          0
cpu0->cpu0_ITLB PREFETCH REQUESTED:          0 ISSUED:          0 USEFUL:          0 USELESS:          0
cpu0->cpu0_ITLB AVERAGE MISS LATENCY: 825.7 cycles
cpu0->cpu0_DTLB TOTAL        ACCESS:   19987016 HIT:   19872812 MISS:     114204 MSHR_MERGE:      79461
cpu0->cpu0_DTLB LOAD         ACCESS:   19987016 HIT:   19872812 MISS:     114204 MSHR_MERGE:      79461
cpu0->cpu0_DTLB RFO          ACCESS:          0 HIT:          0 MISS:          0 MSHR_MERGE:          0
cpu0->cpu0_DTLB PREFETCH     ACCESS:          0 HIT:          0 MISS:          0 MSHR_MERGE:          0
cpu0->cpu0_DTLB WRITE        ACCESS:          0 HIT:          0 MISS:          0 MSHR_MERGE:          0
cpu0->cpu0_DTLB TRANSLATION  ACCESS:          0 HIT:          0 MISS:          0 MSHR_MERGE:          0
cpu0->cpu0_DTLB PREFETCH REQUESTED:          0 ISSUED:          0 USEFUL:          0 USELESS:          0
cpu0->cpu0_DTLB AVERAGE MISS LATENCY: 600.1 cycles
cpu0->LLC TOTAL        ACCESS:   13811430 HIT:   13768821 MISS:      42609 MSHR_MERGE:          0
cpu0->LLC LOAD         ACCESS:   12334865 HIT:   12334547 MISS:        318 MSHR_MERGE:          0
cpu0->LLC RFO          ACCESS:    1408326 HIT:    1404433 MISS:       3893 MSHR_MERGE:          0
cpu0->LLC PREFETCH     ACCESS:          0 HIT:          0 MISS:          0 MSHR_MERGE:          0
cpu0->LLC WRITE        ACCESS:          0 HIT:          0 MISS:          0 MSHR_MERGE:          0
cpu0->LLC TRANSLATION  ACCESS:      68239 HIT:      29841 MISS:      38398 MSHR_MERGE:          0
cpu0->LLC PREFETCH REQUESTED:          0 ISSUED:          0 USEFUL:          0 USELESS:          0
cpu0->LLC AVERAGE MISS LATENCY: 150.9 cycles

DRAM Statistics

Channel 0 RQ ROW_BUFFER_HIT:          3
  ROW_BUFFER_MISS:      42606
  AVG DBUS CONGESTED CYCLE: 2.873
Channel 0 WQ ROW_BUFFER_HIT:          0
  ROW_BUFFER_MISS:          0
  FULL:          0
Channel 0 REFRESHES ISSUED:       7600
