[VMEM] WARNING: physical memory size is smaller than virtual memory size.
WARNING: option --warmup_instructions is deprecated. Use --warmup-instructions instead.
WARNING: option --simulation_instructions is deprecated. Use --simulation-instructions instead.

*** ChampSim Multicore Out-of-Order Simulator ***
Warmup Instructions: 0
Simulation Instructions: 100000000
Number of CPUs: 1
Page size: 4096

Off-chip DRAM Size: 16 GiB Channels: 1 Width: 64-bit Data Rate: 3205 MT/s
[LLC] SPM stats: hits=0 first_accesses=0 dram_direct=0 loaded_lines=0
Warmup finished CPU 0 instructions: 0 cycles: 1 cumulative IPC: 0 (Simulation time: 00 hr 00 min 00 sec)
Warmup complete CPU 0 instructions: 0 cycles: 1 cumulative IPC: 0 (Simulation time: 00 hr 00 min 00 sec)
Heartbeat CPU 0 instructions: 10000002 cycles: 7112654 heartbeat IPC: 1.406 cumulative IPC: 1.406 (Simulation time: 00 hr 00 min 55 sec)
Heartbeat CPU 0 instructions: 20000004 cycles: 15410416 heartbeat IPC: 1.205 cumulative IPC: 1.298 (Simulation time: 00 hr 01 min 59 sec)
Heartbeat CPU 0 instructions: 30000005 cycles: 23591090 heartbeat IPC: 1.222 cumulative IPC: 1.272 (Simulation time: 00 hr 03 min 05 sec)
Heartbeat CPU 0 instructions: 40000007 cycles: 31749270 heartbeat IPC: 1.226 cumulative IPC: 1.26 (Simulation time: 00 hr 04 min 10 sec)
Heartbeat CPU 0 instructions: 50000008 cycles: 39896518 heartbeat IPC: 1.227 cumulative IPC: 1.253 (Simulation time: 00 hr 05 min 15 sec)
Heartbeat CPU 0 instructions: 60000008 cycles: 48043908 heartbeat IPC: 1.227 cumulative IPC: 1.249 (Simulation time: 00 hr 06 min 20 sec)
Heartbeat CPU 0 instructions: 70000008 cycles: 56214771 heartbeat IPC: 1.224 cumulative IPC: 1.245 (Simulation time: 00 hr 07 min 25 sec)
Heartbeat CPU 0 instructions: 80000008 cycles: 64436766 heartbeat IPC: 1.216 cumulative IPC: 1.242 (Simulation time: 00 hr 08 min 30 sec)
Heartbeat CPU 0 instructions: 90000010 cycles: 72628966 heartbeat IPC: 1.221 cumulative IPC: 1.239 (Simulation time: 00 hr 09 min 35 sec)
[LLC] SPM stats: hits=95010 first_accesses=151424 dram_direct=0 loaded_lines=151424
Simulation finished CPU 0 instructions: 100000004 cycles: 80807732 cumulative IPC: 1.238 (Simulation time: 00 hr 10 min 39 sec)
Simulation complete CPU 0 instructions: 100000004 cycles: 80807732 cumulative IPC: 1.238 (Simulation time: 00 hr 10 min 39 sec)

ChampSim completed all CPUs

=== Simulation ===
CPU 0 runs traces/bench_gemm_q4k_M16_K14336_N4096_spm.trace.xz

Region of Interest Statistics

CPU 0 cumulative IPC: 1.238 instructions: 100000004 cycles: 80807732
CPU 0 Branch Prediction Accuracy: 98.63% MPKI: 0.2139 Average ROB Occupancy at Mispredict: 332.4
Branch type MPKI
BRANCH_DIRECT_JUMP: 0.00025
BRANCH_INDIRECT: 2e-05
BRANCH_CONDITIONAL: 0.2128
BRANCH_DIRECT_CALL: 0.00039
BRANCH_INDIRECT_CALL: 8e-05
BRANCH_RETURN: 0.0004

cpu0->cpu0_STLB TOTAL        ACCESS:      11524 HIT:       9005 MISS:       2519 MSHR_MERGE:          0
cpu0->cpu0_STLB LOAD         ACCESS:      11524 HIT:       9005 MISS:       2519 MSHR_MERGE:          0
cpu0->cpu0_STLB RFO          ACCESS:          0 HIT:          0 MISS:          0 MSHR_MERGE:          0
cpu0->cpu0_STLB PREFETCH     ACCESS:          0 HIT:          0 MISS:          0 MSHR_MERGE:          0
cpu0->cpu0_STLB WRITE        ACCESS:          0 HIT:          0 MISS:          0 MSHR_MERGE:          0
cpu0->cpu0_STLB TRANSLATION  ACCESS:          0 HIT:          0 MISS:          0 MSHR_MERGE:          0
cpu0->cpu0_STLB PREFETCH REQUESTED:          0 ISSUED:          0 USEFUL:          0 USELESS:          0
cpu0->cpu0_STLB AVERAGE MISS LATENCY: 626.7 cycles
cpu0->cpu0_L2C TOTAL        ACCESS:   11340384 HIT:    1953755 MISS:    9386629 MSHR_MERGE:          0
cpu0->cpu0_L2C LOAD         ACCESS:    9773165 HIT:    1953755 MISS:    7819410 MSHR_MERGE:          0
cpu0->cpu0_L2C RFO          ACCESS:    1562165 HIT:          0 MISS:    1562165 MSHR_MERGE:          0
cpu0->cpu0_L2C PREFETCH     ACCESS:          0 HIT:          0 MISS:          0 MSHR_MERGE:          0
cpu0->cpu0_L2C WRITE        ACCESS:          0 HIT:          0 MISS:          0 MSHR_MERGE:          0
cpu0->cpu0_L2C TRANSLATION  ACCESS:       5054 HIT:          0 MISS:       5054 MSHR_MERGE:          0
cpu0->cpu0_L2C PREFETCH REQUESTED:          0 ISSUED:          0 USEFUL:          0 USELESS:          0
cpu0->cpu0_L2C AVERAGE MISS LATENCY: 16.11 cycles
cpu0->cpu0_L1I TOTAL        ACCESS:   18484120 HIT:   18483753 MISS:        367 MSHR_MERGE:        127
cpu0->cpu0_L1I LOAD         ACCESS:   18484120 HIT:   18483753 MISS:        367 MSHR_MERGE:        127
cpu0->cpu0_L1I RFO          ACCESS:          0 HIT:          0 MISS:          0 MSHR_MERGE:          0
cpu0->cpu0_L1I PREFETCH     ACCESS:          0 HIT:          0 MISS:          0 MSHR_MERGE:          0
cpu0->cpu0_L1I WRITE        ACCESS:          0 HIT:          0 MISS:          0 MSHR_MERGE:          0
cpu0->cpu0_L1I TRANSLATION  ACCESS:          0 HIT:          0 MISS:          0 MSHR_MERGE:          0
cpu0->cpu0_L1I PREFETCH REQUESTED:          0 ISSUED:          0 USEFUL:          0 USELESS:          0
cpu0->cpu0_L1I AVERAGE MISS LATENCY: 198.2 cycles
cpu0->cpu0_L1D TOTAL        ACCESS:   20022556 HIT:    3662211 MISS:   16360345 MSHR_MERGE:    5020201
cpu0->cpu0_L1D LOAD         ACCESS:   16865510 HIT:    3662211 MISS:   13203299 MSHR_MERGE:    3430374
cpu0->cpu0_L1D RFO          ACCESS:          0 HIT:          0 MISS:          0 MSHR_MERGE:          0
cpu0->cpu0_L1D PREFETCH     ACCESS:          0 HIT:          0 MISS:          0 MSHR_MERGE:          0
cpu0->cpu0_L1D WRITE        ACCESS:    3151987 HIT:          0 MISS:    3151987 MSHR_MERGE:    1589822
cpu0->cpu0_L1D TRANSLATION  ACCESS:       5059 HIT:          0 MISS:       5059 MSHR_MERGE:          5
cpu0->cpu0_L1D PREFETCH REQUESTED:          0 ISSUED:          0 USEFUL:          0 USELESS:          0
cpu0->cpu0_L1D AVERAGE MISS LATENCY: 19.06 cycles
cpu0->cpu0_ITLB TOTAL        ACCESS:   16179890 HIT:   16179826 MISS:         64 MSHR_MERGE:         33
cpu0->cpu0_ITLB LOAD         ACCESS:   16179890 HIT:   16179826 MISS:         64 MSHR_MERGE:         33
cpu0->cpu0_ITLB RFO          ACCESS:          0 HIT:          0 MISS:          0 MSHR_MERGE:          0
cpu0->cpu0_ITLB PREFETCH     ACCESS:          0 HIT:          0 MISS:          0 MSHR_MERGE:          0
cpu0->cpu0_ITLB WRITE        ACCESS:          0 HIT:          0 MISS:          0 MSHR_MERGE:          0
cpu0->cpu0_ITLB TRANSLATION  ACCESS:          0 HIT:          0 MISS:          0 MSHR_MERGE:          0
cpu0->cpu0_ITLB PREFETCH REQUESTED:          0 ISSUED:          0 USEFUL:          0 USELESS:          0
cpu0->cpu0_ITLB AVERAGE MISS LATENCY: 821 cycles
cpu0->cpu0_DTLB TOTAL        ACCESS:   19965738 HIT:   19944352 MISS:      21386 MSHR_MERGE:       9893
cpu0->cpu0_DTLB LOAD         ACCESS:   19965738 HIT:   19944352 MISS:      21386 MSHR_MERGE:       9893
cpu0->cpu0_DTLB RFO          ACCESS:          0 HIT:          0 MISS:          0 MSHR_MERGE:          0
cpu0->cpu0_DTLB PREFETCH     ACCESS:          0 HIT:          0 MISS:          0 MSHR_MERGE:          0
cpu0->cpu0_DTLB WRITE        ACCESS:          0 HIT:          0 MISS:          0 MSHR_MERGE:          0
cpu0->cpu0_DTLB TRANSLATION  ACCESS:          0 HIT:          0 MISS:          0 MSHR_MERGE:          0
cpu0->cpu0_DTLB PREFETCH REQUESTED:          0 ISSUED:          0 USEFUL:          0 USELESS:          0
cpu0->cpu0_DTLB AVERAGE MISS LATENCY: 140.4 cycles
cpu0->LLC TOTAL        ACCESS:    9386628 HIT:    9313526 MISS:      73102 MSHR_MERGE:          0
cpu0->LLC LOAD         ACCESS:    7819409 HIT:    7754440 MISS:      64969 MSHR_MERGE:          0
cpu0->LLC RFO          ACCESS:    1562165 HIT:    1556943 MISS:       5222 MSHR_MERGE:          0
cpu0->LLC PREFETCH     ACCESS:          0 HIT:          0 MISS:          0 MSHR_MERGE:          0
cpu0->LLC WRITE        ACCESS:          0 HIT:          0 MISS:          0 MSHR_MERGE:          0
cpu0->LLC TRANSLATION  ACCESS:       5054 HIT:       2143 MISS:       2911 MSHR_MERGE:          0
cpu0->LLC PREFETCH REQUESTED:          0 ISSUED:          0 USEFUL:          0 USELESS:          0
cpu0->LLC AVERAGE MISS LATENCY: 141.2 cycles

DRAM Statistics

Channel 0 RQ ROW_BUFFER_HIT:      22963
  ROW_BUFFER_MISS:      50139
  AVG DBUS CONGESTED CYCLE: 2.825
Channel 0 WQ ROW_BUFFER_HIT:          0
  ROW_BUFFER_MISS:          0
  FULL:          0
Channel 0 REFRESHES ISSUED:       6733
