[VMEM] WARNING: physical memory size is smaller than virtual memory size.

*** ChampSim Multicore Out-of-Order Simulator ***
Warmup Instructions: 10000000
Simulation Instructions: 50000000
Number of CPUs: 1
Page size: 4096

Off-chip DRAM Size: 16 GiB Channels: 1 Width: 64-bit Data Rate: 3205 MT/s
*** Reached end of trace: (0, "traces/bench_gemm_f32.trace.xz")
Heartbeat CPU 0 instructions: 10000004 cycles: 7495569 heartbeat IPC: 1.334 cumulative IPC: 1.334 (Simulation time: 00 hr 01 min 18 sec)
Warmup finished CPU 0 instructions: 10000004 cycles: 7495569 cumulative IPC: 1.334 (Simulation time: 00 hr 01 min 18 sec)
Warmup complete CPU 0 instructions: 10000004 cycles: 7495569 cumulative IPC: 1.334 (Simulation time: 00 hr 01 min 18 sec)
*** Reached end of trace: (0, "traces/bench_gemm_f32.trace.xz")
Heartbeat CPU 0 instructions: 20000004 cycles: 17984519 heartbeat IPC: 0.9534 cumulative IPC: 0.9534 (Simulation time: 00 hr 02 min 36 sec)
*** Reached end of trace: (0, "traces/bench_gemm_f32.trace.xz")
Heartbeat CPU 0 instructions: 30000007 cycles: 28478225 heartbeat IPC: 0.953 cumulative IPC: 0.9532 (Simulation time: 00 hr 03 min 55 sec)
*** Reached end of trace: (0, "traces/bench_gemm_f32.trace.xz")
Heartbeat CPU 0 instructions: 40000011 cycles: 38967131 heartbeat IPC: 0.9534 cumulative IPC: 0.9532 (Simulation time: 00 hr 05 min 14 sec)
*** Reached end of trace: (0, "traces/bench_gemm_f32.trace.xz")
Heartbeat CPU 0 instructions: 50000011 cycles: 49456387 heartbeat IPC: 0.9534 cumulative IPC: 0.9533 (Simulation time: 00 hr 06 min 32 sec)
*** Reached end of trace: (0, "traces/bench_gemm_f32.trace.xz")
Simulation finished CPU 0 instructions: 50000000 cycles: 52447563 cumulative IPC: 0.9533 (Simulation time: 00 hr 07 min 51 sec)
Simulation complete CPU 0 instructions: 50000000 cycles: 52447563 cumulative IPC: 0.9533 (Simulation time: 00 hr 07 min 51 sec)

ChampSim completed all CPUs

=== Simulation ===
CPU 0 runs traces/bench_gemm_f32.trace.xz

Region of Interest Statistics

CPU 0 cumulative IPC: 0.9533 instructions: 50000000 cycles: 52447563
CPU 0 Branch Prediction Accuracy: 98.49% MPKI: 1.286 Average ROB Occupancy at Mispredict: 204.4
Branch type MPKI
BRANCH_DIRECT_JUMP: 0
BRANCH_INDIRECT: 0
BRANCH_CONDITIONAL: 1.286
BRANCH_DIRECT_CALL: 0
BRANCH_INDIRECT_CALL: 0
BRANCH_RETURN: 0

cpu0->cpu0_STLB TOTAL        ACCESS:     196271 HIT:     180825 MISS:      15446 MSHR_MERGE:          0
cpu0->cpu0_STLB LOAD         ACCESS:     196271 HIT:     180825 MISS:      15446 MSHR_MERGE:          0
cpu0->cpu0_STLB RFO          ACCESS:          0 HIT:          0 MISS:          0 MSHR_MERGE:          0
cpu0->cpu0_STLB PREFETCH     ACCESS:          0 HIT:          0 MISS:          0 MSHR_MERGE:          0
cpu0->cpu0_STLB WRITE        ACCESS:          0 HIT:          0 MISS:          0 MSHR_MERGE:          0
cpu0->cpu0_STLB TRANSLATION  ACCESS:          0 HIT:          0 MISS:          0 MSHR_MERGE:          0
cpu0->cpu0_STLB PREFETCH REQUESTED:          0 ISSUED:          0 USEFUL:          0 USELESS:          0
cpu0->cpu0_STLB AVERAGE MISS LATENCY: 315.4 cycles
cpu0->cpu0_L2C TOTAL        ACCESS:   16528408 HIT:   13747019 MISS:    2781389 MSHR_MERGE:          0
cpu0->cpu0_L2C LOAD         ACCESS:   16437582 HIT:   13677498 MISS:    2760084 MSHR_MERGE:          0
cpu0->cpu0_L2C RFO          ACCESS:      34145 HIT:      30355 MISS:       3790 MSHR_MERGE:          0
cpu0->cpu0_L2C PREFETCH     ACCESS:          0 HIT:          0 MISS:          0 MSHR_MERGE:          0
cpu0->cpu0_L2C WRITE        ACCESS:      39226 HIT:      39121 MISS:        105 MSHR_MERGE:          0
cpu0->cpu0_L2C TRANSLATION  ACCESS:      17455 HIT:         45 MISS:      17410 MSHR_MERGE:          0
cpu0->cpu0_L2C PREFETCH REQUESTED:          0 ISSUED:          0 USEFUL:          0 USELESS:          0
cpu0->cpu0_L2C AVERAGE MISS LATENCY: 83.85 cycles
cpu0->cpu0_L1I TOTAL        ACCESS:   12419627 HIT:   12419627 MISS:          0 MSHR_MERGE:          0
cpu0->cpu0_L1I LOAD         ACCESS:   12419627 HIT:   12419627 MISS:          0 MSHR_MERGE:          0
cpu0->cpu0_L1I RFO          ACCESS:          0 HIT:          0 MISS:          0 MSHR_MERGE:          0
cpu0->cpu0_L1I PREFETCH     ACCESS:          0 HIT:          0 MISS:          0 MSHR_MERGE:          0
cpu0->cpu0_L1I WRITE        ACCESS:          0 HIT:          0 MISS:          0 MSHR_MERGE:          0
cpu0->cpu0_L1I TRANSLATION  ACCESS:          0 HIT:          0 MISS:          0 MSHR_MERGE:          0
cpu0->cpu0_L1I PREFETCH REQUESTED:          0 ISSUED:          0 USEFUL:          0 USELESS:          0
cpu0->cpu0_L1I AVERAGE MISS LATENCY: - cycles
cpu0->cpu0_L1D TOTAL        ACCESS:   31609109 HIT:   15105299 MISS:   16503810 MSHR_MERGE:      14630
cpu0->cpu0_L1D LOAD         ACCESS:   31283388 HIT:   14834949 MISS:   16448439 MSHR_MERGE:      10860
cpu0->cpu0_L1D RFO          ACCESS:          0 HIT:          0 MISS:          0 MSHR_MERGE:          0
cpu0->cpu0_L1D PREFETCH     ACCESS:          0 HIT:          0 MISS:          0 MSHR_MERGE:          0
cpu0->cpu0_L1D WRITE        ACCESS:     294830 HIT:     256915 MISS:      37915 MSHR_MERGE:       3770
cpu0->cpu0_L1D TRANSLATION  ACCESS:      30891 HIT:      13435 MISS:      17456 MSHR_MERGE:          0
cpu0->cpu0_L1D PREFETCH REQUESTED:          0 ISSUED:          0 USEFUL:          0 USELESS:          0
cpu0->cpu0_L1D AVERAGE MISS LATENCY: 22.45 cycles
cpu0->cpu0_ITLB TOTAL        ACCESS:   11428677 HIT:   11428677 MISS:          0 MSHR_MERGE:          0
cpu0->cpu0_ITLB LOAD         ACCESS:   11428677 HIT:   11428677 MISS:          0 MSHR_MERGE:          0
cpu0->cpu0_ITLB RFO          ACCESS:          0 HIT:          0 MISS:          0 MSHR_MERGE:          0
cpu0->cpu0_ITLB PREFETCH     ACCESS:          0 HIT:          0 MISS:          0 MSHR_MERGE:          0
cpu0->cpu0_ITLB WRITE        ACCESS:          0 HIT:          0 MISS:          0 MSHR_MERGE:          0
cpu0->cpu0_ITLB TRANSLATION  ACCESS:          0 HIT:          0 MISS:          0 MSHR_MERGE:          0
cpu0->cpu0_ITLB PREFETCH REQUESTED:          0 ISSUED:          0 USEFUL:          0 USELESS:          0
cpu0->cpu0_ITLB AVERAGE MISS LATENCY: - cycles
cpu0->cpu0_DTLB TOTAL        ACCESS:   31496595 HIT:   30884643 MISS:     611952 MSHR_MERGE:     415681
cpu0->cpu0_DTLB LOAD         ACCESS:   31496595 HIT:   30884643 MISS:     611952 MSHR_MERGE:     415681
cpu0->cpu0_DTLB RFO          ACCESS:          0 HIT:          0 MISS:          0 MSHR_MERGE:          0
cpu0->cpu0_DTLB PREFETCH     ACCESS:          0 HIT:          0 MISS:          0 MSHR_MERGE:          0
cpu0->cpu0_DTLB WRITE        ACCESS:          0 HIT:          0 MISS:          0 MSHR_MERGE:          0
cpu0->cpu0_DTLB TRANSLATION  ACCESS:          0 HIT:          0 MISS:          0 MSHR_MERGE:          0
cpu0->cpu0_DTLB PREFETCH REQUESTED:          0 ISSUED:          0 USEFUL:          0 USELESS:          0
cpu0->cpu0_DTLB AVERAGE MISS LATENCY: 29.9 cycles
cpu0->LLC TOTAL        ACCESS:    2785653 HIT:    1780090 MISS:    1005563 MSHR_MERGE:          0
cpu0->LLC LOAD         ACCESS:    2760083 HIT:    1775845 MISS:     984238 MSHR_MERGE:          0
cpu0->LLC RFO          ACCESS:       3790 HIT:         20 MISS:       3770 MSHR_MERGE:          0
cpu0->LLC PREFETCH     ACCESS:          0 HIT:          0 MISS:          0 MSHR_MERGE:          0
cpu0->LLC WRITE        ACCESS:       4370 HIT:       4225 MISS:        145 MSHR_MERGE:          0
cpu0->LLC TRANSLATION  ACCESS:      17410 HIT:          0 MISS:      17410 MSHR_MERGE:          0
cpu0->LLC PREFETCH REQUESTED:          0 ISSUED:          0 USEFUL:          0 USELESS:          0
cpu0->LLC AVERAGE MISS LATENCY: 189.4 cycles

DRAM Statistics

Channel 0 RQ ROW_BUFFER_HIT:     473392
  ROW_BUFFER_MISS:     532019
  AVG DBUS CONGESTED CYCLE: 3.053
Channel 0 WQ ROW_BUFFER_HIT:        280
  ROW_BUFFER_MISS:       3635
  FULL:          0
Channel 0 REFRESHES ISSUED:       4371
