[VMEM] WARNING: physical memory size is smaller than virtual memory size.

*** ChampSim Multicore Out-of-Order Simulator ***
Warmup Instructions: 0
Simulation Instructions: 10000000
Number of CPUs: 1
Page size: 4096

Off-chip DRAM Size: 16 GiB Channels: 1 Width: 64-bit Data Rate: 3205 MT/s
[LLC] SPM stats: hits=0 first_accesses=0 dram_direct=0 loaded_lines=0
Warmup finished CPU 0 instructions: 0 cycles: 1 cumulative IPC: 0 (Simulation time: 00 hr 00 min 00 sec)
Warmup complete CPU 0 instructions: 0 cycles: 1 cumulative IPC: 0 (Simulation time: 00 hr 00 min 00 sec)
*** Reached end of trace: (0, "traces/bench_gemm_f32_spm.trace.xz")
[BTB] WARNING: target of return is a lower address than the corresponding call. This is usually a problem with your trace.
Heartbeat CPU 0 instructions: 10000000 cycles: 10000568 heartbeat IPC: 0.9999 cumulative IPC: 0.9999 (Simulation time: 00 hr 01 min 20 sec)
[LLC] SPM stats: hits=1934058 first_accesses=200704 dram_direct=0 loaded_lines=200704
Simulation finished CPU 0 instructions: 10000000 cycles: 10000567 cumulative IPC: 0.9999 (Simulation time: 00 hr 01 min 20 sec)
Simulation complete CPU 0 instructions: 10000000 cycles: 10000567 cumulative IPC: 0.9999 (Simulation time: 00 hr 01 min 20 sec)

ChampSim completed all CPUs

=== Simulation ===
CPU 0 runs traces/bench_gemm_f32_spm.trace.xz

Region of Interest Statistics

CPU 0 cumulative IPC: 0.9999 instructions: 10000000 cycles: 10000567
CPU 0 Branch Prediction Accuracy: 98.47% MPKI: 1.302 Average ROB Occupancy at Mispredict: 192.8
Branch type MPKI
BRANCH_DIRECT_JUMP: 0.0023
BRANCH_INDIRECT: 0.0002
BRANCH_CONDITIONAL: 1.292
BRANCH_DIRECT_CALL: 0.0034
BRANCH_INDIRECT_CALL: 0.0006
BRANCH_RETURN: 0.0035

cpu0->cpu0_STLB TOTAL        ACCESS:      41645 HIT:      38444 MISS:       3201 MSHR_MERGE:          0
cpu0->cpu0_STLB LOAD         ACCESS:      41645 HIT:      38444 MISS:       3201 MSHR_MERGE:          0
cpu0->cpu0_STLB RFO          ACCESS:          0 HIT:          0 MISS:          0 MSHR_MERGE:          0
cpu0->cpu0_STLB PREFETCH     ACCESS:          0 HIT:          0 MISS:          0 MSHR_MERGE:          0
cpu0->cpu0_STLB WRITE        ACCESS:          0 HIT:          0 MISS:          0 MSHR_MERGE:          0
cpu0->cpu0_STLB TRANSLATION  ACCESS:          0 HIT:          0 MISS:          0 MSHR_MERGE:          0
cpu0->cpu0_STLB PREFETCH REQUESTED:          0 ISSUED:          0 USEFUL:          0 USELESS:          0
cpu0->cpu0_STLB AVERAGE MISS LATENCY: 640.4 cycles
cpu0->cpu0_L2C TOTAL        ACCESS:    3357738 HIT:    1144438 MISS:    2213300 MSHR_MERGE:          0
cpu0->cpu0_L2C LOAD         ACCESS:    3322072 HIT:    1144438 MISS:    2177634 MSHR_MERGE:          0
cpu0->cpu0_L2C RFO          ACCESS:      29242 HIT:          0 MISS:      29242 MSHR_MERGE:          0
cpu0->cpu0_L2C PREFETCH     ACCESS:          0 HIT:          0 MISS:          0 MSHR_MERGE:          0
cpu0->cpu0_L2C WRITE        ACCESS:          0 HIT:          0 MISS:          0 MSHR_MERGE:          0
cpu0->cpu0_L2C TRANSLATION  ACCESS:       6424 HIT:          0 MISS:       6424 MSHR_MERGE:          0
cpu0->cpu0_L2C PREFETCH REQUESTED:          0 ISSUED:          0 USEFUL:          0 USELESS:          0
cpu0->cpu0_L2C AVERAGE MISS LATENCY: 15.35 cycles
cpu0->cpu0_L1I TOTAL        ACCESS:    2178871 HIT:    2178650 MISS:        221 MSHR_MERGE:         55
cpu0->cpu0_L1I LOAD         ACCESS:    2178871 HIT:    2178650 MISS:        221 MSHR_MERGE:         55
cpu0->cpu0_L1I RFO          ACCESS:          0 HIT:          0 MISS:          0 MSHR_MERGE:          0
cpu0->cpu0_L1I PREFETCH     ACCESS:          0 HIT:          0 MISS:          0 MSHR_MERGE:          0
cpu0->cpu0_L1I WRITE        ACCESS:          0 HIT:          0 MISS:          0 MSHR_MERGE:          0
cpu0->cpu0_L1I TRANSLATION  ACCESS:          0 HIT:          0 MISS:          0 MSHR_MERGE:          0
cpu0->cpu0_L1I PREFETCH REQUESTED:          0 ISSUED:          0 USEFUL:          0 USELESS:          0
cpu0->cpu0_L1I AVERAGE MISS LATENCY: 198.6 cycles
cpu0->cpu0_L1D TOTAL        ACCESS:    6333294 HIT:    2893150 MISS:    3440144 MSHR_MERGE:      82572
cpu0->cpu0_L1D LOAD         ACCESS:    6267412 HIT:    2893150 MISS:    3374262 MSHR_MERGE:      52356
cpu0->cpu0_L1D RFO          ACCESS:          0 HIT:          0 MISS:          0 MSHR_MERGE:          0
cpu0->cpu0_L1D PREFETCH     ACCESS:          0 HIT:          0 MISS:          0 MSHR_MERGE:          0
cpu0->cpu0_L1D WRITE        ACCESS:      59457 HIT:          0 MISS:      59457 MSHR_MERGE:      30215
cpu0->cpu0_L1D TRANSLATION  ACCESS:       6425 HIT:          0 MISS:       6425 MSHR_MERGE:          1
cpu0->cpu0_L1D PREFETCH REQUESTED:          0 ISSUED:          0 USEFUL:          0 USELESS:          0
cpu0->cpu0_L1D AVERAGE MISS LATENCY: 18.81 cycles
cpu0->cpu0_ITLB TOTAL        ACCESS:    2138157 HIT:    2138101 MISS:         56 MSHR_MERGE:         29
cpu0->cpu0_ITLB LOAD         ACCESS:    2138157 HIT:    2138101 MISS:         56 MSHR_MERGE:         29
cpu0->cpu0_ITLB RFO          ACCESS:          0 HIT:          0 MISS:          0 MSHR_MERGE:          0
cpu0->cpu0_ITLB PREFETCH     ACCESS:          0 HIT:          0 MISS:          0 MSHR_MERGE:          0
cpu0->cpu0_ITLB WRITE        ACCESS:          0 HIT:          0 MISS:          0 MSHR_MERGE:          0
cpu0->cpu0_ITLB TRANSLATION  ACCESS:          0 HIT:          0 MISS:          0 MSHR_MERGE:          0
cpu0->cpu0_ITLB PREFETCH REQUESTED:          0 ISSUED:          0 USEFUL:          0 USELESS:          0
cpu0->cpu0_ITLB AVERAGE MISS LATENCY: 826.3 cycles
cpu0->cpu0_DTLB TOTAL        ACCESS:    6318083 HIT:    6182468 MISS:     135615 MSHR_MERGE:      93997
cpu0->cpu0_DTLB LOAD         ACCESS:    6318083 HIT:    6182468 MISS:     135615 MSHR_MERGE:      93997
cpu0->cpu0_DTLB RFO          ACCESS:          0 HIT:          0 MISS:          0 MSHR_MERGE:          0
cpu0->cpu0_DTLB PREFETCH     ACCESS:          0 HIT:          0 MISS:          0 MSHR_MERGE:          0
cpu0->cpu0_DTLB WRITE        ACCESS:          0 HIT:          0 MISS:          0 MSHR_MERGE:          0
cpu0->cpu0_DTLB TRANSLATION  ACCESS:          0 HIT:          0 MISS:          0 MSHR_MERGE:          0
cpu0->cpu0_DTLB PREFETCH REQUESTED:          0 ISSUED:          0 USEFUL:          0 USELESS:          0
cpu0->cpu0_DTLB AVERAGE MISS LATENCY: 53.8 cycles
cpu0->LLC TOTAL        ACCESS:    2213300 HIT:    2208609 MISS:       4691 MSHR_MERGE:          0
cpu0->LLC LOAD         ACCESS:    2177634 HIT:    2177408 MISS:        226 MSHR_MERGE:          0
cpu0->LLC RFO          ACCESS:      29242 HIT:      28448 MISS:        794 MSHR_MERGE:          0
cpu0->LLC PREFETCH     ACCESS:          0 HIT:          0 MISS:          0 MSHR_MERGE:          0
cpu0->LLC WRITE        ACCESS:          0 HIT:          0 MISS:          0 MSHR_MERGE:          0
cpu0->LLC TRANSLATION  ACCESS:       6424 HIT:       2753 MISS:       3671 MSHR_MERGE:          0
cpu0->LLC PREFETCH REQUESTED:          0 ISSUED:          0 USEFUL:          0 USELESS:          0
cpu0->LLC AVERAGE MISS LATENCY: 165.3 cycles

DRAM Statistics

Channel 0 RQ ROW_BUFFER_HIT:          3
  ROW_BUFFER_MISS:       4688
  AVG DBUS CONGESTED CYCLE: 2.915
Channel 0 WQ ROW_BUFFER_HIT:          0
  ROW_BUFFER_MISS:          0
  FULL:          0
Channel 0 REFRESHES ISSUED:        833
