[VMEM] WARNING: physical memory size is smaller than virtual memory size.
WARNING: option --warmup_instructions is deprecated. Use --warmup-instructions instead.
WARNING: option --simulation_instructions is deprecated. Use --simulation-instructions instead.

*** ChampSim Multicore Out-of-Order Simulator ***
Warmup Instructions: 0
Simulation Instructions: 10000000
Number of CPUs: 1
Page size: 4096

Off-chip DRAM Size: 16 GiB Channels: 1 Width: 64-bit Data Rate: 3205 MT/s
[LLC] SPM stats: hits=0 first_accesses=0 dram_direct=0 loaded_lines=0
Warmup finished CPU 0 instructions: 0 cycles: 1 cumulative IPC: 0 (Simulation time: 00 hr 00 min 00 sec)
Warmup complete CPU 0 instructions: 0 cycles: 1 cumulative IPC: 0 (Simulation time: 00 hr 00 min 00 sec)
*** Reached end of trace: (0, "traces/bench_gemm_f32_spm.trace.xz")
[BTB] WARNING: target of return is a lower address than the corresponding call. This is usually a problem with your trace.
Heartbeat CPU 0 instructions: 10000000 cycles: 14737624 heartbeat IPC: 0.6785 cumulative IPC: 0.6785 (Simulation time: 00 hr 01 min 44 sec)
[LLC] SPM stats: hits=5971646 first_accesses=200704 dram_direct=4801 loaded_lines=200704
Simulation finished CPU 0 instructions: 10000000 cycles: 14737623 cumulative IPC: 0.6785 (Simulation time: 00 hr 01 min 44 sec)
Simulation complete CPU 0 instructions: 10000000 cycles: 14737623 cumulative IPC: 0.6785 (Simulation time: 00 hr 01 min 44 sec)

ChampSim completed all CPUs

=== Simulation ===
CPU 0 runs traces/bench_gemm_f32_spm.trace.xz

Region of Interest Statistics

CPU 0 cumulative IPC: 0.6785 instructions: 10000000 cycles: 14737623
CPU 0 Branch Prediction Accuracy: 98.47% MPKI: 1.302 Average ROB Occupancy at Mispredict: 201.9
Branch type MPKI
BRANCH_DIRECT_JUMP: 0.0023
BRANCH_INDIRECT: 0.0002
BRANCH_CONDITIONAL: 1.292
BRANCH_DIRECT_CALL: 0.0034
BRANCH_INDIRECT_CALL: 0.0006
BRANCH_RETURN: 0.0035

cpu0->cpu0_STLB TOTAL        ACCESS:      41645 HIT:      38444 MISS:       3201 MSHR_MERGE:          0
cpu0->cpu0_STLB LOAD         ACCESS:      41645 HIT:      38444 MISS:       3201 MSHR_MERGE:          0
cpu0->cpu0_STLB RFO          ACCESS:          0 HIT:          0 MISS:          0 MSHR_MERGE:          0
cpu0->cpu0_STLB PREFETCH     ACCESS:          0 HIT:          0 MISS:          0 MSHR_MERGE:          0
cpu0->cpu0_STLB WRITE        ACCESS:          0 HIT:          0 MISS:          0 MSHR_MERGE:          0
cpu0->cpu0_STLB TRANSLATION  ACCESS:          0 HIT:          0 MISS:          0 MSHR_MERGE:          0
cpu0->cpu0_STLB PREFETCH REQUESTED:          0 ISSUED:          0 USEFUL:          0 USELESS:          0
cpu0->cpu0_STLB AVERAGE MISS LATENCY: 602.9 cycles
cpu0->cpu0_L2C TOTAL        ACCESS:    6178001 HIT:        972 MISS:    6177029 MSHR_MERGE:          0
cpu0->cpu0_L2C LOAD         ACCESS:    6172708 HIT:        131 MISS:    6172577 MSHR_MERGE:          0
cpu0->cpu0_L2C RFO          ACCESS:        800 HIT:          6 MISS:        794 MSHR_MERGE:          0
cpu0->cpu0_L2C PREFETCH     ACCESS:          0 HIT:          0 MISS:          0 MSHR_MERGE:          0
cpu0->cpu0_L2C WRITE        ACCESS:        831 HIT:        831 MISS:          0 MSHR_MERGE:          0
cpu0->cpu0_L2C TRANSLATION  ACCESS:       3662 HIT:          4 MISS:       3658 MSHR_MERGE:          0
cpu0->cpu0_L2C PREFETCH REQUESTED:          0 ISSUED:          0 USEFUL:          0 USELESS:          0
cpu0->cpu0_L2C AVERAGE MISS LATENCY: 3.121 cycles
cpu0->cpu0_L1I TOTAL        ACCESS:    3952635 HIT:    3952414 MISS:        221 MSHR_MERGE:         55
cpu0->cpu0_L1I LOAD         ACCESS:    3952635 HIT:    3952414 MISS:        221 MSHR_MERGE:         55
cpu0->cpu0_L1I RFO          ACCESS:          0 HIT:          0 MISS:          0 MSHR_MERGE:          0
cpu0->cpu0_L1I PREFETCH     ACCESS:          0 HIT:          0 MISS:          0 MSHR_MERGE:          0
cpu0->cpu0_L1I WRITE        ACCESS:          0 HIT:          0 MISS:          0 MSHR_MERGE:          0
cpu0->cpu0_L1I TRANSLATION  ACCESS:          0 HIT:          0 MISS:          0 MSHR_MERGE:          0
cpu0->cpu0_L1I PREFETCH REQUESTED:          0 ISSUED:          0 USEFUL:          0 USELESS:          0
cpu0->cpu0_L1I AVERAGE MISS LATENCY: 179.1 cycles
cpu0->cpu0_L1D TOTAL        ACCESS:    6328728 HIT:     150822 MISS:    6177906 MSHR_MERGE:        902
cpu0->cpu0_L1D LOAD         ACCESS:    6262845 HIT:      90290 MISS:    6172555 MSHR_MERGE:         13
cpu0->cpu0_L1D RFO          ACCESS:          0 HIT:          0 MISS:          0 MSHR_MERGE:          0
cpu0->cpu0_L1D PREFETCH     ACCESS:          0 HIT:          0 MISS:          0 MSHR_MERGE:          0
cpu0->cpu0_L1D WRITE        ACCESS:      59457 HIT:      57769 MISS:       1688 MSHR_MERGE:        888
cpu0->cpu0_L1D TRANSLATION  ACCESS:       6426 HIT:       2763 MISS:       3663 MSHR_MERGE:          1
cpu0->cpu0_L1D PREFETCH REQUESTED:          0 ISSUED:          0 USEFUL:          0 USELESS:          0
cpu0->cpu0_L1D AVERAGE MISS LATENCY: 8.734 cycles
cpu0->cpu0_ITLB TOTAL        ACCESS:    3951455 HIT:    3951399 MISS:         56 MSHR_MERGE:         29
cpu0->cpu0_ITLB LOAD         ACCESS:    3951455 HIT:    3951399 MISS:         56 MSHR_MERGE:         29
cpu0->cpu0_ITLB RFO          ACCESS:          0 HIT:          0 MISS:          0 MSHR_MERGE:          0
cpu0->cpu0_ITLB PREFETCH     ACCESS:          0 HIT:          0 MISS:          0 MSHR_MERGE:          0
cpu0->cpu0_ITLB WRITE        ACCESS:          0 HIT:          0 MISS:          0 MSHR_MERGE:          0
cpu0->cpu0_ITLB TRANSLATION  ACCESS:          0 HIT:          0 MISS:          0 MSHR_MERGE:          0
cpu0->cpu0_ITLB PREFETCH REQUESTED:          0 ISSUED:          0 USEFUL:          0 USELESS:          0
cpu0->cpu0_ITLB AVERAGE MISS LATENCY: 783.2 cycles
cpu0->cpu0_DTLB TOTAL        ACCESS:    6322200 HIT:    6189416 MISS:     132784 MSHR_MERGE:      91166
cpu0->cpu0_DTLB LOAD         ACCESS:    6322200 HIT:    6189416 MISS:     132784 MSHR_MERGE:      91166
cpu0->cpu0_DTLB RFO          ACCESS:          0 HIT:          0 MISS:          0 MSHR_MERGE:          0
cpu0->cpu0_DTLB PREFETCH     ACCESS:          0 HIT:          0 MISS:          0 MSHR_MERGE:          0
cpu0->cpu0_DTLB WRITE        ACCESS:          0 HIT:          0 MISS:          0 MSHR_MERGE:          0
cpu0->cpu0_DTLB TRANSLATION  ACCESS:          0 HIT:          0 MISS:          0 MSHR_MERGE:          0
cpu0->cpu0_DTLB PREFETCH REQUESTED:          0 ISSUED:          0 USEFUL:          0 USELESS:          0
cpu0->cpu0_DTLB AVERAGE MISS LATENCY: 50.95 cycles
cpu0->LLC TOTAL        ACCESS:    6177151 HIT:    6172350 MISS:       4801 MSHR_MERGE:          0
cpu0->LLC LOAD         ACCESS:    6172577 HIT:    6172350 MISS:        227 MSHR_MERGE:          0
cpu0->LLC RFO          ACCESS:        794 HIT:          0 MISS:        794 MSHR_MERGE:          0
cpu0->LLC PREFETCH     ACCESS:          0 HIT:          0 MISS:          0 MSHR_MERGE:          0
cpu0->LLC WRITE        ACCESS:        122 HIT:          0 MISS:        122 MSHR_MERGE:          0
cpu0->LLC TRANSLATION  ACCESS:       3658 HIT:          0 MISS:       3658 MSHR_MERGE:          0
cpu0->LLC PREFETCH REQUESTED:          0 ISSUED:          0 USEFUL:          0 USELESS:          0
cpu0->LLC AVERAGE MISS LATENCY: 154.3 cycles

DRAM Statistics

Channel 0 RQ ROW_BUFFER_HIT:          3
  ROW_BUFFER_MISS:       4675
  AVG DBUS CONGESTED CYCLE: 2.909
Channel 0 WQ ROW_BUFFER_HIT:          0
  ROW_BUFFER_MISS:          0
  FULL:          0
Channel 0 REFRESHES ISSUED:       1228
