[VMEM] WARNING: physical memory size is smaller than virtual memory size.

*** ChampSim Multicore Out-of-Order Simulator ***
Warmup Instructions: 10000000
Simulation Instructions: 50000000
Number of CPUs: 1
Page size: 4096

Off-chip DRAM Size: 16 GiB Channels: 1 Width: 64-bit Data Rate: 3205 MT/s
*** Reached end of trace: (0, "traces/bench_gemv_f32.trace.xz")
Heartbeat CPU 0 instructions: 10000000 cycles: 10984214 heartbeat IPC: 0.9104 cumulative IPC: 0.9104 (Simulation time: 00 hr 01 min 08 sec)
Warmup finished CPU 0 instructions: 10000000 cycles: 10984214 cumulative IPC: 0.9104 (Simulation time: 00 hr 01 min 08 sec)
Warmup complete CPU 0 instructions: 10000000 cycles: 10984214 cumulative IPC: 0.9104 (Simulation time: 00 hr 01 min 08 sec)
*** Reached end of trace: (0, "traces/bench_gemv_f32.trace.xz")
Heartbeat CPU 0 instructions: 20000000 cycles: 21881909 heartbeat IPC: 0.9176 cumulative IPC: 0.9176 (Simulation time: 00 hr 02 min 30 sec)
*** Reached end of trace: (0, "traces/bench_gemv_f32.trace.xz")
Heartbeat CPU 0 instructions: 30000000 cycles: 32789775 heartbeat IPC: 0.9168 cumulative IPC: 0.9172 (Simulation time: 00 hr 03 min 53 sec)
*** Reached end of trace: (0, "traces/bench_gemv_f32.trace.xz")
Heartbeat CPU 0 instructions: 40000000 cycles: 43699016 heartbeat IPC: 0.9167 cumulative IPC: 0.917 (Simulation time: 00 hr 05 min 15 sec)
*** Reached end of trace: (0, "traces/bench_gemv_f32.trace.xz")
Heartbeat CPU 0 instructions: 50000000 cycles: 54591069 heartbeat IPC: 0.9181 cumulative IPC: 0.9173 (Simulation time: 00 hr 06 min 38 sec)
*** Reached end of trace: (0, "traces/bench_gemv_f32.trace.xz")
Heartbeat CPU 0 instructions: 60000000 cycles: 65486955 heartbeat IPC: 0.9178 cumulative IPC: 0.9174 (Simulation time: 00 hr 08 min 00 sec)
Simulation finished CPU 0 instructions: 50000000 cycles: 54502741 cumulative IPC: 0.9174 (Simulation time: 00 hr 08 min 00 sec)
Simulation complete CPU 0 instructions: 50000000 cycles: 54502741 cumulative IPC: 0.9174 (Simulation time: 00 hr 08 min 00 sec)

ChampSim completed all CPUs

=== Simulation ===
CPU 0 runs traces/bench_gemv_f32.trace.xz

Region of Interest Statistics

CPU 0 cumulative IPC: 0.9174 instructions: 50000000 cycles: 54502741
CPU 0 Branch Prediction Accuracy: -% MPKI: 0 Average ROB Occupancy at Mispredict: -
Branch type MPKI
BRANCH_DIRECT_JUMP: 0
BRANCH_INDIRECT: 0
BRANCH_CONDITIONAL: 0
BRANCH_DIRECT_CALL: 0
BRANCH_INDIRECT_CALL: 0
BRANCH_RETURN: 0

cpu0->cpu0_STLB TOTAL        ACCESS:      12215 HIT:          0 MISS:      12215 MSHR_MERGE:          0
cpu0->cpu0_STLB LOAD         ACCESS:      12215 HIT:          0 MISS:      12215 MSHR_MERGE:          0
cpu0->cpu0_STLB RFO          ACCESS:          0 HIT:          0 MISS:          0 MSHR_MERGE:          0
cpu0->cpu0_STLB PREFETCH     ACCESS:          0 HIT:          0 MISS:          0 MSHR_MERGE:          0
cpu0->cpu0_STLB WRITE        ACCESS:          0 HIT:          0 MISS:          0 MSHR_MERGE:          0
cpu0->cpu0_STLB TRANSLATION  ACCESS:          0 HIT:          0 MISS:          0 MSHR_MERGE:          0
cpu0->cpu0_STLB PREFETCH REQUESTED:          0 ISSUED:          0 USEFUL:          0 USELESS:          0
cpu0->cpu0_STLB AVERAGE MISS LATENCY: 363.8 cycles
cpu0->cpu0_L2C TOTAL        ACCESS:    1576251 HIT:     781251 MISS:     795000 MSHR_MERGE:          0
cpu0->cpu0_L2C LOAD         ACCESS:          0 HIT:          0 MISS:          0 MSHR_MERGE:          0
cpu0->cpu0_L2C RFO          ACCESS:     781255 HIT:          0 MISS:     781255 MSHR_MERGE:          0
cpu0->cpu0_L2C PREFETCH     ACCESS:          0 HIT:          0 MISS:          0 MSHR_MERGE:          0
cpu0->cpu0_L2C WRITE        ACCESS:     781251 HIT:     781251 MISS:          0 MSHR_MERGE:          0
cpu0->cpu0_L2C TRANSLATION  ACCESS:      13745 HIT:          0 MISS:      13745 MSHR_MERGE:          0
cpu0->cpu0_L2C PREFETCH REQUESTED:          0 ISSUED:          0 USEFUL:          0 USELESS:          0
cpu0->cpu0_L2C AVERAGE MISS LATENCY: 307.2 cycles
cpu0->cpu0_L1I TOTAL        ACCESS:   25000002 HIT:   25000002 MISS:          0 MSHR_MERGE:          0
cpu0->cpu0_L1I LOAD         ACCESS:   25000002 HIT:   25000002 MISS:          0 MSHR_MERGE:          0
cpu0->cpu0_L1I RFO          ACCESS:          0 HIT:          0 MISS:          0 MSHR_MERGE:          0
cpu0->cpu0_L1I PREFETCH     ACCESS:          0 HIT:          0 MISS:          0 MSHR_MERGE:          0
cpu0->cpu0_L1I WRITE        ACCESS:          0 HIT:          0 MISS:          0 MSHR_MERGE:          0
cpu0->cpu0_L1I TRANSLATION  ACCESS:          0 HIT:          0 MISS:          0 MSHR_MERGE:          0
cpu0->cpu0_L1I PREFETCH REQUESTED:          0 ISSUED:          0 USEFUL:          0 USELESS:          0
cpu0->cpu0_L1I AVERAGE MISS LATENCY: - cycles
cpu0->cpu0_L1D TOTAL        ACCESS:   50024429 HIT:      10692 MISS:   50013737 MSHR_MERGE:   49218737
cpu0->cpu0_L1D LOAD         ACCESS:          0 HIT:          0 MISS:          0 MSHR_MERGE:          0
cpu0->cpu0_L1D RFO          ACCESS:          0 HIT:          0 MISS:          0 MSHR_MERGE:          0
cpu0->cpu0_L1D PREFETCH     ACCESS:          0 HIT:          0 MISS:          0 MSHR_MERGE:          0
cpu0->cpu0_L1D WRITE        ACCESS:   49999999 HIT:          7 MISS:   49999992 MSHR_MERGE:   49218737
cpu0->cpu0_L1D TRANSLATION  ACCESS:      24430 HIT:      10685 MISS:      13745 MSHR_MERGE:          0
cpu0->cpu0_L1D PREFETCH REQUESTED:          0 ISSUED:          0 USEFUL:          0 USELESS:          0
cpu0->cpu0_L1D AVERAGE MISS LATENCY: 316.2 cycles
cpu0->cpu0_ITLB TOTAL        ACCESS:   25000002 HIT:   25000002 MISS:          0 MSHR_MERGE:          0
cpu0->cpu0_ITLB LOAD         ACCESS:   25000002 HIT:   25000002 MISS:          0 MSHR_MERGE:          0
cpu0->cpu0_ITLB RFO          ACCESS:          0 HIT:          0 MISS:          0 MSHR_MERGE:          0
cpu0->cpu0_ITLB PREFETCH     ACCESS:          0 HIT:          0 MISS:          0 MSHR_MERGE:          0
cpu0->cpu0_ITLB WRITE        ACCESS:          0 HIT:          0 MISS:          0 MSHR_MERGE:          0
cpu0->cpu0_ITLB TRANSLATION  ACCESS:          0 HIT:          0 MISS:          0 MSHR_MERGE:          0
cpu0->cpu0_ITLB PREFETCH REQUESTED:          0 ISSUED:          0 USEFUL:          0 USELESS:          0
cpu0->cpu0_ITLB AVERAGE MISS LATENCY: - cycles
cpu0->cpu0_DTLB TOTAL        ACCESS:   49999999 HIT:   49780129 MISS:     219870 MSHR_MERGE:     207655
cpu0->cpu0_DTLB LOAD         ACCESS:   49999999 HIT:   49780129 MISS:     219870 MSHR_MERGE:     207655
cpu0->cpu0_DTLB RFO          ACCESS:          0 HIT:          0 MISS:          0 MSHR_MERGE:          0
cpu0->cpu0_DTLB PREFETCH     ACCESS:          0 HIT:          0 MISS:          0 MSHR_MERGE:          0
cpu0->cpu0_DTLB WRITE        ACCESS:          0 HIT:          0 MISS:          0 MSHR_MERGE:          0
cpu0->cpu0_DTLB TRANSLATION  ACCESS:          0 HIT:          0 MISS:          0 MSHR_MERGE:          0
cpu0->cpu0_DTLB PREFETCH REQUESTED:          0 ISSUED:          0 USEFUL:          0 USELESS:          0
cpu0->cpu0_DTLB AVERAGE MISS LATENCY: 369.8 cycles
cpu0->LLC TOTAL        ACCESS:    1576250 HIT:     781250 MISS:     795000 MSHR_MERGE:          0
cpu0->LLC LOAD         ACCESS:          0 HIT:          0 MISS:          0 MSHR_MERGE:          0
cpu0->LLC RFO          ACCESS:     781255 HIT:          0 MISS:     781255 MSHR_MERGE:          0
cpu0->LLC PREFETCH     ACCESS:          0 HIT:          0 MISS:          0 MSHR_MERGE:          0
cpu0->LLC WRITE        ACCESS:     781250 HIT:     781250 MISS:          0 MSHR_MERGE:          0
cpu0->LLC TRANSLATION  ACCESS:      13745 HIT:          0 MISS:      13745 MSHR_MERGE:          0
cpu0->LLC PREFETCH REQUESTED:          0 ISSUED:          0 USEFUL:          0 USELESS:          0
cpu0->LLC AVERAGE MISS LATENCY: 291.2 cycles

DRAM Statistics

Channel 0 RQ ROW_BUFFER_HIT:      20895
  ROW_BUFFER_MISS:     774101
  AVG DBUS CONGESTED CYCLE: 7.378
Channel 0 WQ ROW_BUFFER_HIT:     171501
  ROW_BUFFER_MISS:     609696
  FULL:          0
Channel 0 REFRESHES ISSUED:       4542
