[VMEM] WARNING: physical memory size is smaller than virtual memory size.
WARNING: option --warmup_instructions is deprecated. Use --warmup-instructions instead.
WARNING: option --simulation_instructions is deprecated. Use --simulation-instructions instead.

*** ChampSim Multicore Out-of-Order Simulator ***
Warmup Instructions: 0
Simulation Instructions: 10000000
Number of CPUs: 1
Page size: 4096

Off-chip DRAM Size: 16 GiB Channels: 1 Width: 64-bit Data Rate: 3205 MT/s
[LLC] SPM stats: hits=0 first_accesses=0 dram_direct=0 loaded_lines=0
Warmup finished CPU 0 instructions: 0 cycles: 1 cumulative IPC: 0 (Simulation time: 00 hr 00 min 00 sec)
Warmup complete CPU 0 instructions: 0 cycles: 1 cumulative IPC: 0 (Simulation time: 00 hr 00 min 00 sec)
*** Reached end of trace: (0, "traces/bench_gemv_f32_spm.trace.xz")
[BTB] WARNING: target of return is a lower address than the corresponding call. This is usually a problem with your trace.
Heartbeat CPU 0 instructions: 10000000 cycles: 28079341 heartbeat IPC: 0.3561 cumulative IPC: 0.3561 (Simulation time: 00 hr 02 min 56 sec)
[LLC] SPM stats: hits=5094780 first_accesses=1048832 dram_direct=56213 loaded_lines=1048832
Simulation finished CPU 0 instructions: 10000000 cycles: 28079340 cumulative IPC: 0.3561 (Simulation time: 00 hr 02 min 56 sec)
Simulation complete CPU 0 instructions: 10000000 cycles: 28079340 cumulative IPC: 0.3561 (Simulation time: 00 hr 02 min 56 sec)

ChampSim completed all CPUs

=== Simulation ===
CPU 0 runs traces/bench_gemv_f32_spm.trace.xz

Region of Interest Statistics

CPU 0 cumulative IPC: 0.3561 instructions: 10000000 cycles: 28079340
CPU 0 Branch Prediction Accuracy: 98.46% MPKI: 1.317 Average ROB Occupancy at Mispredict: 199.8
Branch type MPKI
BRANCH_DIRECT_JUMP: 0.0029
BRANCH_INDIRECT: 0.0002
BRANCH_CONDITIONAL: 1.305
BRANCH_DIRECT_CALL: 0.0036
BRANCH_INDIRECT_CALL: 0.0007
BRANCH_RETURN: 0.0045

cpu0->cpu0_STLB TOTAL        ACCESS:      51384 HIT:       3282 MISS:      48102 MSHR_MERGE:          0
cpu0->cpu0_STLB LOAD         ACCESS:      51384 HIT:       3282 MISS:      48102 MSHR_MERGE:          0
cpu0->cpu0_STLB RFO          ACCESS:          0 HIT:          0 MISS:          0 MSHR_MERGE:          0
cpu0->cpu0_STLB PREFETCH     ACCESS:          0 HIT:          0 MISS:          0 MSHR_MERGE:          0
cpu0->cpu0_STLB WRITE        ACCESS:          0 HIT:          0 MISS:          0 MSHR_MERGE:          0
cpu0->cpu0_STLB TRANSLATION  ACCESS:          0 HIT:          0 MISS:          0 MSHR_MERGE:          0
cpu0->cpu0_STLB PREFETCH REQUESTED:          0 ISSUED:          0 USEFUL:          0 USELESS:          0
cpu0->cpu0_STLB AVERAGE MISS LATENCY: 340.9 cycles
cpu0->cpu0_L2C TOTAL        ACCESS:    6202745 HIT:       3746 MISS:    6198999 MSHR_MERGE:          0
cpu0->cpu0_L2C LOAD         ACCESS:    6145918 HIT:       1961 MISS:    6143957 MSHR_MERGE:          0
cpu0->cpu0_L2C RFO          ACCESS:        921 HIT:         93 MISS:        828 MSHR_MERGE:          0
cpu0->cpu0_L2C PREFETCH     ACCESS:          0 HIT:          0 MISS:          0 MSHR_MERGE:          0
cpu0->cpu0_L2C WRITE        ACCESS:       1625 HIT:       1625 MISS:          0 MSHR_MERGE:          0
cpu0->cpu0_L2C TRANSLATION  ACCESS:      54281 HIT:         67 MISS:      54214 MSHR_MERGE:          0
cpu0->cpu0_L2C PREFETCH REQUESTED:          0 ISSUED:          0 USEFUL:          0 USELESS:          0
cpu0->cpu0_L2C AVERAGE MISS LATENCY: 4.473 cycles
cpu0->cpu0_L1I TOTAL        ACCESS:    3956494 HIT:    3956264 MISS:        230 MSHR_MERGE:         58
cpu0->cpu0_L1I LOAD         ACCESS:    3956494 HIT:    3956264 MISS:        230 MSHR_MERGE:         58
cpu0->cpu0_L1I RFO          ACCESS:          0 HIT:          0 MISS:          0 MSHR_MERGE:          0
cpu0->cpu0_L1I PREFETCH     ACCESS:          0 HIT:          0 MISS:          0 MSHR_MERGE:          0
cpu0->cpu0_L1I WRITE        ACCESS:          0 HIT:          0 MISS:          0 MSHR_MERGE:          0
cpu0->cpu0_L1I TRANSLATION  ACCESS:          0 HIT:          0 MISS:          0 MSHR_MERGE:          0
cpu0->cpu0_L1I PREFETCH REQUESTED:          0 ISSUED:          0 USEFUL:          0 USELESS:          0
cpu0->cpu0_L1I AVERAGE MISS LATENCY: 185.2 cycles
cpu0->cpu0_L1D TOTAL        ACCESS:    6393792 HIT:     191710 MISS:    6202082 MSHR_MERGE:       1134
cpu0->cpu0_L1D LOAD         ACCESS:    6226671 HIT:      80819 MISS:    6145852 MSHR_MERGE:        106
cpu0->cpu0_L1D RFO          ACCESS:          0 HIT:          0 MISS:          0 MSHR_MERGE:          0
cpu0->cpu0_L1D PREFETCH     ACCESS:          0 HIT:          0 MISS:          0 MSHR_MERGE:          0
cpu0->cpu0_L1D WRITE        ACCESS:      70807 HIT:      68859 MISS:       1948 MSHR_MERGE:       1027
cpu0->cpu0_L1D TRANSLATION  ACCESS:      96314 HIT:      42032 MISS:      54282 MSHR_MERGE:          1
cpu0->cpu0_L1D PREFETCH REQUESTED:          0 ISSUED:          0 USEFUL:          0 USELESS:          0
cpu0->cpu0_L1D AVERAGE MISS LATENCY: 9.138 cycles
cpu0->cpu0_ITLB TOTAL        ACCESS:    3797807 HIT:    3797717 MISS:         90 MSHR_MERGE:         53
cpu0->cpu0_ITLB LOAD         ACCESS:    3797807 HIT:    3797717 MISS:         90 MSHR_MERGE:         53
cpu0->cpu0_ITLB RFO          ACCESS:          0 HIT:          0 MISS:          0 MSHR_MERGE:          0
cpu0->cpu0_ITLB PREFETCH     ACCESS:          0 HIT:          0 MISS:          0 MSHR_MERGE:          0
cpu0->cpu0_ITLB WRITE        ACCESS:          0 HIT:          0 MISS:          0 MSHR_MERGE:          0
cpu0->cpu0_ITLB TRANSLATION  ACCESS:          0 HIT:          0 MISS:          0 MSHR_MERGE:          0
cpu0->cpu0_ITLB PREFETCH REQUESTED:          0 ISSUED:          0 USEFUL:          0 USELESS:          0
cpu0->cpu0_ITLB AVERAGE MISS LATENCY: 693.1 cycles
cpu0->cpu0_DTLB TOTAL        ACCESS:    6297089 HIT:    5646950 MISS:     650139 MSHR_MERGE:     598792
cpu0->cpu0_DTLB LOAD         ACCESS:    6297089 HIT:    5646950 MISS:     650139 MSHR_MERGE:     598792
cpu0->cpu0_DTLB RFO          ACCESS:          0 HIT:          0 MISS:          0 MSHR_MERGE:          0
cpu0->cpu0_DTLB PREFETCH     ACCESS:          0 HIT:          0 MISS:          0 MSHR_MERGE:          0
cpu0->cpu0_DTLB WRITE        ACCESS:          0 HIT:          0 MISS:          0 MSHR_MERGE:          0
cpu0->cpu0_DTLB TRANSLATION  ACCESS:          0 HIT:          0 MISS:          0 MSHR_MERGE:          0
cpu0->cpu0_DTLB PREFETCH REQUESTED:          0 ISSUED:          0 USEFUL:          0 USELESS:          0
cpu0->cpu0_DTLB AVERAGE MISS LATENCY: 324.8 cycles
cpu0->LLC TOTAL        ACCESS:    6199825 HIT:    6143612 MISS:      56213 MSHR_MERGE:          0
cpu0->LLC LOAD         ACCESS:    6143957 HIT:    6143612 MISS:        345 MSHR_MERGE:          0
cpu0->LLC RFO          ACCESS:        828 HIT:          0 MISS:        828 MSHR_MERGE:          0
cpu0->LLC PREFETCH     ACCESS:          0 HIT:          0 MISS:          0 MSHR_MERGE:          0
cpu0->LLC WRITE        ACCESS:        826 HIT:          0 MISS:        826 MSHR_MERGE:          0
cpu0->LLC TRANSLATION  ACCESS:      54214 HIT:          0 MISS:      54214 MSHR_MERGE:          0
cpu0->LLC PREFETCH REQUESTED:          0 ISSUED:          0 USEFUL:          0 USELESS:          0
cpu0->LLC AVERAGE MISS LATENCY: 161.5 cycles

DRAM Statistics

Channel 0 RQ ROW_BUFFER_HIT:          1
  ROW_BUFFER_MISS:      55385
  AVG DBUS CONGESTED CYCLE: 2.896
Channel 0 WQ ROW_BUFFER_HIT:          0
  ROW_BUFFER_MISS:          0
  FULL:          0
Channel 0 REFRESHES ISSUED:       2339
